Run dir : /mnt/data/thribhuvan/Projects/stochastic_port_hamiltonian/Final/SPHNP v2/src/models/3D_SO3_Windy_Pendulum/ph_gp_sde/data/run_wp3d_jax/obs0p01_fric0p5_wind0p5_ext0-sine_lr0p001_s10000_np5_smp64_T20_seed0_randu7_G0p5-0p7-0p1_260611-164925
model contains 11582 parameters
Loaded data from /mnt/data/thribhuvan/Projects/stochastic_port_hamiltonian/Final/SPHNP v2/datasets/data/windy_pendulum_3d/wp3d_dataset_extforce-sine-std0p0_fric0p5_var_fricFalse_obs_noise0p01_wind_force0p5_random_uTrue_uScale7p0_G_0p5_0p7_0p1_steps20.pkl
  dt = 0.0500  h = 0.0050  n_outer (per window) = 4  n_substeps = 10
  train batch B = 2560, test batch B = 2560, T_obs = 5, N (= B·(T−1)) = 10240

Pretraining M_net for 200 steps (lr=0.001, target = 1.000·I₃)
  using 12800 q samples drawn from training data
  pretrain step    0: loss=2.049e+00
  pretrain step   20: loss=1.923e+00
  pretrain step   40: loss=1.788e+00
  pretrain step   60: loss=1.648e+00
  pretrain step   80: loss=1.508e+00
  pretrain step  100: loss=1.375e+00
  pretrain step  120: loss=1.249e+00
  pretrain step  140: loss=1.132e+00
  pretrain step  160: loss=1.024e+00
  pretrain step  180: loss=9.256e-01
  pretrain step  199: loss=8.409e-01
  pretrain done. initial loss=2.049e+00  final loss=8.409e-01  max|M(q₀) − target|=1.946e+00
[step      0]
  train: −ELBO=9.4106e+01  NLL=9.4777e+01  NLL_R=-3.2900e+00  NLL_ω=9.8067e+01  MSE_R=1.7220e-02  MSE_ω=2.0444e+00
  test : −ELBO=8.1885e+01  NLL=8.1904e+01  NLL_R=-3.4234e+00  NLL_ω=8.5327e+01  MSE_R=1.4581e-02  MSE_ω=1.7931e+00
  sigma: σ_R=1.0000e-01  σ_ω=1.0000e-01  β=0.0000e+00
  PL   : train=-6.7053e-01  test=-7.6633e-01  σ_φ̄(train)=6.9971e-01  σ_φ̄(test)=6.9178e-01  σ_obs_ω=5.0000e-01  λ_PL=1.00
  KL   : M=2.003e+03  V=3.320e+02  Dw=1.992e+03  g=2.988e+03  sigma=3.320e+02  total=7.647e+03
  subnet MSE  M=8.707e-01  V=2.709e+01  Dw=6.557e-03  g=3.281e-01
[step     50]
  train: −ELBO=5.7455e+01  NLL=5.8172e+01  NLL_R=-3.6269e+00  NLL_ω=6.1799e+01  MSE_R=1.2031e-02  MSE_ω=1.4323e+00
  test : −ELBO=5.1256e+01  NLL=5.1311e+01  NLL_R=-3.7245e+00  NLL_ω=5.5035e+01  MSE_R=1.0275e-02  MSE_ω=1.2869e+00
  sigma: σ_R=9.5646e-02  σ_ω=1.0431e-01  β=5.0000e-02
  PL   : train=-7.5424e-01  test=-8.0435e-01  σ_φ̄(train)=5.4831e-01  σ_φ̄(test)=5.4097e-01  σ_obs_ω=5.0000e-01  λ_PL=1.00
  KL   : M=2.012e+03  V=3.334e+02  Dw=1.996e+03  g=3.004e+03  sigma=3.339e+02  total=7.679e+03
  subnet MSE  M=5.015e-01  V=2.685e+01  Dw=1.103e-02  g=2.819e-01
