Run dir : /mnt/data/thribhuvan/Projects/stochastic_port_hamiltonian/Final/SPHNP v2/src/models/3D_SO3_Windy_Pendulum/ph_gp_ode/data/run_wp3d_jax/obs0p05_fric0p5_wind0p5_ext0-sine_lP0_lV0_lB0_lD0_lr0p001_s10000_np5_smp64_T20_seed0_randu7_G0p5-0p7-0p1_w_260610-005203
model contains 10850 parameters
Loaded data from /mnt/data/thribhuvan/Projects/stochastic_port_hamiltonian/Final/SPHNP v2/datasets/data/windy_pendulum_3d/wp3d_dataset_extforce-sine-std0p0_fric0p5_var_fricFalse_obs_noise0p05_wind_force0p5_random_uTrue_uScale7p0_G_0p5_0p7_0p1_steps20.pkl
  dt = 0.0500  h = 0.0050  n_outer = 4  B_train = 2560  T_obs = 5
[step      0]  loss=6.507e+01  nll=6.507e+01  kl=7.304e+03
  rollout L2=1.441e+00  geo²=2.622e-02    σ_R=1.000e-01  σ_ω=1.000e-01
  aux (whitened)  L_power=4.697e-01  L_V=3.028e+00  L_B=3.028e+00  L_D=3.028e+00
  subnet MSE  M=2.044e+00  V=2.382e+01  Dw=6.519e-03  g=3.284e-01
[step     50]  loss=4.256e+01  nll=4.252e+01  kl=7.339e+03
  rollout L2=1.077e+00  geo²=2.314e-02    σ_R=9.564e-02  σ_ω=1.042e-01
  aux (whitened)  L_power=3.370e-01  L_V=2.463e+00  L_B=2.463e+00  L_D=2.463e+00
  subnet MSE  M=1.903e+00  V=2.353e+01  Dw=9.459e-03  g=2.721e-01
[step    100]  loss=3.094e+01  nll=3.087e+01  kl=7.365e+03
  rollout L2=8.963e-01  geo²=2.170e-02    σ_R=9.124e-02  σ_ω=1.088e-01
  aux (whitened)  L_power=2.480e-01  L_V=2.004e+00  L_B=2.004e+00  L_D=2.004e+00
  subnet MSE  M=1.816e+00  V=2.329e+01  Dw=1.608e-02  g=2.687e-01
[step    150]  loss=2.245e+01  nll=2.234e+01  kl=7.391e+03
  rollout L2=7.478e-01  geo²=2.037e-02    σ_R=8.749e-02  σ_ω=1.129e-01
  aux (whitened)  L_power=1.788e-01  L_V=1.616e+00  L_B=1.616e+00  L_D=1.616e+00
  subnet MSE  M=1.768e+00  V=2.274e+01  Dw=2.510e-02  g=2.642e-01
[step    200]  loss=1.865e+01  nll=1.850e+01  kl=7.406e+03
  rollout L2=6.806e-01  geo²=1.984e-02    σ_R=8.523e-02  σ_ω=1.156e-01
  aux (whitened)  L_power=1.474e-01  L_V=1.421e+00  L_B=1.421e+00  L_D=1.421e+00
  subnet MSE  M=1.742e+00  V=2.208e+01  Dw=2.945e-02  g=2.684e-01
[step    250]  loss=1.503e+01  nll=1.485e+01  kl=7.418e+03
  rollout L2=6.070e-01  geo²=1.920e-02    σ_R=8.337e-02  σ_ω=1.179e-01
  aux (whitened)  L_power=1.221e-01  L_V=1.255e+00  L_B=1.255e+00  L_D=1.255e+00
  subnet MSE  M=1.754e+00  V=2.125e+01  Dw=3.216e-02  g=2.676e-01
[step    300]  loss=1.179e+01  nll=1.157e+01  kl=7.430e+03
  rollout L2=5.395e-01  geo²=1.864e-02    σ_R=8.140e-02  σ_ω=1.207e-01
  aux (whitened)  L_power=9.750e-02  L_V=1.073e+00  L_B=1.073e+00  L_D=1.073e+00
  subnet MSE  M=1.774e+00  V=2.028e+01  Dw=3.486e-02  g=2.656e-01
[step    350]  loss=9.379e+00  nll=9.125e+00  kl=7.439e+03
  rollout L2=4.855e-01  geo²=1.827e-02    σ_R=7.988e-02  σ_ω=1.230e-01
  aux (whitened)  L_power=7.946e-02  L_V=9.370e-01  L_B=9.370e-01  L_D=9.370e-01
  subnet MSE  M=1.775e+00  V=1.939e+01  Dw=3.592e-02  g=2.724e-01
[step    400]  loss=7.436e+00  nll=7.145e+00  kl=7.449e+03
  rollout L2=4.424e-01  geo²=1.795e-02    σ_R=7.847e-02  σ_ω=1.255e-01
  aux (whitened)  L_power=6.957e-02  L_V=8.499e-01  L_B=8.499e-01  L_D=8.499e-01
  subnet MSE  M=1.748e+00  V=1.867e+01  Dw=3.551e-02  g=2.705e-01
[step    450]  loss=6.337e+00  nll=6.009e+00  kl=7.453e+03
  rollout L2=4.172e-01  geo²=1.765e-02    σ_R=7.770e-02  σ_ω=1.272e-01
  aux (whitened)  L_power=6.318e-02  L_V=8.060e-01  L_B=8.060e-01  L_D=8.060e-01
  subnet MSE  M=1.730e+00  V=1.815e+01  Dw=3.621e-02  g=2.651e-01
[step    500]  loss=5.359e+00  nll=4.995e+00  kl=7.459e+03
  rollout L2=3.933e-01  geo²=1.750e-02    σ_R=7.705e-02  σ_ω=1.288e-01
  aux (whitened)  L_power=5.762e-02  L_V=7.741e-01  L_B=7.741e-01  L_D=7.741e-01
  subnet MSE  M=1.700e+00  V=1.766e+01  Dw=3.682e-02  g=2.626e-01
[step    550]  loss=4.435e+00  nll=4.034e+00  kl=7.463e+03
  rollout L2=3.701e-01  geo²=1.735e-02    σ_R=7.647e-02  σ_ω=1.305e-01
  aux (whitened)  L_power=5.320e-02  L_V=7.637e-01  L_B=7.637e-01  L_D=7.637e-01
  subnet MSE  M=1.691e+00  V=1.728e+01  Dw=3.668e-02  g=2.662e-01
[step    600]  loss=3.811e+00  nll=3.374e+00  kl=7.469e+03
  rollout L2=3.573e-01  geo²=1.719e-02    σ_R=7.601e-02  σ_ω=1.326e-01
  aux (whitened)  L_power=5.035e-02  L_V=7.292e-01  L_B=7.292e-01  L_D=7.292e-01
  subnet MSE  M=1.702e+00  V=1.687e+01  Dw=3.533e-02  g=2.659e-01
[step    650]  loss=2.702e+00  nll=2.228e+00  kl=7.475e+03
  rollout L2=3.291e-01  geo²=1.692e-02    σ_R=7.542e-02  σ_ω=1.354e-01
  aux (whitened)  L_power=4.361e-02  L_V=6.110e-01  L_B=6.110e-01  L_D=6.110e-01
  subnet MSE  M=1.687e+00  V=1.658e+01  Dw=3.631e-02  g=2.677e-01
[step    700]  loss=2.228e+00  nll=1.716e+00  kl=7.479e+03
  rollout L2=3.196e-01  geo²=1.679e-02    σ_R=7.503e-02  σ_ω=1.377e-01
  aux (whitened)  L_power=4.188e-02  L_V=6.000e-01  L_B=6.000e-01  L_D=6.000e-01
  subnet MSE  M=1.709e+00  V=1.622e+01  Dw=3.547e-02  g=2.595e-01
[step    750]  loss=1.375e+00  nll=8.271e-01  kl=7.486e+03
  rollout L2=2.973e-01  geo²=1.662e-02    σ_R=7.466e-02  σ_ω=1.409e-01
  aux (whitened)  L_power=3.727e-02  L_V=5.177e-01  L_B=5.177e-01  L_D=5.177e-01
  subnet MSE  M=1.670e+00  V=1.621e+01  Dw=3.677e-02  g=2.643e-01
[step    800]  loss=8.978e-01  nll=3.127e-01  kl=7.490e+03
  rollout L2=2.843e-01  geo²=1.654e-02    σ_R=7.443e-02  σ_ω=1.432e-01
  aux (whitened)  L_power=3.360e-02  L_V=4.714e-01  L_B=4.714e-01  L_D=4.714e-01
  subnet MSE  M=1.689e+00  V=1.578e+01  Dw=3.585e-02  g=2.680e-01
[step    850]  loss=2.250e-01  nll=-3.971e-01  kl=7.495e+03
  rollout L2=2.655e-01  geo²=1.639e-02    σ_R=7.395e-02  σ_ω=1.468e-01
  aux (whitened)  L_power=3.148e-02  L_V=4.412e-01  L_B=4.412e-01  L_D=4.412e-01
  subnet MSE  M=1.680e+00  V=1.556e+01  Dw=3.607e-02  g=2.632e-01
[step    900]  loss=-2.429e-01  nll=-9.019e-01  kl=7.498e+03
  rollout L2=2.506e-01  geo²=1.627e-02    σ_R=7.366e-02  σ_ω=1.494e-01
  aux (whitened)  L_power=2.954e-02  L_V=4.160e-01  L_B=4.160e-01  L_D=4.160e-01
  subnet MSE  M=1.679e+00  V=1.542e+01  Dw=3.792e-02  g=2.614e-01
[step    950]  loss=-6.007e-01  nll=-1.297e+00  kl=7.500e+03
  rollout L2=2.390e-01  geo²=1.614e-02    σ_R=7.346e-02  σ_ω=1.519e-01
  aux (whitened)  L_power=2.889e-02  L_V=4.748e-01  L_B=4.748e-01  L_D=4.748e-01
  subnet MSE  M=1.641e+00  V=1.527e+01  Dw=3.641e-02  g=2.585e-01
[step   1000]  loss=-8.893e-01  nll=-1.622e+00  kl=7.500e+03
  rollout L2=2.290e-01  geo²=1.611e-02    σ_R=7.322e-02  σ_ω=1.542e-01
  aux (whitened)  L_power=2.662e-02  L_V=3.855e-01  L_B=3.855e-01  L_D=3.855e-01
  subnet MSE  M=1.652e+00  V=1.500e+01  Dw=3.647e-02  g=2.619e-01
[step   1050]  loss=-1.091e+00  nll=-1.824e+00  kl=7.501e+03
  rollout L2=2.243e-01  geo²=1.603e-02    σ_R=7.307e-02  σ_ω=1.566e-01
  aux (whitened)  L_power=2.672e-02  L_V=3.542e-01  L_B=3.542e-01  L_D=3.542e-01
  subnet MSE  M=1.677e+00  V=1.466e+01  Dw=3.618e-02  g=2.563e-01
[step   1100]  loss=-1.493e+00  nll=-2.226e+00  kl=7.501e+03
  rollout L2=2.101e-01  geo²=1.589e-02    σ_R=7.287e-02  σ_ω=1.595e-01
  aux (whitened)  L_power=2.487e-02  L_V=3.290e-01  L_B=3.290e-01  L_D=3.290e-01
  subnet MSE  M=1.676e+00  V=1.474e+01  Dw=3.588e-02  g=2.592e-01
[step   1150]  loss=-1.721e+00  nll=-2.454e+00  kl=7.500e+03
  rollout L2=2.030e-01  geo²=1.579e-02    σ_R=7.278e-02  σ_ω=1.621e-01
  aux (whitened)  L_power=2.291e-02  L_V=3.200e-01  L_B=3.200e-01  L_D=3.200e-01
  subnet MSE  M=1.685e+00  V=1.456e+01  Dw=3.432e-02  g=2.639e-01
[step   1200]  loss=-2.101e+00  nll=-2.833e+00  kl=7.499e+03
  rollout L2=1.875e-01  geo²=1.574e-02    σ_R=7.241e-02  σ_ω=1.654e-01
  aux (whitened)  L_power=2.165e-02  L_V=2.863e-01  L_B=2.863e-01  L_D=2.863e-01
  subnet MSE  M=1.657e+00  V=1.423e+01  Dw=3.563e-02  g=2.620e-01
[step   1250]  loss=-2.107e+00  nll=-2.840e+00  kl=7.497e+03
  rollout L2=1.897e-01  geo²=1.576e-02    σ_R=7.243e-02  σ_ω=1.675e-01
  aux (whitened)  L_power=2.182e-02  L_V=2.864e-01  L_B=2.864e-01  L_D=2.864e-01
  subnet MSE  M=1.665e+00  V=1.438e+01  Dw=3.363e-02  g=2.611e-01
[step   1300]  loss=-2.334e+00  nll=-3.066e+00  kl=7.496e+03
  rollout L2=1.797e-01  geo²=1.566e-02    σ_R=7.233e-02  σ_ω=1.695e-01
  aux (whitened)  L_power=1.968e-02  L_V=2.516e-01  L_B=2.516e-01  L_D=2.516e-01
  subnet MSE  M=1.684e+00  V=1.406e+01  Dw=3.606e-02  g=2.662e-01
[step   1350]  loss=-2.451e+00  nll=-3.182e+00  kl=7.492e+03
  rollout L2=1.762e-01  geo²=1.559e-02    σ_R=7.216e-02  σ_ω=1.722e-01
  aux (whitened)  L_power=1.946e-02  L_V=2.499e-01  L_B=2.499e-01  L_D=2.499e-01
  subnet MSE  M=1.663e+00  V=1.419e+01  Dw=3.457e-02  g=2.617e-01
[step   1400]  loss=-2.639e+00  nll=-3.370e+00  kl=7.489e+03
  rollout L2=1.673e-01  geo²=1.554e-02    σ_R=7.193e-02  σ_ω=1.744e-01
  aux (whitened)  L_power=1.928e-02  L_V=2.466e-01  L_B=2.466e-01  L_D=2.466e-01
  subnet MSE  M=1.669e+00  V=1.393e+01  Dw=3.321e-02  g=2.588e-01
[step   1450]  loss=-2.636e+00  nll=-3.367e+00  kl=7.484e+03
  rollout L2=1.698e-01  geo²=1.551e-02    σ_R=7.197e-02  σ_ω=1.769e-01
  aux (whitened)  L_power=1.728e-02  L_V=2.619e-01  L_B=2.619e-01  L_D=2.619e-01
  subnet MSE  M=1.661e+00  V=1.381e+01  Dw=3.464e-02  g=2.658e-01
[step   1500]  loss=-2.837e+00  nll=-3.568e+00  kl=7.481e+03
  rollout L2=1.581e-01  geo²=1.553e-02    σ_R=7.194e-02  σ_ω=1.784e-01
  aux (whitened)  L_power=1.773e-02  L_V=2.311e-01  L_B=2.311e-01  L_D=2.311e-01
  subnet MSE  M=1.646e+00  V=1.381e+01  Dw=3.358e-02  g=2.599e-01
[step   1550]  loss=-2.855e+00  nll=-3.586e+00  kl=7.476e+03
  rollout L2=1.583e-01  geo²=1.553e-02    σ_R=7.189e-02  σ_ω=1.802e-01
  aux (whitened)  L_power=1.698e-02  L_V=2.133e-01  L_B=2.133e-01  L_D=2.133e-01
  subnet MSE  M=1.661e+00  V=1.400e+01  Dw=3.436e-02  g=2.616e-01
[step   1600]  loss=-2.719e+00  nll=-3.449e+00  kl=7.471e+03
  rollout L2=1.681e-01  geo²=1.558e-02    σ_R=7.196e-02  σ_ω=1.818e-01
  aux (whitened)  L_power=1.800e-02  L_V=2.329e-01  L_B=2.329e-01  L_D=2.329e-01
  subnet MSE  M=1.656e+00  V=1.422e+01  Dw=3.158e-02  g=2.562e-01
[step   1650]  loss=-2.894e+00  nll=-3.623e+00  kl=7.465e+03
  rollout L2=1.583e-01  geo²=1.550e-02    σ_R=7.179e-02  σ_ω=1.838e-01
  aux (whitened)  L_power=1.676e-02  L_V=2.095e-01  L_B=2.095e-01  L_D=2.095e-01
  subnet MSE  M=1.650e+00  V=1.373e+01  Dw=3.592e-02  g=2.585e-01
[step   1700]  loss=-3.024e+00  nll=-3.752e+00  kl=7.456e+03
  rollout L2=1.517e-01  geo²=1.539e-02    σ_R=7.174e-02  σ_ω=1.865e-01
  aux (whitened)  L_power=1.484e-02  L_V=1.851e-01  L_B=1.851e-01  L_D=1.851e-01
  subnet MSE  M=1.666e+00  V=1.395e+01  Dw=3.500e-02  g=2.670e-01
[step   1750]  loss=-3.106e+00  nll=-3.833e+00  kl=7.448e+03
  rollout L2=1.469e-01  geo²=1.539e-02    σ_R=7.148e-02  σ_ω=1.882e-01
  aux (whitened)  L_power=1.585e-02  L_V=1.935e-01  L_B=1.935e-01  L_D=1.935e-01
  subnet MSE  M=1.664e+00  V=1.365e+01  Dw=3.635e-02  g=2.568e-01
[step   1800]  loss=-3.242e+00  nll=-3.968e+00  kl=7.438e+03
  rollout L2=1.385e-01  geo²=1.529e-02    σ_R=7.143e-02  σ_ω=1.898e-01
  aux (whitened)  L_power=1.517e-02  L_V=1.830e-01  L_B=1.830e-01  L_D=1.830e-01
  subnet MSE  M=1.662e+00  V=1.362e+01  Dw=3.377e-02  g=2.587e-01
[step   1850]  loss=-3.357e+00  nll=-4.082e+00  kl=7.426e+03
  rollout L2=1.309e-01  geo²=1.526e-02    σ_R=7.130e-02  σ_ω=1.912e-01
  aux (whitened)  L_power=1.516e-02  L_V=1.774e-01  L_B=1.774e-01  L_D=1.774e-01
  subnet MSE  M=1.675e+00  V=1.353e+01  Dw=3.319e-02  g=2.565e-01
[step   1900]  loss=-3.464e+00  nll=-4.187e+00  kl=7.408e+03
  rollout L2=1.237e-01  geo²=1.521e-02    σ_R=7.127e-02  σ_ω=1.927e-01
  aux (whitened)  L_power=1.470e-02  L_V=1.717e-01  L_B=1.717e-01  L_D=1.717e-01
  subnet MSE  M=1.675e+00  V=1.337e+01  Dw=3.331e-02  g=2.572e-01
[step   1950]  loss=-3.549e+00  nll=-4.271e+00  kl=7.387e+03
  rollout L2=1.176e-01  geo²=1.521e-02    σ_R=7.116e-02  σ_ω=1.937e-01
  aux (whitened)  L_power=1.448e-02  L_V=1.698e-01  L_B=1.698e-01  L_D=1.698e-01
  subnet MSE  M=1.677e+00  V=1.337e+01  Dw=3.312e-02  g=2.564e-01
[step   2000]  loss=-3.620e+00  nll=-4.339e+00  kl=7.367e+03
  rollout L2=1.134e-01  geo²=1.508e-02    σ_R=7.090e-02  σ_ω=1.941e-01
  aux (whitened)  L_power=1.420e-02  L_V=1.590e-01  L_B=1.590e-01  L_D=1.590e-01
  subnet MSE  M=1.686e+00  V=1.316e+01  Dw=3.258e-02  g=2.572e-01
[step   2050]  loss=-3.678e+00  nll=-4.395e+00  kl=7.346e+03
  rollout L2=1.087e-01  geo²=1.514e-02    σ_R=7.092e-02  σ_ω=1.939e-01
  aux (whitened)  L_power=1.466e-02  L_V=1.620e-01  L_B=1.620e-01  L_D=1.620e-01
  subnet MSE  M=1.699e+00  V=1.311e+01  Dw=3.321e-02  g=2.552e-01
[step   2100]  loss=-3.773e+00  nll=-4.486e+00  kl=7.304e+03
  rollout L2=1.025e-01  geo²=1.507e-02    σ_R=7.084e-02  σ_ω=1.928e-01
  aux (whitened)  L_power=1.382e-02  L_V=1.518e-01  L_B=1.518e-01  L_D=1.518e-01
  subnet MSE  M=1.715e+00  V=1.306e+01  Dw=3.203e-02  g=2.590e-01
[step   2150]  loss=-3.892e+00  nll=-4.599e+00  kl=7.247e+03
  rollout L2=9.526e-02  geo²=1.497e-02    σ_R=7.075e-02  σ_ω=1.902e-01
  aux (whitened)  L_power=1.445e-02  L_V=1.549e-01  L_B=1.549e-01  L_D=1.549e-01
  subnet MSE  M=1.723e+00  V=1.289e+01  Dw=3.174e-02  g=2.581e-01
[step   2200]  loss=-3.995e+00  nll=-4.695e+00  kl=7.170e+03
  rollout L2=8.936e-02  geo²=1.494e-02    σ_R=7.062e-02  σ_ω=1.854e-01
  aux (whitened)  L_power=1.551e-02  L_V=1.635e-01  L_B=1.635e-01  L_D=1.635e-01
  subnet MSE  M=1.748e+00  V=1.281e+01  Dw=3.169e-02  g=2.547e-01
[step   2250]  loss=-4.153e+00  nll=-4.835e+00  kl=6.985e+03
  rollout L2=8.215e-02  geo²=1.488e-02    σ_R=7.036e-02  σ_ω=1.740e-01
  aux (whitened)  L_power=1.725e-02  L_V=1.787e-01  L_B=1.787e-01  L_D=1.787e-01
  subnet MSE  M=1.774e+00  V=1.264e+01  Dw=3.152e-02  g=2.561e-01
[step   2300]  loss=-4.242e+00  nll=-4.906e+00  kl=6.804e+03
  rollout L2=7.867e-02  geo²=1.487e-02    σ_R=7.000e-02  σ_ω=1.660e-01
  aux (whitened)  L_power=1.842e-02  L_V=1.861e-01  L_B=1.861e-01  L_D=1.861e-01
  subnet MSE  M=1.792e+00  V=1.251e+01  Dw=3.254e-02  g=2.598e-01
[step   2350]  loss=-4.333e+00  nll=-4.985e+00  kl=6.676e+03
  rollout L2=7.474e-02  geo²=1.485e-02    σ_R=7.034e-02  σ_ω=1.623e-01
  aux (whitened)  L_power=2.013e-02  L_V=2.060e-01  L_B=2.060e-01  L_D=2.060e-01
  subnet MSE  M=1.797e+00  V=1.255e+01  Dw=3.219e-02  g=2.531e-01
[step   2400]  loss=-4.358e+00  nll=-4.997e+00  kl=6.549e+03
  rollout L2=7.437e-02  geo²=1.482e-02    σ_R=7.029e-02  σ_ω=1.595e-01
  aux (whitened)  L_power=2.040e-02  L_V=2.050e-01  L_B=2.050e-01  L_D=2.050e-01
  subnet MSE  M=1.811e+00  V=1.234e+01  Dw=3.326e-02  g=2.572e-01
[step   2450]  loss=-4.406e+00  nll=-5.034e+00  kl=6.427e+03
  rollout L2=7.255e-02  geo²=1.483e-02    σ_R=7.028e-02  σ_ω=1.574e-01
  aux (whitened)  L_power=2.124e-02  L_V=2.143e-01  L_B=2.143e-01  L_D=2.143e-01
  subnet MSE  M=1.819e+00  V=1.245e+01  Dw=3.318e-02  g=2.545e-01
[step   2500]  loss=-4.456e+00  nll=-5.070e+00  kl=6.279e+03
  rollout L2=7.093e-02  geo²=1.481e-02    σ_R=7.027e-02  σ_ω=1.551e-01
  aux (whitened)  L_power=2.209e-02  L_V=2.234e-01  L_B=2.234e-01  L_D=2.234e-01
  subnet MSE  M=1.822e+00  V=1.244e+01  Dw=3.285e-02  g=2.535e-01
[step   2550]  loss=-4.479e+00  nll=-5.081e+00  kl=6.170e+03
  rollout L2=7.044e-02  geo²=1.480e-02    σ_R=7.014e-02  σ_ω=1.538e-01
  aux (whitened)  L_power=2.198e-02  L_V=2.208e-01  L_B=2.208e-01  L_D=2.208e-01
  subnet MSE  M=1.832e+00  V=1.242e+01  Dw=3.254e-02  g=2.559e-01
[step   2600]  loss=-4.522e+00  nll=-5.115e+00  kl=6.063e+03
  rollout L2=6.899e-02  geo²=1.478e-02    σ_R=7.018e-02  σ_ω=1.529e-01
  aux (whitened)  L_power=2.285e-02  L_V=2.312e-01  L_B=2.312e-01  L_D=2.312e-01
  subnet MSE  M=1.832e+00  V=1.240e+01  Dw=3.299e-02  g=2.527e-01
[step   2650]  loss=-4.528e+00  nll=-5.110e+00  kl=5.962e+03
  rollout L2=6.920e-02  geo²=1.478e-02    σ_R=7.019e-02  σ_ω=1.520e-01
  aux (whitened)  L_power=2.259e-02  L_V=2.267e-01  L_B=2.267e-01  L_D=2.267e-01
  subnet MSE  M=1.834e+00  V=1.237e+01  Dw=3.347e-02  g=2.552e-01
[step   2700]  loss=-4.561e+00  nll=-5.138e+00  kl=5.904e+03
  rollout L2=6.795e-02  geo²=1.478e-02    σ_R=7.019e-02  σ_ω=1.516e-01
  aux (whitened)  L_power=2.265e-02  L_V=2.285e-01  L_B=2.285e-01  L_D=2.285e-01
  subnet MSE  M=1.827e+00  V=1.242e+01  Dw=3.332e-02  g=2.552e-01
[step   2750]  loss=-4.567e+00  nll=-5.135e+00  kl=5.818e+03
  rollout L2=6.805e-02  geo²=1.478e-02    σ_R=7.015e-02  σ_ω=1.511e-01
  aux (whitened)  L_power=2.312e-02  L_V=2.333e-01  L_B=2.333e-01  L_D=2.333e-01
  subnet MSE  M=1.827e+00  V=1.239e+01  Dw=3.320e-02  g=2.539e-01
[step   2800]  loss=-4.586e+00  nll=-5.144e+00  kl=5.721e+03
  rollout L2=6.764e-02  geo²=1.478e-02    σ_R=7.014e-02  σ_ω=1.502e-01
  aux (whitened)  L_power=2.284e-02  L_V=2.286e-01  L_B=2.286e-01  L_D=2.286e-01
  subnet MSE  M=1.848e+00  V=1.237e+01  Dw=3.313e-02  g=2.548e-01
[step   2850]  loss=-4.625e+00  nll=-5.176e+00  kl=5.650e+03
  rollout L2=6.640e-02  geo²=1.474e-02    σ_R=7.017e-02  σ_ω=1.498e-01
  aux (whitened)  L_power=2.382e-02  L_V=2.408e-01  L_B=2.408e-01  L_D=2.408e-01
  subnet MSE  M=1.831e+00  V=1.236e+01  Dw=3.299e-02  g=2.524e-01
[step   2900]  loss=-4.633e+00  nll=-5.179e+00  kl=5.588e+03
  rollout L2=6.620e-02  geo²=1.475e-02    σ_R=7.012e-02  σ_ω=1.493e-01
  aux (whitened)  L_power=2.335e-02  L_V=2.349e-01  L_B=2.349e-01  L_D=2.349e-01
  subnet MSE  M=1.846e+00  V=1.239e+01  Dw=3.259e-02  g=2.543e-01
[step   2950]  loss=-4.628e+00  nll=-5.167e+00  kl=5.519e+03
  rollout L2=6.668e-02  geo²=1.476e-02    σ_R=7.015e-02  σ_ω=1.490e-01
  aux (whitened)  L_power=2.360e-02  L_V=2.376e-01  L_B=2.376e-01  L_D=2.376e-01
  subnet MSE  M=1.839e+00  V=1.234e+01  Dw=3.294e-02  g=2.541e-01
[step   3000]  loss=-4.641e+00  nll=-5.175e+00  kl=5.464e+03
  rollout L2=6.632e-02  geo²=1.477e-02    σ_R=7.016e-02  σ_ω=1.487e-01
  aux (whitened)  L_power=2.345e-02  L_V=2.353e-01  L_B=2.353e-01  L_D=2.353e-01
  subnet MSE  M=1.838e+00  V=1.230e+01  Dw=3.304e-02  g=2.544e-01
[step   3050]  loss=-4.665e+00  nll=-5.192e+00  kl=5.402e+03
  rollout L2=6.565e-02  geo²=1.475e-02    σ_R=7.018e-02  σ_ω=1.485e-01
  aux (whitened)  L_power=2.384e-02  L_V=2.406e-01  L_B=2.406e-01  L_D=2.406e-01
  subnet MSE  M=1.858e+00  V=1.237e+01  Dw=3.289e-02  g=2.532e-01
[step   3100]  loss=-4.680e+00  nll=-5.202e+00  kl=5.342e+03
  rollout L2=6.522e-02  geo²=1.475e-02    σ_R=7.015e-02  σ_ω=1.482e-01
  aux (whitened)  L_power=2.368e-02  L_V=2.389e-01  L_B=2.389e-01  L_D=2.389e-01
  subnet MSE  M=1.840e+00  V=1.239e+01  Dw=3.259e-02  g=2.535e-01
[step   3150]  loss=-4.680e+00  nll=-5.196e+00  kl=5.286e+03
  rollout L2=6.537e-02  geo²=1.477e-02    σ_R=7.013e-02  σ_ω=1.480e-01
  aux (whitened)  L_power=2.397e-02  L_V=2.428e-01  L_B=2.428e-01  L_D=2.428e-01
  subnet MSE  M=1.837e+00  V=1.235e+01  Dw=3.284e-02  g=2.539e-01
[step   3200]  loss=-4.688e+00  nll=-5.199e+00  kl=5.230e+03
  rollout L2=6.527e-02  geo²=1.477e-02    σ_R=7.011e-02  σ_ω=1.477e-01
  aux (whitened)  L_power=2.399e-02  L_V=2.424e-01  L_B=2.424e-01  L_D=2.424e-01
  subnet MSE  M=1.838e+00  V=1.233e+01  Dw=3.275e-02  g=2.528e-01
[step   3250]  loss=-4.704e+00  nll=-5.209e+00  kl=5.177e+03
  rollout L2=6.486e-02  geo²=1.476e-02    σ_R=7.023e-02  σ_ω=1.473e-01
  aux (whitened)  L_power=2.385e-02  L_V=2.383e-01  L_B=2.383e-01  L_D=2.383e-01
  subnet MSE  M=1.845e+00  V=1.226e+01  Dw=3.319e-02  g=2.547e-01
[step   3300]  loss=-4.725e+00  nll=-5.224e+00  kl=5.112e+03
  rollout L2=6.427e-02  geo²=1.475e-02    σ_R=7.012e-02  σ_ω=1.466e-01
  aux (whitened)  L_power=2.413e-02  L_V=2.425e-01  L_B=2.425e-01  L_D=2.425e-01
  subnet MSE  M=1.852e+00  V=1.234e+01  Dw=3.320e-02  g=2.541e-01
[step   3350]  loss=-4.738e+00  nll=-5.232e+00  kl=5.056e+03
  rollout L2=6.406e-02  geo²=1.472e-02    σ_R=7.006e-02  σ_ω=1.464e-01
  aux (whitened)  L_power=2.423e-02  L_V=2.438e-01  L_B=2.438e-01  L_D=2.438e-01
  subnet MSE  M=1.846e+00  V=1.233e+01  Dw=3.293e-02  g=2.540e-01
[step   3400]  loss=-4.741e+00  nll=-5.230e+00  kl=5.009e+03
  rollout L2=6.410e-02  geo²=1.473e-02    σ_R=7.008e-02  σ_ω=1.463e-01
  aux (whitened)  L_power=2.498e-02  L_V=2.534e-01  L_B=2.534e-01  L_D=2.534e-01
  subnet MSE  M=1.840e+00  V=1.236e+01  Dw=3.298e-02  g=2.524e-01
[step   3450]  loss=-4.749e+00  nll=-5.234e+00  kl=4.964e+03
  rollout L2=6.387e-02  geo²=1.474e-02    σ_R=7.014e-02  σ_ω=1.461e-01
  aux (whitened)  L_power=2.472e-02  L_V=2.494e-01  L_B=2.494e-01  L_D=2.494e-01
  subnet MSE  M=1.851e+00  V=1.232e+01  Dw=3.304e-02  g=2.530e-01
[step   3500]  loss=-4.768e+00  nll=-5.245e+00  kl=4.890e+03
  rollout L2=6.341e-02  geo²=1.474e-02    σ_R=7.011e-02  σ_ω=1.456e-01
  aux (whitened)  L_power=2.453e-02  L_V=2.484e-01  L_B=2.484e-01  L_D=2.484e-01
  subnet MSE  M=1.856e+00  V=1.232e+01  Dw=3.262e-02  g=2.539e-01
[step   3550]  loss=-4.790e+00  nll=-5.262e+00  kl=4.825e+03
  rollout L2=6.267e-02  geo²=1.475e-02    σ_R=7.017e-02  σ_ω=1.454e-01
  aux (whitened)  L_power=2.458e-02  L_V=2.492e-01  L_B=2.492e-01  L_D=2.492e-01
  subnet MSE  M=1.847e+00  V=1.236e+01  Dw=3.284e-02  g=2.535e-01
[step   3600]  loss=-4.797e+00  nll=-5.263e+00  kl=4.771e+03
  rollout L2=6.267e-02  geo²=1.474e-02    σ_R=7.010e-02  σ_ω=1.453e-01
  aux (whitened)  L_power=2.482e-02  L_V=2.506e-01  L_B=2.506e-01  L_D=2.506e-01
  subnet MSE  M=1.852e+00  V=1.231e+01  Dw=3.322e-02  g=2.535e-01
[step   3650]  loss=-4.787e+00  nll=-5.248e+00  kl=4.721e+03
  rollout L2=6.322e-02  geo²=1.476e-02    σ_R=7.008e-02  σ_ω=1.450e-01
  aux (whitened)  L_power=2.456e-02  L_V=2.465e-01  L_B=2.465e-01  L_D=2.465e-01
  subnet MSE  M=1.853e+00  V=1.230e+01  Dw=3.251e-02  g=2.548e-01
[step   3700]  loss=-4.823e+00  nll=-5.278e+00  kl=4.659e+03
  rollout L2=6.209e-02  geo²=1.473e-02    σ_R=7.009e-02  σ_ω=1.446e-01
  aux (whitened)  L_power=2.498e-02  L_V=2.517e-01  L_B=2.517e-01  L_D=2.517e-01
  subnet MSE  M=1.860e+00  V=1.231e+01  Dw=3.314e-02  g=2.536e-01
[step   3750]  loss=-4.817e+00  nll=-5.267e+00  kl=4.613e+03
  rollout L2=6.252e-02  geo²=1.473e-02    σ_R=7.008e-02  σ_ω=1.444e-01
  aux (whitened)  L_power=2.508e-02  L_V=2.521e-01  L_B=2.521e-01  L_D=2.521e-01
  subnet MSE  M=1.856e+00  V=1.229e+01  Dw=3.328e-02  g=2.532e-01
[step   3800]  loss=-4.815e+00  nll=-5.262e+00  kl=4.575e+03
  rollout L2=6.272e-02  geo²=1.474e-02    σ_R=7.009e-02  σ_ω=1.444e-01
  aux (whitened)  L_power=2.497e-02  L_V=2.507e-01  L_B=2.507e-01  L_D=2.507e-01
  subnet MSE  M=1.850e+00  V=1.226e+01  Dw=3.306e-02  g=2.547e-01
[step   3850]  loss=-4.823e+00  nll=-5.267e+00  kl=4.546e+03
  rollout L2=6.241e-02  geo²=1.476e-02    σ_R=7.010e-02  σ_ω=1.443e-01
  aux (whitened)  L_power=2.572e-02  L_V=2.614e-01  L_B=2.614e-01  L_D=2.614e-01
  subnet MSE  M=1.861e+00  V=1.234e+01  Dw=3.312e-02  g=2.512e-01
[step   3900]  loss=-4.860e+00  nll=-5.299e+00  kl=4.499e+03
  rollout L2=6.125e-02  geo²=1.472e-02    σ_R=7.007e-02  σ_ω=1.440e-01
  aux (whitened)  L_power=2.514e-02  L_V=2.536e-01  L_B=2.536e-01  L_D=2.536e-01
  subnet MSE  M=1.858e+00  V=1.230e+01  Dw=3.301e-02  g=2.537e-01
[step   3950]  loss=-4.838e+00  nll=-5.274e+00  kl=4.465e+03
  rollout L2=6.227e-02  geo²=1.472e-02    σ_R=7.008e-02  σ_ω=1.438e-01
  aux (whitened)  L_power=2.567e-02  L_V=2.607e-01  L_B=2.607e-01  L_D=2.607e-01
  subnet MSE  M=1.867e+00  V=1.234e+01  Dw=3.297e-02  g=2.515e-01
[step   4000]  loss=-4.842e+00  nll=-5.276e+00  kl=4.443e+03
  rollout L2=6.209e-02  geo²=1.475e-02    σ_R=7.003e-02  σ_ω=1.438e-01
  aux (whitened)  L_power=2.632e-02  L_V=2.673e-01  L_B=2.673e-01  L_D=2.673e-01
  subnet MSE  M=1.855e+00  V=1.228e+01  Dw=3.330e-02  g=2.517e-01
[step   4050]  loss=-4.854e+00  nll=-5.284e+00  kl=4.410e+03
  rollout L2=6.183e-02  geo²=1.472e-02    σ_R=7.009e-02  σ_ω=1.437e-01
  aux (whitened)  L_power=2.506e-02  L_V=2.517e-01  L_B=2.517e-01  L_D=2.517e-01
  subnet MSE  M=1.863e+00  V=1.228e+01  Dw=3.315e-02  g=2.546e-01
[step   4100]  loss=-4.863e+00  nll=-5.290e+00  kl=4.369e+03
  rollout L2=6.157e-02  geo²=1.473e-02    σ_R=7.014e-02  σ_ω=1.435e-01
  aux (whitened)  L_power=2.554e-02  L_V=2.552e-01  L_B=2.552e-01  L_D=2.552e-01
  subnet MSE  M=1.861e+00  V=1.223e+01  Dw=3.294e-02  g=2.538e-01
[step   4150]  loss=-4.877e+00  nll=-5.300e+00  kl=4.331e+03
  rollout L2=6.114e-02  geo²=1.474e-02    σ_R=7.010e-02  σ_ω=1.433e-01
  aux (whitened)  L_power=2.422e-02  L_V=2.413e-01  L_B=2.413e-01  L_D=2.413e-01
  subnet MSE  M=1.856e+00  V=1.234e+01  Dw=3.296e-02  g=2.571e-01
[step   4200]  loss=-4.867e+00  nll=-5.286e+00  kl=4.295e+03
  rollout L2=6.175e-02  geo²=1.473e-02    σ_R=7.007e-02  σ_ω=1.430e-01
  aux (whitened)  L_power=2.505e-02  L_V=2.511e-01  L_B=2.511e-01  L_D=2.511e-01
  subnet MSE  M=1.862e+00  V=1.231e+01  Dw=3.293e-02  g=2.553e-01
[step   4250]  loss=-4.880e+00  nll=-5.296e+00  kl=4.260e+03
  rollout L2=6.137e-02  geo²=1.472e-02    σ_R=7.003e-02  σ_ω=1.430e-01
  aux (whitened)  L_power=2.543e-02  L_V=2.541e-01  L_B=2.541e-01  L_D=2.541e-01
  subnet MSE  M=1.861e+00  V=1.223e+01  Dw=3.291e-02  g=2.546e-01
[step   4300]  loss=-4.886e+00  nll=-5.299e+00  kl=4.229e+03
  rollout L2=6.127e-02  geo²=1.472e-02    σ_R=7.010e-02  σ_ω=1.429e-01
  aux (whitened)  L_power=2.606e-02  L_V=2.629e-01  L_B=2.629e-01  L_D=2.629e-01
  subnet MSE  M=1.862e+00  V=1.230e+01  Dw=3.332e-02  g=2.509e-01
[step   4350]  loss=-4.891e+00  nll=-5.300e+00  kl=4.185e+03
  rollout L2=6.112e-02  geo²=1.475e-02    σ_R=7.007e-02  σ_ω=1.427e-01
  aux (whitened)  L_power=2.538e-02  L_V=2.555e-01  L_B=2.555e-01  L_D=2.555e-01
  subnet MSE  M=1.866e+00  V=1.231e+01  Dw=3.310e-02  g=2.531e-01
[step   4400]  loss=-4.895e+00  nll=-5.298e+00  kl=4.122e+03
  rollout L2=6.125e-02  geo²=1.474e-02    σ_R=7.006e-02  σ_ω=1.428e-01
  aux (whitened)  L_power=2.579e-02  L_V=2.585e-01  L_B=2.585e-01  L_D=2.585e-01
  subnet MSE  M=1.872e+00  V=1.223e+01  Dw=3.288e-02  g=2.522e-01
[step   4450]  loss=-4.913e+00  nll=-5.311e+00  kl=4.076e+03
  rollout L2=6.080e-02  geo²=1.472e-02    σ_R=7.006e-02  σ_ω=1.424e-01
  aux (whitened)  L_power=2.432e-02  L_V=2.415e-01  L_B=2.415e-01  L_D=2.415e-01
  subnet MSE  M=1.873e+00  V=1.230e+01  Dw=3.315e-02  g=2.581e-01
[step   4500]  loss=-4.916e+00  nll=-5.312e+00  kl=4.055e+03
  rollout L2=6.072e-02  geo²=1.473e-02    σ_R=7.008e-02  σ_ω=1.423e-01
  aux (whitened)  L_power=2.543e-02  L_V=2.543e-01  L_B=2.543e-01  L_D=2.543e-01
  subnet MSE  M=1.879e+00  V=1.226e+01  Dw=3.340e-02  g=2.548e-01
[step   4550]  loss=-4.925e+00  nll=-5.319e+00  kl=4.027e+03
  rollout L2=6.039e-02  geo²=1.474e-02    σ_R=7.007e-02  σ_ω=1.420e-01
  aux (whitened)  L_power=2.598e-02  L_V=2.606e-01  L_B=2.606e-01  L_D=2.606e-01
  subnet MSE  M=1.870e+00  V=1.226e+01  Dw=3.318e-02  g=2.529e-01
[step   4600]  loss=-4.930e+00  nll=-5.321e+00  kl=3.995e+03
  rollout L2=6.036e-02  geo²=1.473e-02    σ_R=7.002e-02  σ_ω=1.418e-01
  aux (whitened)  L_power=2.528e-02  L_V=2.530e-01  L_B=2.530e-01  L_D=2.530e-01
  subnet MSE  M=1.870e+00  V=1.231e+01  Dw=3.270e-02  g=2.545e-01
[step   4650]  loss=-4.944e+00  nll=-5.331e+00  kl=3.964e+03
  rollout L2=5.991e-02  geo²=1.473e-02    σ_R=7.005e-02  σ_ω=1.416e-01
  aux (whitened)  L_power=2.552e-02  L_V=2.540e-01  L_B=2.540e-01  L_D=2.540e-01
  subnet MSE  M=1.872e+00  V=1.225e+01  Dw=3.318e-02  g=2.553e-01
[step   4700]  loss=-4.948e+00  nll=-5.331e+00  kl=3.930e+03
  rollout L2=5.993e-02  geo²=1.473e-02    σ_R=7.014e-02  σ_ω=1.413e-01
  aux (whitened)  L_power=2.533e-02  L_V=2.514e-01  L_B=2.514e-01  L_D=2.514e-01
  subnet MSE  M=1.879e+00  V=1.227e+01  Dw=3.298e-02  g=2.558e-01
[step   4750]  loss=-4.954e+00  nll=-5.334e+00  kl=3.887e+03
  rollout L2=5.986e-02  geo²=1.472e-02    σ_R=7.007e-02  σ_ω=1.411e-01
  aux (whitened)  L_power=2.602e-02  L_V=2.606e-01  L_B=2.606e-01  L_D=2.606e-01
  subnet MSE  M=1.880e+00  V=1.227e+01  Dw=3.326e-02  g=2.547e-01
[step   4800]  loss=-4.964e+00  nll=-5.341e+00  kl=3.854e+03
  rollout L2=5.954e-02  geo²=1.473e-02    σ_R=7.007e-02  σ_ω=1.411e-01
  aux (whitened)  L_power=2.683e-02  L_V=2.691e-01  L_B=2.691e-01  L_D=2.691e-01
  subnet MSE  M=1.877e+00  V=1.222e+01  Dw=3.369e-02  g=2.519e-01
[step   4850]  loss=-4.960e+00  nll=-5.334e+00  kl=3.820e+03
  rollout L2=5.978e-02  geo²=1.474e-02    σ_R=7.004e-02  σ_ω=1.410e-01
  aux (whitened)  L_power=2.634e-02  L_V=2.636e-01  L_B=2.636e-01  L_D=2.636e-01
  subnet MSE  M=1.886e+00  V=1.227e+01  Dw=3.308e-02  g=2.533e-01
[step   4900]  loss=-4.975e+00  nll=-5.345e+00  kl=3.793e+03
  rollout L2=5.938e-02  geo²=1.472e-02    σ_R=7.006e-02  σ_ω=1.409e-01
  aux (whitened)  L_power=2.606e-02  L_V=2.609e-01  L_B=2.609e-01  L_D=2.609e-01
  subnet MSE  M=1.884e+00  V=1.229e+01  Dw=3.323e-02  g=2.538e-01
[step   4950]  loss=-4.977e+00  nll=-5.346e+00  kl=3.771e+03
  rollout L2=5.939e-02  geo²=1.472e-02    σ_R=7.008e-02  σ_ω=1.408e-01
  aux (whitened)  L_power=2.627e-02  L_V=2.625e-01  L_B=2.625e-01  L_D=2.625e-01
  subnet MSE  M=1.887e+00  V=1.226e+01  Dw=3.290e-02  g=2.532e-01
[step   5000]  loss=-4.989e+00  nll=-5.354e+00  kl=3.739e+03
  rollout L2=5.904e-02  geo²=1.472e-02    σ_R=7.005e-02  σ_ω=1.407e-01
  aux (whitened)  L_power=2.638e-02  L_V=2.631e-01  L_B=2.631e-01  L_D=2.631e-01
  subnet MSE  M=1.894e+00  V=1.222e+01  Dw=3.360e-02  g=2.538e-01
[step   5050]  loss=-4.992e+00  nll=-5.354e+00  kl=3.708e+03
  rollout L2=5.911e-02  geo²=1.471e-02    σ_R=7.014e-02  σ_ω=1.407e-01
  aux (whitened)  L_power=2.633e-02  L_V=2.651e-01  L_B=2.651e-01  L_D=2.651e-01
  subnet MSE  M=1.886e+00  V=1.233e+01  Dw=3.284e-02  g=2.533e-01
[step   5100]  loss=-4.995e+00  nll=-5.354e+00  kl=3.682e+03
  rollout L2=5.906e-02  geo²=1.471e-02    σ_R=7.007e-02  σ_ω=1.406e-01
  aux (whitened)  L_power=2.584e-02  L_V=2.573e-01  L_B=2.573e-01  L_D=2.573e-01
  subnet MSE  M=1.893e+00  V=1.226e+01  Dw=3.304e-02  g=2.561e-01
[step   5150]  loss=-5.006e+00  nll=-5.362e+00  kl=3.643e+03
  rollout L2=5.881e-02  geo²=1.470e-02    σ_R=7.004e-02  σ_ω=1.403e-01
  aux (whitened)  L_power=2.578e-02  L_V=2.558e-01  L_B=2.558e-01  L_D=2.558e-01
  subnet MSE  M=1.883e+00  V=1.222e+01  Dw=3.330e-02  g=2.554e-01
[step   5200]  loss=-5.004e+00  nll=-5.357e+00  kl=3.616e+03
  rollout L2=5.900e-02  geo²=1.471e-02    σ_R=7.004e-02  σ_ω=1.401e-01
  aux (whitened)  L_power=2.652e-02  L_V=2.647e-01  L_B=2.647e-01  L_D=2.647e-01
  subnet MSE  M=1.886e+00  V=1.226e+01  Dw=3.345e-02  g=2.530e-01
[step   5250]  loss=-5.006e+00  nll=-5.356e+00  kl=3.586e+03
  rollout L2=5.897e-02  geo²=1.472e-02    σ_R=7.010e-02  σ_ω=1.402e-01
  aux (whitened)  L_power=2.687e-02  L_V=2.697e-01  L_B=2.697e-01  L_D=2.697e-01
  subnet MSE  M=1.882e+00  V=1.229e+01  Dw=3.306e-02  g=2.521e-01
[step   5300]  loss=-5.010e+00  nll=-5.357e+00  kl=3.557e+03
  rollout L2=5.899e-02  geo²=1.470e-02    σ_R=7.007e-02  σ_ω=1.400e-01
  aux (whitened)  L_power=2.710e-02  L_V=2.708e-01  L_B=2.708e-01  L_D=2.708e-01
  subnet MSE  M=1.902e+00  V=1.223e+01  Dw=3.368e-02  g=2.519e-01
[step   5350]  loss=-5.016e+00  nll=-5.361e+00  kl=3.526e+03
  rollout L2=5.885e-02  geo²=1.471e-02    σ_R=7.004e-02  σ_ω=1.399e-01
  aux (whitened)  L_power=2.646e-02  L_V=2.628e-01  L_B=2.628e-01  L_D=2.628e-01
  subnet MSE  M=1.897e+00  V=1.223e+01  Dw=3.324e-02  g=2.544e-01
[step   5400]  loss=-5.011e+00  nll=-5.352e+00  kl=3.499e+03
  rollout L2=5.906e-02  geo²=1.474e-02    σ_R=7.004e-02  σ_ω=1.399e-01
  aux (whitened)  L_power=2.640e-02  L_V=2.633e-01  L_B=2.633e-01  L_D=2.633e-01
  subnet MSE  M=1.892e+00  V=1.226e+01  Dw=3.332e-02  g=2.543e-01
[step   5450]  loss=-5.045e+00  nll=-5.385e+00  kl=3.480e+03
  rollout L2=5.789e-02  geo²=1.471e-02    σ_R=7.004e-02  σ_ω=1.397e-01
  aux (whitened)  L_power=2.643e-02  L_V=2.647e-01  L_B=2.647e-01  L_D=2.647e-01
  subnet MSE  M=1.884e+00  V=1.233e+01  Dw=3.378e-02  g=2.544e-01
[step   5500]  loss=-5.034e+00  nll=-5.371e+00  kl=3.459e+03
  rollout L2=5.837e-02  geo²=1.472e-02    σ_R=7.006e-02  σ_ω=1.397e-01
  aux (whitened)  L_power=2.639e-02  L_V=2.615e-01  L_B=2.615e-01  L_D=2.615e-01
  subnet MSE  M=1.902e+00  V=1.224e+01  Dw=3.350e-02  g=2.547e-01
[step   5550]  loss=-5.034e+00  nll=-5.370e+00  kl=3.439e+03
  rollout L2=5.849e-02  geo²=1.470e-02    σ_R=7.004e-02  σ_ω=1.396e-01
  aux (whitened)  L_power=2.640e-02  L_V=2.626e-01  L_B=2.626e-01  L_D=2.626e-01
  subnet MSE  M=1.901e+00  V=1.229e+01  Dw=3.369e-02  g=2.550e-01
[step   5600]  loss=-5.044e+00  nll=-5.378e+00  kl=3.417e+03
  rollout L2=5.821e-02  geo²=1.470e-02    σ_R=7.001e-02  σ_ω=1.394e-01
  aux (whitened)  L_power=2.691e-02  L_V=2.686e-01  L_B=2.686e-01  L_D=2.686e-01
  subnet MSE  M=1.896e+00  V=1.223e+01  Dw=3.375e-02  g=2.540e-01
[step   5650]  loss=-5.043e+00  nll=-5.374e+00  kl=3.390e+03
  rollout L2=5.836e-02  geo²=1.470e-02    σ_R=7.013e-02  σ_ω=1.394e-01
  aux (whitened)  L_power=2.661e-02  L_V=2.637e-01  L_B=2.637e-01  L_D=2.637e-01
  subnet MSE  M=1.894e+00  V=1.217e+01  Dw=3.392e-02  g=2.547e-01
[step   5700]  loss=-5.050e+00  nll=-5.379e+00  kl=3.371e+03
  rollout L2=5.810e-02  geo²=1.471e-02    σ_R=7.004e-02  σ_ω=1.391e-01
  aux (whitened)  L_power=2.705e-02  L_V=2.704e-01  L_B=2.704e-01  L_D=2.704e-01
  subnet MSE  M=1.897e+00  V=1.221e+01  Dw=3.331e-02  g=2.537e-01
[step   5750]  loss=-5.051e+00  nll=-5.378e+00  kl=3.349e+03
  rollout L2=5.820e-02  geo²=1.470e-02    σ_R=6.999e-02  σ_ω=1.390e-01
  aux (whitened)  L_power=2.658e-02  L_V=2.632e-01  L_B=2.632e-01  L_D=2.632e-01
  subnet MSE  M=1.902e+00  V=1.225e+01  Dw=3.337e-02  g=2.546e-01
[step   5800]  loss=-5.047e+00  nll=-5.373e+00  kl=3.331e+03
  rollout L2=5.829e-02  geo²=1.473e-02    σ_R=7.005e-02  σ_ω=1.396e-01
  aux (whitened)  L_power=2.710e-02  L_V=2.729e-01  L_B=2.729e-01  L_D=2.729e-01
  subnet MSE  M=1.904e+00  V=1.234e+01  Dw=3.341e-02  g=2.527e-01
[step   5850]  loss=-5.028e+00  nll=-5.352e+00  kl=3.318e+03
  rollout L2=5.921e-02  geo²=1.470e-02    σ_R=7.004e-02  σ_ω=1.397e-01
  aux (whitened)  L_power=2.621e-02  L_V=2.631e-01  L_B=2.631e-01  L_D=2.631e-01
  subnet MSE  M=1.899e+00  V=1.231e+01  Dw=3.296e-02  g=2.552e-01
[step   5900]  loss=-5.052e+00  nll=-5.375e+00  kl=3.304e+03
  rollout L2=5.837e-02  geo²=1.469e-02    σ_R=7.001e-02  σ_ω=1.398e-01
  aux (whitened)  L_power=2.670e-02  L_V=2.669e-01  L_B=2.669e-01  L_D=2.669e-01
  subnet MSE  M=1.906e+00  V=1.230e+01  Dw=3.327e-02  g=2.548e-01
[step   5950]  loss=-5.059e+00  nll=-5.379e+00  kl=3.281e+03
  rollout L2=5.809e-02  geo²=1.472e-02    σ_R=6.999e-02  σ_ω=1.386e-01
  aux (whitened)  L_power=2.611e-02  L_V=2.583e-01  L_B=2.583e-01  L_D=2.583e-01
  subnet MSE  M=1.906e+00  V=1.229e+01  Dw=3.315e-02  g=2.570e-01
[step   6000]  loss=-5.065e+00  nll=-5.384e+00  kl=3.268e+03
  rollout L2=5.796e-02  geo²=1.470e-02    σ_R=6.998e-02  σ_ω=1.388e-01
  aux (whitened)  L_power=2.711e-02  L_V=2.698e-01  L_B=2.698e-01  L_D=2.698e-01
  subnet MSE  M=1.901e+00  V=1.226e+01  Dw=3.380e-02  g=2.543e-01
[step   6050]  loss=-5.064e+00  nll=-5.381e+00  kl=3.246e+03
  rollout L2=5.808e-02  geo²=1.470e-02    σ_R=7.005e-02  σ_ω=1.386e-01
  aux (whitened)  L_power=2.662e-02  L_V=2.630e-01  L_B=2.630e-01  L_D=2.630e-01
  subnet MSE  M=1.906e+00  V=1.226e+01  Dw=3.387e-02  g=2.555e-01
[step   6100]  loss=-5.061e+00  nll=-5.376e+00  kl=3.227e+03
  rollout L2=5.821e-02  geo²=1.472e-02    σ_R=7.005e-02  σ_ω=1.391e-01
  aux (whitened)  L_power=2.664e-02  L_V=2.646e-01  L_B=2.646e-01  L_D=2.646e-01
  subnet MSE  M=1.902e+00  V=1.229e+01  Dw=3.352e-02  g=2.554e-01
[step   6150]  loss=-5.056e+00  nll=-5.369e+00  kl=3.206e+03
  rollout L2=5.860e-02  geo²=1.469e-02    σ_R=6.997e-02  σ_ω=1.392e-01
  aux (whitened)  L_power=2.639e-02  L_V=2.613e-01  L_B=2.613e-01  L_D=2.613e-01
  subnet MSE  M=1.910e+00  V=1.231e+01  Dw=3.351e-02  g=2.557e-01
[step   6200]  loss=-5.059e+00  nll=-5.370e+00  kl=3.189e+03
  rollout L2=5.841e-02  geo²=1.472e-02    σ_R=7.003e-02  σ_ω=1.395e-01
  aux (whitened)  L_power=2.636e-02  L_V=2.632e-01  L_B=2.632e-01  L_D=2.632e-01
  subnet MSE  M=1.907e+00  V=1.226e+01  Dw=3.372e-02  g=2.556e-01
[step   6250]  loss=-5.073e+00  nll=-5.383e+00  kl=3.174e+03
  rollout L2=5.795e-02  geo²=1.471e-02    σ_R=7.005e-02  σ_ω=1.392e-01
  aux (whitened)  L_power=2.635e-02  L_V=2.611e-01  L_B=2.611e-01  L_D=2.611e-01
  subnet MSE  M=1.901e+00  V=1.229e+01  Dw=3.369e-02  g=2.551e-01
[step   6300]  loss=-5.034e+00  nll=-5.343e+00  kl=3.156e+03
  rollout L2=5.946e-02  geo²=1.473e-02    σ_R=7.007e-02  σ_ω=1.400e-01
  aux (whitened)  L_power=2.604e-02  L_V=2.601e-01  L_B=2.601e-01  L_D=2.601e-01
  subnet MSE  M=1.910e+00  V=1.233e+01  Dw=3.376e-02  g=2.561e-01
[step   6350]  loss=-5.017e+00  nll=-5.323e+00  kl=3.137e+03
  rollout L2=6.021e-02  geo²=1.474e-02    σ_R=7.004e-02  σ_ω=1.418e-01
  aux (whitened)  L_power=2.546e-02  L_V=2.571e-01  L_B=2.571e-01  L_D=2.571e-01
  subnet MSE  M=1.911e+00  V=1.232e+01  Dw=3.370e-02  g=2.559e-01
[step   6400]  loss=-4.996e+00  nll=-5.300e+00  kl=3.120e+03
  rollout L2=6.119e-02  geo²=1.472e-02    σ_R=6.997e-02  σ_ω=1.422e-01
  aux (whitened)  L_power=2.555e-02  L_V=2.589e-01  L_B=2.589e-01  L_D=2.589e-01
  subnet MSE  M=1.912e+00  V=1.237e+01  Dw=3.366e-02  g=2.539e-01
[step   6450]  loss=-4.971e+00  nll=-5.275e+00  kl=3.103e+03
  rollout L2=6.223e-02  geo²=1.473e-02    σ_R=7.014e-02  σ_ω=1.443e-01
  aux (whitened)  L_power=2.425e-02  L_V=2.450e-01  L_B=2.450e-01  L_D=2.450e-01
  subnet MSE  M=1.908e+00  V=1.244e+01  Dw=3.393e-02  g=2.564e-01
[step   6500]  loss=-4.945e+00  nll=-5.247e+00  kl=3.089e+03
  rollout L2=6.335e-02  geo²=1.474e-02    σ_R=7.004e-02  σ_ω=1.448e-01
  aux (whitened)  L_power=2.434e-02  L_V=2.450e-01  L_B=2.450e-01  L_D=2.450e-01
  subnet MSE  M=1.896e+00  V=1.230e+01  Dw=3.436e-02  g=2.560e-01
[step   6550]  loss=-4.973e+00  nll=-5.273e+00  kl=3.071e+03
  rollout L2=6.216e-02  geo²=1.476e-02    σ_R=7.010e-02  σ_ω=1.444e-01
  aux (whitened)  L_power=2.410e-02  L_V=2.422e-01  L_B=2.422e-01  L_D=2.422e-01
  subnet MSE  M=1.899e+00  V=1.235e+01  Dw=3.364e-02  g=2.571e-01
[step   6600]  loss=-4.963e+00  nll=-5.262e+00  kl=3.055e+03
  rollout L2=6.270e-02  geo²=1.475e-02    σ_R=7.014e-02  σ_ω=1.441e-01
  aux (whitened)  L_power=2.586e-02  L_V=2.654e-01  L_B=2.654e-01  L_D=2.654e-01
  subnet MSE  M=1.899e+00  V=1.235e+01  Dw=3.341e-02  g=2.535e-01
[step   6650]  loss=-4.960e+00  nll=-5.256e+00  kl=3.036e+03
  rollout L2=6.285e-02  geo²=1.476e-02    σ_R=7.013e-02  σ_ω=1.447e-01
  aux (whitened)  L_power=2.544e-02  L_V=2.596e-01  L_B=2.596e-01  L_D=2.596e-01
  subnet MSE  M=1.901e+00  V=1.237e+01  Dw=3.392e-02  g=2.535e-01
[step   6700]  loss=-4.968e+00  nll=-5.263e+00  kl=3.017e+03
  rollout L2=6.276e-02  geo²=1.472e-02    σ_R=7.009e-02  σ_ω=1.444e-01
  aux (whitened)  L_power=2.544e-02  L_V=2.601e-01  L_B=2.601e-01  L_D=2.601e-01
  subnet MSE  M=1.896e+00  V=1.234e+01  Dw=3.439e-02  g=2.536e-01
[step   6750]  loss=-4.978e+00  nll=-5.271e+00  kl=2.997e+03
  rollout L2=6.231e-02  geo²=1.474e-02    σ_R=7.009e-02  σ_ω=1.442e-01
  aux (whitened)  L_power=2.472e-02  L_V=2.502e-01  L_B=2.502e-01  L_D=2.502e-01
  subnet MSE  M=1.900e+00  V=1.234e+01  Dw=3.410e-02  g=2.563e-01
[step   6800]  loss=-4.985e+00  nll=-5.276e+00  kl=2.981e+03
  rollout L2=6.216e-02  geo²=1.473e-02    σ_R=7.004e-02  σ_ω=1.440e-01
  aux (whitened)  L_power=2.581e-02  L_V=2.616e-01  L_B=2.616e-01  L_D=2.616e-01
  subnet MSE  M=1.904e+00  V=1.230e+01  Dw=3.430e-02  g=2.531e-01
[step   6850]  loss=-5.000e+00  nll=-5.290e+00  kl=2.970e+03
  rollout L2=6.154e-02  geo²=1.474e-02    σ_R=7.001e-02  σ_ω=1.434e-01
  aux (whitened)  L_power=2.558e-02  L_V=2.600e-01  L_B=2.600e-01  L_D=2.600e-01
  subnet MSE  M=1.896e+00  V=1.242e+01  Dw=3.401e-02  g=2.531e-01
[step   6900]  loss=-5.015e+00  nll=-5.303e+00  kl=2.957e+03
  rollout L2=6.099e-02  geo²=1.474e-02    σ_R=7.009e-02  σ_ω=1.428e-01
  aux (whitened)  L_power=2.510e-02  L_V=2.533e-01  L_B=2.533e-01  L_D=2.533e-01
  subnet MSE  M=1.895e+00  V=1.238e+01  Dw=3.413e-02  g=2.543e-01
[step   6950]  loss=-5.021e+00  nll=-5.309e+00  kl=2.946e+03
  rollout L2=6.080e-02  geo²=1.474e-02    σ_R=7.010e-02  σ_ω=1.423e-01
  aux (whitened)  L_power=2.479e-02  L_V=2.473e-01  L_B=2.473e-01  L_D=2.473e-01
  subnet MSE  M=1.903e+00  V=1.229e+01  Dw=3.414e-02  g=2.578e-01
[step   7000]  loss=-5.047e+00  nll=-5.333e+00  kl=2.934e+03
  rollout L2=5.995e-02  geo²=1.470e-02    σ_R=7.005e-02  σ_ω=1.408e-01
  aux (whitened)  L_power=2.633e-02  L_V=2.628e-01  L_B=2.628e-01  L_D=2.628e-01
  subnet MSE  M=1.903e+00  V=1.219e+01  Dw=3.412e-02  g=2.548e-01
[step   7050]  loss=-5.071e+00  nll=-5.356e+00  kl=2.924e+03
  rollout L2=5.903e-02  geo²=1.470e-02    σ_R=7.019e-02  σ_ω=1.403e-01
  aux (whitened)  L_power=2.574e-02  L_V=2.550e-01  L_B=2.550e-01  L_D=2.550e-01
  subnet MSE  M=1.893e+00  V=1.216e+01  Dw=3.418e-02  g=2.571e-01
[step   7100]  loss=-5.072e+00  nll=-5.356e+00  kl=2.913e+03
  rollout L2=5.898e-02  geo²=1.472e-02    σ_R=7.002e-02  σ_ω=1.399e-01
  aux (whitened)  L_power=2.635e-02  L_V=2.639e-01  L_B=2.639e-01  L_D=2.639e-01
  subnet MSE  M=1.899e+00  V=1.229e+01  Dw=3.440e-02  g=2.547e-01
[step   7150]  loss=-5.095e+00  nll=-5.378e+00  kl=2.902e+03
  rollout L2=5.819e-02  geo²=1.470e-02    σ_R=7.002e-02  σ_ω=1.397e-01
  aux (whitened)  L_power=2.623e-02  L_V=2.615e-01  L_B=2.615e-01  L_D=2.615e-01
  subnet MSE  M=1.897e+00  V=1.226e+01  Dw=3.395e-02  g=2.563e-01
[step   7200]  loss=-5.093e+00  nll=-5.376e+00  kl=2.894e+03
  rollout L2=5.820e-02  geo²=1.472e-02    σ_R=7.011e-02  σ_ω=1.394e-01
  aux (whitened)  L_power=2.666e-02  L_V=2.667e-01  L_B=2.667e-01  L_D=2.667e-01
  subnet MSE  M=1.902e+00  V=1.231e+01  Dw=3.410e-02  g=2.550e-01
[step   7250]  loss=-5.110e+00  nll=-5.391e+00  kl=2.884e+03
  rollout L2=5.763e-02  geo²=1.471e-02    σ_R=7.005e-02  σ_ω=1.389e-01
  aux (whitened)  L_power=2.635e-02  L_V=2.620e-01  L_B=2.620e-01  L_D=2.620e-01
  subnet MSE  M=1.900e+00  V=1.228e+01  Dw=3.380e-02  g=2.567e-01
[step   7300]  loss=-5.124e+00  nll=-5.404e+00  kl=2.868e+03
  rollout L2=5.716e-02  geo²=1.471e-02    σ_R=7.000e-02  σ_ω=1.385e-01
  aux (whitened)  L_power=2.697e-02  L_V=2.675e-01  L_B=2.675e-01  L_D=2.675e-01
  subnet MSE  M=1.910e+00  V=1.225e+01  Dw=3.377e-02  g=2.554e-01
[step   7350]  loss=-5.112e+00  nll=-5.390e+00  kl=2.854e+03
  rollout L2=5.774e-02  geo²=1.470e-02    σ_R=6.998e-02  σ_ω=1.383e-01
  aux (whitened)  L_power=2.643e-02  L_V=2.603e-01  L_B=2.603e-01  L_D=2.603e-01
  subnet MSE  M=1.903e+00  V=1.226e+01  Dw=3.429e-02  g=2.580e-01
[step   7400]  loss=-5.131e+00  nll=-5.408e+00  kl=2.842e+03
  rollout L2=5.700e-02  geo²=1.471e-02    σ_R=7.003e-02  σ_ω=1.376e-01
  aux (whitened)  L_power=2.687e-02  L_V=2.671e-01  L_B=2.671e-01  L_D=2.671e-01
  subnet MSE  M=1.900e+00  V=1.229e+01  Dw=3.382e-02  g=2.559e-01
[step   7450]  loss=-5.139e+00  nll=-5.415e+00  kl=2.830e+03
  rollout L2=5.673e-02  geo²=1.471e-02    σ_R=7.004e-02  σ_ω=1.377e-01
  aux (whitened)  L_power=2.702e-02  L_V=2.690e-01  L_B=2.690e-01  L_D=2.690e-01
  subnet MSE  M=1.901e+00  V=1.230e+01  Dw=3.383e-02  g=2.554e-01
[step   7500]  loss=-5.142e+00  nll=-5.418e+00  kl=2.820e+03
  rollout L2=5.673e-02  geo²=1.469e-02    σ_R=7.001e-02  σ_ω=1.374e-01
  aux (whitened)  L_power=2.718e-02  L_V=2.690e-01  L_B=2.690e-01  L_D=2.690e-01
  subnet MSE  M=1.906e+00  V=1.227e+01  Dw=3.365e-02  g=2.551e-01
[step   7550]  loss=-5.154e+00  nll=-5.429e+00  kl=2.810e+03
  rollout L2=5.631e-02  geo²=1.469e-02    σ_R=6.999e-02  σ_ω=1.373e-01
  aux (whitened)  L_power=2.765e-02  L_V=2.752e-01  L_B=2.752e-01  L_D=2.752e-01
  subnet MSE  M=1.910e+00  V=1.228e+01  Dw=3.404e-02  g=2.549e-01
[step   7600]  loss=-5.140e+00  nll=-5.414e+00  kl=2.803e+03
  rollout L2=5.679e-02  geo²=1.471e-02    σ_R=7.002e-02  σ_ω=1.372e-01
  aux (whitened)  L_power=2.763e-02  L_V=2.838e-01  L_B=2.838e-01  L_D=2.838e-01
  subnet MSE  M=1.906e+00  V=1.224e+01  Dw=3.419e-02  g=2.549e-01
[step   7650]  loss=-5.153e+00  nll=-5.426e+00  kl=2.796e+03
  rollout L2=5.640e-02  geo²=1.469e-02    σ_R=7.000e-02  σ_ω=1.369e-01
  aux (whitened)  L_power=2.726e-02  L_V=2.700e-01  L_B=2.700e-01  L_D=2.700e-01
  subnet MSE  M=1.908e+00  V=1.230e+01  Dw=3.405e-02  g=2.556e-01
[step   7700]  loss=-5.154e+00  nll=-5.426e+00  kl=2.789e+03
  rollout L2=5.635e-02  geo²=1.470e-02    σ_R=7.001e-02  σ_ω=1.368e-01
  aux (whitened)  L_power=2.754e-02  L_V=2.733e-01  L_B=2.733e-01  L_D=2.733e-01
  subnet MSE  M=1.903e+00  V=1.224e+01  Dw=3.377e-02  g=2.555e-01
[step   7750]  loss=-5.165e+00  nll=-5.436e+00  kl=2.783e+03
  rollout L2=5.600e-02  geo²=1.469e-02    σ_R=6.996e-02  σ_ω=1.372e-01
  aux (whitened)  L_power=2.722e-02  L_V=2.703e-01  L_B=2.703e-01  L_D=2.703e-01
  subnet MSE  M=1.912e+00  V=1.230e+01  Dw=3.357e-02  g=2.551e-01
[step   7800]  loss=-5.160e+00  nll=-5.431e+00  kl=2.774e+03
  rollout L2=5.626e-02  geo²=1.468e-02    σ_R=7.002e-02  σ_ω=1.370e-01
  aux (whitened)  L_power=2.773e-02  L_V=2.761e-01  L_B=2.761e-01  L_D=2.761e-01
  subnet MSE  M=1.911e+00  V=1.226e+01  Dw=3.377e-02  g=2.543e-01
[step   7850]  loss=-5.177e+00  nll=-5.446e+00  kl=2.764e+03
  rollout L2=5.559e-02  geo²=1.470e-02    σ_R=6.981e-02  σ_ω=1.366e-01
  aux (whitened)  L_power=2.694e-02  L_V=2.675e-01  L_B=2.675e-01  L_D=2.675e-01
  subnet MSE  M=1.917e+00  V=1.235e+01  Dw=3.432e-02  g=2.560e-01
[step   7900]  loss=-5.162e+00  nll=-5.431e+00  kl=2.753e+03
  rollout L2=5.621e-02  geo²=1.469e-02    σ_R=6.998e-02  σ_ω=1.365e-01
  aux (whitened)  L_power=2.721e-02  L_V=2.696e-01  L_B=2.696e-01  L_D=2.696e-01
  subnet MSE  M=1.925e+00  V=1.226e+01  Dw=3.364e-02  g=2.569e-01
[step   7950]  loss=-5.165e+00  nll=-5.433e+00  kl=2.746e+03
  rollout L2=5.609e-02  geo²=1.470e-02    σ_R=7.000e-02  σ_ω=1.370e-01
  aux (whitened)  L_power=2.751e-02  L_V=2.744e-01  L_B=2.744e-01  L_D=2.744e-01
  subnet MSE  M=1.913e+00  V=1.231e+01  Dw=3.401e-02  g=2.542e-01
[step   8000]  loss=-5.147e+00  nll=-5.415e+00  kl=2.739e+03
  rollout L2=5.679e-02  geo²=1.470e-02    σ_R=7.004e-02  σ_ω=1.369e-01
  aux (whitened)  L_power=2.733e-02  L_V=2.716e-01  L_B=2.716e-01  L_D=2.716e-01
  subnet MSE  M=1.915e+00  V=1.229e+01  Dw=3.420e-02  g=2.550e-01
[step   8050]  loss=-5.144e+00  nll=-5.410e+00  kl=2.728e+03
  rollout L2=5.689e-02  geo²=1.472e-02    σ_R=7.004e-02  σ_ω=1.375e-01
  aux (whitened)  L_power=2.595e-02  L_V=2.561e-01  L_B=2.561e-01  L_D=2.561e-01
  subnet MSE  M=1.909e+00  V=1.230e+01  Dw=3.453e-02  g=2.587e-01
[step   8100]  loss=-5.155e+00  nll=-5.421e+00  kl=2.722e+03
  rollout L2=5.654e-02  geo²=1.470e-02    σ_R=7.003e-02  σ_ω=1.373e-01
  aux (whitened)  L_power=2.694e-02  L_V=2.684e-01  L_B=2.684e-01  L_D=2.684e-01
  subnet MSE  M=1.913e+00  V=1.233e+01  Dw=3.409e-02  g=2.572e-01
[step   8150]  loss=-5.152e+00  nll=-5.417e+00  kl=2.714e+03
  rollout L2=5.669e-02  geo²=1.470e-02    σ_R=7.000e-02  σ_ω=1.372e-01
  aux (whitened)  L_power=2.619e-02  L_V=2.594e-01  L_B=2.594e-01  L_D=2.594e-01
  subnet MSE  M=1.911e+00  V=1.234e+01  Dw=3.397e-02  g=2.590e-01
[step   8200]  loss=-5.160e+00  nll=-5.424e+00  kl=2.707e+03
  rollout L2=5.649e-02  geo²=1.469e-02    σ_R=7.005e-02  σ_ω=1.370e-01
  aux (whitened)  L_power=2.680e-02  L_V=2.668e-01  L_B=2.668e-01  L_D=2.668e-01
  subnet MSE  M=1.914e+00  V=1.234e+01  Dw=3.419e-02  g=2.568e-01
[step   8250]  loss=-5.160e+00  nll=-5.424e+00  kl=2.701e+03
  rollout L2=5.640e-02  geo²=1.471e-02    σ_R=7.001e-02  σ_ω=1.370e-01
  aux (whitened)  L_power=2.732e-02  L_V=2.734e-01  L_B=2.734e-01  L_D=2.734e-01
  subnet MSE  M=1.913e+00  V=1.234e+01  Dw=3.421e-02  g=2.555e-01
[step   8300]  loss=-5.164e+00  nll=-5.427e+00  kl=2.696e+03
  rollout L2=5.628e-02  geo²=1.471e-02    σ_R=7.001e-02  σ_ω=1.372e-01
  aux (whitened)  L_power=2.725e-02  L_V=2.714e-01  L_B=2.714e-01  L_D=2.714e-01
  subnet MSE  M=1.914e+00  V=1.231e+01  Dw=3.406e-02  g=2.556e-01
[step   8350]  loss=-5.164e+00  nll=-5.427e+00  kl=2.690e+03
  rollout L2=5.639e-02  geo²=1.468e-02    σ_R=7.004e-02  σ_ω=1.369e-01
  aux (whitened)  L_power=2.727e-02  L_V=2.707e-01  L_B=2.707e-01  L_D=2.707e-01
  subnet MSE  M=1.918e+00  V=1.229e+01  Dw=3.400e-02  g=2.558e-01
[step   8400]  loss=-5.165e+00  nll=-5.427e+00  kl=2.683e+03
  rollout L2=5.627e-02  geo²=1.471e-02    σ_R=7.005e-02  σ_ω=1.368e-01
  aux (whitened)  L_power=2.762e-02  L_V=2.764e-01  L_B=2.764e-01  L_D=2.764e-01
  subnet MSE  M=1.915e+00  V=1.236e+01  Dw=3.435e-02  g=2.548e-01
[step   8450]  loss=-5.162e+00  nll=-5.423e+00  kl=2.675e+03
  rollout L2=5.649e-02  geo²=1.470e-02    σ_R=7.002e-02  σ_ω=1.368e-01
  aux (whitened)  L_power=2.633e-02  L_V=2.599e-01  L_B=2.599e-01  L_D=2.599e-01
  subnet MSE  M=1.916e+00  V=1.231e+01  Dw=3.436e-02  g=2.567e-01
[step   8500]  loss=-5.175e+00  nll=-5.436e+00  kl=2.668e+03
  rollout L2=5.597e-02  geo²=1.470e-02    σ_R=7.003e-02  σ_ω=1.371e-01
  aux (whitened)  L_power=2.676e-02  L_V=2.674e-01  L_B=2.674e-01  L_D=2.674e-01
  subnet MSE  M=1.921e+00  V=1.235e+01  Dw=3.407e-02  g=2.568e-01
[step   8550]  loss=-5.175e+00  nll=-5.435e+00  kl=2.663e+03
  rollout L2=5.592e-02  geo²=1.472e-02    σ_R=7.004e-02  σ_ω=1.371e-01
  aux (whitened)  L_power=2.656e-02  L_V=2.637e-01  L_B=2.637e-01  L_D=2.637e-01
  subnet MSE  M=1.915e+00  V=1.236e+01  Dw=3.402e-02  g=2.577e-01
[step   8600]  loss=-5.160e+00  nll=-5.419e+00  kl=2.657e+03
  rollout L2=5.655e-02  geo²=1.471e-02    σ_R=6.998e-02  σ_ω=1.369e-01
  aux (whitened)  L_power=2.919e-02  L_V=2.966e-01  L_B=2.966e-01  L_D=2.966e-01
  subnet MSE  M=1.913e+00  V=1.235e+01  Dw=3.431e-02  g=2.514e-01
[step   8650]  loss=-5.186e+00  nll=-5.445e+00  kl=2.651e+03
  rollout L2=5.564e-02  geo²=1.470e-02    σ_R=7.004e-02  σ_ω=1.367e-01
  aux (whitened)  L_power=2.746e-02  L_V=2.746e-01  L_B=2.746e-01  L_D=2.746e-01
  subnet MSE  M=1.912e+00  V=1.226e+01  Dw=3.445e-02  g=2.551e-01
[step   8700]  loss=-5.166e+00  nll=-5.425e+00  kl=2.645e+03
  rollout L2=5.634e-02  geo²=1.472e-02    σ_R=7.005e-02  σ_ω=1.371e-01
  aux (whitened)  L_power=2.693e-02  L_V=2.698e-01  L_B=2.698e-01  L_D=2.698e-01
  subnet MSE  M=1.907e+00  V=1.233e+01  Dw=3.419e-02  g=2.562e-01
[step   8750]  loss=-5.160e+00  nll=-5.418e+00  kl=2.640e+03
  rollout L2=5.664e-02  geo²=1.470e-02    σ_R=6.997e-02  σ_ω=1.373e-01
  aux (whitened)  L_power=2.698e-02  L_V=2.700e-01  L_B=2.700e-01  L_D=2.700e-01
  subnet MSE  M=1.899e+00  V=1.233e+01  Dw=3.372e-02  g=2.554e-01
[step   8800]  loss=-5.173e+00  nll=-5.430e+00  kl=2.631e+03
  rollout L2=5.616e-02  geo²=1.471e-02    σ_R=7.007e-02  σ_ω=1.363e-01
  aux (whitened)  L_power=2.735e-02  L_V=2.733e-01  L_B=2.733e-01  L_D=2.733e-01
  subnet MSE  M=1.910e+00  V=1.229e+01  Dw=3.443e-02  g=2.562e-01
[step   8850]  loss=-5.168e+00  nll=-5.425e+00  kl=2.624e+03
  rollout L2=5.635e-02  geo²=1.472e-02    σ_R=7.004e-02  σ_ω=1.369e-01
  aux (whitened)  L_power=2.970e-02  L_V=3.047e-01  L_B=3.047e-01  L_D=3.047e-01
  subnet MSE  M=1.907e+00  V=1.237e+01  Dw=3.429e-02  g=2.485e-01
[step   8900]  loss=-5.175e+00  nll=-5.430e+00  kl=2.619e+03
  rollout L2=5.611e-02  geo²=1.472e-02    σ_R=7.004e-02  σ_ω=1.362e-01
  aux (whitened)  L_power=2.828e-02  L_V=2.846e-01  L_B=2.846e-01  L_D=2.846e-01
  subnet MSE  M=1.895e+00  V=1.226e+01  Dw=3.528e-02  g=2.542e-01
[step   8950]  loss=-5.185e+00  nll=-5.440e+00  kl=2.614e+03
  rollout L2=5.579e-02  geo²=1.471e-02    σ_R=7.005e-02  σ_ω=1.364e-01
  aux (whitened)  L_power=2.774e-02  L_V=2.777e-01  L_B=2.777e-01  L_D=2.777e-01
  subnet MSE  M=1.907e+00  V=1.227e+01  Dw=3.450e-02  g=2.549e-01
[step   9000]  loss=-5.175e+00  nll=-5.430e+00  kl=2.610e+03
  rollout L2=5.613e-02  geo²=1.472e-02    σ_R=7.001e-02  σ_ω=1.367e-01
  aux (whitened)  L_power=2.714e-02  L_V=2.714e-01  L_B=2.714e-01  L_D=2.714e-01
  subnet MSE  M=1.906e+00  V=1.232e+01  Dw=3.458e-02  g=2.559e-01
[step   9050]  loss=-5.162e+00  nll=-5.417e+00  kl=2.605e+03
  rollout L2=5.658e-02  geo²=1.473e-02    σ_R=6.998e-02  σ_ω=1.368e-01
  aux (whitened)  L_power=2.781e-02  L_V=2.808e-01  L_B=2.808e-01  L_D=2.808e-01
  subnet MSE  M=1.908e+00  V=1.241e+01  Dw=3.467e-02  g=2.534e-01
[step   9100]  loss=-5.172e+00  nll=-5.426e+00  kl=2.600e+03
  rollout L2=5.633e-02  geo²=1.470e-02    σ_R=7.001e-02  σ_ω=1.366e-01
  aux (whitened)  L_power=2.787e-02  L_V=2.791e-01  L_B=2.791e-01  L_D=2.791e-01
  subnet MSE  M=1.906e+00  V=1.226e+01  Dw=3.490e-02  g=2.544e-01
[step   9150]  loss=-5.184e+00  nll=-5.438e+00  kl=2.595e+03
  rollout L2=5.590e-02  geo²=1.471e-02    σ_R=7.004e-02  σ_ω=1.365e-01
  aux (whitened)  L_power=2.667e-02  L_V=2.651e-01  L_B=2.651e-01  L_D=2.651e-01
  subnet MSE  M=1.903e+00  V=1.227e+01  Dw=3.497e-02  g=2.557e-01
[step   9200]  loss=-5.189e+00  nll=-5.442e+00  kl=2.590e+03
  rollout L2=5.568e-02  geo²=1.473e-02    σ_R=7.000e-02  σ_ω=1.364e-01
  aux (whitened)  L_power=2.748e-02  L_V=2.761e-01  L_B=2.761e-01  L_D=2.761e-01
  subnet MSE  M=1.901e+00  V=1.233e+01  Dw=3.497e-02  g=2.547e-01
[step   9250]  loss=-5.192e+00  nll=-5.445e+00  kl=2.586e+03
  rollout L2=5.561e-02  geo²=1.471e-02    σ_R=7.004e-02  σ_ω=1.362e-01
  aux (whitened)  L_power=2.749e-02  L_V=2.748e-01  L_B=2.748e-01  L_D=2.748e-01
  subnet MSE  M=1.898e+00  V=1.229e+01  Dw=3.513e-02  g=2.557e-01
[step   9300]  loss=-5.195e+00  nll=-5.447e+00  kl=2.582e+03
  rollout L2=5.552e-02  geo²=1.471e-02    σ_R=7.006e-02  σ_ω=1.365e-01
  aux (whitened)  L_power=2.712e-02  L_V=2.706e-01  L_B=2.706e-01  L_D=2.706e-01
  subnet MSE  M=1.900e+00  V=1.227e+01  Dw=3.541e-02  g=2.556e-01
[step   9350]  loss=-5.185e+00  nll=-5.436e+00  kl=2.578e+03
  rollout L2=5.587e-02  geo²=1.473e-02    σ_R=7.007e-02  σ_ω=1.367e-01
  aux (whitened)  L_power=2.728e-02  L_V=2.734e-01  L_B=2.734e-01  L_D=2.734e-01
  subnet MSE  M=1.900e+00  V=1.232e+01  Dw=3.525e-02  g=2.555e-01
[step   9400]  loss=-5.176e+00  nll=-5.427e+00  kl=2.575e+03
  rollout L2=5.627e-02  geo²=1.471e-02    σ_R=7.003e-02  σ_ω=1.364e-01
  aux (whitened)  L_power=2.778e-02  L_V=2.814e-01  L_B=2.814e-01  L_D=2.814e-01
  subnet MSE  M=1.896e+00  V=1.238e+01  Dw=3.535e-02  g=2.540e-01
[step   9450]  loss=-5.194e+00  nll=-5.445e+00  kl=2.571e+03
  rollout L2=5.565e-02  geo²=1.470e-02    σ_R=7.017e-02  σ_ω=1.362e-01
  aux (whitened)  L_power=2.756e-02  L_V=2.754e-01  L_B=2.754e-01  L_D=2.754e-01
  subnet MSE  M=1.904e+00  V=1.227e+01  Dw=3.545e-02  g=2.550e-01
[step   9500]  loss=-5.202e+00  nll=-5.453e+00  kl=2.567e+03
  rollout L2=5.529e-02  geo²=1.472e-02    σ_R=7.009e-02  σ_ω=1.351e-01
  aux (whitened)  L_power=2.706e-02  L_V=2.707e-01  L_B=2.707e-01  L_D=2.707e-01
  subnet MSE  M=1.885e+00  V=1.235e+01  Dw=3.519e-02  g=2.572e-01
[step   9550]  loss=-5.218e+00  nll=-5.468e+00  kl=2.564e+03
  rollout L2=5.477e-02  geo²=1.471e-02    σ_R=7.008e-02  σ_ω=1.349e-01
  aux (whitened)  L_power=2.849e-02  L_V=2.842e-01  L_B=2.842e-01  L_D=2.842e-01
  subnet MSE  M=1.901e+00  V=1.218e+01  Dw=3.502e-02  g=2.538e-01
[step   9600]  loss=-5.213e+00  nll=-5.464e+00  kl=2.562e+03
  rollout L2=5.495e-02  geo²=1.470e-02    σ_R=7.000e-02  σ_ω=1.353e-01
  aux (whitened)  L_power=2.772e-02  L_V=2.739e-01  L_B=2.739e-01  L_D=2.739e-01
  subnet MSE  M=1.900e+00  V=1.217e+01  Dw=3.510e-02  g=2.563e-01
[step   9650]  loss=-5.235e+00  nll=-5.485e+00  kl=2.561e+03
  rollout L2=5.422e-02  geo²=1.469e-02    σ_R=6.998e-02  σ_ω=1.341e-01
  aux (whitened)  L_power=2.814e-02  L_V=2.798e-01  L_B=2.798e-01  L_D=2.798e-01
  subnet MSE  M=1.896e+00  V=1.228e+01  Dw=3.507e-02  g=2.567e-01
[step   9700]  loss=-5.234e+00  nll=-5.484e+00  kl=2.557e+03
  rollout L2=5.420e-02  geo²=1.471e-02    σ_R=7.002e-02  σ_ω=1.344e-01
  aux (whitened)  L_power=2.775e-02  L_V=2.754e-01  L_B=2.754e-01  L_D=2.754e-01
  subnet MSE  M=1.906e+00  V=1.231e+01  Dw=3.495e-02  g=2.560e-01
[step   9750]  loss=-5.255e+00  nll=-5.504e+00  kl=2.553e+03
  rollout L2=5.350e-02  geo²=1.470e-02    σ_R=6.996e-02  σ_ω=1.339e-01
  aux (whitened)  L_power=2.808e-02  L_V=2.780e-01  L_B=2.780e-01  L_D=2.780e-01
  subnet MSE  M=1.904e+00  V=1.228e+01  Dw=3.519e-02  g=2.570e-01
[step   9800]  loss=-5.263e+00  nll=-5.512e+00  kl=2.549e+03
  rollout L2=5.327e-02  geo²=1.469e-02    σ_R=6.998e-02  σ_ω=1.335e-01
  aux (whitened)  L_power=2.898e-02  L_V=2.891e-01  L_B=2.891e-01  L_D=2.891e-01
  subnet MSE  M=1.903e+00  V=1.229e+01  Dw=3.519e-02  g=2.536e-01
[step   9850]  loss=-5.259e+00  nll=-5.508e+00  kl=2.546e+03
  rollout L2=5.341e-02  geo²=1.469e-02    σ_R=6.999e-02  σ_ω=1.331e-01
  aux (whitened)  L_power=2.872e-02  L_V=2.851e-01  L_B=2.851e-01  L_D=2.851e-01
  subnet MSE  M=1.906e+00  V=1.224e+01  Dw=3.532e-02  g=2.555e-01
[step   9900]  loss=-5.256e+00  nll=-5.504e+00  kl=2.544e+03
  rollout L2=5.356e-02  geo²=1.468e-02    σ_R=6.997e-02  σ_ω=1.335e-01
  aux (whitened)  L_power=2.859e-02  L_V=2.850e-01  L_B=2.850e-01  L_D=2.850e-01
  subnet MSE  M=1.905e+00  V=1.232e+01  Dw=3.528e-02  g=2.549e-01
[step   9950]  loss=-5.269e+00  nll=-5.517e+00  kl=2.542e+03
  rollout L2=5.311e-02  geo²=1.468e-02    σ_R=7.002e-02  σ_ω=1.333e-01
  aux (whitened)  L_power=2.868e-02  L_V=2.843e-01  L_B=2.843e-01  L_D=2.843e-01
  subnet MSE  M=1.906e+00  V=1.225e+01  Dw=3.503e-02  g=2.555e-01
[step  10000]  loss=-5.256e+00  nll=-5.504e+00  kl=2.540e+03
  rollout L2=5.359e-02  geo²=1.467e-02    σ_R=6.999e-02  σ_ω=1.329e-01
  aux (whitened)  L_power=2.904e-02  L_V=2.882e-01  L_B=2.882e-01  L_D=2.882e-01
  subnet MSE  M=1.908e+00  V=1.226e+01  Dw=3.512e-02  g=2.554e-01
