Run dir : /mnt/data/thribhuvan/Projects/stochastic_port_hamiltonian/Final/SPHNP v2/src/models/3D_SO3_Windy_Pendulum/ph_gp_ode/data/run_wp3d_jax/obs0p1_fric0p5_wind0p5_ext0-sine_lP0_lV0_lB0_lD0_lr0p001_s10000_np5_smp64_T20_seed0_randu7_G0p5-0p7-0p1_w_260609-233449
model contains 10850 parameters
Loaded data from /mnt/data/thribhuvan/Projects/stochastic_port_hamiltonian/Final/SPHNP v2/datasets/data/windy_pendulum_3d/wp3d_dataset_extforce-sine-std0p0_fric0p5_var_fricFalse_obs_noise0p1_wind_force0p5_random_uTrue_uScale7p0_G_0p5_0p7_0p1_steps20.pkl
  dt = 0.0500  h = 0.0050  n_outer = 4  B_train = 2560  T_obs = 5
[step      0]  loss=6.941e+01  nll=6.941e+01  kl=7.304e+03
  rollout L2=1.484e+00  geo²=7.050e-02    σ_R=1.000e-01  σ_ω=1.000e-01
  aux (whitened)  L_power=4.821e-01  L_V=3.213e+00  L_B=3.213e+00  L_D=3.213e+00
  subnet MSE  M=2.044e+00  V=2.383e+01  Dw=6.517e-03  g=3.281e-01
[step     50]  loss=5.003e+01  nll=5.000e+01  kl=7.325e+03
  rollout L2=1.179e+00  geo²=6.782e-02    σ_R=1.036e-01  σ_ω=1.036e-01
  aux (whitened)  L_power=3.708e-01  L_V=2.686e+00  L_B=2.686e+00  L_D=2.686e+00
  subnet MSE  M=1.929e+00  V=2.361e+01  Dw=8.515e-03  g=2.807e-01
[step    100]  loss=3.906e+01  nll=3.899e+01  kl=7.344e+03
  rollout L2=1.019e+00  geo²=6.652e-02    σ_R=1.078e-01  σ_ω=1.076e-01
  aux (whitened)  L_power=3.006e-01  L_V=2.359e+00  L_B=2.359e+00  L_D=2.359e+00
  subnet MSE  M=1.855e+00  V=2.339e+01  Dw=1.217e-02  g=2.657e-01
[step    150]  loss=3.080e+01  nll=3.069e+01  kl=7.358e+03
  rollout L2=8.837e-01  geo²=6.524e-02    σ_R=1.115e-01  σ_ω=1.112e-01
  aux (whitened)  L_power=2.334e-01  L_V=1.990e+00  L_B=1.990e+00  L_D=1.990e+00
  subnet MSE  M=1.812e+00  V=2.305e+01  Dw=1.867e-02  g=2.673e-01
[step    200]  loss=2.562e+01  nll=2.547e+01  kl=7.369e+03
  rollout L2=7.996e-01  geo²=6.459e-02    σ_R=1.149e-01  σ_ω=1.145e-01
  aux (whitened)  L_power=1.865e-01  L_V=1.711e+00  L_B=1.711e+00  L_D=1.711e+00
  subnet MSE  M=1.785e+00  V=2.259e+01  Dw=2.565e-02  g=2.713e-01
[step    250]  loss=1.906e+01  nll=1.888e+01  kl=7.385e+03
  rollout L2=6.794e-01  geo²=6.337e-02    σ_R=1.198e-01  σ_ω=1.192e-01
  aux (whitened)  L_power=1.404e-01  L_V=1.403e+00  L_B=1.403e+00  L_D=1.403e+00
  subnet MSE  M=1.783e+00  V=2.148e+01  Dw=3.140e-02  g=2.650e-01
[step    300]  loss=1.512e+01  nll=1.491e+01  kl=7.396e+03
  rollout L2=6.008e-01  geo²=6.264e-02    σ_R=1.234e-01  σ_ω=1.228e-01
  aux (whitened)  L_power=1.134e-01  L_V=1.198e+00  L_B=1.198e+00  L_D=1.198e+00
  subnet MSE  M=1.767e+00  V=2.046e+01  Dw=3.423e-02  g=2.661e-01
[step    350]  loss=1.258e+01  nll=1.233e+01  kl=7.404e+03
  rollout L2=5.453e-01  geo²=6.218e-02    σ_R=1.260e-01  σ_ω=1.256e-01
  aux (whitened)  L_power=9.675e-02  L_V=1.054e+00  L_B=1.054e+00  L_D=1.054e+00
  subnet MSE  M=1.773e+00  V=1.956e+01  Dw=3.591e-02  g=2.670e-01
[step    400]  loss=1.012e+01  nll=9.833e+00  kl=7.413e+03
  rollout L2=4.913e-01  geo²=6.180e-02    σ_R=1.291e-01  σ_ω=1.291e-01
  aux (whitened)  L_power=8.260e-02  L_V=9.135e-01  L_B=9.135e-01  L_D=9.135e-01
  subnet MSE  M=1.768e+00  V=1.855e+01  Dw=3.623e-02  g=2.700e-01
[step    450]  loss=8.191e+00  nll=7.865e+00  kl=7.423e+03
  rollout L2=4.485e-01  geo²=6.111e-02    σ_R=1.320e-01  σ_ω=1.327e-01
  aux (whitened)  L_power=7.225e-02  L_V=8.151e-01  L_B=8.151e-01  L_D=8.151e-01
  subnet MSE  M=1.743e+00  V=1.781e+01  Dw=3.785e-02  g=2.709e-01
[step    500]  loss=7.028e+00  nll=6.665e+00  kl=7.429e+03
  rollout L2=4.212e-01  geo²=6.096e-02    σ_R=1.340e-01  σ_ω=1.354e-01
  aux (whitened)  L_power=6.808e-02  L_V=7.597e-01  L_B=7.597e-01  L_D=7.597e-01
  subnet MSE  M=1.733e+00  V=1.728e+01  Dw=3.777e-02  g=2.683e-01
[step    550]  loss=5.787e+00  nll=5.388e+00  kl=7.435e+03
  rollout L2=3.904e-01  geo²=6.066e-02    σ_R=1.359e-01  σ_ω=1.387e-01
  aux (whitened)  L_power=6.319e-02  L_V=7.067e-01  L_B=7.067e-01  L_D=7.067e-01
  subnet MSE  M=1.704e+00  V=1.662e+01  Dw=3.719e-02  g=2.686e-01
[step    600]  loss=4.690e+00  nll=4.254e+00  kl=7.441e+03
  rollout L2=3.625e-01  geo²=6.024e-02    σ_R=1.377e-01  σ_ω=1.423e-01
  aux (whitened)  L_power=5.848e-02  L_V=6.898e-01  L_B=6.898e-01  L_D=6.898e-01
  subnet MSE  M=1.692e+00  V=1.636e+01  Dw=3.685e-02  g=2.667e-01
[step    650]  loss=4.075e+00  nll=3.603e+00  kl=7.444e+03
  rollout L2=3.483e-01  geo²=6.013e-02    σ_R=1.388e-01  σ_ω=1.454e-01
  aux (whitened)  L_power=5.430e-02  L_V=6.026e-01  L_B=6.026e-01  L_D=6.026e-01
  subnet MSE  M=1.727e+00  V=1.603e+01  Dw=3.724e-02  g=2.654e-01
[step    700]  loss=3.431e+00  nll=2.922e+00  kl=7.448e+03
  rollout L2=3.298e-01  geo²=5.974e-02    σ_R=1.396e-01  σ_ω=1.482e-01
  aux (whitened)  L_power=5.102e-02  L_V=5.608e-01  L_B=5.608e-01  L_D=5.608e-01
  subnet MSE  M=1.704e+00  V=1.580e+01  Dw=3.790e-02  g=2.681e-01
[step    750]  loss=2.744e+00  nll=2.198e+00  kl=7.452e+03
  rollout L2=3.113e-01  geo²=5.961e-02    σ_R=1.403e-01  σ_ω=1.523e-01
  aux (whitened)  L_power=4.870e-02  L_V=5.440e-01  L_B=5.440e-01  L_D=5.440e-01
  subnet MSE  M=1.684e+00  V=1.564e+01  Dw=3.701e-02  g=2.615e-01
[step    800]  loss=2.211e+00  nll=1.628e+00  kl=7.455e+03
  rollout L2=2.953e-01  geo²=5.953e-02    σ_R=1.406e-01  σ_ω=1.560e-01
  aux (whitened)  L_power=4.578e-02  L_V=4.904e-01  L_B=4.904e-01  L_D=4.904e-01
  subnet MSE  M=1.723e+00  V=1.540e+01  Dw=3.661e-02  g=2.614e-01
[step    850]  loss=1.909e+00  nll=1.290e+00  kl=7.456e+03
  rollout L2=2.864e-01  geo²=5.952e-02    σ_R=1.407e-01  σ_ω=1.588e-01
  aux (whitened)  L_power=4.435e-02  L_V=4.685e-01  L_B=4.685e-01  L_D=4.685e-01
  subnet MSE  M=1.724e+00  V=1.518e+01  Dw=3.682e-02  g=2.569e-01
[step    900]  loss=1.620e+00  nll=9.650e-01  kl=7.456e+03
  rollout L2=2.760e-01  geo²=5.934e-02    σ_R=1.407e-01  σ_ω=1.612e-01
  aux (whitened)  L_power=4.199e-02  L_V=4.349e-01  L_B=4.349e-01  L_D=4.349e-01
  subnet MSE  M=1.710e+00  V=1.488e+01  Dw=3.559e-02  g=2.631e-01
[step    950]  loss=1.259e+00  nll=5.673e-01  kl=7.456e+03
  rollout L2=2.631e-01  geo²=5.926e-02    σ_R=1.407e-01  σ_ω=1.647e-01
  aux (whitened)  L_power=4.032e-02  L_V=4.208e-01  L_B=4.208e-01  L_D=4.208e-01
  subnet MSE  M=1.698e+00  V=1.492e+01  Dw=3.619e-02  g=2.574e-01
[step   1000]  loss=9.964e-01  nll=2.685e-01  kl=7.454e+03
  rollout L2=2.528e-01  geo²=5.922e-02    σ_R=1.406e-01  σ_ω=1.675e-01
  aux (whitened)  L_power=3.809e-02  L_V=3.878e-01  L_B=3.878e-01  L_D=3.878e-01
  subnet MSE  M=1.694e+00  V=1.464e+01  Dw=3.603e-02  g=2.595e-01
[step   1050]  loss=5.738e-01  nll=-1.538e-01  kl=7.451e+03
  rollout L2=2.369e-01  geo²=5.906e-02    σ_R=1.404e-01  σ_ω=1.720e-01
  aux (whitened)  L_power=3.556e-02  L_V=3.410e-01  L_B=3.410e-01  L_D=3.410e-01
  subnet MSE  M=1.730e+00  V=1.434e+01  Dw=3.556e-02  g=2.591e-01
[step   1100]  loss=2.423e-01  nll=-4.849e-01  kl=7.446e+03
  rollout L2=2.239e-01  geo²=5.888e-02    σ_R=1.402e-01  σ_ω=1.762e-01
  aux (whitened)  L_power=3.346e-02  L_V=3.196e-01  L_B=3.196e-01  L_D=3.196e-01
  subnet MSE  M=1.719e+00  V=1.406e+01  Dw=3.401e-02  g=2.606e-01
[step   1150]  loss=-6.048e-03  nll=-7.327e-01  kl=7.441e+03
  rollout L2=2.130e-01  geo²=5.867e-02    σ_R=1.401e-01  σ_ω=1.793e-01
  aux (whitened)  L_power=3.208e-02  L_V=2.941e-01  L_B=2.941e-01  L_D=2.941e-01
  subnet MSE  M=1.720e+00  V=1.380e+01  Dw=3.460e-02  g=2.632e-01
[step   1200]  loss=-2.250e-01  nll=-9.511e-01  kl=7.435e+03
  rollout L2=2.028e-01  geo²=5.872e-02    σ_R=1.400e-01  σ_ω=1.828e-01
  aux (whitened)  L_power=3.102e-02  L_V=2.816e-01  L_B=2.816e-01  L_D=2.816e-01
  subnet MSE  M=1.731e+00  V=1.376e+01  Dw=3.478e-02  g=2.590e-01
[step   1250]  loss=-3.994e-01  nll=-1.125e+00  kl=7.427e+03
  rollout L2=1.946e-01  geo²=5.868e-02    σ_R=1.399e-01  σ_ω=1.862e-01
  aux (whitened)  L_power=2.936e-02  L_V=2.557e-01  L_B=2.557e-01  L_D=2.557e-01
  subnet MSE  M=1.757e+00  V=1.369e+01  Dw=3.458e-02  g=2.614e-01
[step   1300]  loss=-5.272e-01  nll=-1.252e+00  kl=7.418e+03
  rollout L2=1.883e-01  geo²=5.865e-02    σ_R=1.399e-01  σ_ω=1.891e-01
  aux (whitened)  L_power=2.844e-02  L_V=2.471e-01  L_B=2.471e-01  L_D=2.471e-01
  subnet MSE  M=1.737e+00  V=1.356e+01  Dw=3.445e-02  g=2.602e-01
[step   1350]  loss=-5.995e-01  nll=-1.323e+00  kl=7.406e+03
  rollout L2=1.860e-01  geo²=5.854e-02    σ_R=1.397e-01  σ_ω=1.923e-01
  aux (whitened)  L_power=2.761e-02  L_V=2.412e-01  L_B=2.412e-01  L_D=2.412e-01
  subnet MSE  M=1.735e+00  V=1.361e+01  Dw=3.267e-02  g=2.572e-01
[step   1400]  loss=-7.656e-01  nll=-1.488e+00  kl=7.395e+03
  rollout L2=1.756e-01  geo²=5.847e-02    σ_R=1.397e-01  σ_ω=1.949e-01
  aux (whitened)  L_power=2.733e-02  L_V=2.280e-01  L_B=2.280e-01  L_D=2.280e-01
  subnet MSE  M=1.747e+00  V=1.326e+01  Dw=3.334e-02  g=2.580e-01
[step   1450]  loss=-7.888e-01  nll=-1.509e+00  kl=7.375e+03
  rollout L2=1.765e-01  geo²=5.837e-02    σ_R=1.396e-01  σ_ω=1.987e-01
  aux (whitened)  L_power=2.596e-02  L_V=2.163e-01  L_B=2.163e-01  L_D=2.163e-01
  subnet MSE  M=1.751e+00  V=1.328e+01  Dw=3.233e-02  g=2.584e-01
[step   1500]  loss=-9.908e-01  nll=-1.708e+00  kl=7.342e+03
  rollout L2=1.624e-01  geo²=5.849e-02    σ_R=1.395e-01  σ_ω=2.034e-01
  aux (whitened)  L_power=2.490e-02  L_V=2.064e-01  L_B=2.064e-01  L_D=2.064e-01
  subnet MSE  M=1.776e+00  V=1.318e+01  Dw=3.144e-02  g=2.571e-01
[step   1550]  loss=-1.072e+00  nll=-1.785e+00  kl=7.298e+03
  rollout L2=1.575e-01  geo²=5.837e-02    σ_R=1.394e-01  σ_ω=2.078e-01
  aux (whitened)  L_power=2.381e-02  L_V=1.909e-01  L_B=1.909e-01  L_D=1.909e-01
  subnet MSE  M=1.794e+00  V=1.309e+01  Dw=3.176e-02  g=2.560e-01
[step   1600]  loss=-1.171e+00  nll=-1.876e+00  kl=7.214e+03
  rollout L2=1.508e-01  geo²=5.829e-02    σ_R=1.394e-01  σ_ω=2.131e-01
  aux (whitened)  L_power=2.244e-02  L_V=1.743e-01  L_B=1.743e-01  L_D=1.743e-01
  subnet MSE  M=1.815e+00  V=1.303e+01  Dw=3.073e-02  g=2.584e-01
[step   1650]  loss=-1.219e+00  nll=-1.917e+00  kl=7.143e+03
  rollout L2=1.472e-01  geo²=5.830e-02    σ_R=1.393e-01  σ_ω=2.154e-01
  aux (whitened)  L_power=2.255e-02  L_V=1.725e-01  L_B=1.725e-01  L_D=1.725e-01
  subnet MSE  M=1.843e+00  V=1.287e+01  Dw=3.139e-02  g=2.548e-01
[step   1700]  loss=-1.289e+00  nll=-1.976e+00  kl=7.035e+03
  rollout L2=1.420e-01  geo²=5.819e-02    σ_R=1.393e-01  σ_ω=2.169e-01
  aux (whitened)  L_power=2.192e-02  L_V=1.665e-01  L_B=1.665e-01  L_D=1.665e-01
  subnet MSE  M=1.844e+00  V=1.286e+01  Dw=3.167e-02  g=2.550e-01
[step   1750]  loss=-1.298e+00  nll=-1.975e+00  kl=6.930e+03
  rollout L2=1.421e-01  geo²=5.820e-02    σ_R=1.393e-01  σ_ω=2.171e-01
  aux (whitened)  L_power=2.233e-02  L_V=1.689e-01  L_B=1.689e-01  L_D=1.689e-01
  subnet MSE  M=1.860e+00  V=1.280e+01  Dw=3.135e-02  g=2.559e-01
[step   1800]  loss=-1.359e+00  nll=-2.023e+00  kl=6.801e+03
  rollout L2=1.377e-01  geo²=5.814e-02    σ_R=1.392e-01  σ_ω=2.159e-01
  aux (whitened)  L_power=2.230e-02  L_V=1.682e-01  L_B=1.682e-01  L_D=1.682e-01
  subnet MSE  M=1.884e+00  V=1.278e+01  Dw=3.155e-02  g=2.560e-01
[step   1850]  loss=-1.407e+00  nll=-2.061e+00  kl=6.696e+03
  rollout L2=1.343e-01  geo²=5.812e-02    σ_R=1.392e-01  σ_ω=2.147e-01
  aux (whitened)  L_power=2.237e-02  L_V=1.676e-01  L_B=1.676e-01  L_D=1.676e-01
  subnet MSE  M=1.877e+00  V=1.284e+01  Dw=3.157e-02  g=2.553e-01
[step   1900]  loss=-1.424e+00  nll=-2.068e+00  kl=6.591e+03
  rollout L2=1.337e-01  geo²=5.812e-02    σ_R=1.392e-01  σ_ω=2.133e-01
  aux (whitened)  L_power=2.317e-02  L_V=1.739e-01  L_B=1.739e-01  L_D=1.739e-01
  subnet MSE  M=1.902e+00  V=1.275e+01  Dw=3.145e-02  g=2.525e-01
[step   1950]  loss=-1.459e+00  nll=-2.092e+00  kl=6.475e+03
  rollout L2=1.316e-01  geo²=5.813e-02    σ_R=1.391e-01  σ_ω=2.119e-01
  aux (whitened)  L_power=2.355e-02  L_V=1.761e-01  L_B=1.761e-01  L_D=1.761e-01
  subnet MSE  M=1.887e+00  V=1.271e+01  Dw=3.150e-02  g=2.530e-01
[step   2000]  loss=-1.472e+00  nll=-2.095e+00  kl=6.377e+03
  rollout L2=1.315e-01  geo²=5.806e-02    σ_R=1.391e-01  σ_ω=2.109e-01
  aux (whitened)  L_power=2.315e-02  L_V=1.696e-01  L_B=1.696e-01  L_D=1.696e-01
  subnet MSE  M=1.895e+00  V=1.268e+01  Dw=3.138e-02  g=2.588e-01
[step   2050]  loss=-1.511e+00  nll=-2.121e+00  kl=6.251e+03
  rollout L2=1.290e-01  geo²=5.815e-02    σ_R=1.392e-01  σ_ω=2.096e-01
  aux (whitened)  L_power=2.362e-02  L_V=1.749e-01  L_B=1.749e-01  L_D=1.749e-01
  subnet MSE  M=1.897e+00  V=1.272e+01  Dw=3.126e-02  g=2.556e-01
[step   2100]  loss=-1.524e+00  nll=-2.122e+00  kl=6.126e+03
  rollout L2=1.290e-01  geo²=5.812e-02    σ_R=1.391e-01  σ_ω=2.084e-01
  aux (whitened)  L_power=2.385e-02  L_V=1.763e-01  L_B=1.763e-01  L_D=1.763e-01
  subnet MSE  M=1.915e+00  V=1.269e+01  Dw=3.140e-02  g=2.556e-01
[step   2150]  loss=-1.550e+00  nll=-2.135e+00  kl=5.994e+03
  rollout L2=1.280e-01  geo²=5.809e-02    σ_R=1.391e-01  σ_ω=2.073e-01
  aux (whitened)  L_power=2.407e-02  L_V=1.759e-01  L_B=1.759e-01  L_D=1.759e-01
  subnet MSE  M=1.918e+00  V=1.267e+01  Dw=3.145e-02  g=2.558e-01
[step   2200]  loss=-1.578e+00  nll=-2.154e+00  kl=5.900e+03
  rollout L2=1.264e-01  geo²=5.809e-02    σ_R=1.391e-01  σ_ω=2.066e-01
  aux (whitened)  L_power=2.450e-02  L_V=1.814e-01  L_B=1.814e-01  L_D=1.814e-01
  subnet MSE  M=1.918e+00  V=1.269e+01  Dw=3.154e-02  g=2.541e-01
[step   2250]  loss=-1.582e+00  nll=-2.148e+00  kl=5.799e+03
  rollout L2=1.269e-01  geo²=5.808e-02    σ_R=1.392e-01  σ_ω=2.060e-01
  aux (whitened)  L_power=2.487e-02  L_V=1.843e-01  L_B=1.843e-01  L_D=1.843e-01
  subnet MSE  M=1.911e+00  V=1.264e+01  Dw=3.173e-02  g=2.535e-01
[step   2300]  loss=-1.594e+00  nll=-2.151e+00  kl=5.704e+03
  rollout L2=1.265e-01  geo²=5.815e-02    σ_R=1.391e-01  σ_ω=2.054e-01
  aux (whitened)  L_power=2.499e-02  L_V=1.870e-01  L_B=1.870e-01  L_D=1.870e-01
  subnet MSE  M=1.927e+00  V=1.272e+01  Dw=3.149e-02  g=2.524e-01
[step   2350]  loss=-1.625e+00  nll=-2.172e+00  kl=5.601e+03
  rollout L2=1.248e-01  geo²=5.808e-02    σ_R=1.392e-01  σ_ω=2.051e-01
  aux (whitened)  L_power=2.456e-02  L_V=1.774e-01  L_B=1.774e-01  L_D=1.774e-01
  subnet MSE  M=1.933e+00  V=1.260e+01  Dw=3.152e-02  g=2.565e-01
[step   2400]  loss=-1.633e+00  nll=-2.169e+00  kl=5.488e+03
  rollout L2=1.251e-01  geo²=5.808e-02    σ_R=1.391e-01  σ_ω=2.046e-01
  aux (whitened)  L_power=2.501e-02  L_V=1.846e-01  L_B=1.846e-01  L_D=1.846e-01
  subnet MSE  M=1.935e+00  V=1.268e+01  Dw=3.135e-02  g=2.545e-01
[step   2450]  loss=-1.646e+00  nll=-2.173e+00  kl=5.393e+03
  rollout L2=1.247e-01  geo²=5.811e-02    σ_R=1.392e-01  σ_ω=2.043e-01
  aux (whitened)  L_power=2.474e-02  L_V=1.825e-01  L_B=1.825e-01  L_D=1.825e-01
  subnet MSE  M=1.951e+00  V=1.272e+01  Dw=3.140e-02  g=2.552e-01
[step   2500]  loss=-1.661e+00  nll=-2.179e+00  kl=5.301e+03
  rollout L2=1.242e-01  geo²=5.812e-02    σ_R=1.390e-01  σ_ω=2.039e-01
  aux (whitened)  L_power=2.475e-02  L_V=1.807e-01  L_B=1.807e-01  L_D=1.807e-01
  subnet MSE  M=1.949e+00  V=1.270e+01  Dw=3.093e-02  g=2.568e-01
[step   2550]  loss=-1.669e+00  nll=-2.177e+00  kl=5.208e+03
  rollout L2=1.244e-01  geo²=5.810e-02    σ_R=1.391e-01  σ_ω=2.035e-01
  aux (whitened)  L_power=2.504e-02  L_V=1.838e-01  L_B=1.838e-01  L_D=1.838e-01
  subnet MSE  M=1.951e+00  V=1.266e+01  Dw=3.143e-02  g=2.551e-01
[step   2600]  loss=-1.689e+00  nll=-2.191e+00  kl=5.137e+03
  rollout L2=1.233e-01  geo²=5.806e-02    σ_R=1.391e-01  σ_ω=2.034e-01
  aux (whitened)  L_power=2.522e-02  L_V=1.851e-01  L_B=1.851e-01  L_D=1.851e-01
  subnet MSE  M=1.956e+00  V=1.265e+01  Dw=3.165e-02  g=2.547e-01
[step   2650]  loss=-1.679e+00  nll=-2.175e+00  kl=5.075e+03
  rollout L2=1.246e-01  geo²=5.808e-02    σ_R=1.392e-01  σ_ω=2.033e-01
  aux (whitened)  L_power=2.519e-02  L_V=1.840e-01  L_B=1.840e-01  L_D=1.840e-01
  subnet MSE  M=1.959e+00  V=1.262e+01  Dw=3.177e-02  g=2.557e-01
[step   2700]  loss=-1.704e+00  nll=-2.193e+00  kl=5.012e+03
  rollout L2=1.231e-01  geo²=5.807e-02    σ_R=1.392e-01  σ_ω=2.031e-01
  aux (whitened)  L_power=2.555e-02  L_V=1.875e-01  L_B=1.875e-01  L_D=1.875e-01
  subnet MSE  M=1.961e+00  V=1.259e+01  Dw=3.076e-02  g=2.535e-01
[step   2750]  loss=-1.704e+00  nll=-2.189e+00  kl=4.964e+03
  rollout L2=1.234e-01  geo²=5.809e-02    σ_R=1.391e-01  σ_ω=2.030e-01
  aux (whitened)  L_power=2.523e-02  L_V=1.874e-01  L_B=1.874e-01  L_D=1.874e-01
  subnet MSE  M=1.966e+00  V=1.266e+01  Dw=3.158e-02  g=2.542e-01
[step   2800]  loss=-1.705e+00  nll=-2.185e+00  kl=4.909e+03
  rollout L2=1.238e-01  geo²=5.809e-02    σ_R=1.391e-01  σ_ω=2.030e-01
  aux (whitened)  L_power=2.500e-02  L_V=1.835e-01  L_B=1.835e-01  L_D=1.835e-01
  subnet MSE  M=1.960e+00  V=1.269e+01  Dw=3.135e-02  g=2.558e-01
[step   2850]  loss=-1.718e+00  nll=-2.192e+00  kl=4.863e+03
  rollout L2=1.233e-01  geo²=5.800e-02    σ_R=1.391e-01  σ_ω=2.031e-01
  aux (whitened)  L_power=2.553e-02  L_V=1.888e-01  L_B=1.888e-01  L_D=1.888e-01
  subnet MSE  M=1.964e+00  V=1.267e+01  Dw=3.141e-02  g=2.535e-01
[step   2900]  loss=-1.727e+00  nll=-2.198e+00  kl=4.814e+03
  rollout L2=1.228e-01  geo²=5.806e-02    σ_R=1.391e-01  σ_ω=2.031e-01
  aux (whitened)  L_power=2.526e-02  L_V=1.862e-01  L_B=1.862e-01  L_D=1.862e-01
  subnet MSE  M=1.972e+00  V=1.268e+01  Dw=3.125e-02  g=2.548e-01
[step   2950]  loss=-1.722e+00  nll=-2.186e+00  kl=4.744e+03
  rollout L2=1.237e-01  geo²=5.810e-02    σ_R=1.391e-01  σ_ω=2.030e-01
  aux (whitened)  L_power=2.500e-02  L_V=1.840e-01  L_B=1.840e-01  L_D=1.840e-01
  subnet MSE  M=1.968e+00  V=1.270e+01  Dw=3.108e-02  g=2.545e-01
[step   3000]  loss=-1.733e+00  nll=-2.191e+00  kl=4.689e+03
  rollout L2=1.233e-01  geo²=5.807e-02    σ_R=1.391e-01  σ_ω=2.028e-01
  aux (whitened)  L_power=2.521e-02  L_V=1.847e-01  L_B=1.847e-01  L_D=1.847e-01
  subnet MSE  M=1.968e+00  V=1.262e+01  Dw=3.152e-02  g=2.553e-01
[step   3050]  loss=-1.750e+00  nll=-2.202e+00  kl=4.629e+03
  rollout L2=1.224e-01  geo²=5.804e-02    σ_R=1.391e-01  σ_ω=2.027e-01
  aux (whitened)  L_power=2.555e-02  L_V=1.885e-01  L_B=1.885e-01  L_D=1.885e-01
  subnet MSE  M=1.976e+00  V=1.262e+01  Dw=3.144e-02  g=2.536e-01
[step   3100]  loss=-1.751e+00  nll=-2.199e+00  kl=4.590e+03
  rollout L2=1.227e-01  geo²=5.805e-02    σ_R=1.391e-01  σ_ω=2.026e-01
  aux (whitened)  L_power=2.494e-02  L_V=1.808e-01  L_B=1.808e-01  L_D=1.808e-01
  subnet MSE  M=1.971e+00  V=1.262e+01  Dw=3.083e-02  g=2.575e-01
[step   3150]  loss=-1.750e+00  nll=-2.194e+00  kl=4.538e+03
  rollout L2=1.230e-01  geo²=5.812e-02    σ_R=1.391e-01  σ_ω=2.025e-01
  aux (whitened)  L_power=2.475e-02  L_V=1.801e-01  L_B=1.801e-01  L_D=1.801e-01
  subnet MSE  M=1.971e+00  V=1.268e+01  Dw=3.123e-02  g=2.573e-01
[step   3200]  loss=-1.758e+00  nll=-2.195e+00  kl=4.478e+03
  rollout L2=1.229e-01  geo²=5.810e-02    σ_R=1.391e-01  σ_ω=2.023e-01
  aux (whitened)  L_power=2.538e-02  L_V=1.875e-01  L_B=1.875e-01  L_D=1.875e-01
  subnet MSE  M=1.976e+00  V=1.267e+01  Dw=3.117e-02  g=2.547e-01
[step   3250]  loss=-1.776e+00  nll=-2.209e+00  kl=4.431e+03
  rollout L2=1.218e-01  geo²=5.808e-02    σ_R=1.391e-01  σ_ω=2.020e-01
  aux (whitened)  L_power=2.603e-02  L_V=1.907e-01  L_B=1.907e-01  L_D=1.907e-01
  subnet MSE  M=1.976e+00  V=1.252e+01  Dw=3.152e-02  g=2.523e-01
[step   3300]  loss=-1.788e+00  nll=-2.214e+00  kl=4.371e+03
  rollout L2=1.214e-01  geo²=5.807e-02    σ_R=1.390e-01  σ_ω=2.017e-01
  aux (whitened)  L_power=2.559e-02  L_V=1.867e-01  L_B=1.867e-01  L_D=1.867e-01
  subnet MSE  M=1.980e+00  V=1.260e+01  Dw=3.142e-02  g=2.547e-01
[step   3350]  loss=-1.802e+00  nll=-2.222e+00  kl=4.309e+03
  rollout L2=1.208e-01  geo²=5.804e-02    σ_R=1.390e-01  σ_ω=2.015e-01
  aux (whitened)  L_power=2.585e-02  L_V=1.890e-01  L_B=1.890e-01  L_D=1.890e-01
  subnet MSE  M=1.978e+00  V=1.262e+01  Dw=3.133e-02  g=2.540e-01
[step   3400]  loss=-1.803e+00  nll=-2.218e+00  kl=4.252e+03
  rollout L2=1.212e-01  geo²=5.803e-02    σ_R=1.391e-01  σ_ω=2.011e-01
  aux (whitened)  L_power=2.587e-02  L_V=1.895e-01  L_B=1.895e-01  L_D=1.895e-01
  subnet MSE  M=1.973e+00  V=1.262e+01  Dw=3.107e-02  g=2.546e-01
[step   3450]  loss=-1.823e+00  nll=-2.231e+00  kl=4.181e+03
  rollout L2=1.201e-01  geo²=5.803e-02    σ_R=1.391e-01  σ_ω=2.004e-01
  aux (whitened)  L_power=2.601e-02  L_V=1.873e-01  L_B=1.873e-01  L_D=1.873e-01
  subnet MSE  M=1.989e+00  V=1.257e+01  Dw=3.118e-02  g=2.558e-01
[step   3500]  loss=-1.827e+00  nll=-2.230e+00  kl=4.127e+03
  rollout L2=1.201e-01  geo²=5.807e-02    σ_R=1.392e-01  σ_ω=2.000e-01
  aux (whitened)  L_power=2.593e-02  L_V=1.880e-01  L_B=1.880e-01  L_D=1.880e-01
  subnet MSE  M=1.988e+00  V=1.267e+01  Dw=3.051e-02  g=2.558e-01
[step   3550]  loss=-1.853e+00  nll=-2.251e+00  kl=4.081e+03
  rollout L2=1.185e-01  geo²=5.807e-02    σ_R=1.391e-01  σ_ω=1.997e-01
  aux (whitened)  L_power=2.635e-02  L_V=1.888e-01  L_B=1.888e-01  L_D=1.888e-01
  subnet MSE  M=1.993e+00  V=1.256e+01  Dw=3.067e-02  g=2.548e-01
[step   3600]  loss=-1.861e+00  nll=-2.252e+00  kl=4.002e+03
  rollout L2=1.183e-01  geo²=5.808e-02    σ_R=1.392e-01  σ_ω=1.992e-01
  aux (whitened)  L_power=2.619e-02  L_V=1.882e-01  L_B=1.882e-01  L_D=1.882e-01
  subnet MSE  M=1.996e+00  V=1.263e+01  Dw=3.064e-02  g=2.557e-01
[step   3650]  loss=-1.863e+00  nll=-2.245e+00  kl=3.914e+03
  rollout L2=1.188e-01  geo²=5.812e-02    σ_R=1.392e-01  σ_ω=1.990e-01
  aux (whitened)  L_power=2.660e-02  L_V=1.908e-01  L_B=1.908e-01  L_D=1.908e-01
  subnet MSE  M=2.000e+00  V=1.256e+01  Dw=3.071e-02  g=2.542e-01
[step   3700]  loss=-1.887e+00  nll=-2.260e+00  kl=3.825e+03
  rollout L2=1.178e-01  geo²=5.805e-02    σ_R=1.391e-01  σ_ω=1.987e-01
  aux (whitened)  L_power=2.622e-02  L_V=1.857e-01  L_B=1.857e-01  L_D=1.857e-01
  subnet MSE  M=1.998e+00  V=1.256e+01  Dw=3.083e-02  g=2.564e-01
[step   3750]  loss=-1.884e+00  nll=-2.251e+00  kl=3.760e+03
  rollout L2=1.184e-01  geo²=5.810e-02    σ_R=1.389e-01  σ_ω=1.987e-01
  aux (whitened)  L_power=2.605e-02  L_V=1.842e-01  L_B=1.842e-01  L_D=1.842e-01
  subnet MSE  M=2.000e+00  V=1.261e+01  Dw=3.034e-02  g=2.582e-01
[step   3800]  loss=-1.896e+00  nll=-2.257e+00  kl=3.695e+03
  rollout L2=1.179e-01  geo²=5.809e-02    σ_R=1.391e-01  σ_ω=1.987e-01
  aux (whitened)  L_power=2.659e-02  L_V=1.907e-01  L_B=1.907e-01  L_D=1.907e-01
  subnet MSE  M=2.005e+00  V=1.261e+01  Dw=3.025e-02  g=2.551e-01
[step   3850]  loss=-1.901e+00  nll=-2.255e+00  kl=3.622e+03
  rollout L2=1.181e-01  geo²=5.812e-02    σ_R=1.391e-01  σ_ω=1.982e-01
  aux (whitened)  L_power=2.687e-02  L_V=1.948e-01  L_B=1.948e-01  L_D=1.948e-01
  subnet MSE  M=2.012e+00  V=1.263e+01  Dw=3.073e-02  g=2.539e-01
[step   3900]  loss=-1.927e+00  nll=-2.275e+00  kl=3.567e+03
  rollout L2=1.165e-01  geo²=5.810e-02    σ_R=1.391e-01  σ_ω=1.981e-01
  aux (whitened)  L_power=2.674e-02  L_V=1.918e-01  L_B=1.918e-01  L_D=1.918e-01
  subnet MSE  M=2.011e+00  V=1.260e+01  Dw=3.049e-02  g=2.551e-01
[step   3950]  loss=-1.921e+00  nll=-2.264e+00  kl=3.514e+03
  rollout L2=1.175e-01  geo²=5.803e-02    σ_R=1.392e-01  σ_ω=1.980e-01
  aux (whitened)  L_power=2.679e-02  L_V=1.913e-01  L_B=1.913e-01  L_D=1.913e-01
  subnet MSE  M=2.012e+00  V=1.255e+01  Dw=3.001e-02  g=2.556e-01
[step   4000]  loss=-1.924e+00  nll=-2.262e+00  kl=3.459e+03
  rollout L2=1.175e-01  geo²=5.812e-02    σ_R=1.391e-01  σ_ω=1.979e-01
  aux (whitened)  L_power=2.712e-02  L_V=1.965e-01  L_B=1.965e-01  L_D=1.965e-01
  subnet MSE  M=2.014e+00  V=1.259e+01  Dw=3.015e-02  g=2.528e-01
[step   4050]  loss=-1.934e+00  nll=-2.266e+00  kl=3.403e+03
  rollout L2=1.173e-01  geo²=5.804e-02    σ_R=1.391e-01  σ_ω=1.978e-01
  aux (whitened)  L_power=2.688e-02  L_V=1.917e-01  L_B=1.917e-01  L_D=1.917e-01
  subnet MSE  M=2.017e+00  V=1.253e+01  Dw=3.024e-02  g=2.558e-01
[step   4100]  loss=-1.944e+00  nll=-2.270e+00  kl=3.337e+03
  rollout L2=1.169e-01  geo²=5.810e-02    σ_R=1.392e-01  σ_ω=1.975e-01
  aux (whitened)  L_power=2.694e-02  L_V=1.925e-01  L_B=1.925e-01  L_D=1.925e-01
  subnet MSE  M=2.017e+00  V=1.257e+01  Dw=3.001e-02  g=2.553e-01
[step   4150]  loss=-1.955e+00  nll=-2.276e+00  kl=3.283e+03
  rollout L2=1.165e-01  geo²=5.810e-02    σ_R=1.392e-01  σ_ω=1.974e-01
  aux (whitened)  L_power=2.666e-02  L_V=1.907e-01  L_B=1.907e-01  L_D=1.907e-01
  subnet MSE  M=2.018e+00  V=1.262e+01  Dw=3.008e-02  g=2.564e-01
[step   4200]  loss=-1.956e+00  nll=-2.272e+00  kl=3.231e+03
  rollout L2=1.168e-01  geo²=5.808e-02    σ_R=1.392e-01  σ_ω=1.972e-01
  aux (whitened)  L_power=2.748e-02  L_V=1.994e-01  L_B=1.994e-01  L_D=1.994e-01
  subnet MSE  M=2.019e+00  V=1.261e+01  Dw=2.956e-02  g=2.525e-01
[step   4250]  loss=-1.968e+00  nll=-2.278e+00  kl=3.180e+03
  rollout L2=1.163e-01  geo²=5.809e-02    σ_R=1.391e-01  σ_ω=1.971e-01
  aux (whitened)  L_power=2.720e-02  L_V=1.954e-01  L_B=1.954e-01  L_D=1.954e-01
  subnet MSE  M=2.024e+00  V=1.259e+01  Dw=3.005e-02  g=2.536e-01
[step   4300]  loss=-1.963e+00  nll=-2.269e+00  kl=3.140e+03
  rollout L2=1.170e-01  geo²=5.810e-02    σ_R=1.392e-01  σ_ω=1.973e-01
  aux (whitened)  L_power=2.678e-02  L_V=1.906e-01  L_B=1.906e-01  L_D=1.906e-01
  subnet MSE  M=2.023e+00  V=1.259e+01  Dw=3.011e-02  g=2.555e-01
[step   4350]  loss=-1.969e+00  nll=-2.273e+00  kl=3.109e+03
  rollout L2=1.167e-01  geo²=5.812e-02    σ_R=1.391e-01  σ_ω=1.972e-01
  aux (whitened)  L_power=2.712e-02  L_V=1.939e-01  L_B=1.939e-01  L_D=1.939e-01
  subnet MSE  M=2.023e+00  V=1.258e+01  Dw=2.982e-02  g=2.558e-01
[step   4400]  loss=-1.967e+00  nll=-2.267e+00  kl=3.072e+03
  rollout L2=1.171e-01  geo²=5.811e-02    σ_R=1.391e-01  σ_ω=1.973e-01
  aux (whitened)  L_power=2.751e-02  L_V=1.972e-01  L_B=1.972e-01  L_D=1.972e-01
  subnet MSE  M=2.024e+00  V=1.254e+01  Dw=2.980e-02  g=2.532e-01
[step   4450]  loss=-1.979e+00  nll=-2.276e+00  kl=3.039e+03
  rollout L2=1.164e-01  geo²=5.811e-02    σ_R=1.392e-01  σ_ω=1.969e-01
  aux (whitened)  L_power=2.693e-02  L_V=1.920e-01  L_B=1.920e-01  L_D=1.920e-01
  subnet MSE  M=2.024e+00  V=1.258e+01  Dw=3.019e-02  g=2.565e-01
[step   4500]  loss=-1.982e+00  nll=-2.275e+00  kl=3.000e+03
  rollout L2=1.165e-01  geo²=5.809e-02    σ_R=1.391e-01  σ_ω=1.973e-01
  aux (whitened)  L_power=2.764e-02  L_V=1.995e-01  L_B=1.995e-01  L_D=1.995e-01
  subnet MSE  M=2.025e+00  V=1.255e+01  Dw=3.059e-02  g=2.525e-01
[step   4550]  loss=-1.990e+00  nll=-2.279e+00  kl=2.962e+03
  rollout L2=1.162e-01  geo²=5.811e-02    σ_R=1.391e-01  σ_ω=1.970e-01
  aux (whitened)  L_power=2.748e-02  L_V=1.979e-01  L_B=1.979e-01  L_D=1.979e-01
  subnet MSE  M=2.027e+00  V=1.257e+01  Dw=3.048e-02  g=2.535e-01
[step   4600]  loss=-1.986e+00  nll=-2.272e+00  kl=2.928e+03
  rollout L2=1.167e-01  geo²=5.811e-02    σ_R=1.392e-01  σ_ω=1.973e-01
  aux (whitened)  L_power=2.724e-02  L_V=1.982e-01  L_B=1.982e-01  L_D=1.982e-01
  subnet MSE  M=2.026e+00  V=1.262e+01  Dw=3.072e-02  g=2.528e-01
[step   4650]  loss=-2.003e+00  nll=-2.284e+00  kl=2.882e+03
  rollout L2=1.158e-01  geo²=5.810e-02    σ_R=1.391e-01  σ_ω=1.969e-01
  aux (whitened)  L_power=2.713e-02  L_V=1.942e-01  L_B=1.942e-01  L_D=1.942e-01
  subnet MSE  M=2.029e+00  V=1.257e+01  Dw=2.992e-02  g=2.557e-01
[step   4700]  loss=-1.994e+00  nll=-2.273e+00  kl=2.850e+03
  rollout L2=1.167e-01  geo²=5.810e-02    σ_R=1.391e-01  σ_ω=1.968e-01
  aux (whitened)  L_power=2.753e-02  L_V=1.980e-01  L_B=1.980e-01  L_D=1.980e-01
  subnet MSE  M=2.029e+00  V=1.255e+01  Dw=3.071e-02  g=2.532e-01
[step   4750]  loss=-2.009e+00  nll=-2.283e+00  kl=2.806e+03
  rollout L2=1.159e-01  geo²=5.808e-02    σ_R=1.391e-01  σ_ω=1.965e-01
  aux (whitened)  L_power=2.794e-02  L_V=2.006e-01  L_B=2.006e-01  L_D=2.006e-01
  subnet MSE  M=2.030e+00  V=1.251e+01  Dw=3.063e-02  g=2.532e-01
[step   4800]  loss=-2.013e+00  nll=-2.283e+00  kl=2.768e+03
  rollout L2=1.159e-01  geo²=5.809e-02    σ_R=1.391e-01  σ_ω=1.967e-01
  aux (whitened)  L_power=2.697e-02  L_V=1.901e-01  L_B=1.901e-01  L_D=1.901e-01
  subnet MSE  M=2.031e+00  V=1.256e+01  Dw=3.026e-02  g=2.571e-01
[step   4850]  loss=-2.010e+00  nll=-2.278e+00  kl=2.736e+03
  rollout L2=1.163e-01  geo²=5.813e-02    σ_R=1.391e-01  σ_ω=1.966e-01
  aux (whitened)  L_power=2.761e-02  L_V=1.990e-01  L_B=1.990e-01  L_D=1.990e-01
  subnet MSE  M=2.032e+00  V=1.257e+01  Dw=3.005e-02  g=2.540e-01
[step   4900]  loss=-2.021e+00  nll=-2.286e+00  kl=2.717e+03
  rollout L2=1.156e-01  geo²=5.810e-02    σ_R=1.392e-01  σ_ω=1.967e-01
  aux (whitened)  L_power=2.800e-02  L_V=2.033e-01  L_B=2.033e-01  L_D=2.033e-01
  subnet MSE  M=2.033e+00  V=1.254e+01  Dw=2.984e-02  g=2.520e-01
[step   4950]  loss=-2.030e+00  nll=-2.293e+00  kl=2.695e+03
  rollout L2=1.152e-01  geo²=5.808e-02    σ_R=1.392e-01  σ_ω=1.965e-01
  aux (whitened)  L_power=2.707e-02  L_V=1.927e-01  L_B=1.927e-01  L_D=1.927e-01
  subnet MSE  M=2.032e+00  V=1.257e+01  Dw=3.016e-02  g=2.561e-01
[step   5000]  loss=-2.031e+00  nll=-2.292e+00  kl=2.665e+03
  rollout L2=1.153e-01  geo²=5.807e-02    σ_R=1.393e-01  σ_ω=1.962e-01
  aux (whitened)  L_power=2.774e-02  L_V=1.980e-01  L_B=1.980e-01  L_D=1.980e-01
  subnet MSE  M=2.031e+00  V=1.251e+01  Dw=2.994e-02  g=2.542e-01
[step   5050]  loss=-2.032e+00  nll=-2.290e+00  kl=2.637e+03
  rollout L2=1.154e-01  geo²=5.807e-02    σ_R=1.390e-01  σ_ω=1.963e-01
  aux (whitened)  L_power=2.730e-02  L_V=1.935e-01  L_B=1.935e-01  L_D=1.935e-01
  subnet MSE  M=2.034e+00  V=1.252e+01  Dw=3.037e-02  g=2.567e-01
[step   5100]  loss=-2.033e+00  nll=-2.289e+00  kl=2.616e+03
  rollout L2=1.155e-01  geo²=5.809e-02    σ_R=1.391e-01  σ_ω=1.962e-01
  aux (whitened)  L_power=2.740e-02  L_V=1.961e-01  L_B=1.961e-01  L_D=1.961e-01
  subnet MSE  M=2.034e+00  V=1.258e+01  Dw=2.978e-02  g=2.551e-01
[step   5150]  loss=-2.037e+00  nll=-2.290e+00  kl=2.589e+03
  rollout L2=1.155e-01  geo²=5.805e-02    σ_R=1.392e-01  σ_ω=1.964e-01
  aux (whitened)  L_power=2.756e-02  L_V=1.981e-01  L_B=1.981e-01  L_D=1.981e-01
  subnet MSE  M=2.035e+00  V=1.258e+01  Dw=3.004e-02  g=2.540e-01
[step   5200]  loss=-2.035e+00  nll=-2.285e+00  kl=2.557e+03
  rollout L2=1.158e-01  geo²=5.808e-02    σ_R=1.392e-01  σ_ω=1.962e-01
  aux (whitened)  L_power=2.770e-02  L_V=1.987e-01  L_B=1.987e-01  L_D=1.987e-01
  subnet MSE  M=2.036e+00  V=1.256e+01  Dw=3.035e-02  g=2.534e-01
[step   5250]  loss=-2.036e+00  nll=-2.284e+00  kl=2.533e+03
  rollout L2=1.158e-01  geo²=5.811e-02    σ_R=1.392e-01  σ_ω=1.962e-01
  aux (whitened)  L_power=2.736e-02  L_V=1.957e-01  L_B=1.957e-01  L_D=1.957e-01
  subnet MSE  M=2.037e+00  V=1.258e+01  Dw=3.054e-02  g=2.555e-01
[step   5300]  loss=-2.034e+00  nll=-2.278e+00  kl=2.504e+03
  rollout L2=1.162e-01  geo²=5.813e-02    σ_R=1.392e-01  σ_ω=1.963e-01
  aux (whitened)  L_power=2.828e-02  L_V=2.086e-01  L_B=2.086e-01  L_D=2.086e-01
  subnet MSE  M=2.037e+00  V=1.261e+01  Dw=3.006e-02  g=2.512e-01
[step   5350]  loss=-2.045e+00  nll=-2.286e+00  kl=2.470e+03
  rollout L2=1.158e-01  geo²=5.807e-02    σ_R=1.391e-01  σ_ω=1.961e-01
  aux (whitened)  L_power=2.723e-02  L_V=1.935e-01  L_B=1.935e-01  L_D=1.935e-01
  subnet MSE  M=2.039e+00  V=1.261e+01  Dw=2.931e-02  g=2.557e-01
[step   5400]  loss=-2.038e+00  nll=-2.277e+00  kl=2.445e+03
  rollout L2=1.163e-01  geo²=5.815e-02    σ_R=1.391e-01  σ_ω=1.963e-01
  aux (whitened)  L_power=2.748e-02  L_V=1.962e-01  L_B=1.962e-01  L_D=1.962e-01
  subnet MSE  M=2.038e+00  V=1.255e+01  Dw=2.949e-02  g=2.553e-01
[step   5450]  loss=-2.055e+00  nll=-2.291e+00  kl=2.415e+03
  rollout L2=1.153e-01  geo²=5.808e-02    σ_R=1.391e-01  σ_ω=1.963e-01
  aux (whitened)  L_power=2.716e-02  L_V=1.949e-01  L_B=1.949e-01  L_D=1.949e-01
  subnet MSE  M=2.037e+00  V=1.264e+01  Dw=3.006e-02  g=2.554e-01
[step   5500]  loss=-2.055e+00  nll=-2.289e+00  kl=2.392e+03
  rollout L2=1.155e-01  geo²=5.810e-02    σ_R=1.393e-01  σ_ω=1.963e-01
  aux (whitened)  L_power=2.733e-02  L_V=1.948e-01  L_B=1.948e-01  L_D=1.948e-01
  subnet MSE  M=2.039e+00  V=1.254e+01  Dw=3.075e-02  g=2.557e-01
[step   5550]  loss=-2.052e+00  nll=-2.283e+00  kl=2.373e+03
  rollout L2=1.159e-01  geo²=5.808e-02    σ_R=1.391e-01  σ_ω=1.962e-01
  aux (whitened)  L_power=2.729e-02  L_V=1.942e-01  L_B=1.942e-01  L_D=1.942e-01
  subnet MSE  M=2.039e+00  V=1.254e+01  Dw=3.076e-02  g=2.558e-01
[step   5600]  loss=-2.061e+00  nll=-2.290e+00  kl=2.346e+03
  rollout L2=1.155e-01  geo²=5.807e-02    σ_R=1.392e-01  σ_ω=1.961e-01
  aux (whitened)  L_power=2.718e-02  L_V=1.935e-01  L_B=1.935e-01  L_D=1.935e-01
  subnet MSE  M=2.039e+00  V=1.260e+01  Dw=3.047e-02  g=2.570e-01
[step   5650]  loss=-2.060e+00  nll=-2.286e+00  kl=2.314e+03
  rollout L2=1.157e-01  geo²=5.811e-02    σ_R=1.393e-01  σ_ω=1.960e-01
  aux (whitened)  L_power=2.726e-02  L_V=1.933e-01  L_B=1.933e-01  L_D=1.933e-01
  subnet MSE  M=2.040e+00  V=1.256e+01  Dw=3.002e-02  g=2.555e-01
[step   5700]  loss=-2.077e+00  nll=-2.302e+00  kl=2.299e+03
  rollout L2=1.144e-01  geo²=5.810e-02    σ_R=1.392e-01  σ_ω=1.959e-01
  aux (whitened)  L_power=2.758e-02  L_V=1.977e-01  L_B=1.977e-01  L_D=1.977e-01
  subnet MSE  M=2.041e+00  V=1.258e+01  Dw=3.024e-02  g=2.547e-01
[step   5750]  loss=-2.066e+00  nll=-2.289e+00  kl=2.283e+03
  rollout L2=1.155e-01  geo²=5.807e-02    σ_R=1.391e-01  σ_ω=1.960e-01
  aux (whitened)  L_power=2.741e-02  L_V=1.941e-01  L_B=1.941e-01  L_D=1.941e-01
  subnet MSE  M=2.041e+00  V=1.252e+01  Dw=3.078e-02  g=2.566e-01
[step   5800]  loss=-2.084e+00  nll=-2.304e+00  kl=2.260e+03
  rollout L2=1.143e-01  geo²=5.811e-02    σ_R=1.392e-01  σ_ω=1.953e-01
  aux (whitened)  L_power=2.750e-02  L_V=1.957e-01  L_B=1.957e-01  L_D=1.957e-01
  subnet MSE  M=2.042e+00  V=1.256e+01  Dw=3.048e-02  g=2.566e-01
[step   5850]  loss=-2.076e+00  nll=-2.295e+00  kl=2.240e+03
  rollout L2=1.151e-01  geo²=5.807e-02    σ_R=1.391e-01  σ_ω=1.954e-01
  aux (whitened)  L_power=2.757e-02  L_V=1.959e-01  L_B=1.959e-01  L_D=1.959e-01
  subnet MSE  M=2.043e+00  V=1.254e+01  Dw=3.027e-02  g=2.557e-01
[step   5900]  loss=-2.083e+00  nll=-2.300e+00  kl=2.219e+03
  rollout L2=1.147e-01  geo²=5.806e-02    σ_R=1.392e-01  σ_ω=1.952e-01
  aux (whitened)  L_power=2.763e-02  L_V=1.969e-01  L_B=1.969e-01  L_D=1.969e-01
  subnet MSE  M=2.043e+00  V=1.258e+01  Dw=3.051e-02  g=2.565e-01
[step   5950]  loss=-2.089e+00  nll=-2.303e+00  kl=2.197e+03
  rollout L2=1.144e-01  geo²=5.809e-02    σ_R=1.392e-01  σ_ω=1.956e-01
  aux (whitened)  L_power=2.796e-02  L_V=1.993e-01  L_B=1.993e-01  L_D=1.993e-01
  subnet MSE  M=2.043e+00  V=1.254e+01  Dw=3.000e-02  g=2.549e-01
[step   6000]  loss=-2.092e+00  nll=-2.305e+00  kl=2.174e+03
  rollout L2=1.142e-01  geo²=5.811e-02    σ_R=1.392e-01  σ_ω=1.951e-01
  aux (whitened)  L_power=2.785e-02  L_V=2.008e-01  L_B=2.008e-01  L_D=2.008e-01
  subnet MSE  M=2.043e+00  V=1.262e+01  Dw=3.009e-02  g=2.540e-01
[step   6050]  loss=-2.090e+00  nll=-2.301e+00  kl=2.153e+03
  rollout L2=1.146e-01  geo²=5.809e-02    σ_R=1.392e-01  σ_ω=1.953e-01
  aux (whitened)  L_power=2.767e-02  L_V=1.984e-01  L_B=1.984e-01  L_D=1.984e-01
  subnet MSE  M=2.043e+00  V=1.259e+01  Dw=3.085e-02  g=2.548e-01
[step   6100]  loss=-2.098e+00  nll=-2.306e+00  kl=2.138e+03
  rollout L2=1.141e-01  geo²=5.811e-02    σ_R=1.392e-01  σ_ω=1.952e-01
  aux (whitened)  L_power=2.731e-02  L_V=1.943e-01  L_B=1.943e-01  L_D=1.943e-01
  subnet MSE  M=2.043e+00  V=1.262e+01  Dw=3.071e-02  g=2.570e-01
[step   6150]  loss=-2.100e+00  nll=-2.307e+00  kl=2.119e+03
  rollout L2=1.141e-01  geo²=5.808e-02    σ_R=1.392e-01  σ_ω=1.952e-01
  aux (whitened)  L_power=2.768e-02  L_V=1.972e-01  L_B=1.972e-01  L_D=1.972e-01
  subnet MSE  M=2.043e+00  V=1.255e+01  Dw=3.036e-02  g=2.555e-01
[step   6200]  loss=-2.096e+00  nll=-2.301e+00  kl=2.103e+03
  rollout L2=1.145e-01  geo²=5.812e-02    σ_R=1.392e-01  σ_ω=1.950e-01
  aux (whitened)  L_power=2.801e-02  L_V=1.995e-01  L_B=1.995e-01  L_D=1.995e-01
  subnet MSE  M=2.043e+00  V=1.250e+01  Dw=3.065e-02  g=2.554e-01
[step   6250]  loss=-2.104e+00  nll=-2.308e+00  kl=2.089e+03
  rollout L2=1.140e-01  geo²=5.810e-02    σ_R=1.390e-01  σ_ω=1.948e-01
  aux (whitened)  L_power=2.765e-02  L_V=1.974e-01  L_B=1.974e-01  L_D=1.974e-01
  subnet MSE  M=2.043e+00  V=1.260e+01  Dw=3.018e-02  g=2.556e-01
[step   6300]  loss=-2.101e+00  nll=-2.304e+00  kl=2.073e+03
  rollout L2=1.143e-01  geo²=5.812e-02    σ_R=1.392e-01  σ_ω=1.949e-01
  aux (whitened)  L_power=2.781e-02  L_V=1.986e-01  L_B=1.986e-01  L_D=1.986e-01
  subnet MSE  M=2.043e+00  V=1.257e+01  Dw=3.000e-02  g=2.550e-01
[step   6350]  loss=-2.108e+00  nll=-2.308e+00  kl=2.051e+03
  rollout L2=1.140e-01  geo²=5.810e-02    σ_R=1.391e-01  σ_ω=1.948e-01
  aux (whitened)  L_power=2.847e-02  L_V=2.025e-01  L_B=2.025e-01  L_D=2.025e-01
  subnet MSE  M=2.044e+00  V=1.247e+01  Dw=3.094e-02  g=2.524e-01
[step   6400]  loss=-2.113e+00  nll=-2.311e+00  kl=2.035e+03
  rollout L2=1.138e-01  geo²=5.809e-02    σ_R=1.390e-01  σ_ω=1.944e-01
  aux (whitened)  L_power=2.839e-02  L_V=2.031e-01  L_B=2.031e-01  L_D=2.031e-01
  subnet MSE  M=2.045e+00  V=1.251e+01  Dw=3.023e-02  g=2.546e-01
[step   6450]  loss=-2.119e+00  nll=-2.317e+00  kl=2.022e+03
  rollout L2=1.133e-01  geo²=5.812e-02    σ_R=1.390e-01  σ_ω=1.948e-01
  aux (whitened)  L_power=2.785e-02  L_V=1.981e-01  L_B=1.981e-01  L_D=1.981e-01
  subnet MSE  M=2.045e+00  V=1.253e+01  Dw=3.014e-02  g=2.553e-01
[step   6500]  loss=-2.127e+00  nll=-2.323e+00  kl=2.006e+03
  rollout L2=1.128e-01  geo²=5.814e-02    σ_R=1.392e-01  σ_ω=1.943e-01
  aux (whitened)  L_power=2.768e-02  L_V=1.955e-01  L_B=1.955e-01  L_D=1.955e-01
  subnet MSE  M=2.045e+00  V=1.255e+01  Dw=3.016e-02  g=2.578e-01
[step   6550]  loss=-2.125e+00  nll=-2.320e+00  kl=1.994e+03
  rollout L2=1.130e-01  geo²=5.815e-02    σ_R=1.391e-01  σ_ω=1.944e-01
  aux (whitened)  L_power=2.775e-02  L_V=1.970e-01  L_B=1.970e-01  L_D=1.970e-01
  subnet MSE  M=2.045e+00  V=1.256e+01  Dw=3.003e-02  g=2.571e-01
[step   6600]  loss=-2.126e+00  nll=-2.319e+00  kl=1.980e+03
  rollout L2=1.131e-01  geo²=5.813e-02    σ_R=1.393e-01  σ_ω=1.938e-01
  aux (whitened)  L_power=2.834e-02  L_V=2.030e-01  L_B=2.030e-01  L_D=2.030e-01
  subnet MSE  M=2.046e+00  V=1.255e+01  Dw=3.089e-02  g=2.549e-01
[step   6650]  loss=-2.129e+00  nll=-2.321e+00  kl=1.965e+03
  rollout L2=1.130e-01  geo²=5.812e-02    σ_R=1.391e-01  σ_ω=1.946e-01
  aux (whitened)  L_power=2.798e-02  L_V=1.976e-01  L_B=1.976e-01  L_D=1.976e-01
  subnet MSE  M=2.046e+00  V=1.250e+01  Dw=3.032e-02  g=2.564e-01
[step   6700]  loss=-2.132e+00  nll=-2.322e+00  kl=1.952e+03
  rollout L2=1.130e-01  geo²=5.807e-02    σ_R=1.393e-01  σ_ω=1.939e-01
  aux (whitened)  L_power=2.860e-02  L_V=2.041e-01  L_B=2.041e-01  L_D=2.041e-01
  subnet MSE  M=2.046e+00  V=1.248e+01  Dw=3.088e-02  g=2.528e-01
[step   6750]  loss=-2.139e+00  nll=-2.328e+00  kl=1.938e+03
  rollout L2=1.124e-01  geo²=5.814e-02    σ_R=1.392e-01  σ_ω=1.937e-01
  aux (whitened)  L_power=2.828e-02  L_V=2.015e-01  L_B=2.015e-01  L_D=2.015e-01
  subnet MSE  M=2.046e+00  V=1.253e+01  Dw=3.077e-02  g=2.546e-01
[step   6800]  loss=-2.129e+00  nll=-2.317e+00  kl=1.924e+03
  rollout L2=1.133e-01  geo²=5.810e-02    σ_R=1.391e-01  σ_ω=1.941e-01
  aux (whitened)  L_power=2.834e-02  L_V=2.018e-01  L_B=2.018e-01  L_D=2.018e-01
  subnet MSE  M=2.046e+00  V=1.252e+01  Dw=3.094e-02  g=2.545e-01
[step   6850]  loss=-2.136e+00  nll=-2.323e+00  kl=1.915e+03
  rollout L2=1.128e-01  geo²=5.812e-02    σ_R=1.391e-01  σ_ω=1.941e-01
  aux (whitened)  L_power=2.828e-02  L_V=1.998e-01  L_B=1.998e-01  L_D=1.998e-01
  subnet MSE  M=2.046e+00  V=1.248e+01  Dw=3.093e-02  g=2.559e-01
[step   6900]  loss=-2.144e+00  nll=-2.330e+00  kl=1.906e+03
  rollout L2=1.123e-01  geo²=5.814e-02    σ_R=1.391e-01  σ_ω=1.940e-01
  aux (whitened)  L_power=2.802e-02  L_V=1.997e-01  L_B=1.997e-01  L_D=1.997e-01
  subnet MSE  M=2.046e+00  V=1.258e+01  Dw=3.062e-02  g=2.559e-01
[step   6950]  loss=-2.134e+00  nll=-2.319e+00  kl=1.896e+03
  rollout L2=1.131e-01  geo²=5.812e-02    σ_R=1.392e-01  σ_ω=1.941e-01
  aux (whitened)  L_power=2.804e-02  L_V=1.987e-01  L_B=1.987e-01  L_D=1.987e-01
  subnet MSE  M=2.046e+00  V=1.251e+01  Dw=3.079e-02  g=2.560e-01
[step   7000]  loss=-2.140e+00  nll=-2.324e+00  kl=1.888e+03
  rollout L2=1.128e-01  geo²=5.810e-02    σ_R=1.392e-01  σ_ω=1.937e-01
  aux (whitened)  L_power=2.814e-02  L_V=1.998e-01  L_B=1.998e-01  L_D=1.998e-01
  subnet MSE  M=2.046e+00  V=1.253e+01  Dw=3.059e-02  g=2.564e-01
[step   7050]  loss=-2.151e+00  nll=-2.335e+00  kl=1.879e+03
  rollout L2=1.121e-01  geo²=5.806e-02    σ_R=1.391e-01  σ_ω=1.936e-01
  aux (whitened)  L_power=2.840e-02  L_V=2.019e-01  L_B=2.019e-01  L_D=2.019e-01
  subnet MSE  M=2.047e+00  V=1.252e+01  Dw=3.087e-02  g=2.558e-01
[step   7100]  loss=-2.142e+00  nll=-2.324e+00  kl=1.871e+03
  rollout L2=1.128e-01  geo²=5.808e-02    σ_R=1.392e-01  σ_ω=1.939e-01
  aux (whitened)  L_power=2.846e-02  L_V=2.037e-01  L_B=2.037e-01  L_D=2.037e-01
  subnet MSE  M=2.046e+00  V=1.255e+01  Dw=3.057e-02  g=2.542e-01
[step   7150]  loss=-2.142e+00  nll=-2.324e+00  kl=1.864e+03
  rollout L2=1.128e-01  geo²=5.809e-02    σ_R=1.392e-01  σ_ω=1.939e-01
  aux (whitened)  L_power=2.755e-02  L_V=1.921e-01  L_B=1.921e-01  L_D=1.921e-01
  subnet MSE  M=2.046e+00  V=1.253e+01  Dw=3.076e-02  g=2.592e-01
[step   7200]  loss=-2.144e+00  nll=-2.325e+00  kl=1.856e+03
  rollout L2=1.127e-01  geo²=5.808e-02    σ_R=1.392e-01  σ_ω=1.933e-01
  aux (whitened)  L_power=2.832e-02  L_V=2.012e-01  L_B=2.012e-01  L_D=2.012e-01
  subnet MSE  M=2.047e+00  V=1.255e+01  Dw=3.067e-02  g=2.561e-01
[step   7250]  loss=-2.144e+00  nll=-2.324e+00  kl=1.851e+03
  rollout L2=1.127e-01  geo²=5.811e-02    σ_R=1.392e-01  σ_ω=1.939e-01
  aux (whitened)  L_power=2.769e-02  L_V=1.949e-01  L_B=1.949e-01  L_D=1.949e-01
  subnet MSE  M=2.047e+00  V=1.254e+01  Dw=3.012e-02  g=2.588e-01
[step   7300]  loss=-2.155e+00  nll=-2.335e+00  kl=1.843e+03
  rollout L2=1.120e-01  geo²=5.809e-02    σ_R=1.391e-01  σ_ω=1.935e-01
  aux (whitened)  L_power=2.841e-02  L_V=2.019e-01  L_B=2.019e-01  L_D=2.019e-01
  subnet MSE  M=2.047e+00  V=1.251e+01  Dw=3.064e-02  g=2.553e-01
[step   7350]  loss=-2.155e+00  nll=-2.334e+00  kl=1.836e+03
  rollout L2=1.121e-01  geo²=5.809e-02    σ_R=1.390e-01  σ_ω=1.934e-01
  aux (whitened)  L_power=2.817e-02  L_V=2.000e-01  L_B=2.000e-01  L_D=2.000e-01
  subnet MSE  M=2.047e+00  V=1.255e+01  Dw=3.056e-02  g=2.559e-01
[step   7400]  loss=-2.155e+00  nll=-2.333e+00  kl=1.827e+03
  rollout L2=1.121e-01  geo²=5.812e-02    σ_R=1.391e-01  σ_ω=1.931e-01
  aux (whitened)  L_power=2.876e-02  L_V=2.079e-01  L_B=2.079e-01  L_D=2.079e-01
  subnet MSE  M=2.047e+00  V=1.258e+01  Dw=3.067e-02  g=2.531e-01
[step   7450]  loss=-2.148e+00  nll=-2.326e+00  kl=1.821e+03
  rollout L2=1.127e-01  geo²=5.809e-02    σ_R=1.390e-01  σ_ω=1.931e-01
  aux (whitened)  L_power=2.826e-02  L_V=2.004e-01  L_B=2.004e-01  L_D=2.004e-01
  subnet MSE  M=2.047e+00  V=1.256e+01  Dw=3.073e-02  g=2.564e-01
[step   7500]  loss=-2.164e+00  nll=-2.341e+00  kl=1.814e+03
  rollout L2=1.115e-01  geo²=5.809e-02    σ_R=1.392e-01  σ_ω=1.933e-01
  aux (whitened)  L_power=2.837e-02  L_V=2.020e-01  L_B=2.020e-01  L_D=2.020e-01
  subnet MSE  M=2.047e+00  V=1.255e+01  Dw=3.061e-02  g=2.555e-01
[step   7550]  loss=-2.152e+00  nll=-2.328e+00  kl=1.806e+03
  rollout L2=1.126e-01  geo²=5.803e-02    σ_R=1.392e-01  σ_ω=1.933e-01
  aux (whitened)  L_power=2.830e-02  L_V=2.006e-01  L_B=2.006e-01  L_D=2.006e-01
  subnet MSE  M=2.047e+00  V=1.250e+01  Dw=3.073e-02  g=2.562e-01
[step   7600]  loss=-2.148e+00  nll=-2.324e+00  kl=1.802e+03
  rollout L2=1.128e-01  geo²=5.809e-02    σ_R=1.391e-01  σ_ω=1.934e-01
  aux (whitened)  L_power=2.834e-02  L_V=1.999e-01  L_B=1.999e-01  L_D=1.999e-01
  subnet MSE  M=2.047e+00  V=1.249e+01  Dw=3.082e-02  g=2.560e-01
[step   7650]  loss=-2.158e+00  nll=-2.334e+00  kl=1.797e+03
  rollout L2=1.120e-01  geo²=5.811e-02    σ_R=1.392e-01  σ_ω=1.935e-01
  aux (whitened)  L_power=2.851e-02  L_V=2.047e-01  L_B=2.047e-01  L_D=2.047e-01
  subnet MSE  M=2.047e+00  V=1.253e+01  Dw=3.119e-02  g=2.539e-01
[step   7700]  loss=-2.161e+00  nll=-2.336e+00  kl=1.793e+03
  rollout L2=1.119e-01  geo²=5.810e-02    σ_R=1.392e-01  σ_ω=1.933e-01
  aux (whitened)  L_power=2.858e-02  L_V=2.042e-01  L_B=2.042e-01  L_D=2.042e-01
  subnet MSE  M=2.047e+00  V=1.248e+01  Dw=3.080e-02  g=2.545e-01
[step   7750]  loss=-2.157e+00  nll=-2.332e+00  kl=1.789e+03
  rollout L2=1.121e-01  geo²=5.812e-02    σ_R=1.392e-01  σ_ω=1.932e-01
  aux (whitened)  L_power=2.812e-02  L_V=2.022e-01  L_B=2.022e-01  L_D=2.022e-01
  subnet MSE  M=2.047e+00  V=1.259e+01  Dw=3.082e-02  g=2.554e-01
[step   7800]  loss=-2.165e+00  nll=-2.340e+00  kl=1.784e+03
  rollout L2=1.117e-01  geo²=5.808e-02    σ_R=1.392e-01  σ_ω=1.933e-01
  aux (whitened)  L_power=2.845e-02  L_V=2.026e-01  L_B=2.026e-01  L_D=2.026e-01
  subnet MSE  M=2.047e+00  V=1.253e+01  Dw=3.071e-02  g=2.551e-01
[step   7850]  loss=-2.168e+00  nll=-2.342e+00  kl=1.781e+03
  rollout L2=1.115e-01  geo²=5.810e-02    σ_R=1.391e-01  σ_ω=1.928e-01
  aux (whitened)  L_power=2.858e-02  L_V=2.016e-01  L_B=2.016e-01  L_D=2.016e-01
  subnet MSE  M=2.047e+00  V=1.248e+01  Dw=3.103e-02  g=2.559e-01
[step   7900]  loss=-2.165e+00  nll=-2.339e+00  kl=1.776e+03
  rollout L2=1.117e-01  geo²=5.808e-02    σ_R=1.391e-01  σ_ω=1.928e-01
  aux (whitened)  L_power=2.881e-02  L_V=2.066e-01  L_B=2.066e-01  L_D=2.066e-01
  subnet MSE  M=2.048e+00  V=1.254e+01  Dw=3.051e-02  g=2.538e-01
[step   7950]  loss=-2.163e+00  nll=-2.336e+00  kl=1.773e+03
  rollout L2=1.119e-01  geo²=5.807e-02    σ_R=1.391e-01  σ_ω=1.933e-01
  aux (whitened)  L_power=2.910e-02  L_V=2.084e-01  L_B=2.084e-01  L_D=2.084e-01
  subnet MSE  M=2.047e+00  V=1.249e+01  Dw=2.979e-02  g=2.530e-01
[step   8000]  loss=-2.155e+00  nll=-2.328e+00  kl=1.770e+03
  rollout L2=1.125e-01  geo²=5.810e-02    σ_R=1.392e-01  σ_ω=1.930e-01
  aux (whitened)  L_power=2.838e-02  L_V=2.013e-01  L_B=2.013e-01  L_D=2.013e-01
  subnet MSE  M=2.047e+00  V=1.256e+01  Dw=3.130e-02  g=2.552e-01
[step   8050]  loss=-2.169e+00  nll=-2.342e+00  kl=1.767e+03
  rollout L2=1.114e-01  geo²=5.812e-02    σ_R=1.392e-01  σ_ω=1.924e-01
  aux (whitened)  L_power=2.868e-02  L_V=2.047e-01  L_B=2.047e-01  L_D=2.047e-01
  subnet MSE  M=2.047e+00  V=1.256e+01  Dw=3.067e-02  g=2.552e-01
[step   8100]  loss=-2.185e+00  nll=-2.357e+00  kl=1.763e+03
  rollout L2=1.103e-01  geo²=5.810e-02    σ_R=1.392e-01  σ_ω=1.922e-01
  aux (whitened)  L_power=2.884e-02  L_V=2.039e-01  L_B=2.039e-01  L_D=2.039e-01
  subnet MSE  M=2.047e+00  V=1.249e+01  Dw=3.076e-02  g=2.554e-01
[step   8150]  loss=-2.172e+00  nll=-2.344e+00  kl=1.759e+03
  rollout L2=1.113e-01  geo²=5.809e-02    σ_R=1.391e-01  σ_ω=1.922e-01
  aux (whitened)  L_power=2.885e-02  L_V=2.057e-01  L_B=2.057e-01  L_D=2.057e-01
  subnet MSE  M=2.048e+00  V=1.256e+01  Dw=3.097e-02  g=2.554e-01
[step   8200]  loss=-2.180e+00  nll=-2.352e+00  kl=1.755e+03
  rollout L2=1.108e-01  geo²=5.808e-02    σ_R=1.392e-01  σ_ω=1.925e-01
  aux (whitened)  L_power=2.869e-02  L_V=2.023e-01  L_B=2.023e-01  L_D=2.023e-01
  subnet MSE  M=2.047e+00  V=1.249e+01  Dw=3.084e-02  g=2.563e-01
[step   8250]  loss=-2.180e+00  nll=-2.351e+00  kl=1.750e+03
  rollout L2=1.108e-01  geo²=5.808e-02    σ_R=1.391e-01  σ_ω=1.921e-01
  aux (whitened)  L_power=2.890e-02  L_V=2.050e-01  L_B=2.050e-01  L_D=2.050e-01
  subnet MSE  M=2.047e+00  V=1.251e+01  Dw=3.107e-02  g=2.544e-01
[step   8300]  loss=-2.179e+00  nll=-2.350e+00  kl=1.747e+03
  rollout L2=1.109e-01  geo²=5.807e-02    σ_R=1.393e-01  σ_ω=1.921e-01
  aux (whitened)  L_power=2.920e-02  L_V=2.080e-01  L_B=2.080e-01  L_D=2.080e-01
  subnet MSE  M=2.048e+00  V=1.251e+01  Dw=3.106e-02  g=2.538e-01
[step   8350]  loss=-2.180e+00  nll=-2.350e+00  kl=1.742e+03
  rollout L2=1.109e-01  geo²=5.807e-02    σ_R=1.391e-01  σ_ω=1.920e-01
  aux (whitened)  L_power=2.991e-02  L_V=2.144e-01  L_B=2.144e-01  L_D=2.144e-01
  subnet MSE  M=2.047e+00  V=1.243e+01  Dw=3.165e-02  g=2.520e-01
[step   8400]  loss=-2.183e+00  nll=-2.353e+00  kl=1.739e+03
  rollout L2=1.106e-01  geo²=5.812e-02    σ_R=1.391e-01  σ_ω=1.922e-01
  aux (whitened)  L_power=2.909e-02  L_V=2.079e-01  L_B=2.079e-01  L_D=2.079e-01
  subnet MSE  M=2.048e+00  V=1.254e+01  Dw=3.109e-02  g=2.538e-01
[step   8450]  loss=-2.185e+00  nll=-2.354e+00  kl=1.734e+03
  rollout L2=1.106e-01  geo²=5.806e-02    σ_R=1.391e-01  σ_ω=1.919e-01
  aux (whitened)  L_power=2.924e-02  L_V=2.104e-01  L_B=2.104e-01  L_D=2.104e-01
  subnet MSE  M=2.048e+00  V=1.251e+01  Dw=3.087e-02  g=2.544e-01
[step   8500]  loss=-2.190e+00  nll=-2.359e+00  kl=1.730e+03
  rollout L2=1.102e-01  geo²=5.812e-02    σ_R=1.391e-01  σ_ω=1.921e-01
  aux (whitened)  L_power=2.869e-02  L_V=2.042e-01  L_B=2.042e-01  L_D=2.042e-01
  subnet MSE  M=2.048e+00  V=1.256e+01  Dw=3.137e-02  g=2.556e-01
[step   8550]  loss=-2.197e+00  nll=-2.365e+00  kl=1.728e+03
  rollout L2=1.097e-01  geo²=5.810e-02    σ_R=1.392e-01  σ_ω=1.918e-01
  aux (whitened)  L_power=2.914e-02  L_V=2.065e-01  L_B=2.065e-01  L_D=2.065e-01
  subnet MSE  M=2.048e+00  V=1.250e+01  Dw=3.120e-02  g=2.551e-01
[step   8600]  loss=-2.191e+00  nll=-2.359e+00  kl=1.722e+03
  rollout L2=1.102e-01  geo²=5.809e-02    σ_R=1.392e-01  σ_ω=1.917e-01
  aux (whitened)  L_power=2.912e-02  L_V=2.064e-01  L_B=2.064e-01  L_D=2.064e-01
  subnet MSE  M=2.048e+00  V=1.251e+01  Dw=3.082e-02  g=2.553e-01
[step   8650]  loss=-2.200e+00  nll=-2.368e+00  kl=1.717e+03
  rollout L2=1.096e-01  geo²=5.810e-02    σ_R=1.391e-01  σ_ω=1.915e-01
  aux (whitened)  L_power=2.928e-02  L_V=2.079e-01  L_B=2.079e-01  L_D=2.079e-01
  subnet MSE  M=2.048e+00  V=1.251e+01  Dw=3.145e-02  g=2.541e-01
[step   8700]  loss=-2.200e+00  nll=-2.367e+00  kl=1.714e+03
  rollout L2=1.095e-01  geo²=5.813e-02    σ_R=1.392e-01  σ_ω=1.913e-01
  aux (whitened)  L_power=2.932e-02  L_V=2.080e-01  L_B=2.080e-01  L_D=2.080e-01
  subnet MSE  M=2.048e+00  V=1.251e+01  Dw=3.116e-02  g=2.546e-01
[step   8750]  loss=-2.192e+00  nll=-2.359e+00  kl=1.711e+03
  rollout L2=1.102e-01  geo²=5.809e-02    σ_R=1.391e-01  σ_ω=1.911e-01
  aux (whitened)  L_power=2.941e-02  L_V=2.075e-01  L_B=2.075e-01  L_D=2.075e-01
  subnet MSE  M=2.048e+00  V=1.248e+01  Dw=3.102e-02  g=2.557e-01
[step   8800]  loss=-2.192e+00  nll=-2.359e+00  kl=1.708e+03
  rollout L2=1.101e-01  geo²=5.812e-02    σ_R=1.392e-01  σ_ω=1.908e-01
  aux (whitened)  L_power=3.006e-02  L_V=2.141e-01  L_B=2.141e-01  L_D=2.141e-01
  subnet MSE  M=2.048e+00  V=1.246e+01  Dw=3.121e-02  g=2.527e-01
[step   8850]  loss=-2.204e+00  nll=-2.370e+00  kl=1.703e+03
  rollout L2=1.094e-01  geo²=5.811e-02    σ_R=1.392e-01  σ_ω=1.913e-01
  aux (whitened)  L_power=2.939e-02  L_V=2.091e-01  L_B=2.091e-01  L_D=2.091e-01
  subnet MSE  M=2.048e+00  V=1.253e+01  Dw=3.128e-02  g=2.548e-01
[step   8900]  loss=-2.204e+00  nll=-2.370e+00  kl=1.700e+03
  rollout L2=1.094e-01  geo²=5.809e-02    σ_R=1.391e-01  σ_ω=1.915e-01
  aux (whitened)  L_power=2.935e-02  L_V=2.079e-01  L_B=2.079e-01  L_D=2.079e-01
  subnet MSE  M=2.048e+00  V=1.250e+01  Dw=3.118e-02  g=2.538e-01
[step   8950]  loss=-2.203e+00  nll=-2.369e+00  kl=1.696e+03
  rollout L2=1.094e-01  geo²=5.810e-02    σ_R=1.395e-01  σ_ω=1.911e-01
  aux (whitened)  L_power=2.928e-02  L_V=2.066e-01  L_B=2.066e-01  L_D=2.066e-01
  subnet MSE  M=2.048e+00  V=1.251e+01  Dw=3.120e-02  g=2.552e-01
[step   9000]  loss=-2.206e+00  nll=-2.372e+00  kl=1.692e+03
  rollout L2=1.092e-01  geo²=5.813e-02    σ_R=1.392e-01  σ_ω=1.907e-01
  aux (whitened)  L_power=2.983e-02  L_V=2.117e-01  L_B=2.117e-01  L_D=2.117e-01
  subnet MSE  M=2.048e+00  V=1.247e+01  Dw=3.132e-02  g=2.530e-01
[step   9050]  loss=-2.191e+00  nll=-2.356e+00  kl=1.688e+03
  rollout L2=1.104e-01  geo²=5.809e-02    σ_R=1.392e-01  σ_ω=1.907e-01
  aux (whitened)  L_power=2.974e-02  L_V=2.095e-01  L_B=2.095e-01  L_D=2.095e-01
  subnet MSE  M=2.048e+00  V=1.244e+01  Dw=3.161e-02  g=2.548e-01
[step   9100]  loss=-2.202e+00  nll=-2.367e+00  kl=1.685e+03
  rollout L2=1.095e-01  geo²=5.813e-02    σ_R=1.391e-01  σ_ω=1.910e-01
  aux (whitened)  L_power=2.995e-02  L_V=2.148e-01  L_B=2.148e-01  L_D=2.148e-01
  subnet MSE  M=2.048e+00  V=1.250e+01  Dw=3.172e-02  g=2.521e-01
[step   9150]  loss=-2.213e+00  nll=-2.377e+00  kl=1.683e+03
  rollout L2=1.089e-01  geo²=5.810e-02    σ_R=1.391e-01  σ_ω=1.911e-01
  aux (whitened)  L_power=2.904e-02  L_V=2.025e-01  L_B=2.025e-01  L_D=2.025e-01
  subnet MSE  M=2.048e+00  V=1.246e+01  Dw=3.162e-02  g=2.565e-01
[step   9200]  loss=-2.211e+00  nll=-2.375e+00  kl=1.680e+03
  rollout L2=1.089e-01  geo²=5.814e-02    σ_R=1.392e-01  σ_ω=1.904e-01
  aux (whitened)  L_power=2.941e-02  L_V=2.073e-01  L_B=2.073e-01  L_D=2.073e-01
  subnet MSE  M=2.048e+00  V=1.252e+01  Dw=3.143e-02  g=2.556e-01
[step   9250]  loss=-2.211e+00  nll=-2.375e+00  kl=1.677e+03
  rollout L2=1.090e-01  geo²=5.809e-02    σ_R=1.391e-01  σ_ω=1.906e-01
  aux (whitened)  L_power=2.953e-02  L_V=2.082e-01  L_B=2.082e-01  L_D=2.082e-01
  subnet MSE  M=2.049e+00  V=1.247e+01  Dw=3.164e-02  g=2.549e-01
[step   9300]  loss=-2.217e+00  nll=-2.381e+00  kl=1.675e+03
  rollout L2=1.086e-01  geo²=5.810e-02    σ_R=1.390e-01  σ_ω=1.902e-01
  aux (whitened)  L_power=3.007e-02  L_V=2.149e-01  L_B=2.149e-01  L_D=2.149e-01
  subnet MSE  M=2.049e+00  V=1.251e+01  Dw=3.203e-02  g=2.523e-01
[step   9350]  loss=-2.215e+00  nll=-2.378e+00  kl=1.673e+03
  rollout L2=1.088e-01  geo²=5.811e-02    σ_R=1.392e-01  σ_ω=1.901e-01
  aux (whitened)  L_power=3.014e-02  L_V=2.143e-01  L_B=2.143e-01  L_D=2.143e-01
  subnet MSE  M=2.048e+00  V=1.247e+01  Dw=3.166e-02  g=2.531e-01
[step   9400]  loss=-2.219e+00  nll=-2.382e+00  kl=1.670e+03
  rollout L2=1.085e-01  geo²=5.812e-02    σ_R=1.392e-01  σ_ω=1.902e-01
  aux (whitened)  L_power=2.976e-02  L_V=2.100e-01  L_B=2.100e-01  L_D=2.100e-01
  subnet MSE  M=2.049e+00  V=1.250e+01  Dw=3.163e-02  g=2.545e-01
[step   9450]  loss=-2.222e+00  nll=-2.385e+00  kl=1.668e+03
  rollout L2=1.084e-01  geo²=5.807e-02    σ_R=1.392e-01  σ_ω=1.903e-01
  aux (whitened)  L_power=2.975e-02  L_V=2.108e-01  L_B=2.108e-01  L_D=2.108e-01
  subnet MSE  M=2.049e+00  V=1.251e+01  Dw=3.187e-02  g=2.546e-01
[step   9500]  loss=-2.220e+00  nll=-2.383e+00  kl=1.667e+03
  rollout L2=1.084e-01  geo²=5.813e-02    σ_R=1.391e-01  σ_ω=1.901e-01
  aux (whitened)  L_power=2.967e-02  L_V=2.097e-01  L_B=2.097e-01  L_D=2.097e-01
  subnet MSE  M=2.048e+00  V=1.253e+01  Dw=3.171e-02  g=2.549e-01
[step   9550]  loss=-2.219e+00  nll=-2.381e+00  kl=1.666e+03
  rollout L2=1.085e-01  geo²=5.811e-02    σ_R=1.391e-01  σ_ω=1.903e-01
  aux (whitened)  L_power=2.938e-02  L_V=2.057e-01  L_B=2.057e-01  L_D=2.057e-01
  subnet MSE  M=2.049e+00  V=1.249e+01  Dw=3.210e-02  g=2.550e-01
[step   9600]  loss=-2.221e+00  nll=-2.384e+00  kl=1.666e+03
  rollout L2=1.084e-01  geo²=5.810e-02    σ_R=1.391e-01  σ_ω=1.902e-01
  aux (whitened)  L_power=3.042e-02  L_V=2.179e-01  L_B=2.179e-01  L_D=2.179e-01
  subnet MSE  M=2.049e+00  V=1.248e+01  Dw=3.203e-02  g=2.496e-01
[step   9650]  loss=-2.213e+00  nll=-2.376e+00  kl=1.665e+03
  rollout L2=1.090e-01  geo²=5.809e-02    σ_R=1.392e-01  σ_ω=1.900e-01
  aux (whitened)  L_power=2.948e-02  L_V=2.045e-01  L_B=2.045e-01  L_D=2.045e-01
  subnet MSE  M=2.050e+00  V=1.244e+01  Dw=3.223e-02  g=2.569e-01
[step   9700]  loss=-2.223e+00  nll=-2.385e+00  kl=1.664e+03
  rollout L2=1.083e-01  geo²=5.809e-02    σ_R=1.392e-01  σ_ω=1.897e-01
  aux (whitened)  L_power=2.995e-02  L_V=2.104e-01  L_B=2.104e-01  L_D=2.104e-01
  subnet MSE  M=2.049e+00  V=1.251e+01  Dw=3.246e-02  g=2.552e-01
[step   9750]  loss=-2.227e+00  nll=-2.389e+00  kl=1.663e+03
  rollout L2=1.080e-01  geo²=5.811e-02    σ_R=1.393e-01  σ_ω=1.899e-01
  aux (whitened)  L_power=2.941e-02  L_V=2.050e-01  L_B=2.050e-01  L_D=2.050e-01
  subnet MSE  M=2.049e+00  V=1.249e+01  Dw=3.225e-02  g=2.572e-01
[step   9800]  loss=-2.227e+00  nll=-2.389e+00  kl=1.663e+03
  rollout L2=1.079e-01  geo²=5.812e-02    σ_R=1.392e-01  σ_ω=1.896e-01
  aux (whitened)  L_power=3.013e-02  L_V=2.125e-01  L_B=2.125e-01  L_D=2.125e-01
  subnet MSE  M=2.049e+00  V=1.246e+01  Dw=3.211e-02  g=2.537e-01
[step   9850]  loss=-2.229e+00  nll=-2.392e+00  kl=1.663e+03
  rollout L2=1.078e-01  geo²=5.811e-02    σ_R=1.392e-01  σ_ω=1.895e-01
  aux (whitened)  L_power=3.012e-02  L_V=2.136e-01  L_B=2.136e-01  L_D=2.136e-01
  subnet MSE  M=2.048e+00  V=1.250e+01  Dw=3.224e-02  g=2.531e-01
[step   9900]  loss=-2.229e+00  nll=-2.392e+00  kl=1.663e+03
  rollout L2=1.079e-01  geo²=5.806e-02    σ_R=1.391e-01  σ_ω=1.893e-01
  aux (whitened)  L_power=3.022e-02  L_V=2.131e-01  L_B=2.131e-01  L_D=2.131e-01
  subnet MSE  M=2.049e+00  V=1.246e+01  Dw=3.282e-02  g=2.536e-01
[step   9950]  loss=-2.230e+00  nll=-2.392e+00  kl=1.663e+03
  rollout L2=1.078e-01  geo²=5.810e-02    σ_R=1.393e-01  σ_ω=1.894e-01
  aux (whitened)  L_power=2.997e-02  L_V=2.099e-01  L_B=2.099e-01  L_D=2.099e-01
  subnet MSE  M=2.049e+00  V=1.244e+01  Dw=3.204e-02  g=2.556e-01
[step  10000]  loss=-2.238e+00  nll=-2.400e+00  kl=1.664e+03
  rollout L2=1.073e-01  geo²=5.806e-02    σ_R=1.391e-01  σ_ω=1.897e-01
  aux (whitened)  L_power=2.994e-02  L_V=2.111e-01  L_B=2.111e-01  L_D=2.111e-01
  subnet MSE  M=2.049e+00  V=1.248e+01  Dw=3.208e-02  g=2.539e-01
