Run dir : /mnt/data/thribhuvan/Projects/stochastic_port_hamiltonian/Final/SPHNP v2/src/models/3D_SO3_Windy_Pendulum/ph_gp_ode/data/run_wp3d_jax/obs0p25_fric0p5_wind0p5_ext0-sine_lP0_lV0_lB0_lD0_lr0p001_s10000_np5_smp64_T20_seed0_randu7_G0p5-0p7-0p1_w_260610-014845
model contains 10850 parameters
Loaded data from /mnt/data/thribhuvan/Projects/stochastic_port_hamiltonian/Final/SPHNP v2/datasets/data/windy_pendulum_3d/wp3d_dataset_extforce-sine-std0p0_fric0p5_var_fricFalse_obs_noise0p25_wind_force0p5_random_uTrue_uScale7p0_G_0p5_0p7_0p1_steps20.pkl
  dt = 0.0500  h = 0.0050  n_outer = 4  B_train = 2560  T_obs = 5
[step      0]  loss=9.889e+01  nll=9.889e+01  kl=7.304e+03
  rollout L2=1.765e+00  geo²=3.793e-01    σ_R=1.000e-01  σ_ω=1.000e-01
  aux (whitened)  L_power=5.673e-01  L_V=4.505e+00  L_B=4.505e+00  L_D=4.505e+00
  subnet MSE  M=2.045e+00  V=2.383e+01  Dw=6.512e-03  g=3.281e-01
[step     50]  loss=7.322e+01  nll=7.319e+01  kl=7.342e+03
  rollout L2=1.392e+00  geo²=3.756e-01    σ_R=1.044e-01  σ_ω=1.043e-01
  aux (whitened)  L_power=4.472e-01  L_V=3.951e+00  L_B=3.951e+00  L_D=3.951e+00
  subnet MSE  M=1.907e+00  V=2.356e+01  Dw=9.000e-03  g=2.668e-01
[step    100]  loss=6.195e+01  nll=6.188e+01  kl=7.364e+03
  rollout L2=1.255e+00  geo²=3.741e-01    σ_R=1.083e-01  σ_ω=1.080e-01
  aux (whitened)  L_power=3.767e-01  L_V=3.561e+00  L_B=3.561e+00  L_D=3.561e+00
  subnet MSE  M=1.851e+00  V=2.333e+01  Dw=1.356e-02  g=2.569e-01
[step    150]  loss=5.223e+01  nll=5.212e+01  kl=7.383e+03
  rollout L2=1.129e+00  geo²=3.729e-01    σ_R=1.128e-01  σ_ω=1.119e-01
  aux (whitened)  L_power=3.081e-01  L_V=3.101e+00  L_B=3.101e+00  L_D=3.101e+00
  subnet MSE  M=1.819e+00  V=2.294e+01  Dw=2.270e-02  g=2.645e-01
[step    200]  loss=4.628e+01  nll=4.614e+01  kl=7.396e+03
  rollout L2=1.056e+00  geo²=3.718e-01    σ_R=1.165e-01  σ_ω=1.151e-01
  aux (whitened)  L_power=2.674e-01  L_V=2.781e+00  L_B=2.781e+00  L_D=2.781e+00
  subnet MSE  M=1.817e+00  V=2.235e+01  Dw=2.957e-02  g=2.629e-01
[step    250]  loss=4.176e+01  nll=4.158e+01  kl=7.406e+03
  rollout L2=9.963e-01  geo²=3.707e-01    σ_R=1.196e-01  σ_ω=1.178e-01
  aux (whitened)  L_power=2.426e-01  L_V=2.557e+00  L_B=2.557e+00  L_D=2.557e+00
  subnet MSE  M=1.823e+00  V=2.171e+01  Dw=3.563e-02  g=2.612e-01
[step    300]  loss=3.673e+01  nll=3.652e+01  kl=7.415e+03
  rollout L2=9.196e-01  geo²=3.693e-01    σ_R=1.234e-01  σ_ω=1.208e-01
  aux (whitened)  L_power=2.242e-01  L_V=2.350e+00  L_B=2.350e+00  L_D=2.350e+00
  subnet MSE  M=1.837e+00  V=2.077e+01  Dw=3.952e-02  g=2.556e-01
[step    350]  loss=3.444e+01  nll=3.419e+01  kl=7.421e+03
  rollout L2=8.949e-01  geo²=3.688e-01    σ_R=1.261e-01  σ_ω=1.230e-01
  aux (whitened)  L_power=2.213e-01  L_V=2.217e+00  L_B=2.217e+00  L_D=2.217e+00
  subnet MSE  M=1.846e+00  V=2.014e+01  Dw=4.438e-02  g=2.525e-01
[step    400]  loss=3.176e+01  nll=3.147e+01  kl=7.426e+03
  rollout L2=8.547e-01  geo²=3.684e-01    σ_R=1.289e-01  σ_ω=1.252e-01
  aux (whitened)  L_power=2.145e-01  L_V=2.083e+00  L_B=2.083e+00  L_D=2.083e+00
  subnet MSE  M=1.828e+00  V=1.952e+01  Dw=4.622e-02  g=2.604e-01
[step    450]  loss=2.976e+01  nll=2.943e+01  kl=7.430e+03
  rollout L2=8.332e-01  geo²=3.674e-01    σ_R=1.319e-01  σ_ω=1.275e-01
  aux (whitened)  L_power=2.058e-01  L_V=1.983e+00  L_B=1.983e+00  L_D=1.983e+00
  subnet MSE  M=1.815e+00  V=1.910e+01  Dw=4.748e-02  g=2.636e-01
[step    500]  loss=2.755e+01  nll=2.719e+01  kl=7.435e+03
  rollout L2=8.060e-01  geo²=3.670e-01    σ_R=1.353e-01  σ_ω=1.302e-01
  aux (whitened)  L_power=2.043e-01  L_V=1.892e+00  L_B=1.892e+00  L_D=1.892e+00
  subnet MSE  M=1.819e+00  V=1.859e+01  Dw=4.760e-02  g=2.581e-01
[step    550]  loss=2.562e+01  nll=2.522e+01  kl=7.439e+03
  rollout L2=7.849e-01  geo²=3.665e-01    σ_R=1.389e-01  σ_ω=1.330e-01
  aux (whitened)  L_power=1.987e-01  L_V=1.773e+00  L_B=1.773e+00  L_D=1.773e+00
  subnet MSE  M=1.834e+00  V=1.822e+01  Dw=4.699e-02  g=2.613e-01
[step    600]  loss=2.383e+01  nll=2.340e+01  kl=7.442e+03
  rollout L2=7.612e-01  geo²=3.659e-01    σ_R=1.423e-01  σ_ω=1.356e-01
  aux (whitened)  L_power=1.936e-01  L_V=1.661e+00  L_B=1.661e+00  L_D=1.661e+00
  subnet MSE  M=1.819e+00  V=1.774e+01  Dw=4.724e-02  g=2.700e-01
[step    650]  loss=2.261e+01  nll=2.214e+01  kl=7.446e+03
  rollout L2=7.536e-01  geo²=3.656e-01    σ_R=1.457e-01  σ_ω=1.382e-01
  aux (whitened)  L_power=1.866e-01  L_V=1.591e+00  L_B=1.591e+00  L_D=1.591e+00
  subnet MSE  M=1.826e+00  V=1.762e+01  Dw=4.898e-02  g=2.704e-01
[step    700]  loss=2.135e+01  nll=2.084e+01  kl=7.448e+03
  rollout L2=7.464e-01  geo²=3.651e-01    σ_R=1.495e-01  σ_ω=1.411e-01
  aux (whitened)  L_power=1.816e-01  L_V=1.518e+00  L_B=1.518e+00  L_D=1.518e+00
  subnet MSE  M=1.809e+00  V=1.751e+01  Dw=4.940e-02  g=2.742e-01
[step    750]  loss=2.025e+01  nll=1.970e+01  kl=7.450e+03
  rollout L2=7.342e-01  geo²=3.652e-01    σ_R=1.526e-01  σ_ω=1.436e-01
  aux (whitened)  L_power=1.695e-01  L_V=1.482e+00  L_B=1.482e+00  L_D=1.482e+00
  subnet MSE  M=1.790e+00  V=1.755e+01  Dw=5.276e-02  g=2.685e-01
[step    800]  loss=1.862e+01  nll=1.804e+01  kl=7.453e+03
  rollout L2=7.153e-01  geo²=3.652e-01    σ_R=1.575e-01  σ_ω=1.474e-01
  aux (whitened)  L_power=1.609e-01  L_V=1.393e+00  L_B=1.393e+00  L_D=1.393e+00
  subnet MSE  M=1.810e+00  V=1.739e+01  Dw=5.444e-02  g=2.644e-01
[step    850]  loss=1.740e+01  nll=1.678e+01  kl=7.454e+03
  rollout L2=7.029e-01  geo²=3.648e-01    σ_R=1.619e-01  σ_ω=1.508e-01
  aux (whitened)  L_power=1.551e-01  L_V=1.308e+00  L_B=1.308e+00  L_D=1.308e+00
  subnet MSE  M=1.802e+00  V=1.712e+01  Dw=5.181e-02  g=2.702e-01
[step    900]  loss=1.645e+01  nll=1.579e+01  kl=7.456e+03
  rollout L2=7.042e-01  geo²=3.645e-01    σ_R=1.669e-01  σ_ω=1.547e-01
  aux (whitened)  L_power=1.486e-01  L_V=1.270e+00  L_B=1.270e+00  L_D=1.270e+00
  subnet MSE  M=1.786e+00  V=1.704e+01  Dw=4.939e-02  g=2.616e-01
[step    950]  loss=1.516e+01  nll=1.447e+01  kl=7.456e+03
  rollout L2=6.846e-01  geo²=3.641e-01    σ_R=1.718e-01  σ_ω=1.587e-01
  aux (whitened)  L_power=1.459e-01  L_V=1.194e+00  L_B=1.194e+00  L_D=1.194e+00
  subnet MSE  M=1.794e+00  V=1.670e+01  Dw=4.687e-02  g=2.606e-01
[step   1000]  loss=1.408e+01  nll=1.335e+01  kl=7.456e+03
  rollout L2=6.719e-01  geo²=3.641e-01    σ_R=1.770e-01  σ_ω=1.629e-01
  aux (whitened)  L_power=1.436e-01  L_V=1.133e+00  L_B=1.133e+00  L_D=1.133e+00
  subnet MSE  M=1.785e+00  V=1.631e+01  Dw=4.743e-02  g=2.604e-01
[step   1050]  loss=1.326e+01  nll=1.253e+01  kl=7.456e+03
  rollout L2=6.612e-01  geo²=3.639e-01    σ_R=1.811e-01  σ_ω=1.661e-01
  aux (whitened)  L_power=1.395e-01  L_V=1.117e+00  L_B=1.117e+00  L_D=1.117e+00
  subnet MSE  M=1.758e+00  V=1.627e+01  Dw=4.639e-02  g=2.552e-01
[step   1100]  loss=1.259e+01  nll=1.186e+01  kl=7.456e+03
  rollout L2=6.577e-01  geo²=3.636e-01    σ_R=1.854e-01  σ_ω=1.696e-01
  aux (whitened)  L_power=1.304e-01  L_V=1.048e+00  L_B=1.048e+00  L_D=1.048e+00
  subnet MSE  M=1.776e+00  V=1.619e+01  Dw=4.621e-02  g=2.590e-01
[step   1150]  loss=1.173e+01  nll=1.100e+01  kl=7.454e+03
  rollout L2=6.479e-01  geo²=3.632e-01    σ_R=1.907e-01  σ_ω=1.739e-01
  aux (whitened)  L_power=1.227e-01  L_V=9.737e-01  L_B=9.737e-01  L_D=9.737e-01
  subnet MSE  M=1.771e+00  V=1.616e+01  Dw=4.695e-02  g=2.603e-01
[step   1200]  loss=1.114e+01  nll=1.042e+01  kl=7.453e+03
  rollout L2=6.439e-01  geo²=3.632e-01    σ_R=1.950e-01  σ_ω=1.775e-01
  aux (whitened)  L_power=1.198e-01  L_V=9.273e-01  L_B=9.273e-01  L_D=9.273e-01
  subnet MSE  M=1.773e+00  V=1.590e+01  Dw=4.723e-02  g=2.627e-01
[step   1250]  loss=1.037e+01  nll=9.639e+00  kl=7.452e+03
  rollout L2=6.352e-01  geo²=3.631e-01    σ_R=2.009e-01  σ_ω=1.824e-01
  aux (whitened)  L_power=1.159e-01  L_V=9.145e-01  L_B=9.145e-01  L_D=9.145e-01
  subnet MSE  M=1.767e+00  V=1.582e+01  Dw=4.884e-02  g=2.468e-01
[step   1300]  loss=9.512e+00  nll=8.785e+00  kl=7.449e+03
  rollout L2=6.199e-01  geo²=3.631e-01    σ_R=2.073e-01  σ_ω=1.878e-01
  aux (whitened)  L_power=1.091e-01  L_V=8.435e-01  L_B=8.435e-01  L_D=8.435e-01
  subnet MSE  M=1.765e+00  V=1.562e+01  Dw=4.885e-02  g=2.546e-01
[step   1350]  loss=9.073e+00  nll=8.345e+00  kl=7.447e+03
  rollout L2=6.234e-01  geo²=3.627e-01    σ_R=2.128e-01  σ_ω=1.925e-01
  aux (whitened)  L_power=1.053e-01  L_V=7.895e-01  L_B=7.895e-01  L_D=7.895e-01
  subnet MSE  M=1.773e+00  V=1.543e+01  Dw=4.846e-02  g=2.599e-01
[step   1400]  loss=8.236e+00  nll=7.510e+00  kl=7.443e+03
  rollout L2=6.069e-01  geo²=3.628e-01    σ_R=2.206e-01  σ_ω=1.993e-01
  aux (whitened)  L_power=9.562e-02  L_V=7.354e-01  L_B=7.354e-01  L_D=7.354e-01
  subnet MSE  M=1.756e+00  V=1.547e+01  Dw=4.697e-02  g=2.612e-01
[step   1450]  loss=7.835e+00  nll=7.108e+00  kl=7.439e+03
  rollout L2=6.122e-01  geo²=3.623e-01    σ_R=2.271e-01  σ_ω=2.050e-01
  aux (whitened)  L_power=9.375e-02  L_V=6.960e-01  L_B=6.960e-01  L_D=6.960e-01
  subnet MSE  M=1.768e+00  V=1.526e+01  Dw=4.811e-02  g=2.528e-01
[step   1500]  loss=7.286e+00  nll=6.560e+00  kl=7.434e+03
  rollout L2=5.931e-01  geo²=3.628e-01    σ_R=2.323e-01  σ_ω=2.096e-01
  aux (whitened)  L_power=8.904e-02  L_V=6.630e-01  L_B=6.630e-01  L_D=6.630e-01
  subnet MSE  M=1.782e+00  V=1.523e+01  Dw=4.822e-02  g=2.500e-01
[step   1550]  loss=6.939e+00  nll=6.213e+00  kl=7.429e+03
  rollout L2=5.930e-01  geo²=3.627e-01    σ_R=2.381e-01  σ_ω=2.149e-01
  aux (whitened)  L_power=8.662e-02  L_V=6.265e-01  L_B=6.265e-01  L_D=6.265e-01
  subnet MSE  M=1.760e+00  V=1.502e+01  Dw=4.639e-02  g=2.563e-01
[step   1600]  loss=6.358e+00  nll=5.633e+00  kl=7.419e+03
  rollout L2=5.853e-01  geo²=3.623e-01    σ_R=2.477e-01  σ_ω=2.238e-01
  aux (whitened)  L_power=8.070e-02  L_V=5.850e-01  L_B=5.850e-01  L_D=5.850e-01
  subnet MSE  M=1.734e+00  V=1.491e+01  Dw=4.690e-02  g=2.570e-01
[step   1650]  loss=5.795e+00  nll=5.072e+00  kl=7.405e+03
  rollout L2=5.752e-01  geo²=3.624e-01    σ_R=2.582e-01  σ_ω=2.338e-01
  aux (whitened)  L_power=7.136e-02  L_V=5.269e-01  L_B=5.269e-01  L_D=5.269e-01
  subnet MSE  M=1.765e+00  V=1.501e+01  Dw=4.832e-02  g=2.503e-01
[step   1700]  loss=5.321e+00  nll=4.600e+00  kl=7.388e+03
  rollout L2=5.657e-01  geo²=3.623e-01    σ_R=2.687e-01  σ_ω=2.440e-01
  aux (whitened)  L_power=6.621e-02  L_V=4.771e-01  L_B=4.771e-01  L_D=4.771e-01
  subnet MSE  M=1.759e+00  V=1.481e+01  Dw=4.673e-02  g=2.539e-01
[step   1750]  loss=5.054e+00  nll=4.335e+00  kl=7.367e+03
  rollout L2=5.742e-01  geo²=3.626e-01    σ_R=2.792e-01  σ_ω=2.547e-01
  aux (whitened)  L_power=5.725e-02  L_V=4.297e-01  L_B=4.297e-01  L_D=4.297e-01
  subnet MSE  M=1.766e+00  V=1.519e+01  Dw=4.497e-02  g=2.556e-01
[step   1800]  loss=4.735e+00  nll=4.018e+00  kl=7.347e+03
  rollout L2=5.638e-01  geo²=3.617e-01    σ_R=2.874e-01  σ_ω=2.637e-01
  aux (whitened)  L_power=5.923e-02  L_V=4.040e-01  L_B=4.040e-01  L_D=4.040e-01
  subnet MSE  M=1.774e+00  V=1.436e+01  Dw=4.695e-02  g=2.499e-01
[step   1850]  loss=4.473e+00  nll=3.757e+00  kl=7.327e+03
  rollout L2=5.513e-01  geo²=3.619e-01    σ_R=2.945e-01  σ_ω=2.717e-01
  aux (whitened)  L_power=5.428e-02  L_V=3.763e-01  L_B=3.763e-01  L_D=3.763e-01
  subnet MSE  M=1.774e+00  V=1.450e+01  Dw=4.294e-02  g=2.521e-01
[step   1900]  loss=4.296e+00  nll=3.583e+00  kl=7.304e+03
  rollout L2=5.487e-01  geo²=3.618e-01    σ_R=3.016e-01  σ_ω=2.803e-01
  aux (whitened)  L_power=5.092e-02  L_V=3.518e-01  L_B=3.518e-01  L_D=3.518e-01
  subnet MSE  M=1.770e+00  V=1.445e+01  Dw=4.276e-02  g=2.548e-01
[step   1950]  loss=4.142e+00  nll=3.431e+00  kl=7.279e+03
  rollout L2=5.439e-01  geo²=3.618e-01    σ_R=3.078e-01  σ_ω=2.881e-01
  aux (whitened)  L_power=5.008e-02  L_V=3.383e-01  L_B=3.383e-01  L_D=3.383e-01
  subnet MSE  M=1.783e+00  V=1.424e+01  Dw=4.382e-02  g=2.472e-01
[step   2000]  loss=3.946e+00  nll=3.240e+00  kl=7.236e+03
  rollout L2=5.389e-01  geo²=3.619e-01    σ_R=3.173e-01  σ_ω=3.010e-01
  aux (whitened)  L_power=4.477e-02  L_V=3.085e-01  L_B=3.085e-01  L_D=3.085e-01
  subnet MSE  M=1.781e+00  V=1.443e+01  Dw=4.194e-02  g=2.468e-01
[step   2050]  loss=3.811e+00  nll=3.108e+00  kl=7.202e+03
  rollout L2=5.300e-01  geo²=3.621e-01    σ_R=3.228e-01  σ_ω=3.094e-01
  aux (whitened)  L_power=4.241e-02  L_V=2.821e-01  L_B=2.821e-01  L_D=2.821e-01
  subnet MSE  M=1.792e+00  V=1.425e+01  Dw=4.281e-02  g=2.543e-01
[step   2100]  loss=3.709e+00  nll=3.010e+00  kl=7.152e+03
  rollout L2=5.293e-01  geo²=3.618e-01    σ_R=3.295e-01  σ_ω=3.208e-01
  aux (whitened)  L_power=3.947e-02  L_V=2.607e-01  L_B=2.607e-01  L_D=2.607e-01
  subnet MSE  M=1.790e+00  V=1.419e+01  Dw=4.312e-02  g=2.558e-01
[step   2150]  loss=3.625e+00  nll=2.931e+00  kl=7.104e+03
  rollout L2=5.262e-01  geo²=3.614e-01    σ_R=3.343e-01  σ_ω=3.304e-01
  aux (whitened)  L_power=3.811e-02  L_V=2.437e-01  L_B=2.437e-01  L_D=2.437e-01
  subnet MSE  M=1.799e+00  V=1.398e+01  Dw=4.295e-02  g=2.563e-01
[step   2200]  loss=3.569e+00  nll=2.879e+00  kl=7.060e+03
  rollout L2=5.236e-01  geo²=3.617e-01    σ_R=3.376e-01  σ_ω=3.382e-01
  aux (whitened)  L_power=3.594e-02  L_V=2.371e-01  L_B=2.371e-01  L_D=2.371e-01
  subnet MSE  M=1.801e+00  V=1.413e+01  Dw=4.147e-02  g=2.504e-01
[step   2250]  loss=3.534e+00  nll=2.849e+00  kl=7.014e+03
  rollout L2=5.241e-01  geo²=3.617e-01    σ_R=3.401e-01  σ_ω=3.454e-01
  aux (whitened)  L_power=3.439e-02  L_V=2.281e-01  L_B=2.281e-01  L_D=2.281e-01
  subnet MSE  M=1.799e+00  V=1.414e+01  Dw=4.336e-02  g=2.501e-01
[step   2300]  loss=3.500e+00  nll=2.819e+00  kl=6.979e+03
  rollout L2=5.215e-01  geo²=3.617e-01    σ_R=3.417e-01  σ_ω=3.506e-01
  aux (whitened)  L_power=3.401e-02  L_V=2.242e-01  L_B=2.242e-01  L_D=2.242e-01
  subnet MSE  M=1.793e+00  V=1.397e+01  Dw=4.351e-02  g=2.550e-01
[step   2350]  loss=3.454e+00  nll=2.778e+00  kl=6.925e+03
  rollout L2=5.172e-01  geo²=3.618e-01    σ_R=3.435e-01  σ_ω=3.579e-01
  aux (whitened)  L_power=3.207e-02  L_V=2.075e-01  L_B=2.075e-01  L_D=2.075e-01
  subnet MSE  M=1.806e+00  V=1.409e+01  Dw=4.404e-02  g=2.558e-01
[step   2400]  loss=3.430e+00  nll=2.760e+00  kl=6.868e+03
  rollout L2=5.174e-01  geo²=3.618e-01    σ_R=3.448e-01  σ_ω=3.649e-01
  aux (whitened)  L_power=3.116e-02  L_V=2.035e-01  L_B=2.035e-01  L_D=2.035e-01
  subnet MSE  M=1.822e+00  V=1.410e+01  Dw=4.112e-02  g=2.491e-01
[step   2450]  loss=3.415e+00  nll=2.749e+00  kl=6.818e+03
  rollout L2=5.182e-01  geo²=3.617e-01    σ_R=3.456e-01  σ_ω=3.704e-01
  aux (whitened)  L_power=3.029e-02  L_V=1.966e-01  L_B=1.966e-01  L_D=1.966e-01
  subnet MSE  M=1.824e+00  V=1.402e+01  Dw=4.426e-02  g=2.535e-01
[step   2500]  loss=3.386e+00  nll=2.726e+00  kl=6.761e+03
  rollout L2=5.146e-01  geo²=3.617e-01    σ_R=3.462e-01  σ_ω=3.760e-01
  aux (whitened)  L_power=2.917e-02  L_V=1.888e-01  L_B=1.888e-01  L_D=1.888e-01
  subnet MSE  M=1.822e+00  V=1.406e+01  Dw=4.219e-02  g=2.542e-01
[step   2550]  loss=3.361e+00  nll=2.708e+00  kl=6.692e+03
  rollout L2=5.122e-01  geo²=3.616e-01    σ_R=3.467e-01  σ_ω=3.819e-01
  aux (whitened)  L_power=2.852e-02  L_V=1.800e-01  L_B=1.800e-01  L_D=1.800e-01
  subnet MSE  M=1.828e+00  V=1.397e+01  Dw=4.148e-02  g=2.560e-01
[step   2600]  loss=3.343e+00  nll=2.695e+00  kl=6.636e+03
  rollout L2=5.101e-01  geo²=3.614e-01    σ_R=3.469e-01  σ_ω=3.862e-01
  aux (whitened)  L_power=2.790e-02  L_V=1.757e-01  L_B=1.757e-01  L_D=1.757e-01
  subnet MSE  M=1.833e+00  V=1.395e+01  Dw=4.166e-02  g=2.560e-01
[step   2650]  loss=3.345e+00  nll=2.703e+00  kl=6.579e+03
  rollout L2=5.135e-01  geo²=3.616e-01    σ_R=3.470e-01  σ_ω=3.901e-01
  aux (whitened)  L_power=2.749e-02  L_V=1.743e-01  L_B=1.743e-01  L_D=1.743e-01
  subnet MSE  M=1.837e+00  V=1.398e+01  Dw=4.236e-02  g=2.526e-01
[step   2700]  loss=3.320e+00  nll=2.684e+00  kl=6.515e+03
  rollout L2=5.086e-01  geo²=3.615e-01    σ_R=3.471e-01  σ_ω=3.939e-01
  aux (whitened)  L_power=2.658e-02  L_V=1.729e-01  L_B=1.729e-01  L_D=1.729e-01
  subnet MSE  M=1.844e+00  V=1.410e+01  Dw=4.046e-02  g=2.487e-01
[step   2750]  loss=3.310e+00  nll=2.680e+00  kl=6.453e+03
  rollout L2=5.078e-01  geo²=3.616e-01    σ_R=3.471e-01  σ_ω=3.970e-01
  aux (whitened)  L_power=2.666e-02  L_V=1.663e-01  L_B=1.663e-01  L_D=1.663e-01
  subnet MSE  M=1.846e+00  V=1.388e+01  Dw=4.102e-02  g=2.546e-01
[step   2800]  loss=3.298e+00  nll=2.675e+00  kl=6.381e+03
  rollout L2=5.070e-01  geo²=3.615e-01    σ_R=3.471e-01  σ_ω=3.999e-01
  aux (whitened)  L_power=2.601e-02  L_V=1.640e-01  L_B=1.640e-01  L_D=1.640e-01
  subnet MSE  M=1.834e+00  V=1.393e+01  Dw=4.109e-02  g=2.563e-01
[step   2850]  loss=3.284e+00  nll=2.666e+00  kl=6.328e+03
  rollout L2=5.044e-01  geo²=3.614e-01    σ_R=3.471e-01  σ_ω=4.016e-01
  aux (whitened)  L_power=2.572e-02  L_V=1.640e-01  L_B=1.640e-01  L_D=1.640e-01
  subnet MSE  M=1.851e+00  V=1.399e+01  Dw=4.009e-02  g=2.504e-01
[step   2900]  loss=3.276e+00  nll=2.665e+00  kl=6.265e+03
  rollout L2=5.041e-01  geo²=3.615e-01    σ_R=3.471e-01  σ_ω=4.032e-01
  aux (whitened)  L_power=2.563e-02  L_V=1.626e-01  L_B=1.626e-01  L_D=1.626e-01
  subnet MSE  M=1.875e+00  V=1.397e+01  Dw=3.893e-02  g=2.469e-01
[step   2950]  loss=3.266e+00  nll=2.661e+00  kl=6.194e+03
  rollout L2=5.028e-01  geo²=3.616e-01    σ_R=3.471e-01  σ_ω=4.047e-01
  aux (whitened)  L_power=2.522e-02  L_V=1.599e-01  L_B=1.599e-01  L_D=1.599e-01
  subnet MSE  M=1.868e+00  V=1.396e+01  Dw=4.120e-02  g=2.508e-01
[step   3000]  loss=3.270e+00  nll=2.670e+00  kl=6.146e+03
  rollout L2=5.057e-01  geo²=3.617e-01    σ_R=3.471e-01  σ_ω=4.055e-01
  aux (whitened)  L_power=2.454e-02  L_V=1.572e-01  L_B=1.572e-01  L_D=1.572e-01
  subnet MSE  M=1.862e+00  V=1.412e+01  Dw=3.705e-02  g=2.586e-01
[step   3050]  loss=3.254e+00  nll=2.660e+00  kl=6.076e+03
  rollout L2=5.032e-01  geo²=3.611e-01    σ_R=3.471e-01  σ_ω=4.064e-01
  aux (whitened)  L_power=2.501e-02  L_V=1.554e-01  L_B=1.554e-01  L_D=1.554e-01
  subnet MSE  M=1.879e+00  V=1.387e+01  Dw=4.170e-02  g=2.589e-01
[step   3100]  loss=3.246e+00  nll=2.659e+00  kl=6.007e+03
  rollout L2=5.025e-01  geo²=3.614e-01    σ_R=3.471e-01  σ_ω=4.070e-01
  aux (whitened)  L_power=2.540e-02  L_V=1.580e-01  L_B=1.580e-01  L_D=1.580e-01
  subnet MSE  M=1.875e+00  V=1.378e+01  Dw=3.917e-02  g=2.513e-01
[step   3150]  loss=3.223e+00  nll=2.646e+00  kl=5.911e+03
  rollout L2=4.982e-01  geo²=3.614e-01    σ_R=3.471e-01  σ_ω=4.073e-01
  aux (whitened)  L_power=2.510e-02  L_V=1.550e-01  L_B=1.550e-01  L_D=1.550e-01
  subnet MSE  M=1.877e+00  V=1.383e+01  Dw=4.169e-02  g=2.555e-01
[step   3200]  loss=3.207e+00  nll=2.638e+00  kl=5.822e+03
  rollout L2=4.956e-01  geo²=3.615e-01    σ_R=3.471e-01  σ_ω=4.072e-01
  aux (whitened)  L_power=2.513e-02  L_V=1.541e-01  L_B=1.541e-01  L_D=1.541e-01
  subnet MSE  M=1.891e+00  V=1.383e+01  Dw=3.960e-02  g=2.557e-01
[step   3250]  loss=3.197e+00  nll=2.636e+00  kl=5.737e+03
  rollout L2=4.948e-01  geo²=3.615e-01    σ_R=3.471e-01  σ_ω=4.069e-01
  aux (whitened)  L_power=2.482e-02  L_V=1.523e-01  L_B=1.523e-01  L_D=1.523e-01
  subnet MSE  M=1.894e+00  V=1.389e+01  Dw=4.005e-02  g=2.583e-01
[step   3300]  loss=3.185e+00  nll=2.631e+00  kl=5.673e+03
  rollout L2=4.933e-01  geo²=3.614e-01    σ_R=3.471e-01  σ_ω=4.066e-01
  aux (whitened)  L_power=2.491e-02  L_V=1.537e-01  L_B=1.537e-01  L_D=1.537e-01
  subnet MSE  M=1.894e+00  V=1.387e+01  Dw=4.242e-02  g=2.574e-01
[step   3350]  loss=3.169e+00  nll=2.622e+00  kl=5.606e+03
  rollout L2=4.901e-01  geo²=3.614e-01    σ_R=3.471e-01  σ_ω=4.064e-01
  aux (whitened)  L_power=2.506e-02  L_V=1.556e-01  L_B=1.556e-01  L_D=1.556e-01
  subnet MSE  M=1.888e+00  V=1.386e+01  Dw=4.111e-02  g=2.554e-01
[step   3400]  loss=3.174e+00  nll=2.634e+00  kl=5.526e+03
  rollout L2=4.949e-01  geo²=3.610e-01    σ_R=3.471e-01  σ_ω=4.059e-01
  aux (whitened)  L_power=2.549e-02  L_V=1.515e-01  L_B=1.515e-01  L_D=1.515e-01
  subnet MSE  M=1.904e+00  V=1.369e+01  Dw=4.029e-02  g=2.607e-01
[step   3450]  loss=3.164e+00  nll=2.632e+00  kl=5.445e+03
  rollout L2=4.940e-01  geo²=3.611e-01    σ_R=3.471e-01  σ_ω=4.056e-01
  aux (whitened)  L_power=2.515e-02  L_V=1.536e-01  L_B=1.536e-01  L_D=1.536e-01
  subnet MSE  M=1.909e+00  V=1.382e+01  Dw=3.954e-02  g=2.551e-01
[step   3500]  loss=3.147e+00  nll=2.622e+00  kl=5.382e+03
  rollout L2=4.902e-01  geo²=3.614e-01    σ_R=3.471e-01  σ_ω=4.052e-01
  aux (whitened)  L_power=2.514e-02  L_V=1.543e-01  L_B=1.543e-01  L_D=1.543e-01
  subnet MSE  M=1.911e+00  V=1.385e+01  Dw=3.994e-02  g=2.546e-01
[step   3550]  loss=3.134e+00  nll=2.615e+00  kl=5.316e+03
  rollout L2=4.885e-01  geo²=3.611e-01    σ_R=3.471e-01  σ_ω=4.048e-01
  aux (whitened)  L_power=2.666e-02  L_V=1.559e-01  L_B=1.559e-01  L_D=1.559e-01
  subnet MSE  M=1.906e+00  V=1.346e+01  Dw=3.795e-02  g=2.538e-01
[step   3600]  loss=3.127e+00  nll=2.613e+00  kl=5.262e+03
  rollout L2=4.870e-01  geo²=3.616e-01    σ_R=3.470e-01  σ_ω=4.045e-01
  aux (whitened)  L_power=2.502e-02  L_V=1.543e-01  L_B=1.543e-01  L_D=1.543e-01
  subnet MSE  M=1.900e+00  V=1.390e+01  Dw=3.926e-02  g=2.579e-01
[step   3650]  loss=3.122e+00  nll=2.614e+00  kl=5.197e+03
  rollout L2=4.876e-01  geo²=3.615e-01    σ_R=3.471e-01  σ_ω=4.040e-01
  aux (whitened)  L_power=2.553e-02  L_V=1.551e-01  L_B=1.551e-01  L_D=1.551e-01
  subnet MSE  M=1.919e+00  V=1.378e+01  Dw=3.996e-02  g=2.564e-01
[step   3700]  loss=3.108e+00  nll=2.608e+00  kl=5.123e+03
  rollout L2=4.854e-01  geo²=3.615e-01    σ_R=3.471e-01  σ_ω=4.034e-01
  aux (whitened)  L_power=2.562e-02  L_V=1.565e-01  L_B=1.565e-01  L_D=1.565e-01
  subnet MSE  M=1.907e+00  V=1.379e+01  Dw=4.294e-02  g=2.553e-01
[step   3750]  loss=3.105e+00  nll=2.611e+00  kl=5.062e+03
  rollout L2=4.865e-01  geo²=3.615e-01    σ_R=3.471e-01  σ_ω=4.031e-01
  aux (whitened)  L_power=2.566e-02  L_V=1.544e-01  L_B=1.544e-01  L_D=1.544e-01
  subnet MSE  M=1.929e+00  V=1.376e+01  Dw=3.885e-02  g=2.572e-01
[step   3800]  loss=3.088e+00  nll=2.602e+00  kl=4.983e+03
  rollout L2=4.838e-01  geo²=3.613e-01    σ_R=3.470e-01  σ_ω=4.028e-01
  aux (whitened)  L_power=2.553e-02  L_V=1.528e-01  L_B=1.528e-01  L_D=1.528e-01
  subnet MSE  M=1.939e+00  V=1.379e+01  Dw=3.886e-02  g=2.592e-01
[step   3850]  loss=3.090e+00  nll=2.608e+00  kl=4.935e+03
  rollout L2=4.856e-01  geo²=3.615e-01    σ_R=3.471e-01  σ_ω=4.025e-01
  aux (whitened)  L_power=2.573e-02  L_V=1.528e-01  L_B=1.528e-01  L_D=1.528e-01
  subnet MSE  M=1.937e+00  V=1.372e+01  Dw=4.001e-02  g=2.596e-01
[step   3900]  loss=3.070e+00  nll=2.593e+00  kl=4.883e+03
  rollout L2=4.806e-01  geo²=3.616e-01    σ_R=3.471e-01  σ_ω=4.022e-01
  aux (whitened)  L_power=2.572e-02  L_V=1.557e-01  L_B=1.557e-01  L_D=1.557e-01
  subnet MSE  M=1.942e+00  V=1.378e+01  Dw=3.914e-02  g=2.539e-01
[step   3950]  loss=3.077e+00  nll=2.605e+00  kl=4.833e+03
  rollout L2=4.849e-01  geo²=3.613e-01    σ_R=3.471e-01  σ_ω=4.022e-01
  aux (whitened)  L_power=2.566e-02  L_V=1.559e-01  L_B=1.559e-01  L_D=1.559e-01
  subnet MSE  M=1.939e+00  V=1.378e+01  Dw=3.940e-02  g=2.582e-01
[step   4000]  loss=3.069e+00  nll=2.604e+00  kl=4.764e+03
  rollout L2=4.843e-01  geo²=3.614e-01    σ_R=3.471e-01  σ_ω=4.020e-01
  aux (whitened)  L_power=2.591e-02  L_V=1.544e-01  L_B=1.544e-01  L_D=1.544e-01
  subnet MSE  M=1.941e+00  V=1.373e+01  Dw=3.768e-02  g=2.563e-01
[step   4050]  loss=3.073e+00  nll=2.612e+00  kl=4.720e+03
  rollout L2=4.871e-01  geo²=3.612e-01    σ_R=3.471e-01  σ_ω=4.021e-01
  aux (whitened)  L_power=2.612e-02  L_V=1.546e-01  L_B=1.546e-01  L_D=1.546e-01
  subnet MSE  M=1.938e+00  V=1.368e+01  Dw=3.800e-02  g=2.584e-01
[step   4100]  loss=3.056e+00  nll=2.600e+00  kl=4.671e+03
  rollout L2=4.831e-01  geo²=3.615e-01    σ_R=3.471e-01  σ_ω=4.020e-01
  aux (whitened)  L_power=2.579e-02  L_V=1.546e-01  L_B=1.546e-01  L_D=1.546e-01
  subnet MSE  M=1.942e+00  V=1.375e+01  Dw=3.865e-02  g=2.584e-01
[step   4150]  loss=3.045e+00  nll=2.594e+00  kl=4.621e+03
  rollout L2=4.811e-01  geo²=3.614e-01    σ_R=3.471e-01  σ_ω=4.018e-01
  aux (whitened)  L_power=2.621e-02  L_V=1.545e-01  L_B=1.545e-01  L_D=1.545e-01
  subnet MSE  M=1.946e+00  V=1.365e+01  Dw=3.944e-02  g=2.559e-01
[step   4200]  loss=3.048e+00  nll=2.601e+00  kl=4.572e+03
  rollout L2=4.837e-01  geo²=3.613e-01    σ_R=3.471e-01  σ_ω=4.015e-01
  aux (whitened)  L_power=2.593e-02  L_V=1.540e-01  L_B=1.540e-01  L_D=1.540e-01
  subnet MSE  M=1.953e+00  V=1.373e+01  Dw=3.925e-02  g=2.568e-01
[step   4250]  loss=3.041e+00  nll=2.600e+00  kl=4.520e+03
  rollout L2=4.831e-01  geo²=3.614e-01    σ_R=3.471e-01  σ_ω=4.015e-01
  aux (whitened)  L_power=2.594e-02  L_V=1.552e-01  L_B=1.552e-01  L_D=1.552e-01
  subnet MSE  M=1.943e+00  V=1.377e+01  Dw=3.888e-02  g=2.545e-01
[step   4300]  loss=3.042e+00  nll=2.604e+00  kl=4.479e+03
  rollout L2=4.847e-01  geo²=3.613e-01    σ_R=3.470e-01  σ_ω=4.015e-01
  aux (whitened)  L_power=2.603e-02  L_V=1.544e-01  L_B=1.544e-01  L_D=1.544e-01
  subnet MSE  M=1.955e+00  V=1.377e+01  Dw=3.892e-02  g=2.549e-01
[step   4350]  loss=3.026e+00  nll=2.594e+00  kl=4.427e+03
  rollout L2=4.811e-01  geo²=3.614e-01    σ_R=3.471e-01  σ_ω=4.012e-01
  aux (whitened)  L_power=2.588e-02  L_V=1.542e-01  L_B=1.542e-01  L_D=1.542e-01
  subnet MSE  M=1.959e+00  V=1.378e+01  Dw=3.858e-02  g=2.550e-01
[step   4400]  loss=3.040e+00  nll=2.611e+00  kl=4.386e+03
  rollout L2=4.868e-01  geo²=3.615e-01    σ_R=3.470e-01  σ_ω=4.011e-01
  aux (whitened)  L_power=2.579e-02  L_V=1.551e-01  L_B=1.551e-01  L_D=1.551e-01
  subnet MSE  M=1.957e+00  V=1.381e+01  Dw=4.001e-02  g=2.563e-01
[step   4450]  loss=3.028e+00  nll=2.604e+00  kl=4.343e+03
  rollout L2=4.844e-01  geo²=3.614e-01    σ_R=3.471e-01  σ_ω=4.010e-01
  aux (whitened)  L_power=2.595e-02  L_V=1.554e-01  L_B=1.554e-01  L_D=1.554e-01
  subnet MSE  M=1.955e+00  V=1.381e+01  Dw=3.840e-02  g=2.555e-01
[step   4500]  loss=3.008e+00  nll=2.589e+00  kl=4.291e+03
  rollout L2=4.799e-01  geo²=3.612e-01    σ_R=3.470e-01  σ_ω=4.009e-01
  aux (whitened)  L_power=2.613e-02  L_V=1.548e-01  L_B=1.548e-01  L_D=1.548e-01
  subnet MSE  M=1.966e+00  V=1.374e+01  Dw=3.821e-02  g=2.544e-01
[step   4550]  loss=2.996e+00  nll=2.585e+00  kl=4.209e+03
  rollout L2=4.783e-01  geo²=3.614e-01    σ_R=3.471e-01  σ_ω=4.005e-01
  aux (whitened)  L_power=2.608e-02  L_V=1.546e-01  L_B=1.546e-01  L_D=1.546e-01
  subnet MSE  M=1.959e+00  V=1.378e+01  Dw=3.737e-02  g=2.560e-01
[step   4600]  loss=3.002e+00  nll=2.597e+00  kl=4.152e+03
  rollout L2=4.824e-01  geo²=3.612e-01    σ_R=3.470e-01  σ_ω=4.003e-01
  aux (whitened)  L_power=2.635e-02  L_V=1.585e-01  L_B=1.585e-01  L_D=1.585e-01
  subnet MSE  M=1.971e+00  V=1.378e+01  Dw=3.747e-02  g=2.494e-01
[step   4650]  loss=2.995e+00  nll=2.594e+00  kl=4.105e+03
  rollout L2=4.815e-01  geo²=3.613e-01    σ_R=3.470e-01  σ_ω=4.002e-01
  aux (whitened)  L_power=2.637e-02  L_V=1.575e-01  L_B=1.575e-01  L_D=1.575e-01
  subnet MSE  M=1.966e+00  V=1.374e+01  Dw=3.925e-02  g=2.528e-01
[step   4700]  loss=2.999e+00  nll=2.601e+00  kl=4.071e+03
  rollout L2=4.836e-01  geo²=3.614e-01    σ_R=3.471e-01  σ_ω=4.002e-01
  aux (whitened)  L_power=2.603e-02  L_V=1.541e-01  L_B=1.541e-01  L_D=1.541e-01
  subnet MSE  M=1.972e+00  V=1.375e+01  Dw=4.045e-02  g=2.573e-01
[step   4750]  loss=2.985e+00  nll=2.591e+00  kl=4.033e+03
  rollout L2=4.803e-01  geo²=3.613e-01    σ_R=3.471e-01  σ_ω=4.002e-01
  aux (whitened)  L_power=2.635e-02  L_V=1.613e-01  L_B=1.613e-01  L_D=1.613e-01
  subnet MSE  M=1.967e+00  V=1.371e+01  Dw=3.815e-02  g=2.566e-01
[step   4800]  loss=2.975e+00  nll=2.585e+00  kl=3.988e+03
  rollout L2=4.785e-01  geo²=3.614e-01    σ_R=3.471e-01  σ_ω=4.001e-01
  aux (whitened)  L_power=2.646e-02  L_V=1.565e-01  L_B=1.565e-01  L_D=1.565e-01
  subnet MSE  M=1.965e+00  V=1.367e+01  Dw=4.065e-02  g=2.551e-01
[step   4850]  loss=2.979e+00  nll=2.594e+00  kl=3.943e+03
  rollout L2=4.809e-01  geo²=3.616e-01    σ_R=3.471e-01  σ_ω=3.997e-01
  aux (whitened)  L_power=2.610e-02  L_V=1.557e-01  L_B=1.557e-01  L_D=1.557e-01
  subnet MSE  M=1.973e+00  V=1.377e+01  Dw=3.824e-02  g=2.551e-01
[step   4900]  loss=2.964e+00  nll=2.585e+00  kl=3.886e+03
  rollout L2=4.781e-01  geo²=3.615e-01    σ_R=3.471e-01  σ_ω=3.994e-01
  aux (whitened)  L_power=2.622e-02  L_V=1.555e-01  L_B=1.555e-01  L_D=1.555e-01
  subnet MSE  M=1.970e+00  V=1.373e+01  Dw=4.010e-02  g=2.555e-01
[step   4950]  loss=2.950e+00  nll=2.575e+00  kl=3.834e+03
  rollout L2=4.753e-01  geo²=3.613e-01    σ_R=3.471e-01  σ_ω=3.992e-01
  aux (whitened)  L_power=2.633e-02  L_V=1.551e-01  L_B=1.551e-01  L_D=1.551e-01
  subnet MSE  M=1.981e+00  V=1.369e+01  Dw=3.808e-02  g=2.554e-01
[step   5000]  loss=2.955e+00  nll=2.585e+00  kl=3.786e+03
  rollout L2=4.785e-01  geo²=3.613e-01    σ_R=3.471e-01  σ_ω=3.991e-01
  aux (whitened)  L_power=2.623e-02  L_V=1.551e-01  L_B=1.551e-01  L_D=1.551e-01
  subnet MSE  M=1.980e+00  V=1.373e+01  Dw=3.810e-02  g=2.567e-01
[step   5050]  loss=2.950e+00  nll=2.584e+00  kl=3.739e+03
  rollout L2=4.783e-01  geo²=3.613e-01    σ_R=3.471e-01  σ_ω=3.993e-01
  aux (whitened)  L_power=2.653e-02  L_V=1.572e-01  L_B=1.572e-01  L_D=1.572e-01
  subnet MSE  M=1.980e+00  V=1.371e+01  Dw=3.747e-02  g=2.529e-01
[step   5100]  loss=2.944e+00  nll=2.584e+00  kl=3.694e+03
  rollout L2=4.779e-01  geo²=3.614e-01    σ_R=3.470e-01  σ_ω=3.992e-01
  aux (whitened)  L_power=2.680e-02  L_V=1.585e-01  L_B=1.585e-01  L_D=1.585e-01
  subnet MSE  M=1.981e+00  V=1.365e+01  Dw=4.046e-02  g=2.504e-01
[step   5150]  loss=2.940e+00  nll=2.583e+00  kl=3.656e+03
  rollout L2=4.779e-01  geo²=3.612e-01    σ_R=3.471e-01  σ_ω=3.992e-01
  aux (whitened)  L_power=2.624e-02  L_V=1.558e-01  L_B=1.558e-01  L_D=1.558e-01
  subnet MSE  M=1.984e+00  V=1.374e+01  Dw=3.874e-02  g=2.579e-01
[step   5200]  loss=2.928e+00  nll=2.575e+00  kl=3.623e+03
  rollout L2=4.753e-01  geo²=3.612e-01    σ_R=3.471e-01  σ_ω=3.991e-01
  aux (whitened)  L_power=2.647e-02  L_V=1.554e-01  L_B=1.554e-01  L_D=1.554e-01
  subnet MSE  M=1.985e+00  V=1.369e+01  Dw=3.845e-02  g=2.543e-01
[step   5250]  loss=2.936e+00  nll=2.585e+00  kl=3.591e+03
  rollout L2=4.783e-01  geo²=3.616e-01    σ_R=3.471e-01  σ_ω=3.990e-01
  aux (whitened)  L_power=2.599e-02  L_V=1.559e-01  L_B=1.559e-01  L_D=1.559e-01
  subnet MSE  M=1.973e+00  V=1.381e+01  Dw=3.892e-02  g=2.592e-01
[step   5300]  loss=2.927e+00  nll=2.580e+00  kl=3.548e+03
  rollout L2=4.766e-01  geo²=3.616e-01    σ_R=3.470e-01  σ_ω=3.990e-01
  aux (whitened)  L_power=2.611e-02  L_V=1.542e-01  L_B=1.542e-01  L_D=1.542e-01
  subnet MSE  M=1.985e+00  V=1.374e+01  Dw=3.850e-02  g=2.594e-01
[step   5350]  loss=2.922e+00  nll=2.580e+00  kl=3.503e+03
  rollout L2=4.770e-01  geo²=3.613e-01    σ_R=3.471e-01  σ_ω=3.985e-01
  aux (whitened)  L_power=2.624e-02  L_V=1.549e-01  L_B=1.549e-01  L_D=1.549e-01
  subnet MSE  M=1.986e+00  V=1.377e+01  Dw=3.935e-02  g=2.562e-01
[step   5400]  loss=2.917e+00  nll=2.579e+00  kl=3.461e+03
  rollout L2=4.764e-01  geo²=3.614e-01    σ_R=3.471e-01  σ_ω=3.983e-01
  aux (whitened)  L_power=2.660e-02  L_V=1.555e-01  L_B=1.555e-01  L_D=1.555e-01
  subnet MSE  M=1.983e+00  V=1.369e+01  Dw=3.869e-02  g=2.564e-01
[step   5450]  loss=2.910e+00  nll=2.576e+00  kl=3.419e+03
  rollout L2=4.756e-01  geo²=3.613e-01    σ_R=3.471e-01  σ_ω=3.982e-01
  aux (whitened)  L_power=2.681e-02  L_V=1.554e-01  L_B=1.554e-01  L_D=1.554e-01
  subnet MSE  M=1.993e+00  V=1.363e+01  Dw=3.877e-02  g=2.551e-01
[step   5500]  loss=2.903e+00  nll=2.576e+00  kl=3.358e+03
  rollout L2=4.754e-01  geo²=3.614e-01    σ_R=3.471e-01  σ_ω=3.980e-01
  aux (whitened)  L_power=2.668e-02  L_V=1.570e-01  L_B=1.570e-01  L_D=1.570e-01
  subnet MSE  M=1.990e+00  V=1.370e+01  Dw=3.848e-02  g=2.523e-01
[step   5550]  loss=2.911e+00  nll=2.587e+00  kl=3.315e+03
  rollout L2=4.791e-01  geo²=3.614e-01    σ_R=3.471e-01  σ_ω=3.978e-01
  aux (whitened)  L_power=2.686e-02  L_V=1.569e-01  L_B=1.569e-01  L_D=1.569e-01
  subnet MSE  M=1.999e+00  V=1.368e+01  Dw=3.661e-02  g=2.519e-01
[step   5600]  loss=2.899e+00  nll=2.579e+00  kl=3.276e+03
  rollout L2=4.766e-01  geo²=3.614e-01    σ_R=3.471e-01  σ_ω=3.983e-01
  aux (whitened)  L_power=2.632e-02  L_V=1.537e-01  L_B=1.537e-01  L_D=1.537e-01
  subnet MSE  M=1.998e+00  V=1.371e+01  Dw=3.972e-02  g=2.579e-01
[step   5650]  loss=2.894e+00  nll=2.578e+00  kl=3.242e+03
  rollout L2=4.760e-01  geo²=3.614e-01    σ_R=3.471e-01  σ_ω=3.975e-01
  aux (whitened)  L_power=2.711e-02  L_V=1.566e-01  L_B=1.566e-01  L_D=1.566e-01
  subnet MSE  M=1.999e+00  V=1.358e+01  Dw=3.903e-02  g=2.541e-01
[step   5700]  loss=2.881e+00  nll=2.569e+00  kl=3.199e+03
  rollout L2=4.730e-01  geo²=3.616e-01    σ_R=3.471e-01  σ_ω=3.978e-01
  aux (whitened)  L_power=2.682e-02  L_V=1.562e-01  L_B=1.562e-01  L_D=1.562e-01
  subnet MSE  M=1.996e+00  V=1.366e+01  Dw=3.888e-02  g=2.543e-01
[step   5750]  loss=2.885e+00  nll=2.577e+00  kl=3.153e+03
  rollout L2=4.760e-01  geo²=3.613e-01    σ_R=3.471e-01  σ_ω=3.976e-01
  aux (whitened)  L_power=2.659e-02  L_V=1.560e-01  L_B=1.560e-01  L_D=1.560e-01
  subnet MSE  M=2.002e+00  V=1.371e+01  Dw=3.812e-02  g=2.557e-01
[step   5800]  loss=2.872e+00  nll=2.571e+00  kl=3.089e+03
  rollout L2=4.735e-01  geo²=3.616e-01    σ_R=3.471e-01  σ_ω=3.978e-01
  aux (whitened)  L_power=2.681e-02  L_V=1.565e-01  L_B=1.565e-01  L_D=1.565e-01
  subnet MSE  M=2.006e+00  V=1.365e+01  Dw=3.865e-02  g=2.532e-01
[step   5850]  loss=2.871e+00  nll=2.574e+00  kl=3.041e+03
  rollout L2=4.748e-01  geo²=3.613e-01    σ_R=3.471e-01  σ_ω=3.979e-01
  aux (whitened)  L_power=2.675e-02  L_V=1.551e-01  L_B=1.551e-01  L_D=1.551e-01
  subnet MSE  M=2.005e+00  V=1.364e+01  Dw=3.858e-02  g=2.559e-01
[step   5900]  loss=2.856e+00  nll=2.563e+00  kl=3.003e+03
  rollout L2=4.715e-01  geo²=3.612e-01    σ_R=3.471e-01  σ_ω=3.976e-01
  aux (whitened)  L_power=2.685e-02  L_V=1.561e-01  L_B=1.561e-01  L_D=1.561e-01
  subnet MSE  M=2.004e+00  V=1.361e+01  Dw=3.852e-02  g=2.590e-01
[step   5950]  loss=2.855e+00  nll=2.566e+00  kl=2.962e+03
  rollout L2=4.721e-01  geo²=3.615e-01    σ_R=3.471e-01  σ_ω=3.972e-01
  aux (whitened)  L_power=2.640e-02  L_V=1.544e-01  L_B=1.544e-01  L_D=1.544e-01
  subnet MSE  M=2.008e+00  V=1.373e+01  Dw=4.099e-02  g=2.586e-01
[step   6000]  loss=2.848e+00  nll=2.563e+00  kl=2.919e+03
  rollout L2=4.714e-01  geo²=3.613e-01    σ_R=3.470e-01  σ_ω=3.968e-01
  aux (whitened)  L_power=2.710e-02  L_V=1.571e-01  L_B=1.571e-01  L_D=1.571e-01
  subnet MSE  M=2.010e+00  V=1.361e+01  Dw=3.968e-02  g=2.541e-01
[step   6050]  loss=2.846e+00  nll=2.565e+00  kl=2.877e+03
  rollout L2=4.723e-01  geo²=3.613e-01    σ_R=3.471e-01  σ_ω=3.969e-01
  aux (whitened)  L_power=2.694e-02  L_V=1.553e-01  L_B=1.553e-01  L_D=1.553e-01
  subnet MSE  M=2.012e+00  V=1.364e+01  Dw=4.006e-02  g=2.560e-01
[step   6100]  loss=2.847e+00  nll=2.570e+00  kl=2.834e+03
  rollout L2=4.736e-01  geo²=3.613e-01    σ_R=3.471e-01  σ_ω=3.970e-01
  aux (whitened)  L_power=2.693e-02  L_V=1.567e-01  L_B=1.567e-01  L_D=1.567e-01
  subnet MSE  M=2.010e+00  V=1.361e+01  Dw=3.971e-02  g=2.551e-01
[step   6150]  loss=2.834e+00  nll=2.562e+00  kl=2.789e+03
  rollout L2=4.714e-01  geo²=3.612e-01    σ_R=3.471e-01  σ_ω=3.968e-01
  aux (whitened)  L_power=2.699e-02  L_V=1.565e-01  L_B=1.565e-01  L_D=1.565e-01
  subnet MSE  M=2.011e+00  V=1.362e+01  Dw=3.796e-02  g=2.544e-01
[step   6200]  loss=2.834e+00  nll=2.566e+00  kl=2.746e+03
  rollout L2=4.723e-01  geo²=3.614e-01    σ_R=3.470e-01  σ_ω=3.971e-01
  aux (whitened)  L_power=2.679e-02  L_V=1.545e-01  L_B=1.545e-01  L_D=1.545e-01
  subnet MSE  M=2.012e+00  V=1.365e+01  Dw=3.731e-02  g=2.568e-01
[step   6250]  loss=2.831e+00  nll=2.566e+00  kl=2.716e+03
  rollout L2=4.727e-01  geo²=3.612e-01    σ_R=3.471e-01  σ_ω=3.967e-01
  aux (whitened)  L_power=2.799e-02  L_V=1.572e-01  L_B=1.572e-01  L_D=1.572e-01
  subnet MSE  M=2.010e+00  V=1.339e+01  Dw=3.679e-02  g=2.538e-01
[step   6300]  loss=2.836e+00  nll=2.573e+00  kl=2.692e+03
  rollout L2=4.744e-01  geo²=3.615e-01    σ_R=3.471e-01  σ_ω=3.969e-01
  aux (whitened)  L_power=2.729e-02  L_V=1.574e-01  L_B=1.574e-01  L_D=1.574e-01
  subnet MSE  M=2.011e+00  V=1.359e+01  Dw=3.954e-02  g=2.562e-01
[step   6350]  loss=2.839e+00  nll=2.579e+00  kl=2.668e+03
  rollout L2=4.764e-01  geo²=3.614e-01    σ_R=3.471e-01  σ_ω=3.970e-01
  aux (whitened)  L_power=2.716e-02  L_V=1.579e-01  L_B=1.579e-01  L_D=1.579e-01
  subnet MSE  M=2.013e+00  V=1.363e+01  Dw=3.881e-02  g=2.532e-01
[step   6400]  loss=2.828e+00  nll=2.569e+00  kl=2.649e+03
  rollout L2=4.731e-01  geo²=3.616e-01    σ_R=3.472e-01  σ_ω=3.976e-01
  aux (whitened)  L_power=2.697e-02  L_V=1.562e-01  L_B=1.562e-01  L_D=1.562e-01
  subnet MSE  M=2.011e+00  V=1.364e+01  Dw=3.733e-02  g=2.578e-01
[step   6450]  loss=2.820e+00  nll=2.564e+00  kl=2.620e+03
  rollout L2=4.714e-01  geo²=3.616e-01    σ_R=3.471e-01  σ_ω=3.969e-01
  aux (whitened)  L_power=2.724e-02  L_V=1.592e-01  L_B=1.592e-01  L_D=1.592e-01
  subnet MSE  M=2.014e+00  V=1.365e+01  Dw=3.683e-02  g=2.517e-01
[step   6500]  loss=2.813e+00  nll=2.560e+00  kl=2.592e+03
  rollout L2=4.701e-01  geo²=3.617e-01    σ_R=3.471e-01  σ_ω=3.968e-01
  aux (whitened)  L_power=2.681e-02  L_V=1.553e-01  L_B=1.553e-01  L_D=1.553e-01
  subnet MSE  M=2.013e+00  V=1.367e+01  Dw=3.806e-02  g=2.559e-01
[step   6550]  loss=2.814e+00  nll=2.565e+00  kl=2.555e+03
  rollout L2=4.718e-01  geo²=3.615e-01    σ_R=3.471e-01  σ_ω=3.967e-01
  aux (whitened)  L_power=2.728e-02  L_V=1.554e-01  L_B=1.554e-01  L_D=1.554e-01
  subnet MSE  M=2.016e+00  V=1.353e+01  Dw=3.807e-02  g=2.562e-01
[step   6600]  loss=2.811e+00  nll=2.564e+00  kl=2.527e+03
  rollout L2=4.714e-01  geo²=3.616e-01    σ_R=3.471e-01  σ_ω=3.967e-01
  aux (whitened)  L_power=2.735e-02  L_V=1.562e-01  L_B=1.562e-01  L_D=1.562e-01
  subnet MSE  M=2.019e+00  V=1.353e+01  Dw=3.942e-02  g=2.564e-01
[step   6650]  loss=2.818e+00  nll=2.574e+00  kl=2.498e+03
  rollout L2=4.746e-01  geo²=3.616e-01    σ_R=3.472e-01  σ_ω=3.964e-01
  aux (whitened)  L_power=2.751e-02  L_V=1.589e-01  L_B=1.589e-01  L_D=1.589e-01
  subnet MSE  M=2.017e+00  V=1.355e+01  Dw=3.824e-02  g=2.535e-01
[step   6700]  loss=2.802e+00  nll=2.561e+00  kl=2.470e+03
  rollout L2=4.710e-01  geo²=3.612e-01    σ_R=3.471e-01  σ_ω=3.965e-01
  aux (whitened)  L_power=2.762e-02  L_V=1.566e-01  L_B=1.566e-01  L_D=1.566e-01
  subnet MSE  M=2.019e+00  V=1.347e+01  Dw=3.839e-02  g=2.549e-01
[step   6750]  loss=2.802e+00  nll=2.563e+00  kl=2.442e+03
  rollout L2=4.712e-01  geo²=3.616e-01    σ_R=3.471e-01  σ_ω=3.960e-01
  aux (whitened)  L_power=2.741e-02  L_V=1.580e-01  L_B=1.580e-01  L_D=1.580e-01
  subnet MSE  M=2.017e+00  V=1.357e+01  Dw=3.764e-02  g=2.546e-01
[step   6800]  loss=2.792e+00  nll=2.557e+00  kl=2.415e+03
  rollout L2=4.694e-01  geo²=3.614e-01    σ_R=3.471e-01  σ_ω=3.962e-01
  aux (whitened)  L_power=2.734e-02  L_V=1.569e-01  L_B=1.569e-01  L_D=1.569e-01
  subnet MSE  M=2.021e+00  V=1.355e+01  Dw=3.779e-02  g=2.550e-01
[step   6850]  loss=2.793e+00  nll=2.561e+00  kl=2.378e+03
  rollout L2=4.706e-01  geo²=3.615e-01    σ_R=3.471e-01  σ_ω=3.961e-01
  aux (whitened)  L_power=2.719e-02  L_V=1.582e-01  L_B=1.582e-01  L_D=1.582e-01
  subnet MSE  M=2.024e+00  V=1.363e+01  Dw=3.789e-02  g=2.531e-01
[step   6900]  loss=2.780e+00  nll=2.551e+00  kl=2.348e+03
  rollout L2=4.676e-01  geo²=3.615e-01    σ_R=3.470e-01  σ_ω=3.960e-01
  aux (whitened)  L_power=2.725e-02  L_V=1.550e-01  L_B=1.550e-01  L_D=1.550e-01
  subnet MSE  M=2.027e+00  V=1.355e+01  Dw=3.831e-02  g=2.579e-01
[step   6950]  loss=2.789e+00  nll=2.563e+00  kl=2.314e+03
  rollout L2=4.711e-01  geo²=3.615e-01    σ_R=3.472e-01  σ_ω=3.954e-01
  aux (whitened)  L_power=2.760e-02  L_V=1.770e-01  L_B=1.770e-01  L_D=1.770e-01
  subnet MSE  M=2.028e+00  V=1.346e+01  Dw=3.865e-02  g=2.564e-01
[step   7000]  loss=2.782e+00  nll=2.559e+00  kl=2.283e+03
  rollout L2=4.700e-01  geo²=3.615e-01    σ_R=3.472e-01  σ_ω=3.958e-01
  aux (whitened)  L_power=2.724e-02  L_V=1.563e-01  L_B=1.563e-01  L_D=1.563e-01
  subnet MSE  M=2.029e+00  V=1.356e+01  Dw=3.888e-02  g=2.555e-01
[step   7050]  loss=2.779e+00  nll=2.559e+00  kl=2.252e+03
  rollout L2=4.706e-01  geo²=3.610e-01    σ_R=3.471e-01  σ_ω=3.959e-01
  aux (whitened)  L_power=2.760e-02  L_V=1.569e-01  L_B=1.569e-01  L_D=1.569e-01
  subnet MSE  M=2.031e+00  V=1.349e+01  Dw=3.847e-02  g=2.548e-01
[step   7100]  loss=2.775e+00  nll=2.557e+00  kl=2.224e+03
  rollout L2=4.695e-01  geo²=3.615e-01    σ_R=3.471e-01  σ_ω=3.957e-01
  aux (whitened)  L_power=2.740e-02  L_V=1.562e-01  L_B=1.562e-01  L_D=1.562e-01
  subnet MSE  M=2.034e+00  V=1.353e+01  Dw=3.846e-02  g=2.541e-01
[step   7150]  loss=2.776e+00  nll=2.561e+00  kl=2.196e+03
  rollout L2=4.707e-01  geo²=3.615e-01    σ_R=3.471e-01  σ_ω=3.954e-01
  aux (whitened)  L_power=2.695e-02  L_V=1.535e-01  L_B=1.535e-01  L_D=1.535e-01
  subnet MSE  M=2.036e+00  V=1.363e+01  Dw=3.838e-02  g=2.598e-01
[step   7200]  loss=2.769e+00  nll=2.557e+00  kl=2.174e+03
  rollout L2=4.695e-01  geo²=3.613e-01    σ_R=3.471e-01  σ_ω=3.950e-01
  aux (whitened)  L_power=2.797e-02  L_V=1.596e-01  L_B=1.596e-01  L_D=1.596e-01
  subnet MSE  M=2.037e+00  V=1.345e+01  Dw=4.046e-02  g=2.494e-01
[step   7250]  loss=2.757e+00  nll=2.547e+00  kl=2.151e+03
  rollout L2=4.665e-01  geo²=3.612e-01    σ_R=3.470e-01  σ_ω=3.949e-01
  aux (whitened)  L_power=2.763e-02  L_V=1.585e-01  L_B=1.585e-01  L_D=1.585e-01
  subnet MSE  M=2.037e+00  V=1.354e+01  Dw=3.882e-02  g=2.520e-01
[step   7300]  loss=2.769e+00  nll=2.561e+00  kl=2.129e+03
  rollout L2=4.707e-01  geo²=3.614e-01    σ_R=3.470e-01  σ_ω=3.953e-01
  aux (whitened)  L_power=2.784e-02  L_V=1.609e-01  L_B=1.609e-01  L_D=1.609e-01
  subnet MSE  M=2.037e+00  V=1.355e+01  Dw=3.710e-02  g=2.480e-01
[step   7350]  loss=2.767e+00  nll=2.561e+00  kl=2.102e+03
  rollout L2=4.709e-01  geo²=3.613e-01    σ_R=3.470e-01  σ_ω=3.951e-01
  aux (whitened)  L_power=2.738e-02  L_V=1.540e-01  L_B=1.540e-01  L_D=1.540e-01
  subnet MSE  M=2.038e+00  V=1.353e+01  Dw=3.849e-02  g=2.596e-01
[step   7400]  loss=2.757e+00  nll=2.554e+00  kl=2.075e+03
  rollout L2=4.686e-01  geo²=3.614e-01    σ_R=3.472e-01  σ_ω=3.948e-01
  aux (whitened)  L_power=2.747e-02  L_V=1.566e-01  L_B=1.566e-01  L_D=1.566e-01
  subnet MSE  M=2.039e+00  V=1.354e+01  Dw=3.994e-02  g=2.555e-01
[step   7450]  loss=2.755e+00  nll=2.555e+00  kl=2.048e+03
  rollout L2=4.692e-01  geo²=3.612e-01    σ_R=3.470e-01  σ_ω=3.948e-01
  aux (whitened)  L_power=2.757e-02  L_V=1.590e-01  L_B=1.590e-01  L_D=1.590e-01
  subnet MSE  M=2.039e+00  V=1.356e+01  Dw=3.981e-02  g=2.519e-01
[step   7500]  loss=2.750e+00  nll=2.553e+00  kl=2.022e+03
  rollout L2=4.685e-01  geo²=3.612e-01    σ_R=3.470e-01  σ_ω=3.947e-01
  aux (whitened)  L_power=2.767e-02  L_V=1.561e-01  L_B=1.561e-01  L_D=1.561e-01
  subnet MSE  M=2.038e+00  V=1.350e+01  Dw=3.995e-02  g=2.572e-01
[step   7550]  loss=2.753e+00  nll=2.558e+00  kl=1.996e+03
  rollout L2=4.700e-01  geo²=3.613e-01    σ_R=3.471e-01  σ_ω=3.946e-01
  aux (whitened)  L_power=2.734e-02  L_V=1.573e-01  L_B=1.573e-01  L_D=1.573e-01
  subnet MSE  M=2.041e+00  V=1.359e+01  Dw=4.096e-02  g=2.555e-01
[step   7600]  loss=2.745e+00  nll=2.552e+00  kl=1.974e+03
  rollout L2=4.678e-01  geo²=3.614e-01    σ_R=3.471e-01  σ_ω=3.944e-01
  aux (whitened)  L_power=2.722e-02  L_V=1.572e-01  L_B=1.572e-01  L_D=1.572e-01
  subnet MSE  M=2.041e+00  V=1.364e+01  Dw=3.929e-02  g=2.555e-01
[step   7650]  loss=2.737e+00  nll=2.546e+00  kl=1.952e+03
  rollout L2=4.661e-01  geo²=3.614e-01    σ_R=3.471e-01  σ_ω=3.940e-01
  aux (whitened)  L_power=2.728e-02  L_V=1.603e-01  L_B=1.603e-01  L_D=1.603e-01
  subnet MSE  M=2.042e+00  V=1.367e+01  Dw=4.079e-02  g=2.528e-01
[step   7700]  loss=2.740e+00  nll=2.552e+00  kl=1.931e+03
  rollout L2=4.677e-01  geo²=3.615e-01    σ_R=3.469e-01  σ_ω=3.941e-01
  aux (whitened)  L_power=2.796e-02  L_V=1.556e-01  L_B=1.556e-01  L_D=1.556e-01
  subnet MSE  M=2.042e+00  V=1.343e+01  Dw=3.884e-02  g=2.587e-01
[step   7750]  loss=2.730e+00  nll=2.543e+00  kl=1.909e+03
  rollout L2=4.656e-01  geo²=3.612e-01    σ_R=3.471e-01  σ_ω=3.942e-01
  aux (whitened)  L_power=2.766e-02  L_V=1.563e-01  L_B=1.563e-01  L_D=1.563e-01
  subnet MSE  M=2.044e+00  V=1.350e+01  Dw=4.036e-02  g=2.563e-01
[step   7800]  loss=2.740e+00  nll=2.556e+00  kl=1.890e+03
  rollout L2=4.693e-01  geo²=3.612e-01    σ_R=3.470e-01  σ_ω=3.940e-01
  aux (whitened)  L_power=2.798e-02  L_V=1.583e-01  L_B=1.583e-01  L_D=1.583e-01
  subnet MSE  M=2.044e+00  V=1.346e+01  Dw=3.758e-02  g=2.522e-01
[step   7850]  loss=2.720e+00  nll=2.538e+00  kl=1.865e+03
  rollout L2=4.637e-01  geo²=3.613e-01    σ_R=3.470e-01  σ_ω=3.934e-01
  aux (whitened)  L_power=2.784e-02  L_V=1.563e-01  L_B=1.563e-01  L_D=1.563e-01
  subnet MSE  M=2.045e+00  V=1.347e+01  Dw=4.042e-02  g=2.565e-01
[step   7900]  loss=2.727e+00  nll=2.546e+00  kl=1.848e+03
  rollout L2=4.661e-01  geo²=3.614e-01    σ_R=3.470e-01  σ_ω=3.938e-01
  aux (whitened)  L_power=2.790e-02  L_V=1.576e-01  L_B=1.576e-01  L_D=1.576e-01
  subnet MSE  M=2.045e+00  V=1.345e+01  Dw=4.139e-02  g=2.545e-01
[step   7950]  loss=2.717e+00  nll=2.539e+00  kl=1.828e+03
  rollout L2=4.639e-01  geo²=3.613e-01    σ_R=3.470e-01  σ_ω=3.938e-01
  aux (whitened)  L_power=2.781e-02  L_V=1.578e-01  L_B=1.578e-01  L_D=1.578e-01
  subnet MSE  M=2.047e+00  V=1.348e+01  Dw=4.160e-02  g=2.546e-01
[step   8000]  loss=2.720e+00  nll=2.543e+00  kl=1.807e+03
  rollout L2=4.656e-01  geo²=3.611e-01    σ_R=3.472e-01  σ_ω=3.935e-01
  aux (whitened)  L_power=2.803e-02  L_V=1.564e-01  L_B=1.564e-01  L_D=1.564e-01
  subnet MSE  M=2.047e+00  V=1.342e+01  Dw=4.077e-02  g=2.567e-01
[step   8050]  loss=2.717e+00  nll=2.543e+00  kl=1.784e+03
  rollout L2=4.651e-01  geo²=3.615e-01    σ_R=3.470e-01  σ_ω=3.937e-01
  aux (whitened)  L_power=2.776e-02  L_V=1.565e-01  L_B=1.565e-01  L_D=1.565e-01
  subnet MSE  M=2.047e+00  V=1.349e+01  Dw=4.014e-02  g=2.566e-01
[step   8100]  loss=2.715e+00  nll=2.543e+00  kl=1.756e+03
  rollout L2=4.653e-01  geo²=3.613e-01    σ_R=3.471e-01  σ_ω=3.931e-01
  aux (whitened)  L_power=2.829e-02  L_V=1.609e-01  L_B=1.609e-01  L_D=1.609e-01
  subnet MSE  M=2.047e+00  V=1.346e+01  Dw=3.940e-02  g=2.506e-01
[step   8150]  loss=2.709e+00  nll=2.538e+00  kl=1.744e+03
  rollout L2=4.636e-01  geo²=3.615e-01    σ_R=3.471e-01  σ_ω=3.939e-01
  aux (whitened)  L_power=2.771e-02  L_V=1.573e-01  L_B=1.573e-01  L_D=1.573e-01
  subnet MSE  M=2.048e+00  V=1.351e+01  Dw=3.875e-02  g=2.553e-01
[step   8200]  loss=2.708e+00  nll=2.539e+00  kl=1.734e+03
  rollout L2=4.637e-01  geo²=3.614e-01    σ_R=3.470e-01  σ_ω=3.937e-01
  aux (whitened)  L_power=2.730e-02  L_V=1.752e-01  L_B=1.752e-01  L_D=1.752e-01
  subnet MSE  M=2.048e+00  V=1.361e+01  Dw=3.938e-02  g=2.557e-01
[step   8250]  loss=2.711e+00  nll=2.543e+00  kl=1.720e+03
  rollout L2=4.653e-01  geo²=3.614e-01    σ_R=3.471e-01  σ_ω=3.930e-01
  aux (whitened)  L_power=2.776e-02  L_V=1.587e-01  L_B=1.587e-01  L_D=1.587e-01
  subnet MSE  M=2.050e+00  V=1.353e+01  Dw=4.120e-02  g=2.555e-01
[step   8300]  loss=2.708e+00  nll=2.542e+00  kl=1.700e+03
  rollout L2=4.647e-01  geo²=3.615e-01    σ_R=3.471e-01  σ_ω=3.930e-01
  aux (whitened)  L_power=2.791e-02  L_V=1.562e-01  L_B=1.562e-01  L_D=1.562e-01
  subnet MSE  M=2.050e+00  V=1.346e+01  Dw=4.208e-02  g=2.578e-01
[step   8350]  loss=2.698e+00  nll=2.533e+00  kl=1.685e+03
  rollout L2=4.623e-01  geo²=3.613e-01    σ_R=3.470e-01  σ_ω=3.934e-01
  aux (whitened)  L_power=2.769e-02  L_V=1.570e-01  L_B=1.570e-01  L_D=1.570e-01
  subnet MSE  M=2.051e+00  V=1.350e+01  Dw=4.239e-02  g=2.543e-01
[step   8400]  loss=2.697e+00  nll=2.535e+00  kl=1.667e+03
  rollout L2=4.624e-01  geo²=3.615e-01    σ_R=3.470e-01  σ_ω=3.927e-01
  aux (whitened)  L_power=2.793e-02  L_V=1.566e-01  L_B=1.566e-01  L_D=1.566e-01
  subnet MSE  M=2.051e+00  V=1.346e+01  Dw=4.218e-02  g=2.561e-01
[step   8450]  loss=2.706e+00  nll=2.545e+00  kl=1.649e+03
  rollout L2=4.660e-01  geo²=3.612e-01    σ_R=3.471e-01  σ_ω=3.929e-01
  aux (whitened)  L_power=2.792e-02  L_V=1.564e-01  L_B=1.564e-01  L_D=1.564e-01
  subnet MSE  M=2.052e+00  V=1.345e+01  Dw=4.177e-02  g=2.574e-01
[step   8500]  loss=2.691e+00  nll=2.532e+00  kl=1.632e+03
  rollout L2=4.615e-01  geo²=3.615e-01    σ_R=3.471e-01  σ_ω=3.924e-01
  aux (whitened)  L_power=2.782e-02  L_V=1.574e-01  L_B=1.574e-01  L_D=1.574e-01
  subnet MSE  M=2.053e+00  V=1.352e+01  Dw=4.121e-02  g=2.561e-01
[step   8550]  loss=2.689e+00  nll=2.531e+00  kl=1.615e+03
  rollout L2=4.613e-01  geo²=3.615e-01    σ_R=3.473e-01  σ_ω=3.925e-01
  aux (whitened)  L_power=2.777e-02  L_V=1.589e-01  L_B=1.589e-01  L_D=1.589e-01
  subnet MSE  M=2.052e+00  V=1.353e+01  Dw=4.111e-02  g=2.553e-01
[step   8600]  loss=2.688e+00  nll=2.532e+00  kl=1.596e+03
  rollout L2=4.618e-01  geo²=3.614e-01    σ_R=3.470e-01  σ_ω=3.924e-01
  aux (whitened)  L_power=2.776e-02  L_V=1.581e-01  L_B=1.581e-01  L_D=1.581e-01
  subnet MSE  M=2.052e+00  V=1.354e+01  Dw=4.010e-02  g=2.535e-01
[step   8650]  loss=2.683e+00  nll=2.529e+00  kl=1.579e+03
  rollout L2=4.609e-01  geo²=3.613e-01    σ_R=3.471e-01  σ_ω=3.928e-01
  aux (whitened)  L_power=2.789e-02  L_V=1.567e-01  L_B=1.567e-01  L_D=1.567e-01
  subnet MSE  M=2.054e+00  V=1.345e+01  Dw=4.055e-02  g=2.560e-01
[step   8700]  loss=2.687e+00  nll=2.534e+00  kl=1.570e+03
  rollout L2=4.624e-01  geo²=3.613e-01    σ_R=3.470e-01  σ_ω=3.924e-01
  aux (whitened)  L_power=2.773e-02  L_V=1.568e-01  L_B=1.568e-01  L_D=1.568e-01
  subnet MSE  M=2.052e+00  V=1.352e+01  Dw=4.060e-02  g=2.557e-01
[step   8750]  loss=2.688e+00  nll=2.536e+00  kl=1.559e+03
  rollout L2=4.633e-01  geo²=3.612e-01    σ_R=3.470e-01  σ_ω=3.926e-01
  aux (whitened)  L_power=2.795e-02  L_V=1.597e-01  L_B=1.597e-01  L_D=1.597e-01
  subnet MSE  M=2.052e+00  V=1.348e+01  Dw=4.048e-02  g=2.534e-01
[step   8800]  loss=2.688e+00  nll=2.537e+00  kl=1.546e+03
  rollout L2=4.631e-01  geo²=3.614e-01    σ_R=3.471e-01  σ_ω=3.922e-01
  aux (whitened)  L_power=2.785e-02  L_V=1.587e-01  L_B=1.587e-01  L_D=1.587e-01
  subnet MSE  M=2.053e+00  V=1.353e+01  Dw=4.005e-02  g=2.545e-01
[step   8850]  loss=2.681e+00  nll=2.531e+00  kl=1.534e+03
  rollout L2=4.615e-01  geo²=3.614e-01    σ_R=3.471e-01  σ_ω=3.921e-01
  aux (whitened)  L_power=2.772e-02  L_V=1.573e-01  L_B=1.573e-01  L_D=1.573e-01
  subnet MSE  M=2.053e+00  V=1.354e+01  Dw=4.065e-02  g=2.561e-01
[step   8900]  loss=2.683e+00  nll=2.534e+00  kl=1.524e+03
  rollout L2=4.625e-01  geo²=3.614e-01    σ_R=3.471e-01  σ_ω=3.921e-01
  aux (whitened)  L_power=2.830e-02  L_V=1.592e-01  L_B=1.592e-01  L_D=1.592e-01
  subnet MSE  M=2.055e+00  V=1.341e+01  Dw=4.229e-02  g=2.543e-01
[step   8950]  loss=2.678e+00  nll=2.530e+00  kl=1.516e+03
  rollout L2=4.611e-01  geo²=3.614e-01    σ_R=3.471e-01  σ_ω=3.925e-01
  aux (whitened)  L_power=2.762e-02  L_V=1.560e-01  L_B=1.560e-01  L_D=1.560e-01
  subnet MSE  M=2.055e+00  V=1.351e+01  Dw=4.044e-02  g=2.569e-01
[step   9000]  loss=2.679e+00  nll=2.532e+00  kl=1.505e+03
  rollout L2=4.618e-01  geo²=3.615e-01    σ_R=3.471e-01  σ_ω=3.929e-01
  aux (whitened)  L_power=2.773e-02  L_V=1.574e-01  L_B=1.574e-01  L_D=1.574e-01
  subnet MSE  M=2.055e+00  V=1.349e+01  Dw=4.314e-02  g=2.552e-01
[step   9050]  loss=2.689e+00  nll=2.544e+00  kl=1.490e+03
  rollout L2=4.653e-01  geo²=3.614e-01    σ_R=3.470e-01  σ_ω=3.931e-01
  aux (whitened)  L_power=2.754e-02  L_V=1.562e-01  L_B=1.562e-01  L_D=1.562e-01
  subnet MSE  M=2.055e+00  V=1.353e+01  Dw=4.086e-02  g=2.570e-01
[step   9100]  loss=2.682e+00  nll=2.538e+00  kl=1.482e+03
  rollout L2=4.635e-01  geo²=3.614e-01    σ_R=3.471e-01  σ_ω=3.934e-01
  aux (whitened)  L_power=2.793e-02  L_V=1.564e-01  L_B=1.564e-01  L_D=1.564e-01
  subnet MSE  M=2.054e+00  V=1.343e+01  Dw=4.136e-02  g=2.574e-01
[step   9150]  loss=2.676e+00  nll=2.532e+00  kl=1.472e+03
  rollout L2=4.616e-01  geo²=3.615e-01    σ_R=3.470e-01  σ_ω=3.927e-01
  aux (whitened)  L_power=2.818e-02  L_V=1.596e-01  L_B=1.596e-01  L_D=1.596e-01
  subnet MSE  M=2.054e+00  V=1.345e+01  Dw=4.122e-02  g=2.524e-01
[step   9200]  loss=2.674e+00  nll=2.531e+00  kl=1.465e+03
  rollout L2=4.611e-01  geo²=3.616e-01    σ_R=3.470e-01  σ_ω=3.920e-01
  aux (whitened)  L_power=2.829e-02  L_V=1.591e-01  L_B=1.591e-01  L_D=1.591e-01
  subnet MSE  M=2.055e+00  V=1.342e+01  Dw=4.082e-02  g=2.544e-01
[step   9250]  loss=2.670e+00  nll=2.528e+00  kl=1.456e+03
  rollout L2=4.604e-01  geo²=3.614e-01    σ_R=3.472e-01  σ_ω=3.921e-01
  aux (whitened)  L_power=2.777e-02  L_V=1.601e-01  L_B=1.601e-01  L_D=1.601e-01
  subnet MSE  M=2.056e+00  V=1.353e+01  Dw=4.220e-02  g=2.528e-01
[step   9300]  loss=2.672e+00  nll=2.530e+00  kl=1.448e+03
  rollout L2=4.612e-01  geo²=3.614e-01    σ_R=3.471e-01  σ_ω=3.922e-01
  aux (whitened)  L_power=2.770e-02  L_V=1.577e-01  L_B=1.577e-01  L_D=1.577e-01
  subnet MSE  M=2.058e+00  V=1.353e+01  Dw=4.141e-02  g=2.568e-01
[step   9350]  loss=2.669e+00  nll=2.528e+00  kl=1.441e+03
  rollout L2=4.605e-01  geo²=3.614e-01    σ_R=3.470e-01  σ_ω=3.924e-01
  aux (whitened)  L_power=2.789e-02  L_V=1.577e-01  L_B=1.577e-01  L_D=1.577e-01
  subnet MSE  M=2.056e+00  V=1.348e+01  Dw=3.990e-02  g=2.570e-01
[step   9400]  loss=2.668e+00  nll=2.527e+00  kl=1.434e+03
  rollout L2=4.600e-01  geo²=3.617e-01    σ_R=3.472e-01  σ_ω=3.923e-01
  aux (whitened)  L_power=2.726e-02  L_V=1.561e-01  L_B=1.561e-01  L_D=1.561e-01
  subnet MSE  M=2.060e+00  V=1.363e+01  Dw=4.248e-02  g=2.617e-01
[step   9450]  loss=2.673e+00  nll=2.533e+00  kl=1.428e+03
  rollout L2=4.623e-01  geo²=3.613e-01    σ_R=3.471e-01  σ_ω=3.927e-01
  aux (whitened)  L_power=2.788e-02  L_V=1.561e-01  L_B=1.561e-01  L_D=1.561e-01
  subnet MSE  M=2.060e+00  V=1.344e+01  Dw=4.035e-02  g=2.594e-01
[step   9500]  loss=2.669e+00  nll=2.530e+00  kl=1.423e+03
  rollout L2=4.611e-01  geo²=3.614e-01    σ_R=3.470e-01  σ_ω=3.922e-01
  aux (whitened)  L_power=2.814e-02  L_V=1.720e-01  L_B=1.720e-01  L_D=1.720e-01
  subnet MSE  M=2.058e+00  V=1.345e+01  Dw=4.318e-02  g=2.537e-01
[step   9550]  loss=2.668e+00  nll=2.530e+00  kl=1.415e+03
  rollout L2=4.612e-01  geo²=3.613e-01    σ_R=3.471e-01  σ_ω=3.926e-01
  aux (whitened)  L_power=2.792e-02  L_V=1.577e-01  L_B=1.577e-01  L_D=1.577e-01
  subnet MSE  M=2.061e+00  V=1.345e+01  Dw=4.185e-02  g=2.561e-01
[step   9600]  loss=2.669e+00  nll=2.531e+00  kl=1.409e+03
  rollout L2=4.614e-01  geo²=3.614e-01    σ_R=3.470e-01  σ_ω=3.922e-01
  aux (whitened)  L_power=2.780e-02  L_V=1.575e-01  L_B=1.575e-01  L_D=1.575e-01
  subnet MSE  M=2.059e+00  V=1.351e+01  Dw=4.193e-02  g=2.579e-01
[step   9650]  loss=2.674e+00  nll=2.537e+00  kl=1.403e+03
  rollout L2=4.632e-01  geo²=3.616e-01    σ_R=3.472e-01  σ_ω=3.921e-01
  aux (whitened)  L_power=2.772e-02  L_V=1.583e-01  L_B=1.583e-01  L_D=1.583e-01
  subnet MSE  M=2.059e+00  V=1.355e+01  Dw=4.222e-02  g=2.553e-01
[step   9700]  loss=2.668e+00  nll=2.532e+00  kl=1.397e+03
  rollout L2=4.615e-01  geo²=3.615e-01    σ_R=3.470e-01  σ_ω=3.932e-01
  aux (whitened)  L_power=2.787e-02  L_V=1.571e-01  L_B=1.571e-01  L_D=1.571e-01
  subnet MSE  M=2.059e+00  V=1.343e+01  Dw=4.214e-02  g=2.587e-01
[step   9750]  loss=2.665e+00  nll=2.529e+00  kl=1.389e+03
  rollout L2=4.606e-01  geo²=3.616e-01    σ_R=3.472e-01  σ_ω=3.922e-01
  aux (whitened)  L_power=2.789e-02  L_V=1.601e-01  L_B=1.601e-01  L_D=1.601e-01
  subnet MSE  M=2.058e+00  V=1.348e+01  Dw=4.344e-02  g=2.550e-01
[step   9800]  loss=2.673e+00  nll=2.538e+00  kl=1.382e+03
  rollout L2=4.629e-01  geo²=3.618e-01    σ_R=3.472e-01  σ_ω=3.924e-01
  aux (whitened)  L_power=2.744e-02  L_V=1.580e-01  L_B=1.580e-01  L_D=1.580e-01
  subnet MSE  M=2.059e+00  V=1.358e+01  Dw=4.127e-02  g=2.564e-01
[step   9850]  loss=2.669e+00  nll=2.535e+00  kl=1.377e+03
  rollout L2=4.625e-01  geo²=3.614e-01    σ_R=3.472e-01  σ_ω=3.923e-01
  aux (whitened)  L_power=2.818e-02  L_V=1.597e-01  L_B=1.597e-01  L_D=1.597e-01
  subnet MSE  M=2.058e+00  V=1.343e+01  Dw=4.389e-02  g=2.539e-01
[step   9900]  loss=2.660e+00  nll=2.526e+00  kl=1.371e+03
  rollout L2=4.599e-01  geo²=3.613e-01    σ_R=3.471e-01  σ_ω=3.924e-01
  aux (whitened)  L_power=2.789e-02  L_V=1.597e-01  L_B=1.597e-01  L_D=1.597e-01
  subnet MSE  M=2.058e+00  V=1.348e+01  Dw=4.271e-02  g=2.524e-01
[step   9950]  loss=2.659e+00  nll=2.526e+00  kl=1.364e+03
  rollout L2=4.597e-01  geo²=3.616e-01    σ_R=3.472e-01  σ_ω=3.929e-01
  aux (whitened)  L_power=2.773e-02  L_V=1.564e-01  L_B=1.564e-01  L_D=1.564e-01
  subnet MSE  M=2.060e+00  V=1.348e+01  Dw=4.335e-02  g=2.583e-01
[step  10000]  loss=2.655e+00  nll=2.523e+00  kl=1.357e+03
  rollout L2=4.589e-01  geo²=3.614e-01    σ_R=3.466e-01  σ_ω=3.917e-01
  aux (whitened)  L_power=2.814e-02  L_V=1.620e-01  L_B=1.620e-01  L_D=1.620e-01
  subnet MSE  M=2.059e+00  V=1.351e+01  Dw=4.363e-02  g=2.501e-01
