Run dir : /mnt/data/thribhuvan/Projects/stochastic_port_hamiltonian/Final/SPHNP v2/src/models/3D_SO3_Windy_Pendulum/ph_gp_ode/data/run_wp3d_jax/obs0p01_fric0p5_wind0p5_ext0-sine_lP0_lV0_lB0_lD0_lr0p001_s10000_np5_smp64_T20_seed0_randu7_G0p5-0p7-0p1_w_260609-223847
model contains 10850 parameters
Loaded data from /mnt/data/thribhuvan/Projects/stochastic_port_hamiltonian/Final/SPHNP v2/datasets/data/windy_pendulum_3d/wp3d_dataset_extforce-sine-std0p0_fric0p5_var_fricFalse_obs_noise0p01_wind_force0p5_random_uTrue_uScale7p0_G_0p5_0p7_0p1_steps20.pkl
  dt = 0.0500  h = 0.0050  n_outer = 4  B_train = 2560  T_obs = 5
[step      0]  loss=6.362e+01  nll=6.362e+01  kl=7.304e+03
  rollout L2=1.426e+00  geo²=1.208e-02    σ_R=1.000e-01  σ_ω=1.000e-01
  aux (whitened)  L_power=4.654e-01  L_V=2.968e+00  L_B=2.968e+00  L_D=2.968e+00
  subnet MSE  M=2.045e+00  V=2.382e+01  Dw=6.519e-03  g=3.283e-01
[step     50]  loss=4.132e+01  nll=4.129e+01  kl=7.338e+03
  rollout L2=1.065e+00  geo²=9.088e-03    σ_R=9.584e-02  σ_ω=1.042e-01
  aux (whitened)  L_power=3.348e-01  L_V=2.398e+00  L_B=2.398e+00  L_D=2.398e+00
  subnet MSE  M=1.903e+00  V=2.353e+01  Dw=9.255e-03  g=2.687e-01
[step    100]  loss=2.903e+01  nll=2.896e+01  kl=7.372e+03
  rollout L2=8.708e-01  geo²=7.534e-03    σ_R=9.125e-02  σ_ω=1.087e-01
  aux (whitened)  L_power=2.418e-01  L_V=1.957e+00  L_B=1.957e+00  L_D=1.957e+00
  subnet MSE  M=1.800e+00  V=2.320e+01  Dw=1.608e-02  g=2.635e-01
[step    150]  loss=2.153e+01  nll=2.142e+01  kl=7.396e+03
  rollout L2=7.385e-01  geo²=6.386e-03    σ_R=8.761e-02  σ_ω=1.122e-01
  aux (whitened)  L_power=1.828e-01  L_V=1.623e+00  L_B=1.623e+00  L_D=1.623e+00
  subnet MSE  M=1.746e+00  V=2.269e+01  Dw=2.406e-02  g=2.661e-01
[step    200]  loss=1.603e+01  nll=1.589e+01  kl=7.416e+03
  rollout L2=6.383e-01  geo²=5.592e-03    σ_R=8.377e-02  σ_ω=1.156e-01
  aux (whitened)  L_power=1.358e-01  L_V=1.332e+00  L_B=1.332e+00  L_D=1.332e+00
  subnet MSE  M=1.740e+00  V=2.176e+01  Dw=3.080e-02  g=2.649e-01
[step    250]  loss=1.180e+01  nll=1.162e+01  kl=7.431e+03
  rollout L2=5.528e-01  geo²=4.913e-03    σ_R=8.063e-02  σ_ω=1.185e-01
  aux (whitened)  L_power=1.058e-01  L_V=1.132e+00  L_B=1.132e+00  L_D=1.132e+00
  subnet MSE  M=1.729e+00  V=2.073e+01  Dw=3.268e-02  g=2.688e-01
[step    300]  loss=9.584e+00  nll=9.366e+00  kl=7.441e+03
  rollout L2=5.089e-01  geo²=4.556e-03    σ_R=7.810e-02  σ_ω=1.207e-01
  aux (whitened)  L_power=8.840e-02  L_V=9.953e-01  L_B=9.953e-01  L_D=9.953e-01
  subnet MSE  M=1.732e+00  V=2.000e+01  Dw=3.437e-02  g=2.697e-01
[step    350]  loss=7.729e+00  nll=7.475e+00  kl=7.448e+03
  rollout L2=4.701e-01  geo²=4.274e-03    σ_R=7.575e-02  σ_ω=1.226e-01
  aux (whitened)  L_power=7.559e-02  L_V=9.529e-01  L_B=9.529e-01  L_D=9.529e-01
  subnet MSE  M=1.740e+00  V=1.932e+01  Dw=3.576e-02  g=2.638e-01
[step    400]  loss=6.102e+00  nll=5.811e+00  kl=7.454e+03
  rollout L2=4.344e-01  geo²=4.002e-03    σ_R=7.351e-02  σ_ω=1.245e-01
  aux (whitened)  L_power=6.562e-02  L_V=8.273e-01  L_B=8.273e-01  L_D=8.273e-01
  subnet MSE  M=1.723e+00  V=1.876e+01  Dw=3.604e-02  g=2.646e-01
[step    450]  loss=4.921e+00  nll=4.594e+00  kl=7.460e+03
  rollout L2=4.093e-01  geo²=3.786e-03    σ_R=7.136e-02  σ_ω=1.263e-01
  aux (whitened)  L_power=5.754e-02  L_V=7.613e-01  L_B=7.613e-01  L_D=7.613e-01
  subnet MSE  M=1.697e+00  V=1.823e+01  Dw=3.567e-02  g=2.661e-01
[step    500]  loss=3.898e+00  nll=3.534e+00  kl=7.466e+03
  rollout L2=3.869e-01  geo²=3.619e-03    σ_R=6.929e-02  σ_ω=1.279e-01
  aux (whitened)  L_power=5.187e-02  L_V=7.248e-01  L_B=7.248e-01  L_D=7.248e-01
  subnet MSE  M=1.690e+00  V=1.770e+01  Dw=3.734e-02  g=2.634e-01
[step    550]  loss=2.462e+00  nll=2.061e+00  kl=7.471e+03
  rollout L2=3.513e-01  geo²=3.379e-03    σ_R=6.681e-02  σ_ω=1.299e-01
  aux (whitened)  L_power=4.746e-02  L_V=6.980e-01  L_B=6.980e-01  L_D=6.980e-01
  subnet MSE  M=1.661e+00  V=1.722e+01  Dw=3.681e-02  g=2.609e-01
[step    600]  loss=1.573e+00  nll=1.135e+00  kl=7.476e+03
  rollout L2=3.338e-01  geo²=3.214e-03    σ_R=6.401e-02  σ_ω=1.322e-01
  aux (whitened)  L_power=4.044e-02  L_V=6.152e-01  L_B=6.152e-01  L_D=6.152e-01
  subnet MSE  M=1.637e+00  V=1.695e+01  Dw=3.844e-02  g=2.687e-01
[step    650]  loss=1.098e+00  nll=6.234e-01  kl=7.480e+03
  rollout L2=3.245e-01  geo²=3.135e-03    σ_R=6.221e-02  σ_ω=1.337e-01
  aux (whitened)  L_power=3.990e-02  L_V=5.985e-01  L_B=5.985e-01  L_D=5.985e-01
  subnet MSE  M=1.660e+00  V=1.657e+01  Dw=3.695e-02  g=2.622e-01
[step    700]  loss=5.289e-02  nll=-4.588e-01  kl=7.486e+03
  rollout L2=2.999e-01  geo²=2.917e-03    σ_R=5.930e-02  σ_ω=1.363e-01
  aux (whitened)  L_power=3.490e-02  L_V=5.466e-01  L_B=5.466e-01  L_D=5.466e-01
  subnet MSE  M=1.632e+00  V=1.614e+01  Dw=3.570e-02  g=2.639e-01
[step    750]  loss=-7.189e-01  nll=-1.267e+00  kl=7.490e+03
  rollout L2=2.809e-01  geo²=2.787e-03    σ_R=5.693e-02  σ_ω=1.386e-01
  aux (whitened)  L_power=3.288e-02  L_V=5.279e-01  L_B=5.279e-01  L_D=5.279e-01
  subnet MSE  M=1.606e+00  V=1.592e+01  Dw=3.386e-02  g=2.591e-01
[step    800]  loss=-1.269e+00  nll=-1.854e+00  kl=7.494e+03
  rollout L2=2.681e-01  geo²=2.700e-03    σ_R=5.481e-02  σ_ω=1.406e-01
  aux (whitened)  L_power=2.970e-02  L_V=4.887e-01  L_B=4.887e-01  L_D=4.887e-01
  subnet MSE  M=1.606e+00  V=1.573e+01  Dw=3.382e-02  g=2.606e-01
[step    850]  loss=-1.714e+00  nll=-2.337e+00  kl=7.497e+03
  rollout L2=2.587e-01  geo²=2.621e-03    σ_R=5.265e-02  σ_ω=1.427e-01
  aux (whitened)  L_power=2.785e-02  L_V=4.538e-01  L_B=4.538e-01  L_D=4.538e-01
  subnet MSE  M=1.611e+00  V=1.550e+01  Dw=3.431e-02  g=2.605e-01
[step    900]  loss=-2.287e+00  nll=-2.946e+00  kl=7.501e+03
  rollout L2=2.454e-01  geo²=2.521e-03    σ_R=5.012e-02  σ_ω=1.454e-01
  aux (whitened)  L_power=2.534e-02  L_V=4.194e-01  L_B=4.194e-01  L_D=4.194e-01
  subnet MSE  M=1.631e+00  V=1.526e+01  Dw=3.540e-02  g=2.617e-01
[step    950]  loss=-2.887e+00  nll=-3.583e+00  kl=7.504e+03
  rollout L2=2.285e-01  geo²=2.373e-03    σ_R=4.801e-02  σ_ω=1.478e-01
  aux (whitened)  L_power=2.299e-02  L_V=3.820e-01  L_B=3.820e-01  L_D=3.820e-01
  subnet MSE  M=1.625e+00  V=1.502e+01  Dw=3.543e-02  g=2.639e-01
[step   1000]  loss=-3.219e+00  nll=-3.952e+00  kl=7.506e+03
  rollout L2=2.204e-01  geo²=2.309e-03    σ_R=4.620e-02  σ_ω=1.498e-01
  aux (whitened)  L_power=2.255e-02  L_V=3.789e-01  L_B=3.789e-01  L_D=3.789e-01
  subnet MSE  M=1.615e+00  V=1.487e+01  Dw=3.495e-02  g=2.605e-01
[step   1050]  loss=-3.797e+00  nll=-4.531e+00  kl=7.509e+03
  rollout L2=2.035e-01  geo²=2.187e-03    σ_R=4.425e-02  σ_ω=1.520e-01
  aux (whitened)  L_power=2.039e-02  L_V=3.447e-01  L_B=3.447e-01  L_D=3.447e-01
  subnet MSE  M=1.615e+00  V=1.459e+01  Dw=3.653e-02  g=2.614e-01
[step   1100]  loss=-4.216e+00  nll=-4.949e+00  kl=7.510e+03
  rollout L2=1.946e-01  geo²=2.102e-03    σ_R=4.185e-02  σ_ω=1.550e-01
  aux (whitened)  L_power=1.918e-02  L_V=3.183e-01  L_B=3.183e-01  L_D=3.183e-01
  subnet MSE  M=1.621e+00  V=1.441e+01  Dw=3.677e-02  g=2.629e-01
[step   1150]  loss=-4.549e+00  nll=-5.282e+00  kl=7.511e+03
  rollout L2=1.866e-01  geo²=2.033e-03    σ_R=4.009e-02  σ_ω=1.573e-01
  aux (whitened)  L_power=1.703e-02  L_V=2.892e-01  L_B=2.892e-01  L_D=2.892e-01
  subnet MSE  M=1.610e+00  V=1.424e+01  Dw=3.594e-02  g=2.695e-01
[step   1200]  loss=-5.050e+00  nll=-5.783e+00  kl=7.512e+03
  rollout L2=1.724e-01  geo²=1.941e-03    σ_R=3.770e-02  σ_ω=1.606e-01
  aux (whitened)  L_power=1.636e-02  L_V=2.655e-01  L_B=2.655e-01  L_D=2.655e-01
  subnet MSE  M=1.604e+00  V=1.425e+01  Dw=3.509e-02  g=2.638e-01
[step   1250]  loss=-5.404e+00  nll=-6.138e+00  kl=7.512e+03
  rollout L2=1.631e-01  geo²=1.874e-03    σ_R=3.562e-02  σ_ω=1.637e-01
  aux (whitened)  L_power=1.628e-02  L_V=2.571e-01  L_B=2.571e-01  L_D=2.571e-01
  subnet MSE  M=1.618e+00  V=1.398e+01  Dw=3.513e-02  g=2.572e-01
[step   1300]  loss=-5.745e+00  nll=-6.479e+00  kl=7.512e+03
  rollout L2=1.522e-01  geo²=1.779e-03    σ_R=3.418e-02  σ_ω=1.659e-01
  aux (whitened)  L_power=1.481e-02  L_V=2.458e-01  L_B=2.458e-01  L_D=2.458e-01
  subnet MSE  M=1.596e+00  V=1.384e+01  Dw=3.335e-02  g=2.600e-01
[step   1350]  loss=-5.958e+00  nll=-6.691e+00  kl=7.511e+03
  rollout L2=1.471e-01  geo²=1.730e-03    σ_R=3.264e-02  σ_ω=1.683e-01
  aux (whitened)  L_power=1.414e-02  L_V=2.220e-01  L_B=2.220e-01  L_D=2.220e-01
  subnet MSE  M=1.610e+00  V=1.381e+01  Dw=3.420e-02  g=2.593e-01
[step   1400]  loss=-6.250e+00  nll=-6.983e+00  kl=7.508e+03
  rollout L2=1.378e-01  geo²=1.659e-03    σ_R=3.103e-02  σ_ω=1.709e-01
  aux (whitened)  L_power=1.337e-02  L_V=2.112e-01  L_B=2.112e-01  L_D=2.112e-01
  subnet MSE  M=1.605e+00  V=1.361e+01  Dw=3.448e-02  g=2.595e-01
[step   1450]  loss=-6.179e+00  nll=-6.912e+00  kl=7.506e+03
  rollout L2=1.432e-01  geo²=1.706e-03    σ_R=3.022e-02  σ_ω=1.722e-01
  aux (whitened)  L_power=1.266e-02  L_V=1.994e-01  L_B=1.994e-01  L_D=1.994e-01
  subnet MSE  M=1.620e+00  V=1.367e+01  Dw=3.368e-02  g=2.644e-01
[step   1500]  loss=-6.545e+00  nll=-7.278e+00  kl=7.503e+03
  rollout L2=1.280e-01  geo²=1.600e-03    σ_R=2.924e-02  σ_ω=1.738e-01
  aux (whitened)  L_power=1.328e-02  L_V=2.069e-01  L_B=2.069e-01  L_D=2.069e-01
  subnet MSE  M=1.615e+00  V=1.360e+01  Dw=3.436e-02  g=2.576e-01
[step   1550]  loss=-6.610e+00  nll=-7.343e+00  kl=7.501e+03
  rollout L2=1.268e-01  geo²=1.582e-03    σ_R=2.855e-02  σ_ω=1.749e-01
  aux (whitened)  L_power=1.285e-02  L_V=1.944e-01  L_B=1.944e-01  L_D=1.944e-01
  subnet MSE  M=1.590e+00  V=1.365e+01  Dw=3.349e-02  g=2.587e-01
[step   1600]  loss=-6.732e+00  nll=-7.465e+00  kl=7.497e+03
  rollout L2=1.228e-01  geo²=1.548e-03    σ_R=2.775e-02  σ_ω=1.760e-01
  aux (whitened)  L_power=1.368e-02  L_V=7.792e-01  L_B=7.792e-01  L_D=7.792e-01
  subnet MSE  M=1.602e+00  V=1.356e+01  Dw=3.473e-02  g=2.511e-01
[step   1650]  loss=-6.924e+00  nll=-7.656e+00  kl=7.492e+03
  rollout L2=1.156e-01  geo²=1.498e-03    σ_R=2.671e-02  σ_ω=1.774e-01
  aux (whitened)  L_power=1.220e-02  L_V=1.802e-01  L_B=1.802e-01  L_D=1.802e-01
  subnet MSE  M=1.606e+00  V=1.347e+01  Dw=3.386e-02  g=2.568e-01
[step   1700]  loss=-7.137e+00  nll=-7.868e+00  kl=7.484e+03
  rollout L2=1.081e-01  geo²=1.425e-03    σ_R=2.558e-02  σ_ω=1.785e-01
  aux (whitened)  L_power=1.183e-02  L_V=1.711e-01  L_B=1.711e-01  L_D=1.711e-01
  subnet MSE  M=1.612e+00  V=1.331e+01  Dw=3.353e-02  g=2.555e-01
[step   1750]  loss=-7.327e+00  nll=-8.057e+00  kl=7.471e+03
  rollout L2=1.011e-01  geo²=1.379e-03    σ_R=2.423e-02  σ_ω=1.794e-01
  aux (whitened)  L_power=1.147e-02  L_V=1.639e-01  L_B=1.639e-01  L_D=1.639e-01
  subnet MSE  M=1.611e+00  V=1.313e+01  Dw=3.254e-02  g=2.559e-01
[step   1800]  loss=-7.522e+00  nll=-8.250e+00  kl=7.461e+03
  rollout L2=9.361e-02  geo²=1.314e-03    σ_R=2.344e-02  σ_ω=1.794e-01
  aux (whitened)  L_power=1.104e-02  L_V=1.554e-01  L_B=1.554e-01  L_D=1.554e-01
  subnet MSE  M=1.613e+00  V=1.305e+01  Dw=3.242e-02  g=2.584e-01
[step   1850]  loss=-7.747e+00  nll=-8.473e+00  kl=7.439e+03
  rollout L2=8.527e-02  geo²=1.248e-03    σ_R=2.227e-02  σ_ω=1.785e-01
  aux (whitened)  L_power=1.082e-02  L_V=1.479e-01  L_B=1.479e-01  L_D=1.479e-01
  subnet MSE  M=1.630e+00  V=1.284e+01  Dw=3.200e-02  g=2.595e-01
[step   1900]  loss=-7.960e+00  nll=-8.684e+00  kl=7.414e+03
  rollout L2=7.739e-02  geo²=1.189e-03    σ_R=2.134e-02  σ_ω=1.764e-01
  aux (whitened)  L_power=1.193e-02  L_V=1.593e-01  L_B=1.593e-01  L_D=1.593e-01
  subnet MSE  M=1.635e+00  V=1.280e+01  Dw=3.129e-02  g=2.552e-01
[step   1950]  loss=-8.101e+00  nll=-8.822e+00  kl=7.383e+03
  rollout L2=7.256e-02  geo²=1.157e-03    σ_R=2.057e-02  σ_ω=1.730e-01
  aux (whitened)  L_power=1.260e-02  L_V=1.671e-01  L_B=1.671e-01  L_D=1.671e-01
  subnet MSE  M=1.645e+00  V=1.277e+01  Dw=3.158e-02  g=2.525e-01
[step   2000]  loss=-8.192e+00  nll=-8.911e+00  kl=7.353e+03
  rollout L2=7.051e-02  geo²=1.126e-03    σ_R=2.011e-02  σ_ω=1.698e-01
  aux (whitened)  L_power=1.312e-02  L_V=1.698e-01  L_B=1.698e-01  L_D=1.698e-01
  subnet MSE  M=1.665e+00  V=1.261e+01  Dw=3.118e-02  g=2.515e-01
[step   2050]  loss=-8.339e+00  nll=-9.052e+00  kl=7.301e+03
  rollout L2=6.559e-02  geo²=1.104e-03    σ_R=1.952e-02  σ_ω=1.640e-01
  aux (whitened)  L_power=1.369e-02  L_V=1.759e-01  L_B=1.759e-01  L_D=1.759e-01
  subnet MSE  M=1.659e+00  V=1.270e+01  Dw=3.198e-02  g=2.539e-01
[step   2100]  loss=-8.491e+00  nll=-9.197e+00  kl=7.229e+03
  rollout L2=6.188e-02  geo²=1.069e-03    σ_R=1.902e-02  σ_ω=1.563e-01
  aux (whitened)  L_power=1.441e-02  L_V=1.845e-01  L_B=1.845e-01  L_D=1.845e-01
  subnet MSE  M=1.696e+00  V=1.252e+01  Dw=3.211e-02  g=2.561e-01
[step   2150]  loss=-8.624e+00  nll=-9.324e+00  kl=7.168e+03
  rollout L2=5.867e-02  geo²=1.039e-03    σ_R=1.880e-02  σ_ω=1.510e-01
  aux (whitened)  L_power=1.555e-02  L_V=1.978e-01  L_B=1.978e-01  L_D=1.978e-01
  subnet MSE  M=1.704e+00  V=1.243e+01  Dw=3.217e-02  g=2.547e-01
[step   2200]  loss=-8.701e+00  nll=-9.394e+00  kl=7.098e+03
  rollout L2=5.669e-02  geo²=1.030e-03    σ_R=1.862e-02  σ_ω=1.460e-01
  aux (whitened)  L_power=1.666e-02  L_V=2.115e-01  L_B=2.115e-01  L_D=2.115e-01
  subnet MSE  M=1.721e+00  V=1.245e+01  Dw=3.245e-02  g=2.566e-01
[step   2250]  loss=-8.781e+00  nll=-9.468e+00  kl=7.027e+03
  rollout L2=5.512e-02  geo²=1.012e-03    σ_R=1.848e-02  σ_ω=1.419e-01
  aux (whitened)  L_power=1.767e-02  L_V=2.251e-01  L_B=2.251e-01  L_D=2.251e-01
  subnet MSE  M=1.709e+00  V=1.241e+01  Dw=3.224e-02  g=2.539e-01
[step   2300]  loss=-8.820e+00  nll=-9.500e+00  kl=6.962e+03
  rollout L2=5.424e-02  geo²=1.008e-03    σ_R=1.838e-02  σ_ω=1.389e-01
  aux (whitened)  L_power=1.816e-02  L_V=2.311e-01  L_B=2.311e-01  L_D=2.311e-01
  subnet MSE  M=1.726e+00  V=1.240e+01  Dw=3.245e-02  g=2.544e-01
[step   2350]  loss=-8.874e+00  nll=-9.548e+00  kl=6.910e+03
  rollout L2=5.282e-02  geo²=1.002e-03    σ_R=1.831e-02  σ_ω=1.370e-01
  aux (whitened)  L_power=1.845e-02  L_V=2.345e-01  L_B=2.345e-01  L_D=2.345e-01
  subnet MSE  M=1.734e+00  V=1.232e+01  Dw=3.302e-02  g=2.555e-01
[step   2400]  loss=-8.896e+00  nll=-9.566e+00  kl=6.861e+03
  rollout L2=5.268e-02  geo²=9.945e-04    σ_R=1.823e-02  σ_ω=1.354e-01
  aux (whitened)  L_power=1.881e-02  L_V=2.395e-01  L_B=2.395e-01  L_D=2.395e-01
  subnet MSE  M=1.736e+00  V=1.242e+01  Dw=3.288e-02  g=2.559e-01
[step   2450]  loss=-8.959e+00  nll=-9.625e+00  kl=6.818e+03
  rollout L2=5.115e-02  geo²=9.841e-04    σ_R=1.817e-02  σ_ω=1.340e-01
  aux (whitened)  L_power=1.890e-02  L_V=2.405e-01  L_B=2.405e-01  L_D=2.405e-01
  subnet MSE  M=1.733e+00  V=1.235e+01  Dw=3.324e-02  g=2.556e-01
[step   2500]  loss=-8.972e+00  nll=-9.633e+00  kl=6.769e+03
  rollout L2=5.096e-02  geo²=9.835e-04    σ_R=1.813e-02  σ_ω=1.328e-01
  aux (whitened)  L_power=1.971e-02  L_V=2.503e-01  L_B=2.503e-01  L_D=2.503e-01
  subnet MSE  M=1.732e+00  V=1.239e+01  Dw=3.339e-02  g=2.537e-01
[step   2550]  loss=-8.985e+00  nll=-9.642e+00  kl=6.724e+03
  rollout L2=5.078e-02  geo²=9.816e-04    σ_R=1.807e-02  σ_ω=1.316e-01
  aux (whitened)  L_power=2.064e-02  L_V=2.619e-01  L_B=2.619e-01  L_D=2.619e-01
  subnet MSE  M=1.752e+00  V=1.237e+01  Dw=3.410e-02  g=2.528e-01
[step   2600]  loss=-9.034e+00  nll=-9.686e+00  kl=6.680e+03
  rollout L2=4.981e-02  geo²=9.713e-04    σ_R=1.802e-02  σ_ω=1.306e-01
  aux (whitened)  L_power=2.055e-02  L_V=2.612e-01  L_B=2.612e-01  L_D=2.612e-01
  subnet MSE  M=1.744e+00  V=1.233e+01  Dw=3.372e-02  g=2.539e-01
[step   2650]  loss=-9.029e+00  nll=-9.679e+00  kl=6.658e+03
  rollout L2=4.990e-02  geo²=9.741e-04    σ_R=1.800e-02  σ_ω=1.302e-01
  aux (whitened)  L_power=2.037e-02  L_V=2.591e-01  L_B=2.591e-01  L_D=2.591e-01
  subnet MSE  M=1.747e+00  V=1.234e+01  Dw=3.372e-02  g=2.548e-01
[step   2700]  loss=-9.073e+00  nll=-9.720e+00  kl=6.630e+03
  rollout L2=4.889e-02  geo²=9.675e-04    σ_R=1.797e-02  σ_ω=1.297e-01
  aux (whitened)  L_power=2.063e-02  L_V=2.629e-01  L_B=2.629e-01  L_D=2.629e-01
  subnet MSE  M=1.745e+00  V=1.233e+01  Dw=3.408e-02  g=2.533e-01
[step   2750]  loss=-9.059e+00  nll=-9.704e+00  kl=6.596e+03
  rollout L2=4.935e-02  geo²=9.695e-04    σ_R=1.796e-02  σ_ω=1.291e-01
  aux (whitened)  L_power=2.039e-02  L_V=2.594e-01  L_B=2.594e-01  L_D=2.594e-01
  subnet MSE  M=1.748e+00  V=1.232e+01  Dw=3.385e-02  g=2.564e-01
[step   2800]  loss=-9.081e+00  nll=-9.722e+00  kl=6.565e+03
  rollout L2=4.893e-02  geo²=9.656e-04    σ_R=1.793e-02  σ_ω=1.286e-01
  aux (whitened)  L_power=2.103e-02  L_V=2.670e-01  L_B=2.670e-01  L_D=2.670e-01
  subnet MSE  M=1.743e+00  V=1.233e+01  Dw=3.404e-02  g=2.544e-01
[step   2850]  loss=-9.158e+00  nll=-9.794e+00  kl=6.515e+03
  rollout L2=4.755e-02  geo²=9.471e-04    σ_R=1.786e-02  σ_ω=1.277e-01
  aux (whitened)  L_power=2.189e-02  L_V=2.779e-01  L_B=2.779e-01  L_D=2.779e-01
  subnet MSE  M=1.748e+00  V=1.231e+01  Dw=3.396e-02  g=2.529e-01
[step   2900]  loss=-9.187e+00  nll=-9.818e+00  kl=6.460e+03
  rollout L2=4.694e-02  geo²=9.439e-04    σ_R=1.782e-02  σ_ω=1.267e-01
  aux (whitened)  L_power=2.189e-02  L_V=2.783e-01  L_B=2.783e-01  L_D=2.783e-01
  subnet MSE  M=1.760e+00  V=1.231e+01  Dw=3.446e-02  g=2.541e-01
[step   2950]  loss=-9.192e+00  nll=-9.818e+00  kl=6.411e+03
  rollout L2=4.690e-02  geo²=9.449e-04    σ_R=1.776e-02  σ_ω=1.258e-01
  aux (whitened)  L_power=2.238e-02  L_V=2.837e-01  L_B=2.837e-01  L_D=2.837e-01
  subnet MSE  M=1.740e+00  V=1.230e+01  Dw=3.429e-02  g=2.528e-01
[step   3000]  loss=-9.224e+00  nll=-9.845e+00  kl=6.359e+03
  rollout L2=4.627e-02  geo²=9.406e-04    σ_R=1.770e-02  σ_ω=1.248e-01
  aux (whitened)  L_power=2.306e-02  L_V=2.917e-01  L_B=2.917e-01  L_D=2.917e-01
  subnet MSE  M=1.741e+00  V=1.225e+01  Dw=3.461e-02  g=2.519e-01
[step   3050]  loss=-9.259e+00  nll=-9.877e+00  kl=6.325e+03
  rollout L2=4.566e-02  geo²=9.333e-04    σ_R=1.767e-02  σ_ω=1.243e-01
  aux (whitened)  L_power=2.344e-02  L_V=2.963e-01  L_B=2.963e-01  L_D=2.963e-01
  subnet MSE  M=1.754e+00  V=1.229e+01  Dw=3.463e-02  g=2.515e-01
[step   3100]  loss=-9.291e+00  nll=-9.905e+00  kl=6.288e+03
  rollout L2=4.504e-02  geo²=9.287e-04    σ_R=1.765e-02  σ_ω=1.237e-01
  aux (whitened)  L_power=2.322e-02  L_V=2.949e-01  L_B=2.949e-01  L_D=2.949e-01
  subnet MSE  M=1.738e+00  V=1.219e+01  Dw=3.456e-02  g=2.528e-01
[step   3150]  loss=-9.291e+00  nll=-9.901e+00  kl=6.240e+03
  rollout L2=4.504e-02  geo²=9.315e-04    σ_R=1.760e-02  σ_ω=1.230e-01
  aux (whitened)  L_power=2.254e-02  L_V=2.863e-01  L_B=2.863e-01  L_D=2.863e-01
  subnet MSE  M=1.732e+00  V=1.227e+01  Dw=3.406e-02  g=2.548e-01
[step   3200]  loss=-9.320e+00  nll=-9.925e+00  kl=6.197e+03
  rollout L2=4.451e-02  geo²=9.273e-04    σ_R=1.756e-02  σ_ω=1.224e-01
  aux (whitened)  L_power=2.347e-02  L_V=2.977e-01  L_B=2.977e-01  L_D=2.977e-01
  subnet MSE  M=1.733e+00  V=1.220e+01  Dw=3.427e-02  g=2.538e-01
[step   3250]  loss=-9.366e+00  nll=-9.967e+00  kl=6.154e+03
  rollout L2=4.367e-02  geo²=9.187e-04    σ_R=1.751e-02  σ_ω=1.215e-01
  aux (whitened)  L_power=2.386e-02  L_V=3.011e-01  L_B=3.011e-01  L_D=3.011e-01
  subnet MSE  M=1.726e+00  V=1.217e+01  Dw=3.432e-02  g=2.529e-01
[step   3300]  loss=-9.389e+00  nll=-9.987e+00  kl=6.122e+03
  rollout L2=4.332e-02  geo²=9.141e-04    σ_R=1.749e-02  σ_ω=1.210e-01
  aux (whitened)  L_power=2.402e-02  L_V=3.035e-01  L_B=3.035e-01  L_D=3.035e-01
  subnet MSE  M=1.726e+00  V=1.220e+01  Dw=3.450e-02  g=2.528e-01
[step   3350]  loss=-9.402e+00  nll=-9.996e+00  kl=6.079e+03
  rollout L2=4.333e-02  geo²=9.087e-04    σ_R=1.744e-02  σ_ω=1.203e-01
  aux (whitened)  L_power=2.394e-02  L_V=3.045e-01  L_B=3.045e-01  L_D=3.045e-01
  subnet MSE  M=1.713e+00  V=1.216e+01  Dw=3.452e-02  g=2.536e-01
[step   3400]  loss=-9.425e+00  nll=-1.002e+01  kl=6.056e+03
  rollout L2=4.283e-02  geo²=9.065e-04    σ_R=1.744e-02  σ_ω=1.200e-01
  aux (whitened)  L_power=2.402e-02  L_V=3.046e-01  L_B=3.046e-01  L_D=3.046e-01
  subnet MSE  M=1.725e+00  V=1.215e+01  Dw=3.455e-02  g=2.545e-01
[step   3450]  loss=-9.440e+00  nll=-1.003e+01  kl=6.011e+03
  rollout L2=4.249e-02  geo²=9.075e-04    σ_R=1.737e-02  σ_ω=1.193e-01
  aux (whitened)  L_power=2.464e-02  L_V=3.112e-01  L_B=3.112e-01  L_D=3.112e-01
  subnet MSE  M=1.711e+00  V=1.217e+01  Dw=3.478e-02  g=2.529e-01
[step   3500]  loss=-9.473e+00  nll=-1.006e+01  kl=5.984e+03
  rollout L2=4.184e-02  geo²=9.029e-04    σ_R=1.738e-02  σ_ω=1.189e-01
  aux (whitened)  L_power=2.509e-02  L_V=3.165e-01  L_B=3.165e-01  L_D=3.165e-01
  subnet MSE  M=1.712e+00  V=1.219e+01  Dw=3.462e-02  g=2.521e-01
[step   3550]  loss=-9.484e+00  nll=-1.007e+01  kl=5.957e+03
  rollout L2=4.166e-02  geo²=9.020e-04    σ_R=1.736e-02  σ_ω=1.186e-01
  aux (whitened)  L_power=2.521e-02  L_V=3.180e-01  L_B=3.180e-01  L_D=3.180e-01
  subnet MSE  M=1.715e+00  V=1.212e+01  Dw=3.488e-02  g=2.521e-01
[step   3600]  loss=-9.503e+00  nll=-1.008e+01  kl=5.930e+03
  rollout L2=4.134e-02  geo²=8.988e-04    σ_R=1.731e-02  σ_ω=1.182e-01
  aux (whitened)  L_power=2.407e-02  L_V=3.043e-01  L_B=3.043e-01  L_D=3.043e-01
  subnet MSE  M=1.713e+00  V=1.215e+01  Dw=3.483e-02  g=2.554e-01
[step   3650]  loss=-9.478e+00  nll=-1.006e+01  kl=5.913e+03
  rollout L2=4.184e-02  geo²=9.045e-04    σ_R=1.732e-02  σ_ω=1.180e-01
  aux (whitened)  L_power=2.458e-02  L_V=3.104e-01  L_B=3.104e-01  L_D=3.104e-01
  subnet MSE  M=1.703e+00  V=1.215e+01  Dw=3.484e-02  g=2.543e-01
[step   3700]  loss=-9.528e+00  nll=-1.010e+01  kl=5.882e+03
  rollout L2=4.109e-02  geo²=8.923e-04    σ_R=1.727e-02  σ_ω=1.176e-01
  aux (whitened)  L_power=2.545e-02  L_V=3.209e-01  L_B=3.209e-01  L_D=3.209e-01
  subnet MSE  M=1.705e+00  V=1.212e+01  Dw=3.480e-02  g=2.523e-01
[step   3750]  loss=-9.541e+00  nll=-1.011e+01  kl=5.852e+03
  rollout L2=4.081e-02  geo²=8.929e-04    σ_R=1.726e-02  σ_ω=1.171e-01
  aux (whitened)  L_power=2.572e-02  L_V=3.246e-01  L_B=3.246e-01  L_D=3.246e-01
  subnet MSE  M=1.710e+00  V=1.215e+01  Dw=3.490e-02  g=2.529e-01
[step   3800]  loss=-9.551e+00  nll=-1.012e+01  kl=5.828e+03
  rollout L2=4.068e-02  geo²=8.909e-04    σ_R=1.722e-02  σ_ω=1.167e-01
  aux (whitened)  L_power=2.477e-02  L_V=3.129e-01  L_B=3.129e-01  L_D=3.129e-01
  subnet MSE  M=1.700e+00  V=1.215e+01  Dw=3.476e-02  g=2.557e-01
[step   3850]  loss=-9.553e+00  nll=-1.012e+01  kl=5.810e+03
  rollout L2=4.060e-02  geo²=8.925e-04    σ_R=1.721e-02  σ_ω=1.165e-01
  aux (whitened)  L_power=2.491e-02  L_V=3.150e-01  L_B=3.150e-01  L_D=3.150e-01
  subnet MSE  M=1.700e+00  V=1.216e+01  Dw=3.467e-02  g=2.560e-01
[step   3900]  loss=-9.599e+00  nll=-1.016e+01  kl=5.795e+03
  rollout L2=3.980e-02  geo²=8.840e-04    σ_R=1.720e-02  σ_ω=1.162e-01
  aux (whitened)  L_power=2.462e-02  L_V=3.125e-01  L_B=3.125e-01  L_D=3.125e-01
  subnet MSE  M=1.678e+00  V=1.211e+01  Dw=3.438e-02  g=2.548e-01
[step   3950]  loss=-9.575e+00  nll=-1.014e+01  kl=5.781e+03
  rollout L2=4.037e-02  geo²=8.863e-04    σ_R=1.718e-02  σ_ω=1.160e-01
  aux (whitened)  L_power=2.512e-02  L_V=3.180e-01  L_B=3.180e-01  L_D=3.180e-01
  subnet MSE  M=1.695e+00  V=1.216e+01  Dw=3.482e-02  g=2.549e-01
[step   4000]  loss=-9.591e+00  nll=-1.015e+01  kl=5.762e+03
  rollout L2=4.001e-02  geo²=8.856e-04    σ_R=1.716e-02  σ_ω=1.158e-01
  aux (whitened)  L_power=2.632e-02  L_V=3.319e-01  L_B=3.319e-01  L_D=3.319e-01
  subnet MSE  M=1.693e+00  V=1.212e+01  Dw=3.494e-02  g=2.530e-01
[step   4050]  loss=-9.621e+00  nll=-1.018e+01  kl=5.737e+03
  rollout L2=3.958e-02  geo²=8.790e-04    σ_R=1.715e-02  σ_ω=1.153e-01
  aux (whitened)  L_power=2.613e-02  L_V=3.297e-01  L_B=3.297e-01  L_D=3.297e-01
  subnet MSE  M=1.681e+00  V=1.209e+01  Dw=3.526e-02  g=2.534e-01
[step   4100]  loss=-9.614e+00  nll=-1.017e+01  kl=5.723e+03
  rollout L2=3.969e-02  geo²=8.818e-04    σ_R=1.714e-02  σ_ω=1.152e-01
  aux (whitened)  L_power=2.606e-02  L_V=3.287e-01  L_B=3.287e-01  L_D=3.287e-01
  subnet MSE  M=1.687e+00  V=1.214e+01  Dw=3.508e-02  g=2.531e-01
[step   4150]  loss=-9.643e+00  nll=-1.020e+01  kl=5.706e+03
  rollout L2=3.921e-02  geo²=8.760e-04    σ_R=1.713e-02  σ_ω=1.150e-01
  aux (whitened)  L_power=2.613e-02  L_V=3.308e-01  L_B=3.308e-01  L_D=3.308e-01
  subnet MSE  M=1.682e+00  V=1.215e+01  Dw=3.502e-02  g=2.538e-01
[step   4200]  loss=-9.615e+00  nll=-1.017e+01  kl=5.687e+03
  rollout L2=3.981e-02  geo²=8.804e-04    σ_R=1.712e-02  σ_ω=1.148e-01
  aux (whitened)  L_power=2.674e-02  L_V=3.377e-01  L_B=3.377e-01  L_D=3.377e-01
  subnet MSE  M=1.682e+00  V=1.210e+01  Dw=3.568e-02  g=2.518e-01
[step   4250]  loss=-9.626e+00  nll=-1.018e+01  kl=5.671e+03
  rollout L2=3.962e-02  geo²=8.789e-04    σ_R=1.712e-02  σ_ω=1.148e-01
  aux (whitened)  L_power=2.660e-02  L_V=3.357e-01  L_B=3.357e-01  L_D=3.357e-01
  subnet MSE  M=1.694e+00  V=1.212e+01  Dw=3.550e-02  g=2.527e-01
[step   4300]  loss=-9.637e+00  nll=-1.019e+01  kl=5.656e+03
  rollout L2=3.941e-02  geo²=8.779e-04    σ_R=1.710e-02  σ_ω=1.146e-01
  aux (whitened)  L_power=2.657e-02  L_V=3.370e-01  L_B=3.370e-01  L_D=3.370e-01
  subnet MSE  M=1.696e+00  V=1.213e+01  Dw=3.543e-02  g=2.526e-01
[step   4350]  loss=-9.639e+00  nll=-1.019e+01  kl=5.640e+03
  rollout L2=3.938e-02  geo²=8.787e-04    σ_R=1.712e-02  σ_ω=1.145e-01
  aux (whitened)  L_power=2.627e-02  L_V=3.324e-01  L_B=3.324e-01  L_D=3.324e-01
  subnet MSE  M=1.686e+00  V=1.212e+01  Dw=3.557e-02  g=2.535e-01
[step   4400]  loss=-9.645e+00  nll=-1.019e+01  kl=5.622e+03
  rollout L2=3.924e-02  geo²=8.793e-04    σ_R=1.710e-02  σ_ω=1.143e-01
  aux (whitened)  L_power=2.680e-02  L_V=3.389e-01  L_B=3.389e-01  L_D=3.389e-01
  subnet MSE  M=1.675e+00  V=1.213e+01  Dw=3.553e-02  g=2.522e-01
[step   4450]  loss=-9.660e+00  nll=-1.021e+01  kl=5.611e+03
  rollout L2=3.909e-02  geo²=8.745e-04    σ_R=1.710e-02  σ_ω=1.143e-01
  aux (whitened)  L_power=2.750e-02  L_V=3.473e-01  L_B=3.473e-01  L_D=3.473e-01
  subnet MSE  M=1.694e+00  V=1.216e+01  Dw=3.532e-02  g=2.520e-01
[step   4500]  loss=-9.671e+00  nll=-1.022e+01  kl=5.593e+03
  rollout L2=3.890e-02  geo²=8.731e-04    σ_R=1.708e-02  σ_ω=1.143e-01
  aux (whitened)  L_power=2.606e-02  L_V=3.297e-01  L_B=3.297e-01  L_D=3.297e-01
  subnet MSE  M=1.682e+00  V=1.214e+01  Dw=3.566e-02  g=2.540e-01
[step   4550]  loss=-9.669e+00  nll=-1.021e+01  kl=5.570e+03
  rollout L2=3.884e-02  geo²=8.770e-04    σ_R=1.705e-02  σ_ω=1.138e-01
  aux (whitened)  L_power=2.683e-02  L_V=3.381e-01  L_B=3.381e-01  L_D=3.381e-01
  subnet MSE  M=1.683e+00  V=1.214e+01  Dw=3.559e-02  g=2.531e-01
[step   4600]  loss=-9.690e+00  nll=-1.023e+01  kl=5.557e+03
  rollout L2=3.856e-02  geo²=8.718e-04    σ_R=1.704e-02  σ_ω=1.136e-01
  aux (whitened)  L_power=2.677e-02  L_V=3.377e-01  L_B=3.377e-01  L_D=3.377e-01
  subnet MSE  M=1.671e+00  V=1.210e+01  Dw=3.549e-02  g=2.540e-01
[step   4650]  loss=-9.677e+00  nll=-1.022e+01  kl=5.543e+03
  rollout L2=3.887e-02  geo²=8.737e-04    σ_R=1.704e-02  σ_ω=1.135e-01
  aux (whitened)  L_power=2.650e-02  L_V=3.342e-01  L_B=3.342e-01  L_D=3.342e-01
  subnet MSE  M=1.678e+00  V=1.212e+01  Dw=3.601e-02  g=2.543e-01
[step   4700]  loss=-9.655e+00  nll=-1.019e+01  kl=5.531e+03
  rollout L2=3.930e-02  geo²=8.774e-04    σ_R=1.711e-02  σ_ω=1.139e-01
  aux (whitened)  L_power=2.584e-02  L_V=3.268e-01  L_B=3.268e-01  L_D=3.268e-01
  subnet MSE  M=1.678e+00  V=1.215e+01  Dw=3.579e-02  g=2.555e-01
[step   4750]  loss=-9.652e+00  nll=-1.019e+01  kl=5.520e+03
  rollout L2=3.944e-02  geo²=8.764e-04    σ_R=1.709e-02  σ_ω=1.142e-01
  aux (whitened)  L_power=2.675e-02  L_V=3.381e-01  L_B=3.381e-01  L_D=3.381e-01
  subnet MSE  M=1.674e+00  V=1.214e+01  Dw=3.617e-02  g=2.530e-01
[step   4800]  loss=-9.654e+00  nll=-1.019e+01  kl=5.510e+03
  rollout L2=3.927e-02  geo²=8.796e-04    σ_R=1.709e-02  σ_ω=1.141e-01
  aux (whitened)  L_power=2.574e-02  L_V=3.263e-01  L_B=3.263e-01  L_D=3.263e-01
  subnet MSE  M=1.679e+00  V=1.217e+01  Dw=3.604e-02  g=2.549e-01
[step   4850]  loss=-9.647e+00  nll=-1.018e+01  kl=5.500e+03
  rollout L2=3.942e-02  geo²=8.807e-04    σ_R=1.712e-02  σ_ω=1.144e-01
  aux (whitened)  L_power=2.635e-02  L_V=3.346e-01  L_B=3.346e-01  L_D=3.346e-01
  subnet MSE  M=1.687e+00  V=1.220e+01  Dw=3.572e-02  g=2.532e-01
[step   4900]  loss=-9.652e+00  nll=-1.019e+01  kl=5.484e+03
  rollout L2=3.940e-02  geo²=8.794e-04    σ_R=1.711e-02  σ_ω=1.146e-01
  aux (whitened)  L_power=2.562e-02  L_V=3.242e-01  L_B=3.242e-01  L_D=3.242e-01
  subnet MSE  M=1.673e+00  V=1.221e+01  Dw=3.567e-02  g=2.552e-01
[step   4950]  loss=-9.665e+00  nll=-1.020e+01  kl=5.472e+03
  rollout L2=3.918e-02  geo²=8.773e-04    σ_R=1.710e-02  σ_ω=1.146e-01
  aux (whitened)  L_power=2.461e-02  L_V=3.144e-01  L_B=3.144e-01  L_D=3.144e-01
  subnet MSE  M=1.682e+00  V=1.217e+01  Dw=3.627e-02  g=2.572e-01
[step   5000]  loss=-9.652e+00  nll=-1.019e+01  kl=5.462e+03
  rollout L2=3.948e-02  geo²=8.789e-04    σ_R=1.712e-02  σ_ω=1.148e-01
  aux (whitened)  L_power=2.545e-02  L_V=3.232e-01  L_B=3.232e-01  L_D=3.232e-01
  subnet MSE  M=1.674e+00  V=1.218e+01  Dw=3.638e-02  g=2.546e-01
[step   5050]  loss=-9.651e+00  nll=-1.018e+01  kl=5.449e+03
  rollout L2=3.962e-02  geo²=8.772e-04    σ_R=1.710e-02  σ_ω=1.148e-01
  aux (whitened)  L_power=2.628e-02  L_V=3.328e-01  L_B=3.328e-01  L_D=3.328e-01
  subnet MSE  M=1.678e+00  V=1.216e+01  Dw=3.564e-02  g=2.527e-01
[step   5100]  loss=-9.684e+00  nll=-1.021e+01  kl=5.437e+03
  rollout L2=3.896e-02  geo²=8.735e-04    σ_R=1.712e-02  σ_ω=1.149e-01
  aux (whitened)  L_power=2.582e-02  L_V=3.272e-01  L_B=3.272e-01  L_D=3.272e-01
  subnet MSE  M=1.671e+00  V=1.216e+01  Dw=3.630e-02  g=2.544e-01
[step   5150]  loss=-9.688e+00  nll=-1.022e+01  kl=5.418e+03
  rollout L2=3.899e-02  geo²=8.711e-04    σ_R=1.707e-02  σ_ω=1.142e-01
  aux (whitened)  L_power=2.632e-02  L_V=3.329e-01  L_B=3.329e-01  L_D=3.329e-01
  subnet MSE  M=1.672e+00  V=1.219e+01  Dw=3.632e-02  g=2.536e-01
[step   5200]  loss=-9.664e+00  nll=-1.019e+01  kl=5.407e+03
  rollout L2=3.942e-02  geo²=8.763e-04    σ_R=1.707e-02  σ_ω=1.141e-01
  aux (whitened)  L_power=2.577e-02  L_V=3.260e-01  L_B=3.260e-01  L_D=3.260e-01
  subnet MSE  M=1.651e+00  V=1.216e+01  Dw=3.646e-02  g=2.555e-01
[step   5250]  loss=-9.664e+00  nll=-1.019e+01  kl=5.397e+03
  rollout L2=3.940e-02  geo²=8.773e-04    σ_R=1.708e-02  σ_ω=1.141e-01
  aux (whitened)  L_power=2.822e-02  L_V=3.573e-01  L_B=3.573e-01  L_D=3.573e-01
  subnet MSE  M=1.668e+00  V=1.213e+01  Dw=3.641e-02  g=2.518e-01
[step   5300]  loss=-9.673e+00  nll=-1.020e+01  kl=5.386e+03
  rollout L2=3.923e-02  geo²=8.765e-04    σ_R=1.709e-02  σ_ω=1.142e-01
  aux (whitened)  L_power=2.640e-02  L_V=3.345e-01  L_B=3.345e-01  L_D=3.345e-01
  subnet MSE  M=1.653e+00  V=1.214e+01  Dw=3.614e-02  g=2.533e-01
[step   5350]  loss=-9.700e+00  nll=-1.022e+01  kl=5.371e+03
  rollout L2=3.887e-02  geo²=8.700e-04    σ_R=1.705e-02  σ_ω=1.140e-01
  aux (whitened)  L_power=2.686e-02  L_V=3.404e-01  L_B=3.404e-01  L_D=3.404e-01
  subnet MSE  M=1.664e+00  V=1.217e+01  Dw=3.689e-02  g=2.531e-01
[step   5400]  loss=-9.662e+00  nll=-1.019e+01  kl=5.360e+03
  rollout L2=3.942e-02  geo²=8.800e-04    σ_R=1.707e-02  σ_ω=1.141e-01
  aux (whitened)  L_power=2.700e-02  L_V=3.419e-01  L_B=3.419e-01  L_D=3.419e-01
  subnet MSE  M=1.673e+00  V=1.217e+01  Dw=3.654e-02  g=2.528e-01
[step   5450]  loss=-9.684e+00  nll=-1.021e+01  kl=5.347e+03
  rollout L2=3.911e-02  geo²=8.751e-04    σ_R=1.708e-02  σ_ω=1.142e-01
  aux (whitened)  L_power=2.675e-02  L_V=3.397e-01  L_B=3.397e-01  L_D=3.397e-01
  subnet MSE  M=1.670e+00  V=1.220e+01  Dw=3.654e-02  g=2.533e-01
[step   5500]  loss=-9.694e+00  nll=-1.022e+01  kl=5.338e+03
  rollout L2=3.896e-02  geo²=8.730e-04    σ_R=1.711e-02  σ_ω=1.144e-01
  aux (whitened)  L_power=2.684e-02  L_V=3.406e-01  L_B=3.406e-01  L_D=3.406e-01
  subnet MSE  M=1.661e+00  V=1.216e+01  Dw=3.716e-02  g=2.534e-01
[step   5550]  loss=-9.682e+00  nll=-1.020e+01  kl=5.329e+03
  rollout L2=3.914e-02  geo²=8.766e-04    σ_R=1.712e-02  σ_ω=1.143e-01
  aux (whitened)  L_power=2.650e-02  L_V=3.362e-01  L_B=3.362e-01  L_D=3.362e-01
  subnet MSE  M=1.667e+00  V=1.211e+01  Dw=3.722e-02  g=2.537e-01
[step   5600]  loss=-9.688e+00  nll=-1.021e+01  kl=5.319e+03
  rollout L2=3.899e-02  geo²=8.770e-04    σ_R=1.711e-02  σ_ω=1.142e-01
  aux (whitened)  L_power=2.554e-02  L_V=3.249e-01  L_B=3.249e-01  L_D=3.249e-01
  subnet MSE  M=1.649e+00  V=1.214e+01  Dw=3.700e-02  g=2.551e-01
[step   5650]  loss=-9.692e+00  nll=-1.021e+01  kl=5.308e+03
  rollout L2=3.896e-02  geo²=8.761e-04    σ_R=1.708e-02  σ_ω=1.139e-01
  aux (whitened)  L_power=2.679e-02  L_V=3.404e-01  L_B=3.404e-01  L_D=3.404e-01
  subnet MSE  M=1.652e+00  V=1.215e+01  Dw=3.639e-02  g=2.537e-01
[step   5700]  loss=-9.652e+00  nll=-1.017e+01  kl=5.300e+03
  rollout L2=3.962e-02  geo²=8.847e-04    σ_R=1.716e-02  σ_ω=1.144e-01
  aux (whitened)  L_power=2.494e-02  L_V=3.198e-01  L_B=3.198e-01  L_D=3.198e-01
  subnet MSE  M=1.665e+00  V=1.213e+01  Dw=3.661e-02  g=2.565e-01
[step   5750]  loss=-9.716e+00  nll=-1.023e+01  kl=5.291e+03
  rollout L2=3.855e-02  geo²=8.724e-04    σ_R=1.708e-02  σ_ω=1.140e-01
  aux (whitened)  L_power=2.649e-02  L_V=3.359e-01  L_B=3.359e-01  L_D=3.359e-01
  subnet MSE  M=1.657e+00  V=1.218e+01  Dw=3.614e-02  g=2.542e-01
[step   5800]  loss=-9.686e+00  nll=-1.020e+01  kl=5.279e+03
  rollout L2=3.900e-02  geo²=8.800e-04    σ_R=1.710e-02  σ_ω=1.139e-01
  aux (whitened)  L_power=2.689e-02  L_V=3.443e-01  L_B=3.443e-01  L_D=3.443e-01
  subnet MSE  M=1.656e+00  V=1.220e+01  Dw=3.629e-02  g=2.540e-01
[step   5850]  loss=-9.696e+00  nll=-1.021e+01  kl=5.269e+03
  rollout L2=3.902e-02  geo²=8.747e-04    σ_R=1.706e-02  σ_ω=1.140e-01
  aux (whitened)  L_power=2.590e-02  L_V=3.300e-01  L_B=3.300e-01  L_D=3.300e-01
  subnet MSE  M=1.647e+00  V=1.222e+01  Dw=3.609e-02  g=2.556e-01
[step   5900]  loss=-9.682e+00  nll=-1.020e+01  kl=5.260e+03
  rollout L2=3.939e-02  geo²=8.751e-04    σ_R=1.708e-02  σ_ω=1.142e-01
  aux (whitened)  L_power=2.619e-02  L_V=3.330e-01  L_B=3.330e-01  L_D=3.330e-01
  subnet MSE  M=1.645e+00  V=1.213e+01  Dw=3.675e-02  g=2.552e-01
[step   5950]  loss=-9.685e+00  nll=-1.020e+01  kl=5.250e+03
  rollout L2=3.934e-02  geo²=8.748e-04    σ_R=1.709e-02  σ_ω=1.143e-01
  aux (whitened)  L_power=2.720e-02  L_V=3.453e-01  L_B=3.453e-01  L_D=3.453e-01
  subnet MSE  M=1.639e+00  V=1.215e+01  Dw=3.668e-02  g=2.535e-01
[step   6000]  loss=-9.686e+00  nll=-1.020e+01  kl=5.240e+03
  rollout L2=3.923e-02  geo²=8.773e-04    σ_R=1.707e-02  σ_ω=1.143e-01
  aux (whitened)  L_power=2.805e-02  L_V=3.545e-01  L_B=3.545e-01  L_D=3.545e-01
  subnet MSE  M=1.637e+00  V=1.209e+01  Dw=3.697e-02  g=2.510e-01
[step   6050]  loss=-9.699e+00  nll=-1.021e+01  kl=5.232e+03
  rollout L2=3.913e-02  geo²=8.726e-04    σ_R=1.707e-02  σ_ω=1.142e-01
  aux (whitened)  L_power=2.729e-02  L_V=3.454e-01  L_B=3.454e-01  L_D=3.454e-01
  subnet MSE  M=1.636e+00  V=1.214e+01  Dw=3.652e-02  g=2.529e-01
[step   6100]  loss=-9.714e+00  nll=-1.022e+01  kl=5.224e+03
  rollout L2=3.879e-02  geo²=8.720e-04    σ_R=1.705e-02  σ_ω=1.138e-01
  aux (whitened)  L_power=2.621e-02  L_V=3.329e-01  L_B=3.329e-01  L_D=3.329e-01
  subnet MSE  M=1.651e+00  V=1.215e+01  Dw=3.701e-02  g=2.551e-01
[step   6150]  loss=-9.721e+00  nll=-1.023e+01  kl=5.215e+03
  rollout L2=3.883e-02  geo²=8.672e-04    σ_R=1.707e-02  σ_ω=1.140e-01
  aux (whitened)  L_power=2.725e-02  L_V=3.464e-01  L_B=3.464e-01  L_D=3.464e-01
  subnet MSE  M=1.636e+00  V=1.217e+01  Dw=3.670e-02  g=2.523e-01
[step   6200]  loss=-9.696e+00  nll=-1.020e+01  kl=5.207e+03
  rollout L2=3.916e-02  geo²=8.748e-04    σ_R=1.706e-02  σ_ω=1.140e-01
  aux (whitened)  L_power=2.688e-02  L_V=3.409e-01  L_B=3.409e-01  L_D=3.409e-01
  subnet MSE  M=1.640e+00  V=1.220e+01  Dw=3.690e-02  g=2.531e-01
[step   6250]  loss=-9.735e+00  nll=-1.024e+01  kl=5.199e+03
  rollout L2=3.844e-02  geo²=8.686e-04    σ_R=1.704e-02  σ_ω=1.140e-01
  aux (whitened)  L_power=2.693e-02  L_V=3.430e-01  L_B=3.430e-01  L_D=3.430e-01
  subnet MSE  M=1.634e+00  V=1.217e+01  Dw=3.681e-02  g=2.521e-01
[step   6300]  loss=-9.749e+00  nll=-1.026e+01  kl=5.189e+03
  rollout L2=3.830e-02  geo²=8.645e-04    σ_R=1.703e-02  σ_ω=1.134e-01
  aux (whitened)  L_power=2.766e-02  L_V=3.532e-01  L_B=3.532e-01  L_D=3.532e-01
  subnet MSE  M=1.626e+00  V=1.216e+01  Dw=3.676e-02  g=2.517e-01
[step   6350]  loss=-9.747e+00  nll=-1.025e+01  kl=5.180e+03
  rollout L2=3.824e-02  geo²=8.678e-04    σ_R=1.700e-02  σ_ω=1.132e-01
  aux (whitened)  L_power=2.708e-02  L_V=3.499e-01  L_B=3.499e-01  L_D=3.499e-01
  subnet MSE  M=1.625e+00  V=1.214e+01  Dw=3.668e-02  g=2.537e-01
[step   6400]  loss=-9.759e+00  nll=-1.026e+01  kl=5.172e+03
  rollout L2=3.815e-02  geo²=8.631e-04    σ_R=1.700e-02  σ_ω=1.129e-01
  aux (whitened)  L_power=2.744e-02  L_V=3.513e-01  L_B=3.513e-01  L_D=3.513e-01
  subnet MSE  M=1.624e+00  V=1.215e+01  Dw=3.662e-02  g=2.533e-01
[step   6450]  loss=-9.763e+00  nll=-1.027e+01  kl=5.162e+03
  rollout L2=3.794e-02  geo²=8.659e-04    σ_R=1.697e-02  σ_ω=1.125e-01
  aux (whitened)  L_power=2.524e-02  L_V=3.237e-01  L_B=3.237e-01  L_D=3.237e-01
  subnet MSE  M=1.615e+00  V=1.212e+01  Dw=3.651e-02  g=2.581e-01
[step   6500]  loss=-9.781e+00  nll=-1.028e+01  kl=5.154e+03
  rollout L2=3.766e-02  geo²=8.626e-04    σ_R=1.694e-02  σ_ω=1.119e-01
  aux (whitened)  L_power=2.724e-02  L_V=3.469e-01  L_B=3.469e-01  L_D=3.469e-01
  subnet MSE  M=1.618e+00  V=1.210e+01  Dw=3.641e-02  g=2.549e-01
[step   6550]  loss=-9.785e+00  nll=-1.029e+01  kl=5.145e+03
  rollout L2=3.753e-02  geo²=8.639e-04    σ_R=1.694e-02  σ_ω=1.117e-01
  aux (whitened)  L_power=2.758e-02  L_V=3.510e-01  L_B=3.510e-01  L_D=3.510e-01
  subnet MSE  M=1.614e+00  V=1.215e+01  Dw=3.665e-02  g=2.535e-01
[step   6600]  loss=-9.823e+00  nll=-1.032e+01  kl=5.136e+03
  rollout L2=3.686e-02  geo²=8.577e-04    σ_R=1.693e-02  σ_ω=1.115e-01
  aux (whitened)  L_power=2.799e-02  L_V=3.553e-01  L_B=3.553e-01  L_D=3.553e-01
  subnet MSE  M=1.611e+00  V=1.215e+01  Dw=3.707e-02  g=2.531e-01
[step   6650]  loss=-9.813e+00  nll=-1.031e+01  kl=5.129e+03
  rollout L2=3.708e-02  geo²=8.590e-04    σ_R=1.691e-02  σ_ω=1.112e-01
  aux (whitened)  L_power=2.877e-02  L_V=3.643e-01  L_B=3.643e-01  L_D=3.643e-01
  subnet MSE  M=1.614e+00  V=1.216e+01  Dw=3.721e-02  g=2.517e-01
[step   6700]  loss=-9.837e+00  nll=-1.034e+01  kl=5.121e+03
  rollout L2=3.677e-02  geo²=8.531e-04    σ_R=1.690e-02  σ_ω=1.109e-01
  aux (whitened)  L_power=2.719e-02  L_V=3.469e-01  L_B=3.469e-01  L_D=3.469e-01
  subnet MSE  M=1.607e+00  V=1.216e+01  Dw=3.681e-02  g=2.548e-01
[step   6750]  loss=-9.825e+00  nll=-1.032e+01  kl=5.113e+03
  rollout L2=3.698e-02  geo²=8.552e-04    σ_R=1.688e-02  σ_ω=1.107e-01
  aux (whitened)  L_power=2.747e-02  L_V=3.492e-01  L_B=3.492e-01  L_D=3.492e-01
  subnet MSE  M=1.626e+00  V=1.214e+01  Dw=3.751e-02  g=2.549e-01
[step   6800]  loss=-9.846e+00  nll=-1.034e+01  kl=5.104e+03
  rollout L2=3.650e-02  geo²=8.550e-04    σ_R=1.687e-02  σ_ω=1.104e-01
  aux (whitened)  L_power=2.849e-02  L_V=3.620e-01  L_B=3.620e-01  L_D=3.620e-01
  subnet MSE  M=1.604e+00  V=1.214e+01  Dw=3.714e-02  g=2.529e-01
[step   6850]  loss=-9.850e+00  nll=-1.035e+01  kl=5.095e+03
  rollout L2=3.654e-02  geo²=8.523e-04    σ_R=1.683e-02  σ_ω=1.102e-01
  aux (whitened)  L_power=2.788e-02  L_V=3.547e-01  L_B=3.547e-01  L_D=3.547e-01
  subnet MSE  M=1.610e+00  V=1.211e+01  Dw=3.749e-02  g=2.542e-01
[step   6900]  loss=-9.870e+00  nll=-1.037e+01  kl=5.087e+03
  rollout L2=3.617e-02  geo²=8.501e-04    σ_R=1.683e-02  σ_ω=1.101e-01
  aux (whitened)  L_power=2.863e-02  L_V=3.632e-01  L_B=3.632e-01  L_D=3.632e-01
  subnet MSE  M=1.597e+00  V=1.212e+01  Dw=3.739e-02  g=2.527e-01
[step   6950]  loss=-9.875e+00  nll=-1.037e+01  kl=5.078e+03
  rollout L2=3.612e-02  geo²=8.490e-04    σ_R=1.678e-02  σ_ω=1.094e-01
  aux (whitened)  L_power=2.913e-02  L_V=3.705e-01  L_B=3.705e-01  L_D=3.705e-01
  subnet MSE  M=1.603e+00  V=1.208e+01  Dw=3.704e-02  g=2.526e-01
[step   7000]  loss=-9.893e+00  nll=-1.039e+01  kl=5.072e+03
  rollout L2=3.583e-02  geo²=8.461e-04    σ_R=1.679e-02  σ_ω=1.093e-01
  aux (whitened)  L_power=2.809e-02  L_V=3.575e-01  L_B=3.575e-01  L_D=3.575e-01
  subnet MSE  M=1.591e+00  V=1.209e+01  Dw=3.721e-02  g=2.542e-01
[step   7050]  loss=-9.920e+00  nll=-1.041e+01  kl=5.066e+03
  rollout L2=3.537e-02  geo²=8.419e-04    σ_R=1.678e-02  σ_ω=1.092e-01
  aux (whitened)  L_power=2.852e-02  L_V=3.628e-01  L_B=3.628e-01  L_D=3.628e-01
  subnet MSE  M=1.591e+00  V=1.212e+01  Dw=3.742e-02  g=2.540e-01
[step   7100]  loss=-9.890e+00  nll=-1.038e+01  kl=5.061e+03
  rollout L2=3.596e-02  geo²=8.449e-04    σ_R=1.680e-02  σ_ω=1.094e-01
  aux (whitened)  L_power=3.085e-02  L_V=3.922e-01  L_B=3.922e-01  L_D=3.922e-01
  subnet MSE  M=1.594e+00  V=1.206e+01  Dw=3.783e-02  g=2.490e-01
[step   7150]  loss=-9.941e+00  nll=-1.043e+01  kl=5.054e+03
  rollout L2=3.503e-02  geo²=8.390e-04    σ_R=1.676e-02  σ_ω=1.087e-01
  aux (whitened)  L_power=3.001e-02  L_V=3.790e-01  L_B=3.790e-01  L_D=3.790e-01
  subnet MSE  M=1.594e+00  V=1.204e+01  Dw=3.825e-02  g=2.510e-01
[step   7200]  loss=-9.935e+00  nll=-1.043e+01  kl=5.047e+03
  rollout L2=3.513e-02  geo²=8.403e-04    σ_R=1.672e-02  σ_ω=1.082e-01
  aux (whitened)  L_power=2.849e-02  L_V=3.616e-01  L_B=3.616e-01  L_D=3.616e-01
  subnet MSE  M=1.584e+00  V=1.212e+01  Dw=3.796e-02  g=2.546e-01
[step   7250]  loss=-9.950e+00  nll=-1.044e+01  kl=5.038e+03
  rollout L2=3.484e-02  geo²=8.391e-04    σ_R=1.673e-02  σ_ω=1.078e-01
  aux (whitened)  L_power=3.072e-02  L_V=3.887e-01  L_B=3.887e-01  L_D=3.887e-01
  subnet MSE  M=1.580e+00  V=1.214e+01  Dw=3.834e-02  g=2.521e-01
[step   7300]  loss=-9.961e+00  nll=-1.045e+01  kl=5.029e+03
  rollout L2=3.472e-02  geo²=8.364e-04    σ_R=1.672e-02  σ_ω=1.079e-01
  aux (whitened)  L_power=3.042e-02  L_V=3.828e-01  L_B=3.828e-01  L_D=3.828e-01
  subnet MSE  M=1.587e+00  V=1.209e+01  Dw=3.852e-02  g=2.516e-01
[step   7350]  loss=-9.960e+00  nll=-1.045e+01  kl=5.021e+03
  rollout L2=3.480e-02  geo²=8.356e-04    σ_R=1.671e-02  σ_ω=1.078e-01
  aux (whitened)  L_power=3.036e-02  L_V=3.839e-01  L_B=3.839e-01  L_D=3.839e-01
  subnet MSE  M=1.591e+00  V=1.209e+01  Dw=3.881e-02  g=2.514e-01
[step   7400]  loss=-9.968e+00  nll=-1.046e+01  kl=5.014e+03
  rollout L2=3.460e-02  geo²=8.367e-04    σ_R=1.671e-02  σ_ω=1.076e-01
  aux (whitened)  L_power=3.028e-02  L_V=3.831e-01  L_B=3.831e-01  L_D=3.831e-01
  subnet MSE  M=1.587e+00  V=1.209e+01  Dw=3.853e-02  g=2.525e-01
[step   7450]  loss=-9.970e+00  nll=-1.046e+01  kl=5.005e+03
  rollout L2=3.457e-02  geo²=8.364e-04    σ_R=1.669e-02  σ_ω=1.077e-01
  aux (whitened)  L_power=2.976e-02  L_V=3.765e-01  L_B=3.765e-01  L_D=3.765e-01
  subnet MSE  M=1.589e+00  V=1.203e+01  Dw=3.852e-02  g=2.526e-01
[step   7500]  loss=-9.989e+00  nll=-1.048e+01  kl=4.996e+03
  rollout L2=3.437e-02  geo²=8.315e-04    σ_R=1.670e-02  σ_ω=1.074e-01
  aux (whitened)  L_power=2.985e-02  L_V=3.788e-01  L_B=3.788e-01  L_D=3.788e-01
  subnet MSE  M=1.574e+00  V=1.204e+01  Dw=3.872e-02  g=2.530e-01
[step   7550]  loss=-9.983e+00  nll=-1.047e+01  kl=4.988e+03
  rollout L2=3.441e-02  geo²=8.339e-04    σ_R=1.668e-02  σ_ω=1.069e-01
  aux (whitened)  L_power=2.929e-02  L_V=3.712e-01  L_B=3.712e-01  L_D=3.712e-01
  subnet MSE  M=1.585e+00  V=1.199e+01  Dw=3.861e-02  g=2.542e-01
[step   7600]  loss=-9.996e+00  nll=-1.048e+01  kl=4.979e+03
  rollout L2=3.411e-02  geo²=8.345e-04    σ_R=1.665e-02  σ_ω=1.069e-01
  aux (whitened)  L_power=3.060e-02  L_V=3.860e-01  L_B=3.860e-01  L_D=3.860e-01
  subnet MSE  M=1.582e+00  V=1.201e+01  Dw=3.887e-02  g=2.525e-01
[step   7650]  loss=-9.996e+00  nll=-1.048e+01  kl=4.972e+03
  rollout L2=3.430e-02  geo²=8.302e-04    σ_R=1.662e-02  σ_ω=1.066e-01
  aux (whitened)  L_power=2.995e-02  L_V=3.788e-01  L_B=3.788e-01  L_D=3.788e-01
  subnet MSE  M=1.575e+00  V=1.202e+01  Dw=3.905e-02  g=2.539e-01
[step   7700]  loss=-1.001e+01  nll=-1.050e+01  kl=4.963e+03
  rollout L2=3.394e-02  geo²=8.313e-04    σ_R=1.663e-02  σ_ω=1.067e-01
  aux (whitened)  L_power=3.078e-02  L_V=3.873e-01  L_B=3.873e-01  L_D=3.873e-01
  subnet MSE  M=1.577e+00  V=1.204e+01  Dw=3.898e-02  g=2.516e-01
[step   7750]  loss=-1.002e+01  nll=-1.050e+01  kl=4.953e+03
  rollout L2=3.390e-02  geo²=8.304e-04    σ_R=1.662e-02  σ_ω=1.062e-01
  aux (whitened)  L_power=3.009e-02  L_V=3.784e-01  L_B=3.784e-01  L_D=3.784e-01
  subnet MSE  M=1.586e+00  V=1.197e+01  Dw=3.921e-02  g=2.535e-01
[step   7800]  loss=-1.001e+01  nll=-1.049e+01  kl=4.942e+03
  rollout L2=3.404e-02  geo²=8.299e-04    σ_R=1.661e-02  σ_ω=1.061e-01
  aux (whitened)  L_power=3.247e-02  L_V=4.067e-01  L_B=4.067e-01  L_D=4.067e-01
  subnet MSE  M=1.586e+00  V=1.199e+01  Dw=3.931e-02  g=2.498e-01
[step   7850]  loss=-1.004e+01  nll=-1.052e+01  kl=4.932e+03
  rollout L2=3.355e-02  geo²=8.267e-04    σ_R=1.661e-02  σ_ω=1.059e-01
  aux (whitened)  L_power=3.076e-02  L_V=3.866e-01  L_B=3.866e-01  L_D=3.866e-01
  subnet MSE  M=1.574e+00  V=1.202e+01  Dw=3.913e-02  g=2.527e-01
[step   7900]  loss=-1.004e+01  nll=-1.052e+01  kl=4.922e+03
  rollout L2=3.365e-02  geo²=8.263e-04    σ_R=1.658e-02  σ_ω=1.058e-01
  aux (whitened)  L_power=2.967e-02  L_V=3.742e-01  L_B=3.742e-01  L_D=3.742e-01
  subnet MSE  M=1.576e+00  V=1.201e+01  Dw=3.929e-02  g=2.553e-01
[step   7950]  loss=-1.002e+01  nll=-1.050e+01  kl=4.916e+03
  rollout L2=3.391e-02  geo²=8.298e-04    σ_R=1.662e-02  σ_ω=1.059e-01
  aux (whitened)  L_power=3.098e-02  L_V=3.890e-01  L_B=3.890e-01  L_D=3.890e-01
  subnet MSE  M=1.577e+00  V=1.206e+01  Dw=3.900e-02  g=2.520e-01
[step   8000]  loss=-1.004e+01  nll=-1.052e+01  kl=4.908e+03
  rollout L2=3.369e-02  geo²=8.265e-04    σ_R=1.662e-02  σ_ω=1.060e-01
  aux (whitened)  L_power=3.226e-02  L_V=4.043e-01  L_B=4.043e-01  L_D=4.043e-01
  subnet MSE  M=1.573e+00  V=1.201e+01  Dw=3.994e-02  g=2.511e-01
[step   8050]  loss=-1.004e+01  nll=-1.052e+01  kl=4.899e+03
  rollout L2=3.349e-02  geo²=8.275e-04    σ_R=1.660e-02  σ_ω=1.057e-01
  aux (whitened)  L_power=3.130e-02  L_V=3.923e-01  L_B=3.923e-01  L_D=3.923e-01
  subnet MSE  M=1.575e+00  V=1.198e+01  Dw=3.960e-02  g=2.519e-01
[step   8100]  loss=-1.005e+01  nll=-1.053e+01  kl=4.892e+03
  rollout L2=3.342e-02  geo²=8.241e-04    σ_R=1.658e-02  σ_ω=1.054e-01
  aux (whitened)  L_power=3.150e-02  L_V=3.945e-01  L_B=3.945e-01  L_D=3.945e-01
  subnet MSE  M=1.573e+00  V=1.197e+01  Dw=3.941e-02  g=2.522e-01
[step   8150]  loss=-1.007e+01  nll=-1.055e+01  kl=4.886e+03
  rollout L2=3.316e-02  geo²=8.217e-04    σ_R=1.657e-02  σ_ω=1.056e-01
  aux (whitened)  L_power=3.044e-02  L_V=3.835e-01  L_B=3.835e-01  L_D=3.835e-01
  subnet MSE  M=1.575e+00  V=1.196e+01  Dw=4.009e-02  g=2.538e-01
[step   8200]  loss=-1.006e+01  nll=-1.053e+01  kl=4.879e+03
  rollout L2=3.356e-02  geo²=8.210e-04    σ_R=1.657e-02  σ_ω=1.054e-01
  aux (whitened)  L_power=3.057e-02  L_V=3.842e-01  L_B=3.842e-01  L_D=3.842e-01
  subnet MSE  M=1.577e+00  V=1.201e+01  Dw=3.974e-02  g=2.534e-01
[step   8250]  loss=-1.007e+01  nll=-1.055e+01  kl=4.871e+03
  rollout L2=3.308e-02  geo²=8.222e-04    σ_R=1.655e-02  σ_ω=1.051e-01
  aux (whitened)  L_power=3.194e-02  L_V=4.007e-01  L_B=4.007e-01  L_D=4.007e-01
  subnet MSE  M=1.576e+00  V=1.198e+01  Dw=4.004e-02  g=2.525e-01
[step   8300]  loss=-1.008e+01  nll=-1.055e+01  kl=4.864e+03
  rollout L2=3.298e-02  geo²=8.229e-04    σ_R=1.654e-02  σ_ω=1.050e-01
  aux (whitened)  L_power=3.153e-02  L_V=4.429e-01  L_B=4.429e-01  L_D=4.429e-01
  subnet MSE  M=1.570e+00  V=1.195e+01  Dw=4.032e-02  g=2.524e-01
[step   8350]  loss=-1.008e+01  nll=-1.056e+01  kl=4.855e+03
  rollout L2=3.312e-02  geo²=8.175e-04    σ_R=1.650e-02  σ_ω=1.045e-01
  aux (whitened)  L_power=3.088e-02  L_V=3.882e-01  L_B=3.882e-01  L_D=3.882e-01
  subnet MSE  M=1.568e+00  V=1.193e+01  Dw=4.043e-02  g=2.544e-01
[step   8400]  loss=-1.009e+01  nll=-1.056e+01  kl=4.847e+03
  rollout L2=3.288e-02  geo²=8.215e-04    σ_R=1.651e-02  σ_ω=1.045e-01
  aux (whitened)  L_power=3.233e-02  L_V=4.050e-01  L_B=4.050e-01  L_D=4.050e-01
  subnet MSE  M=1.573e+00  V=1.195e+01  Dw=4.077e-02  g=2.522e-01
[step   8450]  loss=-1.009e+01  nll=-1.056e+01  kl=4.840e+03
  rollout L2=3.304e-02  geo²=8.186e-04    σ_R=1.651e-02  σ_ω=1.047e-01
  aux (whitened)  L_power=3.223e-02  L_V=4.053e-01  L_B=4.053e-01  L_D=4.053e-01
  subnet MSE  M=1.563e+00  V=1.200e+01  Dw=4.073e-02  g=2.512e-01
[step   8500]  loss=-1.011e+01  nll=-1.058e+01  kl=4.834e+03
  rollout L2=3.268e-02  geo²=8.141e-04    σ_R=1.652e-02  σ_ω=1.043e-01
  aux (whitened)  L_power=3.228e-02  L_V=4.057e-01  L_B=4.057e-01  L_D=4.057e-01
  subnet MSE  M=1.575e+00  V=1.196e+01  Dw=4.067e-02  g=2.519e-01
[step   8550]  loss=-1.011e+01  nll=-1.059e+01  kl=4.828e+03
  rollout L2=3.251e-02  geo²=8.173e-04    σ_R=1.651e-02  σ_ω=1.043e-01
  aux (whitened)  L_power=3.240e-02  L_V=4.078e-01  L_B=4.078e-01  L_D=4.078e-01
  subnet MSE  M=1.567e+00  V=1.197e+01  Dw=4.055e-02  g=2.522e-01
[step   8600]  loss=-1.010e+01  nll=-1.057e+01  kl=4.823e+03
  rollout L2=3.270e-02  geo²=8.190e-04    σ_R=1.652e-02  σ_ω=1.044e-01
  aux (whitened)  L_power=3.326e-02  L_V=4.174e-01  L_B=4.174e-01  L_D=4.174e-01
  subnet MSE  M=1.559e+00  V=1.201e+01  Dw=4.095e-02  g=2.502e-01
[step   8650]  loss=-1.013e+01  nll=-1.060e+01  kl=4.818e+03
  rollout L2=3.232e-02  geo²=8.165e-04    σ_R=1.651e-02  σ_ω=1.042e-01
  aux (whitened)  L_power=3.222e-02  L_V=4.047e-01  L_B=4.047e-01  L_D=4.047e-01
  subnet MSE  M=1.567e+00  V=1.200e+01  Dw=4.109e-02  g=2.524e-01
[step   8700]  loss=-1.012e+01  nll=-1.059e+01  kl=4.813e+03
  rollout L2=3.249e-02  geo²=8.163e-04    σ_R=1.648e-02  σ_ω=1.042e-01
  aux (whitened)  L_power=3.175e-02  L_V=3.988e-01  L_B=3.988e-01  L_D=3.988e-01
  subnet MSE  M=1.568e+00  V=1.199e+01  Dw=4.084e-02  g=2.531e-01
[step   8750]  loss=-1.013e+01  nll=-1.060e+01  kl=4.805e+03
  rollout L2=3.241e-02  geo²=8.142e-04    σ_R=1.649e-02  σ_ω=1.040e-01
  aux (whitened)  L_power=3.138e-02  L_V=3.940e-01  L_B=3.940e-01  L_D=3.940e-01
  subnet MSE  M=1.570e+00  V=1.194e+01  Dw=4.110e-02  g=2.537e-01
[step   8800]  loss=-1.012e+01  nll=-1.059e+01  kl=4.800e+03
  rollout L2=3.252e-02  geo²=8.170e-04    σ_R=1.649e-02  σ_ω=1.040e-01
  aux (whitened)  L_power=3.228e-02  L_V=4.053e-01  L_B=4.053e-01  L_D=4.053e-01
  subnet MSE  M=1.556e+00  V=1.198e+01  Dw=4.138e-02  g=2.522e-01
[step   8850]  loss=-1.014e+01  nll=-1.061e+01  kl=4.795e+03
  rollout L2=3.224e-02  geo²=8.130e-04    σ_R=1.647e-02  σ_ω=1.042e-01
  aux (whitened)  L_power=3.207e-02  L_V=4.071e-01  L_B=4.071e-01  L_D=4.071e-01
  subnet MSE  M=1.561e+00  V=1.200e+01  Dw=4.165e-02  g=2.527e-01
[step   8900]  loss=-1.013e+01  nll=-1.060e+01  kl=4.792e+03
  rollout L2=3.237e-02  geo²=8.152e-04    σ_R=1.646e-02  σ_ω=1.037e-01
  aux (whitened)  L_power=3.243e-02  L_V=4.075e-01  L_B=4.075e-01  L_D=4.075e-01
  subnet MSE  M=1.562e+00  V=1.198e+01  Dw=4.141e-02  g=2.527e-01
[step   8950]  loss=-1.013e+01  nll=-1.059e+01  kl=4.787e+03
  rollout L2=3.238e-02  geo²=8.161e-04    σ_R=1.647e-02  σ_ω=1.037e-01
  aux (whitened)  L_power=3.274e-02  L_V=4.109e-01  L_B=4.109e-01  L_D=4.109e-01
  subnet MSE  M=1.566e+00  V=1.200e+01  Dw=4.123e-02  g=2.521e-01
[step   9000]  loss=-1.015e+01  nll=-1.062e+01  kl=4.781e+03
  rollout L2=3.200e-02  geo²=8.108e-04    σ_R=1.646e-02  σ_ω=1.036e-01
  aux (whitened)  L_power=3.271e-02  L_V=4.104e-01  L_B=4.104e-01  L_D=4.104e-01
  subnet MSE  M=1.559e+00  V=1.198e+01  Dw=4.121e-02  g=2.518e-01
[step   9050]  loss=-1.013e+01  nll=-1.060e+01  kl=4.776e+03
  rollout L2=3.222e-02  geo²=8.168e-04    σ_R=1.645e-02  σ_ω=1.034e-01
  aux (whitened)  L_power=3.361e-02  L_V=4.216e-01  L_B=4.216e-01  L_D=4.216e-01
  subnet MSE  M=1.557e+00  V=1.201e+01  Dw=4.178e-02  g=2.499e-01
[step   9100]  loss=-1.015e+01  nll=-1.062e+01  kl=4.772e+03
  rollout L2=3.201e-02  geo²=8.134e-04    σ_R=1.644e-02  σ_ω=1.033e-01
  aux (whitened)  L_power=3.311e-02  L_V=4.156e-01  L_B=4.156e-01  L_D=4.156e-01
  subnet MSE  M=1.557e+00  V=1.197e+01  Dw=4.149e-02  g=2.519e-01
[step   9150]  loss=-1.017e+01  nll=-1.063e+01  kl=4.767e+03
  rollout L2=3.182e-02  geo²=8.091e-04    σ_R=1.644e-02  σ_ω=1.034e-01
  aux (whitened)  L_power=3.227e-02  L_V=4.049e-01  L_B=4.049e-01  L_D=4.049e-01
  subnet MSE  M=1.563e+00  V=1.199e+01  Dw=4.247e-02  g=2.529e-01
[step   9200]  loss=-1.016e+01  nll=-1.062e+01  kl=4.763e+03
  rollout L2=3.193e-02  geo²=8.110e-04    σ_R=1.642e-02  σ_ω=1.030e-01
  aux (whitened)  L_power=3.268e-02  L_V=4.115e-01  L_B=4.115e-01  L_D=4.115e-01
  subnet MSE  M=1.559e+00  V=1.201e+01  Dw=4.241e-02  g=2.526e-01
[step   9250]  loss=-1.017e+01  nll=-1.063e+01  kl=4.759e+03
  rollout L2=3.184e-02  geo²=8.100e-04    σ_R=1.647e-02  σ_ω=1.033e-01
  aux (whitened)  L_power=3.259e-02  L_V=4.100e-01  L_B=4.100e-01  L_D=4.100e-01
  subnet MSE  M=1.556e+00  V=1.198e+01  Dw=4.227e-02  g=2.519e-01
[step   9300]  loss=-1.018e+01  nll=-1.064e+01  kl=4.755e+03
  rollout L2=3.170e-02  geo²=8.080e-04    σ_R=1.642e-02  σ_ω=1.030e-01
  aux (whitened)  L_power=3.248e-02  L_V=4.072e-01  L_B=4.072e-01  L_D=4.072e-01
  subnet MSE  M=1.560e+00  V=1.194e+01  Dw=4.311e-02  g=2.531e-01
[step   9350]  loss=-1.018e+01  nll=-1.064e+01  kl=4.752e+03
  rollout L2=3.168e-02  geo²=8.069e-04    σ_R=1.639e-02  σ_ω=1.030e-01
  aux (whitened)  L_power=3.324e-02  L_V=4.173e-01  L_B=4.173e-01  L_D=4.173e-01
  subnet MSE  M=1.557e+00  V=1.203e+01  Dw=4.315e-02  g=2.514e-01
[step   9400]  loss=-1.017e+01  nll=-1.063e+01  kl=4.750e+03
  rollout L2=3.189e-02  geo²=8.090e-04    σ_R=1.642e-02  σ_ω=1.031e-01
  aux (whitened)  L_power=3.269e-02  L_V=4.111e-01  L_B=4.111e-01  L_D=4.111e-01
  subnet MSE  M=1.552e+00  V=1.198e+01  Dw=4.247e-02  g=2.524e-01
[step   9450]  loss=-1.018e+01  nll=-1.065e+01  kl=4.747e+03
  rollout L2=3.162e-02  geo²=8.065e-04    σ_R=1.637e-02  σ_ω=1.025e-01
  aux (whitened)  L_power=3.285e-02  L_V=4.132e-01  L_B=4.132e-01  L_D=4.132e-01
  subnet MSE  M=1.551e+00  V=1.195e+01  Dw=4.277e-02  g=2.526e-01
[step   9500]  loss=-1.018e+01  nll=-1.065e+01  kl=4.743e+03
  rollout L2=3.154e-02  geo²=8.094e-04    σ_R=1.639e-02  σ_ω=1.025e-01
  aux (whitened)  L_power=3.361e-02  L_V=4.213e-01  L_B=4.213e-01  L_D=4.213e-01
  subnet MSE  M=1.556e+00  V=1.198e+01  Dw=4.291e-02  g=2.520e-01
[step   9550]  loss=-1.018e+01  nll=-1.064e+01  kl=4.741e+03
  rollout L2=3.162e-02  geo²=8.083e-04    σ_R=1.640e-02  σ_ω=1.027e-01
  aux (whitened)  L_power=3.247e-02  L_V=4.088e-01  L_B=4.088e-01  L_D=4.088e-01
  subnet MSE  M=1.544e+00  V=1.199e+01  Dw=4.304e-02  g=2.531e-01
[step   9600]  loss=-1.018e+01  nll=-1.065e+01  kl=4.738e+03
  rollout L2=3.159e-02  geo²=8.070e-04    σ_R=1.637e-02  σ_ω=1.024e-01
  aux (whitened)  L_power=3.313e-02  L_V=4.167e-01  L_B=4.167e-01  L_D=4.167e-01
  subnet MSE  M=1.549e+00  V=1.199e+01  Dw=4.314e-02  g=2.530e-01
[step   9650]  loss=-1.021e+01  nll=-1.067e+01  kl=4.736e+03
  rollout L2=3.127e-02  geo²=8.027e-04    σ_R=1.639e-02  σ_ω=1.022e-01
  aux (whitened)  L_power=3.409e-02  L_V=4.285e-01  L_B=4.285e-01  L_D=4.285e-01
  subnet MSE  M=1.545e+00  V=1.195e+01  Dw=4.307e-02  g=2.509e-01
[step   9700]  loss=-1.019e+01  nll=-1.065e+01  kl=4.734e+03
  rollout L2=3.145e-02  geo²=8.068e-04    σ_R=1.638e-02  σ_ω=1.025e-01
  aux (whitened)  L_power=3.300e-02  L_V=4.145e-01  L_B=4.145e-01  L_D=4.145e-01
  subnet MSE  M=1.544e+00  V=1.196e+01  Dw=4.343e-02  g=2.532e-01
[step   9750]  loss=-1.021e+01  nll=-1.067e+01  kl=4.733e+03
  rollout L2=3.122e-02  geo²=8.058e-04    σ_R=1.635e-02  σ_ω=1.022e-01
  aux (whitened)  L_power=3.358e-02  L_V=4.228e-01  L_B=4.228e-01  L_D=4.228e-01
  subnet MSE  M=1.543e+00  V=1.197e+01  Dw=4.345e-02  g=2.522e-01
[step   9800]  loss=-1.017e+01  nll=-1.063e+01  kl=4.730e+03
  rollout L2=3.185e-02  geo²=8.112e-04    σ_R=1.642e-02  σ_ω=1.024e-01
  aux (whitened)  L_power=3.414e-02  L_V=4.260e-01  L_B=4.260e-01  L_D=4.260e-01
  subnet MSE  M=1.550e+00  V=1.198e+01  Dw=4.460e-02  g=2.517e-01
[step   9850]  loss=-1.019e+01  nll=-1.065e+01  kl=4.729e+03
  rollout L2=3.153e-02  geo²=8.069e-04    σ_R=1.640e-02  σ_ω=1.024e-01
  aux (whitened)  L_power=3.361e-02  L_V=4.232e-01  L_B=4.232e-01  L_D=4.232e-01
  subnet MSE  M=1.543e+00  V=1.199e+01  Dw=4.396e-02  g=2.511e-01
[step   9900]  loss=-1.019e+01  nll=-1.066e+01  kl=4.727e+03
  rollout L2=3.141e-02  geo²=8.070e-04    σ_R=1.640e-02  σ_ω=1.025e-01
  aux (whitened)  L_power=3.301e-02  L_V=4.164e-01  L_B=4.164e-01  L_D=4.164e-01
  subnet MSE  M=1.544e+00  V=1.197e+01  Dw=4.376e-02  g=2.524e-01
[step   9950]  loss=-1.021e+01  nll=-1.067e+01  kl=4.725e+03
  rollout L2=3.133e-02  geo²=8.029e-04    σ_R=1.640e-02  σ_ω=1.027e-01
  aux (whitened)  L_power=3.333e-02  L_V=4.189e-01  L_B=4.189e-01  L_D=4.189e-01
  subnet MSE  M=1.545e+00  V=1.201e+01  Dw=4.411e-02  g=2.524e-01
[step  10000]  loss=-1.019e+01  nll=-1.065e+01  kl=4.722e+03
  rollout L2=3.162e-02  geo²=8.047e-04    σ_R=1.640e-02  σ_ω=1.026e-01
  aux (whitened)  L_power=3.317e-02  L_V=4.165e-01  L_B=4.165e-01  L_D=4.165e-01
  subnet MSE  M=1.552e+00  V=1.190e+01  Dw=4.478e-02  g=2.523e-01
