Run dir : /mnt/data/thribhuvan/Projects/stochastic_port_hamiltonian/Final/SPHNP v2/src/models/3D_SO3_Windy_Pendulum/ph_gp_ode/data/run_wp3d_jax/obs0_fric0p5_wind0p5_ext0-sine_lP0_lV0_lB0_lD0_lr0p001_s10000_np5_smp64_T20_seed0_randu7_G0p5-0p7-0p1_w_260609-211959
model contains 10850 parameters
Loaded data from /mnt/data/thribhuvan/Projects/stochastic_port_hamiltonian/Final/SPHNP v2/datasets/data/windy_pendulum_3d/wp3d_dataset_extforce-sine-std0p0_fric0p5_var_fricFalse_obs_noise0p0_wind_force0p5_random_uTrue_uScale7p0_G_0p5_0p7_0p1_steps20.pkl
  dt = 0.0500  h = 0.0050  n_outer = 4  B_train = 2560  T_obs = 5
[step      0]  loss=6.354e+01  nll=6.354e+01  kl=7.304e+03
  rollout L2=1.425e+00  geo²=1.151e-02    σ_R=1.000e-01  σ_ω=1.000e-01
  aux (whitened)  L_power=4.651e-01  L_V=2.965e+00  L_B=2.965e+00  L_D=2.965e+00
  subnet MSE  M=2.044e+00  V=2.383e+01  Dw=6.520e-03  g=3.281e-01
[step     50]  loss=4.082e+01  nll=4.078e+01  kl=7.345e+03
  rollout L2=1.054e+00  geo²=8.441e-03    σ_R=9.595e-02  σ_ω=1.041e-01
  aux (whitened)  L_power=3.304e-01  L_V=2.400e+00  L_B=2.400e+00  L_D=2.400e+00
  subnet MSE  M=1.908e+00  V=2.354e+01  Dw=9.383e-03  g=2.658e-01
[step    100]  loss=2.943e+01  nll=2.936e+01  kl=7.378e+03
  rollout L2=8.744e-01  geo²=6.990e-03    σ_R=9.158e-02  σ_ω=1.083e-01
  aux (whitened)  L_power=2.435e-01  L_V=1.955e+00  L_B=1.955e+00  L_D=1.955e+00
  subnet MSE  M=1.820e+00  V=2.324e+01  Dw=1.598e-02  g=2.646e-01
[step    150]  loss=2.024e+01  nll=2.013e+01  kl=7.409e+03
  rollout L2=7.139e-01  geo²=5.635e-03    σ_R=8.702e-02  σ_ω=1.127e-01
  aux (whitened)  L_power=1.690e-01  L_V=1.543e+00  L_B=1.543e+00  L_D=1.543e+00
  subnet MSE  M=1.771e+00  V=2.255e+01  Dw=2.595e-02  g=2.646e-01
[step    200]  loss=1.570e+01  nll=1.556e+01  kl=7.428e+03
  rollout L2=6.317e-01  geo²=4.977e-03    σ_R=8.378e-02  σ_ω=1.157e-01
  aux (whitened)  L_power=1.332e-01  L_V=1.299e+00  L_B=1.299e+00  L_D=1.299e+00
  subnet MSE  M=1.757e+00  V=2.182e+01  Dw=3.038e-02  g=2.644e-01
[step    250]  loss=1.278e+01  nll=1.260e+01  kl=7.439e+03
  rollout L2=5.730e-01  geo²=4.522e-03    σ_R=8.151e-02  σ_ω=1.177e-01
  aux (whitened)  L_power=1.134e-01  L_V=1.164e+00  L_B=1.164e+00  L_D=1.164e+00
  subnet MSE  M=1.734e+00  V=2.122e+01  Dw=3.276e-02  g=2.712e-01
[step    300]  loss=1.046e+01  nll=1.024e+01  kl=7.449e+03
  rollout L2=5.271e-01  geo²=4.140e-03    σ_R=7.903e-02  σ_ω=1.197e-01
  aux (whitened)  L_power=9.489e-02  L_V=1.041e+00  L_B=1.041e+00  L_D=1.041e+00
  subnet MSE  M=1.728e+00  V=2.055e+01  Dw=3.534e-02  g=2.666e-01
[step    350]  loss=7.454e+00  nll=7.199e+00  kl=7.461e+03
  rollout L2=4.617e-01  geo²=3.623e-03    σ_R=7.586e-02  σ_ω=1.224e-01
  aux (whitened)  L_power=7.398e-02  L_V=8.752e-01  L_B=8.752e-01  L_D=8.752e-01
  subnet MSE  M=1.725e+00  V=1.957e+01  Dw=3.718e-02  g=2.713e-01
[step    400]  loss=5.726e+00  nll=5.435e+00  kl=7.469e+03
  rollout L2=4.225e-01  geo²=3.322e-03    σ_R=7.363e-02  σ_ω=1.242e-01
  aux (whitened)  L_power=6.206e-02  L_V=7.950e-01  L_B=7.950e-01  L_D=7.950e-01
  subnet MSE  M=1.735e+00  V=1.871e+01  Dw=3.762e-02  g=2.700e-01
[step    450]  loss=4.155e+00  nll=3.827e+00  kl=7.478e+03
  rollout L2=3.892e-01  geo²=3.075e-03    σ_R=7.064e-02  σ_ω=1.265e-01
  aux (whitened)  L_power=5.242e-02  L_V=7.287e-01  L_B=7.287e-01  L_D=7.287e-01
  subnet MSE  M=1.712e+00  V=1.794e+01  Dw=3.764e-02  g=2.688e-01
[step    500]  loss=3.407e+00  nll=3.041e+00  kl=7.483e+03
  rollout L2=3.739e-01  geo²=2.960e-03    σ_R=6.872e-02  σ_ω=1.280e-01
  aux (whitened)  L_power=4.818e-02  L_V=6.907e-01  L_B=6.907e-01  L_D=6.907e-01
  subnet MSE  M=1.688e+00  V=1.775e+01  Dw=3.945e-02  g=2.732e-01
[step    550]  loss=2.141e+00  nll=1.739e+00  kl=7.489e+03
  rollout L2=3.428e-01  geo²=2.731e-03    σ_R=6.639e-02  σ_ω=1.298e-01
  aux (whitened)  L_power=4.351e-02  L_V=6.486e-01  L_B=6.486e-01  L_D=6.486e-01
  subnet MSE  M=1.696e+00  V=1.707e+01  Dw=3.920e-02  g=2.710e-01
[step    600]  loss=6.350e-01  nll=1.957e-01  kl=7.497e+03
  rollout L2=3.071e-01  geo²=2.434e-03    σ_R=6.299e-02  σ_ω=1.326e-01
  aux (whitened)  L_power=3.684e-02  L_V=5.675e-01  L_B=5.675e-01  L_D=5.675e-01
  subnet MSE  M=1.652e+00  V=1.676e+01  Dw=3.828e-02  g=2.722e-01
[step    650]  loss=8.930e-03  nll=-4.673e-01  kl=7.503e+03
  rollout L2=2.955e-01  geo²=2.340e-03    σ_R=6.049e-02  σ_ω=1.348e-01
  aux (whitened)  L_power=3.439e-02  L_V=5.369e-01  L_B=5.369e-01  L_D=5.369e-01
  subnet MSE  M=1.664e+00  V=1.643e+01  Dw=3.773e-02  g=2.665e-01
[step    700]  loss=-8.951e-01  nll=-1.408e+00  kl=7.510e+03
  rollout L2=2.751e-01  geo²=2.176e-03    σ_R=5.755e-02  σ_ω=1.376e-01
  aux (whitened)  L_power=3.084e-02  L_V=4.975e-01  L_B=4.975e-01  L_D=4.975e-01
  subnet MSE  M=1.651e+00  V=1.617e+01  Dw=3.715e-02  g=2.669e-01
[step    750]  loss=-1.463e+00  nll=-2.013e+00  kl=7.514e+03
  rollout L2=2.629e-01  geo²=2.094e-03    σ_R=5.522e-02  σ_ω=1.398e-01
  aux (whitened)  L_power=2.845e-02  L_V=4.687e-01  L_B=4.687e-01  L_D=4.687e-01
  subnet MSE  M=1.669e+00  V=1.600e+01  Dw=3.593e-02  g=2.632e-01
[step    800]  loss=-2.002e+00  nll=-2.589e+00  kl=7.518e+03
  rollout L2=2.513e-01  geo²=2.005e-03    σ_R=5.284e-02  σ_ω=1.422e-01
  aux (whitened)  L_power=2.600e-02  L_V=4.212e-01  L_B=4.212e-01  L_D=4.212e-01
  subnet MSE  M=1.643e+00  V=1.592e+01  Dw=3.508e-02  g=2.687e-01
[step    850]  loss=-2.535e+00  nll=-3.160e+00  kl=7.523e+03
  rollout L2=2.391e-01  geo²=1.909e-03    σ_R=5.052e-02  σ_ω=1.447e-01
  aux (whitened)  L_power=2.386e-02  L_V=4.058e-01  L_B=4.058e-01  L_D=4.058e-01
  subnet MSE  M=1.621e+00  V=1.558e+01  Dw=3.547e-02  g=2.700e-01
[step    900]  loss=-3.265e+00  nll=-3.926e+00  kl=7.527e+03
  rollout L2=2.205e-01  geo²=1.764e-03    σ_R=4.765e-02  σ_ω=1.480e-01
  aux (whitened)  L_power=2.061e-02  L_V=3.635e-01  L_B=3.635e-01  L_D=3.635e-01
  subnet MSE  M=1.655e+00  V=1.509e+01  Dw=3.547e-02  g=2.709e-01
[step    950]  loss=-3.766e+00  nll=-4.465e+00  kl=7.529e+03
  rollout L2=2.057e-01  geo²=1.640e-03    σ_R=4.586e-02  σ_ω=1.500e-01
  aux (whitened)  L_power=2.005e-02  L_V=3.433e-01  L_B=3.433e-01  L_D=3.433e-01
  subnet MSE  M=1.642e+00  V=1.481e+01  Dw=3.468e-02  g=2.658e-01
[step   1000]  loss=-4.249e+00  nll=-4.985e+00  kl=7.531e+03
  rollout L2=1.929e-01  geo²=1.543e-03    σ_R=4.353e-02  σ_ω=1.527e-01
  aux (whitened)  L_power=1.729e-02  L_V=2.991e-01  L_B=2.991e-01  L_D=2.991e-01
  subnet MSE  M=1.639e+00  V=1.470e+01  Dw=3.629e-02  g=2.737e-01
[step   1050]  loss=-4.783e+00  nll=-5.519e+00  kl=7.532e+03
  rollout L2=1.783e-01  geo²=1.432e-03    σ_R=4.135e-02  σ_ω=1.554e-01
  aux (whitened)  L_power=1.862e-02  L_V=2.997e-01  L_B=2.997e-01  L_D=2.997e-01
  subnet MSE  M=1.653e+00  V=1.451e+01  Dw=3.655e-02  g=2.604e-01
[step   1100]  loss=-5.326e+00  nll=-6.061e+00  kl=7.533e+03
  rollout L2=1.630e-01  geo²=1.314e-03    σ_R=3.907e-02  σ_ω=1.583e-01
  aux (whitened)  L_power=1.574e-02  L_V=2.547e-01  L_B=2.547e-01  L_D=2.547e-01
  subnet MSE  M=1.664e+00  V=1.443e+01  Dw=3.609e-02  g=2.671e-01
[step   1150]  loss=-5.701e+00  nll=-6.437e+00  kl=7.532e+03
  rollout L2=1.534e-01  geo²=1.239e-03    σ_R=3.709e-02  σ_ω=1.608e-01
  aux (whitened)  L_power=1.626e-02  L_V=2.649e-01  L_B=2.649e-01  L_D=2.649e-01
  subnet MSE  M=1.664e+00  V=1.410e+01  Dw=3.729e-02  g=2.570e-01
[step   1200]  loss=-6.092e+00  nll=-6.827e+00  kl=7.530e+03
  rollout L2=1.421e-01  geo²=1.146e-03    σ_R=3.528e-02  σ_ω=1.630e-01
  aux (whitened)  L_power=1.339e-02  L_V=2.255e-01  L_B=2.255e-01  L_D=2.255e-01
  subnet MSE  M=1.654e+00  V=1.399e+01  Dw=3.617e-02  g=2.677e-01
[step   1250]  loss=-6.312e+00  nll=-7.047e+00  kl=7.528e+03
  rollout L2=1.374e-01  geo²=1.112e-03    σ_R=3.372e-02  σ_ω=1.648e-01
  aux (whitened)  L_power=1.337e-02  L_V=2.120e-01  L_B=2.120e-01  L_D=2.120e-01
  subnet MSE  M=1.669e+00  V=1.380e+01  Dw=3.702e-02  g=2.646e-01
[step   1300]  loss=-6.614e+00  nll=-7.349e+00  kl=7.525e+03
  rollout L2=1.283e-01  geo²=1.041e-03    σ_R=3.230e-02  σ_ω=1.665e-01
  aux (whitened)  L_power=1.369e-02  L_V=2.106e-01  L_B=2.106e-01  L_D=2.106e-01
  subnet MSE  M=1.656e+00  V=1.376e+01  Dw=3.625e-02  g=2.603e-01
[step   1350]  loss=-6.783e+00  nll=-7.517e+00  kl=7.521e+03
  rollout L2=1.254e-01  geo²=1.023e-03    σ_R=3.083e-02  σ_ω=1.681e-01
  aux (whitened)  L_power=1.398e-02  L_V=2.320e-01  L_B=2.320e-01  L_D=2.320e-01
  subnet MSE  M=1.667e+00  V=1.364e+01  Dw=3.570e-02  g=2.557e-01
[step   1400]  loss=-7.135e+00  nll=-7.869e+00  kl=7.516e+03
  rollout L2=1.147e-01  geo²=9.286e-04    σ_R=2.924e-02  σ_ω=1.697e-01
  aux (whitened)  L_power=1.279e-02  L_V=1.915e-01  L_B=1.915e-01  L_D=1.915e-01
  subnet MSE  M=1.670e+00  V=1.361e+01  Dw=3.484e-02  g=2.605e-01
[step   1450]  loss=-7.375e+00  nll=-8.108e+00  kl=7.507e+03
  rollout L2=1.095e-01  geo²=8.917e-04    σ_R=2.744e-02  σ_ω=1.714e-01
  aux (whitened)  L_power=1.211e-02  L_V=1.739e-01  L_B=1.739e-01  L_D=1.739e-01
  subnet MSE  M=1.674e+00  V=1.335e+01  Dw=3.371e-02  g=2.604e-01
[step   1500]  loss=-7.715e+00  nll=-8.447e+00  kl=7.501e+03
  rollout L2=9.755e-02  geo²=7.920e-04    σ_R=2.649e-02  σ_ω=1.720e-01
  aux (whitened)  L_power=1.203e-02  L_V=1.741e-01  L_B=1.741e-01  L_D=1.741e-01
  subnet MSE  M=1.666e+00  V=1.331e+01  Dw=3.318e-02  g=2.586e-01
[step   1550]  loss=-8.082e+00  nll=-8.812e+00  kl=7.479e+03
  rollout L2=8.886e-02  geo²=7.249e-04    σ_R=2.418e-02  σ_ω=1.730e-01
  aux (whitened)  L_power=1.194e-02  L_V=1.631e-01  L_B=1.631e-01  L_D=1.631e-01
  subnet MSE  M=1.695e+00  V=1.302e+01  Dw=3.217e-02  g=2.571e-01
[step   1600]  loss=-8.278e+00  nll=-9.007e+00  kl=7.462e+03
  rollout L2=8.474e-02  geo²=6.911e-04    σ_R=2.287e-02  σ_ω=1.728e-01
  aux (whitened)  L_power=1.170e-02  L_V=1.574e-01  L_B=1.574e-01  L_D=1.574e-01
  subnet MSE  M=1.701e+00  V=1.294e+01  Dw=3.108e-02  g=2.588e-01
[step   1650]  loss=-8.538e+00  nll=-9.264e+00  kl=7.435e+03
  rollout L2=7.880e-02  geo²=6.464e-04    σ_R=2.138e-02  σ_ω=1.718e-01
  aux (whitened)  L_power=1.254e-02  L_V=1.640e-01  L_B=1.640e-01  L_D=1.640e-01
  subnet MSE  M=1.717e+00  V=1.277e+01  Dw=3.126e-02  g=2.539e-01
[step   1700]  loss=-8.830e+00  nll=-9.552e+00  kl=7.396e+03
  rollout L2=7.254e-02  geo²=5.991e-04    σ_R=1.979e-02  σ_ω=1.692e-01
  aux (whitened)  L_power=1.228e-02  L_V=1.591e-01  L_B=1.591e-01  L_D=1.591e-01
  subnet MSE  M=1.732e+00  V=1.280e+01  Dw=3.184e-02  g=2.577e-01
[step   1750]  loss=-9.027e+00  nll=-9.745e+00  kl=7.353e+03
  rollout L2=6.945e-02  geo²=5.750e-04    σ_R=1.848e-02  σ_ω=1.658e-01
  aux (whitened)  L_power=1.280e-02  L_V=1.650e-01  L_B=1.650e-01  L_D=1.650e-01
  subnet MSE  M=1.739e+00  V=1.270e+01  Dw=3.148e-02  g=2.561e-01
[step   1800]  loss=-9.237e+00  nll=-9.952e+00  kl=7.316e+03
  rollout L2=6.506e-02  geo²=5.416e-04    σ_R=1.758e-02  σ_ω=1.627e-01
  aux (whitened)  L_power=1.317e-02  L_V=1.683e-01  L_B=1.683e-01  L_D=1.683e-01
  subnet MSE  M=1.748e+00  V=1.266e+01  Dw=3.161e-02  g=2.571e-01
[step   1850]  loss=-9.412e+00  nll=-1.012e+01  kl=7.265e+03
  rollout L2=6.251e-02  geo²=5.208e-04    σ_R=1.656e-02  σ_ω=1.583e-01
  aux (whitened)  L_power=1.389e-02  L_V=1.795e-01  L_B=1.795e-01  L_D=1.795e-01
  subnet MSE  M=1.758e+00  V=1.255e+01  Dw=3.188e-02  g=2.570e-01
[step   1900]  loss=-9.595e+00  nll=-1.030e+01  kl=7.221e+03
  rollout L2=5.949e-02  geo²=4.916e-04    σ_R=1.582e-02  σ_ω=1.546e-01
  aux (whitened)  L_power=1.479e-02  L_V=1.879e-01  L_B=1.879e-01  L_D=1.879e-01
  subnet MSE  M=1.770e+00  V=1.246e+01  Dw=3.165e-02  g=2.566e-01
[step   1950]  loss=-9.713e+00  nll=-1.041e+01  kl=7.174e+03
  rollout L2=5.767e-02  geo²=4.815e-04    σ_R=1.515e-02  σ_ω=1.509e-01
  aux (whitened)  L_power=1.607e-02  L_V=2.037e-01  L_B=2.037e-01  L_D=2.037e-01
  subnet MSE  M=1.777e+00  V=1.249e+01  Dw=3.263e-02  g=2.529e-01
[step   2000]  loss=-9.804e+00  nll=-1.050e+01  kl=7.119e+03
  rollout L2=5.686e-02  geo²=4.737e-04    σ_R=1.447e-02  σ_ω=1.469e-01
  aux (whitened)  L_power=1.704e-02  L_V=2.166e-01  L_B=2.166e-01  L_D=2.166e-01
  subnet MSE  M=1.778e+00  V=1.251e+01  Dw=3.247e-02  g=2.520e-01
[step   2050]  loss=-9.932e+00  nll=-1.062e+01  kl=7.072e+03
  rollout L2=5.473e-02  geo²=4.572e-04    σ_R=1.397e-02  σ_ω=1.437e-01
  aux (whitened)  L_power=1.688e-02  L_V=2.144e-01  L_B=2.144e-01  L_D=2.144e-01
  subnet MSE  M=1.775e+00  V=1.242e+01  Dw=3.291e-02  g=2.563e-01
[step   2100]  loss=-9.979e+00  nll=-1.067e+01  kl=7.036e+03
  rollout L2=5.432e-02  geo²=4.521e-04    σ_R=1.362e-02  σ_ω=1.414e-01
  aux (whitened)  L_power=1.688e-02  L_V=2.152e-01  L_B=2.152e-01  L_D=2.152e-01
  subnet MSE  M=1.789e+00  V=1.243e+01  Dw=3.272e-02  g=2.569e-01
[step   2150]  loss=-1.006e+01  nll=-1.074e+01  kl=7.009e+03
  rollout L2=5.299e-02  geo²=4.421e-04    σ_R=1.339e-02  σ_ω=1.399e-01
  aux (whitened)  L_power=1.749e-02  L_V=2.232e-01  L_B=2.232e-01  L_D=2.232e-01
  subnet MSE  M=1.775e+00  V=1.239e+01  Dw=3.364e-02  g=2.561e-01
[step   2200]  loss=-1.008e+01  nll=-1.076e+01  kl=6.983e+03
  rollout L2=5.272e-02  geo²=4.417e-04    σ_R=1.318e-02  σ_ω=1.385e-01
  aux (whitened)  L_power=1.831e-02  L_V=2.480e-01  L_B=2.480e-01  L_D=2.480e-01
  subnet MSE  M=1.793e+00  V=1.241e+01  Dw=3.307e-02  g=2.535e-01
[step   2250]  loss=-1.015e+01  nll=-1.082e+01  kl=6.948e+03
  rollout L2=5.168e-02  geo²=4.328e-04    σ_R=1.292e-02  σ_ω=1.367e-01
  aux (whitened)  L_power=1.897e-02  L_V=2.412e-01  L_B=2.412e-01  L_D=2.412e-01
  subnet MSE  M=1.784e+00  V=1.230e+01  Dw=3.368e-02  g=2.535e-01
[step   2300]  loss=-1.013e+01  nll=-1.080e+01  kl=6.916e+03
  rollout L2=5.224e-02  geo²=4.372e-04    σ_R=1.272e-02  σ_ω=1.352e-01
  aux (whitened)  L_power=1.868e-02  L_V=2.383e-01  L_B=2.383e-01  L_D=2.383e-01
  subnet MSE  M=1.777e+00  V=1.237e+01  Dw=3.380e-02  g=2.549e-01
[step   2350]  loss=-1.016e+01  nll=-1.084e+01  kl=6.892e+03
  rollout L2=5.154e-02  geo²=4.335e-04    σ_R=1.258e-02  σ_ω=1.343e-01
  aux (whitened)  L_power=1.897e-02  L_V=2.423e-01  L_B=2.423e-01  L_D=2.423e-01
  subnet MSE  M=1.789e+00  V=1.236e+01  Dw=3.363e-02  g=2.556e-01
[step   2400]  loss=-1.016e+01  nll=-1.083e+01  kl=6.866e+03
  rollout L2=5.192e-02  geo²=4.335e-04    σ_R=1.246e-02  σ_ω=1.335e-01
  aux (whitened)  L_power=1.929e-02  L_V=2.465e-01  L_B=2.465e-01  L_D=2.465e-01
  subnet MSE  M=1.776e+00  V=1.241e+01  Dw=3.330e-02  g=2.555e-01
[step   2450]  loss=-1.023e+01  nll=-1.090e+01  kl=6.843e+03
  rollout L2=5.075e-02  geo²=4.239e-04    σ_R=1.237e-02  σ_ω=1.329e-01
  aux (whitened)  L_power=2.025e-02  L_V=2.583e-01  L_B=2.583e-01  L_D=2.583e-01
  subnet MSE  M=1.779e+00  V=1.230e+01  Dw=3.390e-02  g=2.538e-01
[step   2500]  loss=-1.025e+01  nll=-1.092e+01  kl=6.823e+03
  rollout L2=5.042e-02  geo²=4.214e-04    σ_R=1.227e-02  σ_ω=1.322e-01
  aux (whitened)  L_power=1.987e-02  L_V=2.538e-01  L_B=2.538e-01  L_D=2.538e-01
  subnet MSE  M=1.776e+00  V=1.230e+01  Dw=3.418e-02  g=2.547e-01
[step   2550]  loss=-1.025e+01  nll=-1.091e+01  kl=6.803e+03
  rollout L2=5.049e-02  geo²=4.233e-04    σ_R=1.219e-02  σ_ω=1.316e-01
  aux (whitened)  L_power=1.916e-02  L_V=2.445e-01  L_B=2.445e-01  L_D=2.445e-01
  subnet MSE  M=1.768e+00  V=1.231e+01  Dw=3.417e-02  g=2.575e-01
[step   2600]  loss=-1.030e+01  nll=-1.096e+01  kl=6.781e+03
  rollout L2=4.968e-02  geo²=4.164e-04    σ_R=1.210e-02  σ_ω=1.308e-01
  aux (whitened)  L_power=2.015e-02  L_V=2.577e-01  L_B=2.577e-01  L_D=2.577e-01
  subnet MSE  M=1.768e+00  V=1.235e+01  Dw=3.437e-02  g=2.547e-01
[step   2650]  loss=-1.030e+01  nll=-1.096e+01  kl=6.767e+03
  rollout L2=4.953e-02  geo²=4.173e-04    σ_R=1.204e-02  σ_ω=1.303e-01
  aux (whitened)  L_power=2.109e-02  L_V=2.688e-01  L_B=2.688e-01  L_D=2.688e-01
  subnet MSE  M=1.750e+00  V=1.228e+01  Dw=3.409e-02  g=2.551e-01
[step   2700]  loss=-1.039e+01  nll=-1.105e+01  kl=6.748e+03
  rollout L2=4.800e-02  geo²=4.042e-04    σ_R=1.195e-02  σ_ω=1.295e-01
  aux (whitened)  L_power=2.139e-02  L_V=2.712e-01  L_B=2.712e-01  L_D=2.712e-01
  subnet MSE  M=1.754e+00  V=1.225e+01  Dw=3.483e-02  g=2.535e-01
[step   2750]  loss=-1.042e+01  nll=-1.108e+01  kl=6.731e+03
  rollout L2=4.758e-02  geo²=4.014e-04    σ_R=1.186e-02  σ_ω=1.285e-01
  aux (whitened)  L_power=2.050e-02  L_V=2.606e-01  L_B=2.606e-01  L_D=2.606e-01
  subnet MSE  M=1.746e+00  V=1.218e+01  Dw=3.503e-02  g=2.555e-01
[step   2800]  loss=-1.049e+01  nll=-1.115e+01  kl=6.714e+03
  rollout L2=4.659e-02  geo²=3.913e-04    σ_R=1.176e-02  σ_ω=1.274e-01
  aux (whitened)  L_power=2.090e-02  L_V=2.650e-01  L_B=2.650e-01  L_D=2.650e-01
  subnet MSE  M=1.743e+00  V=1.222e+01  Dw=3.443e-02  g=2.557e-01
[step   2850]  loss=-1.059e+01  nll=-1.124e+01  kl=6.693e+03
  rollout L2=4.501e-02  geo²=3.800e-04    σ_R=1.161e-02  σ_ω=1.258e-01
  aux (whitened)  L_power=2.110e-02  L_V=2.676e-01  L_B=2.676e-01  L_D=2.676e-01
  subnet MSE  M=1.739e+00  V=1.221e+01  Dw=3.477e-02  g=2.559e-01
[step   2900]  loss=-1.063e+01  nll=-1.128e+01  kl=6.676e+03
  rollout L2=4.454e-02  geo²=3.747e-04    σ_R=1.149e-02  σ_ω=1.245e-01
  aux (whitened)  L_power=2.294e-02  L_V=2.887e-01  L_B=2.887e-01  L_D=2.887e-01
  subnet MSE  M=1.750e+00  V=1.214e+01  Dw=3.466e-02  g=2.531e-01
[step   2950]  loss=-1.064e+01  nll=-1.129e+01  kl=6.658e+03
  rollout L2=4.432e-02  geo²=3.738e-04    σ_R=1.139e-02  σ_ω=1.234e-01
  aux (whitened)  L_power=2.317e-02  L_V=2.914e-01  L_B=2.914e-01  L_D=2.914e-01
  subnet MSE  M=1.745e+00  V=1.214e+01  Dw=3.462e-02  g=2.537e-01
[step   3000]  loss=-1.068e+01  nll=-1.133e+01  kl=6.647e+03
  rollout L2=4.377e-02  geo²=3.696e-04    σ_R=1.133e-02  σ_ω=1.227e-01
  aux (whitened)  L_power=2.230e-02  L_V=2.817e-01  L_B=2.817e-01  L_D=2.817e-01
  subnet MSE  M=1.728e+00  V=1.217e+01  Dw=3.454e-02  g=2.563e-01
[step   3050]  loss=-1.069e+01  nll=-1.134e+01  kl=6.628e+03
  rollout L2=4.349e-02  geo²=3.691e-04    σ_R=1.122e-02  σ_ω=1.216e-01
  aux (whitened)  L_power=2.418e-02  L_V=3.032e-01  L_B=3.032e-01  L_D=3.032e-01
  subnet MSE  M=1.729e+00  V=1.214e+01  Dw=3.480e-02  g=2.527e-01
[step   3100]  loss=-1.079e+01  nll=-1.144e+01  kl=6.611e+03
  rollout L2=4.219e-02  geo²=3.566e-04    σ_R=1.114e-02  σ_ω=1.207e-01
  aux (whitened)  L_power=2.329e-02  L_V=2.924e-01  L_B=2.924e-01  L_D=2.924e-01
  subnet MSE  M=1.739e+00  V=1.208e+01  Dw=3.462e-02  g=2.553e-01
[step   3150]  loss=-1.077e+01  nll=-1.141e+01  kl=6.596e+03
  rollout L2=4.251e-02  geo²=3.607e-04    σ_R=1.106e-02  σ_ω=1.199e-01
  aux (whitened)  L_power=2.391e-02  L_V=3.005e-01  L_B=3.005e-01  L_D=3.005e-01
  subnet MSE  M=1.729e+00  V=1.212e+01  Dw=3.400e-02  g=2.548e-01
[step   3200]  loss=-1.080e+01  nll=-1.144e+01  kl=6.588e+03
  rollout L2=4.208e-02  geo²=3.562e-04    σ_R=1.103e-02  σ_ω=1.195e-01
  aux (whitened)  L_power=2.402e-02  L_V=3.025e-01  L_B=3.025e-01  L_D=3.025e-01
  subnet MSE  M=1.727e+00  V=1.209e+01  Dw=3.449e-02  g=2.546e-01
[step   3250]  loss=-1.080e+01  nll=-1.144e+01  kl=6.580e+03
  rollout L2=4.214e-02  geo²=3.557e-04    σ_R=1.100e-02  σ_ω=1.192e-01
  aux (whitened)  L_power=2.391e-02  L_V=3.009e-01  L_B=3.009e-01  L_D=3.009e-01
  subnet MSE  M=1.733e+00  V=1.205e+01  Dw=3.480e-02  g=2.555e-01
[step   3300]  loss=-1.082e+01  nll=-1.146e+01  kl=6.571e+03
  rollout L2=4.190e-02  geo²=3.541e-04    σ_R=1.097e-02  σ_ω=1.190e-01
  aux (whitened)  L_power=2.443e-02  L_V=3.083e-01  L_B=3.083e-01  L_D=3.083e-01
  subnet MSE  M=1.733e+00  V=1.211e+01  Dw=3.469e-02  g=2.549e-01
[step   3350]  loss=-1.087e+01  nll=-1.151e+01  kl=6.562e+03
  rollout L2=4.122e-02  geo²=3.487e-04    σ_R=1.093e-02  σ_ω=1.186e-01
  aux (whitened)  L_power=2.510e-02  L_V=3.139e-01  L_B=3.139e-01  L_D=3.139e-01
  subnet MSE  M=1.729e+00  V=1.213e+01  Dw=3.481e-02  g=2.534e-01
[step   3400]  loss=-1.090e+01  nll=-1.154e+01  kl=6.547e+03
  rollout L2=4.071e-02  geo²=3.458e-04    σ_R=1.086e-02  σ_ω=1.178e-01
  aux (whitened)  L_power=2.478e-02  L_V=3.098e-01  L_B=3.098e-01  L_D=3.098e-01
  subnet MSE  M=1.728e+00  V=1.205e+01  Dw=3.460e-02  g=2.550e-01
[step   3450]  loss=-1.090e+01  nll=-1.154e+01  kl=6.537e+03
  rollout L2=4.067e-02  geo²=3.458e-04    σ_R=1.082e-02  σ_ω=1.173e-01
  aux (whitened)  L_power=2.466e-02  L_V=3.098e-01  L_B=3.098e-01  L_D=3.098e-01
  subnet MSE  M=1.721e+00  V=1.209e+01  Dw=3.497e-02  g=2.552e-01
[step   3500]  loss=-1.090e+01  nll=-1.154e+01  kl=6.532e+03
  rollout L2=4.070e-02  geo²=3.449e-04    σ_R=1.080e-02  σ_ω=1.171e-01
  aux (whitened)  L_power=2.669e-02  L_V=3.330e-01  L_B=3.330e-01  L_D=3.330e-01
  subnet MSE  M=1.719e+00  V=1.207e+01  Dw=3.483e-02  g=2.515e-01
[step   3550]  loss=-1.094e+01  nll=-1.158e+01  kl=6.522e+03
  rollout L2=4.015e-02  geo²=3.406e-04    σ_R=1.077e-02  σ_ω=1.168e-01
  aux (whitened)  L_power=2.499e-02  L_V=3.132e-01  L_B=3.132e-01  L_D=3.132e-01
  subnet MSE  M=1.710e+00  V=1.207e+01  Dw=3.466e-02  g=2.555e-01
[step   3600]  loss=-1.097e+01  nll=-1.160e+01  kl=6.512e+03
  rollout L2=3.989e-02  geo²=3.376e-04    σ_R=1.073e-02  σ_ω=1.163e-01
  aux (whitened)  L_power=2.531e-02  L_V=3.168e-01  L_B=3.168e-01  L_D=3.168e-01
  subnet MSE  M=1.723e+00  V=1.206e+01  Dw=3.512e-02  g=2.549e-01
[step   3650]  loss=-1.094e+01  nll=-1.158e+01  kl=6.502e+03
  rollout L2=4.018e-02  geo²=3.409e-04    σ_R=1.069e-02  σ_ω=1.160e-01
  aux (whitened)  L_power=2.518e-02  L_V=3.160e-01  L_B=3.160e-01  L_D=3.160e-01
  subnet MSE  M=1.720e+00  V=1.205e+01  Dw=3.500e-02  g=2.547e-01
[step   3700]  loss=-1.096e+01  nll=-1.159e+01  kl=6.495e+03
  rollout L2=4.003e-02  geo²=3.392e-04    σ_R=1.067e-02  σ_ω=1.157e-01
  aux (whitened)  L_power=2.771e-02  L_V=3.451e-01  L_B=3.451e-01  L_D=3.451e-01
  subnet MSE  M=1.719e+00  V=1.201e+01  Dw=3.537e-02  g=2.507e-01
[step   3750]  loss=-1.099e+01  nll=-1.162e+01  kl=6.488e+03
  rollout L2=3.952e-02  geo²=3.362e-04    σ_R=1.065e-02  σ_ω=1.155e-01
  aux (whitened)  L_power=2.532e-02  L_V=3.178e-01  L_B=3.178e-01  L_D=3.178e-01
  subnet MSE  M=1.706e+00  V=1.204e+01  Dw=3.505e-02  g=2.557e-01
[step   3800]  loss=-1.101e+01  nll=-1.164e+01  kl=6.478e+03
  rollout L2=3.935e-02  geo²=3.347e-04    σ_R=1.061e-02  σ_ω=1.151e-01
  aux (whitened)  L_power=2.531e-02  L_V=3.173e-01  L_B=3.173e-01  L_D=3.173e-01
  subnet MSE  M=1.716e+00  V=1.207e+01  Dw=3.519e-02  g=2.552e-01
[step   3850]  loss=-1.101e+01  nll=-1.164e+01  kl=6.472e+03
  rollout L2=3.936e-02  geo²=3.332e-04    σ_R=1.059e-02  σ_ω=1.149e-01
  aux (whitened)  L_power=2.673e-02  L_V=3.349e-01  L_B=3.349e-01  L_D=3.349e-01
  subnet MSE  M=1.706e+00  V=1.200e+01  Dw=3.546e-02  g=2.534e-01
[step   3900]  loss=-1.107e+01  nll=-1.170e+01  kl=6.466e+03
  rollout L2=3.861e-02  geo²=3.266e-04    σ_R=1.057e-02  σ_ω=1.146e-01
  aux (whitened)  L_power=2.558e-02  L_V=3.210e-01  L_B=3.210e-01  L_D=3.210e-01
  subnet MSE  M=1.709e+00  V=1.203e+01  Dw=3.487e-02  g=2.554e-01
[step   3950]  loss=-1.106e+01  nll=-1.170e+01  kl=6.457e+03
  rollout L2=3.875e-02  geo²=3.272e-04    σ_R=1.053e-02  σ_ω=1.142e-01
  aux (whitened)  L_power=2.617e-02  L_V=3.285e-01  L_B=3.285e-01  L_D=3.285e-01
  subnet MSE  M=1.712e+00  V=1.203e+01  Dw=3.540e-02  g=2.545e-01
[step   4000]  loss=-1.107e+01  nll=-1.170e+01  kl=6.449e+03
  rollout L2=3.862e-02  geo²=3.265e-04    σ_R=1.050e-02  σ_ω=1.139e-01
  aux (whitened)  L_power=2.648e-02  L_V=3.324e-01  L_B=3.324e-01  L_D=3.324e-01
  subnet MSE  M=1.703e+00  V=1.200e+01  Dw=3.506e-02  g=2.537e-01
[step   4050]  loss=-1.109e+01  nll=-1.172e+01  kl=6.441e+03
  rollout L2=3.832e-02  geo²=3.251e-04    σ_R=1.048e-02  σ_ω=1.136e-01
  aux (whitened)  L_power=2.693e-02  L_V=3.419e-01  L_B=3.419e-01  L_D=3.419e-01
  subnet MSE  M=1.720e+00  V=1.199e+01  Dw=3.584e-02  g=2.539e-01
[step   4100]  loss=-1.106e+01  nll=-1.169e+01  kl=6.432e+03
  rollout L2=3.866e-02  geo²=3.291e-04    σ_R=1.045e-02  σ_ω=1.134e-01
  aux (whitened)  L_power=2.744e-02  L_V=3.436e-01  L_B=3.436e-01  L_D=3.436e-01
  subnet MSE  M=1.698e+00  V=1.196e+01  Dw=3.595e-02  g=2.538e-01
[step   4150]  loss=-1.113e+01  nll=-1.176e+01  kl=6.422e+03
  rollout L2=3.786e-02  geo²=3.205e-04    σ_R=1.042e-02  σ_ω=1.131e-01
  aux (whitened)  L_power=2.727e-02  L_V=3.416e-01  L_B=3.416e-01  L_D=3.416e-01
  subnet MSE  M=1.691e+00  V=1.200e+01  Dw=3.560e-02  g=2.541e-01
[step   4200]  loss=-1.114e+01  nll=-1.176e+01  kl=6.414e+03
  rollout L2=3.788e-02  geo²=3.199e-04    σ_R=1.039e-02  σ_ω=1.127e-01
  aux (whitened)  L_power=2.734e-02  L_V=3.412e-01  L_B=3.412e-01  L_D=3.412e-01
  subnet MSE  M=1.690e+00  V=1.196e+01  Dw=3.587e-02  g=2.541e-01
[step   4250]  loss=-1.114e+01  nll=-1.176e+01  kl=6.407e+03
  rollout L2=3.783e-02  geo²=3.204e-04    σ_R=1.036e-02  σ_ω=1.124e-01
  aux (whitened)  L_power=2.631e-02  L_V=3.300e-01  L_B=3.300e-01  L_D=3.300e-01
  subnet MSE  M=1.688e+00  V=1.211e+01  Dw=3.568e-02  g=2.563e-01
[step   4300]  loss=-1.113e+01  nll=-1.175e+01  kl=6.401e+03
  rollout L2=3.803e-02  geo²=3.215e-04    σ_R=1.034e-02  σ_ω=1.122e-01
  aux (whitened)  L_power=2.900e-02  L_V=3.595e-01  L_B=3.595e-01  L_D=3.595e-01
  subnet MSE  M=1.697e+00  V=1.184e+01  Dw=3.603e-02  g=2.538e-01
[step   4350]  loss=-1.117e+01  nll=-1.180e+01  kl=6.394e+03
  rollout L2=3.738e-02  geo²=3.174e-04    σ_R=1.032e-02  σ_ω=1.120e-01
  aux (whitened)  L_power=2.800e-02  L_V=3.499e-01  L_B=3.499e-01  L_D=3.499e-01
  subnet MSE  M=1.694e+00  V=1.197e+01  Dw=3.605e-02  g=2.541e-01
[step   4400]  loss=-1.119e+01  nll=-1.181e+01  kl=6.390e+03
  rollout L2=3.722e-02  geo²=3.153e-04    σ_R=1.029e-02  σ_ω=1.117e-01
  aux (whitened)  L_power=2.853e-02  L_V=3.558e-01  L_B=3.558e-01  L_D=3.558e-01
  subnet MSE  M=1.692e+00  V=1.196e+01  Dw=3.626e-02  g=2.528e-01
[step   4450]  loss=-1.122e+01  nll=-1.185e+01  kl=6.384e+03
  rollout L2=3.675e-02  geo²=3.117e-04    σ_R=1.027e-02  σ_ω=1.114e-01
  aux (whitened)  L_power=2.868e-02  L_V=3.566e-01  L_B=3.566e-01  L_D=3.566e-01
  subnet MSE  M=1.685e+00  V=1.199e+01  Dw=3.627e-02  g=2.525e-01
[step   4500]  loss=-1.124e+01  nll=-1.186e+01  kl=6.377e+03
  rollout L2=3.669e-02  geo²=3.099e-04    σ_R=1.023e-02  σ_ω=1.110e-01
  aux (whitened)  L_power=2.796e-02  L_V=3.487e-01  L_B=3.487e-01  L_D=3.487e-01
  subnet MSE  M=1.686e+00  V=1.194e+01  Dw=3.646e-02  g=2.546e-01
[step   4550]  loss=-1.121e+01  nll=-1.183e+01  kl=6.373e+03
  rollout L2=3.700e-02  geo²=3.138e-04    σ_R=1.020e-02  σ_ω=1.107e-01
  aux (whitened)  L_power=2.939e-02  L_V=3.660e-01  L_B=3.660e-01  L_D=3.660e-01
  subnet MSE  M=1.679e+00  V=1.196e+01  Dw=3.620e-02  g=2.530e-01
[step   4600]  loss=-1.126e+01  nll=-1.188e+01  kl=6.369e+03
  rollout L2=3.633e-02  geo²=3.082e-04    σ_R=1.019e-02  σ_ω=1.106e-01
  aux (whitened)  L_power=2.955e-02  L_V=3.685e-01  L_B=3.685e-01  L_D=3.685e-01
  subnet MSE  M=1.678e+00  V=1.198e+01  Dw=3.647e-02  g=2.518e-01
[step   4650]  loss=-1.124e+01  nll=-1.186e+01  kl=6.364e+03
  rollout L2=3.664e-02  geo²=3.099e-04    σ_R=1.016e-02  σ_ω=1.103e-01
  aux (whitened)  L_power=3.032e-02  L_V=3.767e-01  L_B=3.767e-01  L_D=3.767e-01
  subnet MSE  M=1.694e+00  V=1.201e+01  Dw=3.635e-02  g=2.508e-01
[step   4700]  loss=-1.130e+01  nll=-1.192e+01  kl=6.361e+03
  rollout L2=3.592e-02  geo²=3.033e-04    σ_R=1.014e-02  σ_ω=1.101e-01
  aux (whitened)  L_power=2.784e-02  L_V=3.470e-01  L_B=3.470e-01  L_D=3.470e-01
  subnet MSE  M=1.678e+00  V=1.195e+01  Dw=3.662e-02  g=2.558e-01
[step   4750]  loss=-1.127e+01  nll=-1.189e+01  kl=6.354e+03
  rollout L2=3.627e-02  geo²=3.071e-04    σ_R=1.011e-02  σ_ω=1.097e-01
  aux (whitened)  L_power=2.813e-02  L_V=3.514e-01  L_B=3.514e-01  L_D=3.514e-01
  subnet MSE  M=1.667e+00  V=1.192e+01  Dw=3.682e-02  g=2.550e-01
[step   4800]  loss=-1.132e+01  nll=-1.194e+01  kl=6.346e+03
  rollout L2=3.561e-02  geo²=3.026e-04    σ_R=1.008e-02  σ_ω=1.093e-01
  aux (whitened)  L_power=2.880e-02  L_V=3.590e-01  L_B=3.590e-01  L_D=3.590e-01
  subnet MSE  M=1.663e+00  V=1.198e+01  Dw=3.658e-02  g=2.542e-01
[step   4850]  loss=-1.133e+01  nll=-1.195e+01  kl=6.340e+03
  rollout L2=3.552e-02  geo²=3.017e-04    σ_R=1.006e-02  σ_ω=1.091e-01
  aux (whitened)  L_power=2.882e-02  L_V=3.600e-01  L_B=3.600e-01  L_D=3.600e-01
  subnet MSE  M=1.671e+00  V=1.196e+01  Dw=3.704e-02  g=2.543e-01
[step   4900]  loss=-1.133e+01  nll=-1.195e+01  kl=6.333e+03
  rollout L2=3.556e-02  geo²=3.010e-04    σ_R=1.004e-02  σ_ω=1.090e-01
  aux (whitened)  L_power=2.930e-02  L_V=3.639e-01  L_B=3.639e-01  L_D=3.639e-01
  subnet MSE  M=1.671e+00  V=1.194e+01  Dw=3.689e-02  g=2.539e-01
[step   4950]  loss=-1.136e+01  nll=-1.198e+01  kl=6.327e+03
  rollout L2=3.522e-02  geo²=2.976e-04    σ_R=1.002e-02  σ_ω=1.088e-01
  aux (whitened)  L_power=2.946e-02  L_V=3.685e-01  L_B=3.685e-01  L_D=3.685e-01
  subnet MSE  M=1.665e+00  V=1.196e+01  Dw=3.720e-02  g=2.539e-01
[step   5000]  loss=-1.136e+01  nll=-1.198e+01  kl=6.321e+03
  rollout L2=3.519e-02  geo²=2.987e-04    σ_R=1.001e-02  σ_ω=1.087e-01
  aux (whitened)  L_power=2.931e-02  L_V=3.645e-01  L_B=3.645e-01  L_D=3.645e-01
  subnet MSE  M=1.674e+00  V=1.198e+01  Dw=3.757e-02  g=2.541e-01
[step   5050]  loss=-1.136e+01  nll=-1.198e+01  kl=6.314e+03
  rollout L2=3.515e-02  geo²=2.982e-04    σ_R=9.984e-03  σ_ω=1.084e-01
  aux (whitened)  L_power=2.944e-02  L_V=3.658e-01  L_B=3.658e-01  L_D=3.658e-01
  subnet MSE  M=1.672e+00  V=1.196e+01  Dw=3.732e-02  g=2.545e-01
[step   5100]  loss=-1.141e+01  nll=-1.202e+01  kl=6.309e+03
  rollout L2=3.468e-02  geo²=2.936e-04    σ_R=9.973e-03  σ_ω=1.082e-01
  aux (whitened)  L_power=2.966e-02  L_V=3.678e-01  L_B=3.678e-01  L_D=3.678e-01
  subnet MSE  M=1.664e+00  V=1.195e+01  Dw=3.734e-02  g=2.540e-01
[step   5150]  loss=-1.140e+01  nll=-1.201e+01  kl=6.303e+03
  rollout L2=3.478e-02  geo²=2.948e-04    σ_R=9.947e-03  σ_ω=1.080e-01
  aux (whitened)  L_power=3.042e-02  L_V=3.771e-01  L_B=3.771e-01  L_D=3.771e-01
  subnet MSE  M=1.663e+00  V=1.195e+01  Dw=3.780e-02  g=2.530e-01
[step   5200]  loss=-1.140e+01  nll=-1.201e+01  kl=6.298e+03
  rollout L2=3.484e-02  geo²=2.947e-04    σ_R=9.929e-03  σ_ω=1.078e-01
  aux (whitened)  L_power=2.955e-02  L_V=3.673e-01  L_B=3.673e-01  L_D=3.673e-01
  subnet MSE  M=1.666e+00  V=1.193e+01  Dw=3.760e-02  g=2.552e-01
[step   5250]  loss=-1.141e+01  nll=-1.202e+01  kl=6.293e+03
  rollout L2=3.470e-02  geo²=2.943e-04    σ_R=9.920e-03  σ_ω=1.077e-01
  aux (whitened)  L_power=2.896e-02  L_V=3.602e-01  L_B=3.602e-01  L_D=3.602e-01
  subnet MSE  M=1.659e+00  V=1.197e+01  Dw=3.783e-02  g=2.562e-01
[step   5300]  loss=-1.141e+01  nll=-1.202e+01  kl=6.288e+03
  rollout L2=3.473e-02  geo²=2.941e-04    σ_R=9.903e-03  σ_ω=1.075e-01
  aux (whitened)  L_power=2.843e-02  L_V=3.538e-01  L_B=3.538e-01  L_D=3.538e-01
  subnet MSE  M=1.661e+00  V=1.196e+01  Dw=3.774e-02  g=2.582e-01
[step   5350]  loss=-1.144e+01  nll=-1.206e+01  kl=6.284e+03
  rollout L2=3.434e-02  geo²=2.899e-04    σ_R=9.889e-03  σ_ω=1.074e-01
  aux (whitened)  L_power=3.012e-02  L_V=3.741e-01  L_B=3.741e-01  L_D=3.741e-01
  subnet MSE  M=1.671e+00  V=1.197e+01  Dw=3.780e-02  g=2.540e-01
[step   5400]  loss=-1.143e+01  nll=-1.205e+01  kl=6.277e+03
  rollout L2=3.441e-02  geo²=2.919e-04    σ_R=9.855e-03  σ_ω=1.070e-01
  aux (whitened)  L_power=2.992e-02  L_V=3.715e-01  L_B=3.715e-01  L_D=3.715e-01
  subnet MSE  M=1.655e+00  V=1.199e+01  Dw=3.766e-02  g=2.551e-01
[step   5450]  loss=-1.146e+01  nll=-1.207e+01  kl=6.272e+03
  rollout L2=3.415e-02  geo²=2.894e-04    σ_R=9.835e-03  σ_ω=1.068e-01
  aux (whitened)  L_power=3.067e-02  L_V=3.796e-01  L_B=3.796e-01  L_D=3.796e-01
  subnet MSE  M=1.669e+00  V=1.190e+01  Dw=3.782e-02  g=2.538e-01
[step   5500]  loss=-1.146e+01  nll=-1.207e+01  kl=6.267e+03
  rollout L2=3.410e-02  geo²=2.891e-04    σ_R=9.831e-03  σ_ω=1.068e-01
  aux (whitened)  L_power=3.070e-02  L_V=3.800e-01  L_B=3.800e-01  L_D=3.800e-01
  subnet MSE  M=1.656e+00  V=1.195e+01  Dw=3.795e-02  g=2.544e-01
[step   5550]  loss=-1.148e+01  nll=-1.209e+01  kl=6.263e+03
  rollout L2=3.397e-02  geo²=2.874e-04    σ_R=9.826e-03  σ_ω=1.067e-01
  aux (whitened)  L_power=3.064e-02  L_V=3.803e-01  L_B=3.803e-01  L_D=3.803e-01
  subnet MSE  M=1.653e+00  V=1.193e+01  Dw=3.815e-02  g=2.536e-01
[step   5600]  loss=-1.148e+01  nll=-1.209e+01  kl=6.258e+03
  rollout L2=3.391e-02  geo²=2.870e-04    σ_R=9.820e-03  σ_ω=1.067e-01
  aux (whitened)  L_power=2.970e-02  L_V=3.687e-01  L_B=3.687e-01  L_D=3.687e-01
  subnet MSE  M=1.643e+00  V=1.202e+01  Dw=3.781e-02  g=2.562e-01
[step   5650]  loss=-1.148e+01  nll=-1.209e+01  kl=6.255e+03
  rollout L2=3.391e-02  geo²=2.871e-04    σ_R=9.816e-03  σ_ω=1.066e-01
  aux (whitened)  L_power=3.022e-02  L_V=3.745e-01  L_B=3.745e-01  L_D=3.745e-01
  subnet MSE  M=1.655e+00  V=1.193e+01  Dw=3.795e-02  g=2.549e-01
[step   5700]  loss=-1.147e+01  nll=-1.208e+01  kl=6.251e+03
  rollout L2=3.394e-02  geo²=2.886e-04    σ_R=9.799e-03  σ_ω=1.064e-01
  aux (whitened)  L_power=3.076e-02  L_V=3.823e-01  L_B=3.823e-01  L_D=3.823e-01
  subnet MSE  M=1.651e+00  V=1.192e+01  Dw=3.816e-02  g=2.542e-01
[step   5750]  loss=-1.150e+01  nll=-1.211e+01  kl=6.245e+03
  rollout L2=3.372e-02  geo²=2.859e-04    σ_R=9.779e-03  σ_ω=1.061e-01
  aux (whitened)  L_power=3.072e-02  L_V=3.815e-01  L_B=3.815e-01  L_D=3.815e-01
  subnet MSE  M=1.642e+00  V=1.192e+01  Dw=3.813e-02  g=2.543e-01
[step   5800]  loss=-1.150e+01  nll=-1.211e+01  kl=6.238e+03
  rollout L2=3.372e-02  geo²=2.848e-04    σ_R=9.756e-03  σ_ω=1.059e-01
  aux (whitened)  L_power=2.957e-02  L_V=3.672e-01  L_B=3.672e-01  L_D=3.672e-01
  subnet MSE  M=1.641e+00  V=1.190e+01  Dw=3.809e-02  g=2.569e-01
[step   5850]  loss=-1.149e+01  nll=-1.210e+01  kl=6.234e+03
  rollout L2=3.377e-02  geo²=2.865e-04    σ_R=9.749e-03  σ_ω=1.059e-01
  aux (whitened)  L_power=3.049e-02  L_V=3.778e-01  L_B=3.778e-01  L_D=3.778e-01
  subnet MSE  M=1.647e+00  V=1.192e+01  Dw=3.801e-02  g=2.555e-01
[step   5900]  loss=-1.150e+01  nll=-1.211e+01  kl=6.228e+03
  rollout L2=3.371e-02  geo²=2.858e-04    σ_R=9.727e-03  σ_ω=1.057e-01
  aux (whitened)  L_power=3.064e-02  L_V=3.798e-01  L_B=3.798e-01  L_D=3.798e-01
  subnet MSE  M=1.644e+00  V=1.196e+01  Dw=3.804e-02  g=2.556e-01
[step   5950]  loss=-1.153e+01  nll=-1.214e+01  kl=6.222e+03
  rollout L2=3.344e-02  geo²=2.825e-04    σ_R=9.720e-03  σ_ω=1.056e-01
  aux (whitened)  L_power=3.110e-02  L_V=3.847e-01  L_B=3.847e-01  L_D=3.847e-01
  subnet MSE  M=1.642e+00  V=1.196e+01  Dw=3.801e-02  g=2.547e-01
[step   6000]  loss=-1.153e+01  nll=-1.214e+01  kl=6.216e+03
  rollout L2=3.341e-02  geo²=2.828e-04    σ_R=9.705e-03  σ_ω=1.055e-01
  aux (whitened)  L_power=3.006e-02  L_V=3.719e-01  L_B=3.719e-01  L_D=3.719e-01
  subnet MSE  M=1.650e+00  V=1.189e+01  Dw=3.835e-02  g=2.569e-01
[step   6050]  loss=-1.155e+01  nll=-1.216e+01  kl=6.210e+03
  rollout L2=3.310e-02  geo²=2.811e-04    σ_R=9.666e-03  σ_ω=1.051e-01
  aux (whitened)  L_power=3.103e-02  L_V=3.833e-01  L_B=3.833e-01  L_D=3.833e-01
  subnet MSE  M=1.644e+00  V=1.191e+01  Dw=3.836e-02  g=2.558e-01
[step   6100]  loss=-1.155e+01  nll=-1.216e+01  kl=6.205e+03
  rollout L2=3.310e-02  geo²=2.816e-04    σ_R=9.660e-03  σ_ω=1.050e-01
  aux (whitened)  L_power=3.076e-02  L_V=3.807e-01  L_B=3.807e-01  L_D=3.807e-01
  subnet MSE  M=1.643e+00  V=1.200e+01  Dw=3.839e-02  g=2.553e-01
[step   6150]  loss=-1.158e+01  nll=-1.219e+01  kl=6.200e+03
  rollout L2=3.284e-02  geo²=2.777e-04    σ_R=9.659e-03  σ_ω=1.050e-01
  aux (whitened)  L_power=3.074e-02  L_V=3.803e-01  L_B=3.803e-01  L_D=3.803e-01
  subnet MSE  M=1.636e+00  V=1.191e+01  Dw=3.844e-02  g=2.559e-01
[step   6200]  loss=-1.156e+01  nll=-1.217e+01  kl=6.193e+03
  rollout L2=3.306e-02  geo²=2.803e-04    σ_R=9.655e-03  σ_ω=1.049e-01
  aux (whitened)  L_power=3.066e-02  L_V=3.792e-01  L_B=3.792e-01  L_D=3.792e-01
  subnet MSE  M=1.636e+00  V=1.197e+01  Dw=3.790e-02  g=2.559e-01
[step   6250]  loss=-1.162e+01  nll=-1.222e+01  kl=6.188e+03
  rollout L2=3.244e-02  geo²=2.749e-04    σ_R=9.634e-03  σ_ω=1.047e-01
  aux (whitened)  L_power=3.051e-02  L_V=3.769e-01  L_B=3.769e-01  L_D=3.769e-01
  subnet MSE  M=1.644e+00  V=1.194e+01  Dw=3.853e-02  g=2.563e-01
[step   6300]  loss=-1.162e+01  nll=-1.222e+01  kl=6.183e+03
  rollout L2=3.250e-02  geo²=2.742e-04    σ_R=9.603e-03  σ_ω=1.044e-01
  aux (whitened)  L_power=3.112e-02  L_V=3.839e-01  L_B=3.839e-01  L_D=3.839e-01
  subnet MSE  M=1.648e+00  V=1.193e+01  Dw=3.858e-02  g=2.561e-01
[step   6350]  loss=-1.162e+01  nll=-1.222e+01  kl=6.174e+03
  rollout L2=3.247e-02  geo²=2.756e-04    σ_R=9.588e-03  σ_ω=1.043e-01
  aux (whitened)  L_power=3.182e-02  L_V=3.919e-01  L_B=3.919e-01  L_D=3.919e-01
  subnet MSE  M=1.647e+00  V=1.191e+01  Dw=3.855e-02  g=2.548e-01
[step   6400]  loss=-1.163e+01  nll=-1.223e+01  kl=6.170e+03
  rollout L2=3.239e-02  geo²=2.735e-04    σ_R=9.562e-03  σ_ω=1.039e-01
  aux (whitened)  L_power=3.188e-02  L_V=3.933e-01  L_B=3.933e-01  L_D=3.933e-01
  subnet MSE  M=1.644e+00  V=1.192e+01  Dw=3.873e-02  g=2.546e-01
[step   6450]  loss=-1.164e+01  nll=-1.224e+01  kl=6.166e+03
  rollout L2=3.225e-02  geo²=2.726e-04    σ_R=9.557e-03  σ_ω=1.039e-01
  aux (whitened)  L_power=3.200e-02  L_V=3.942e-01  L_B=3.942e-01  L_D=3.942e-01
  subnet MSE  M=1.642e+00  V=1.190e+01  Dw=3.880e-02  g=2.547e-01
[step   6500]  loss=-1.162e+01  nll=-1.222e+01  kl=6.157e+03
  rollout L2=3.257e-02  geo²=2.750e-04    σ_R=9.544e-03  σ_ω=1.038e-01
  aux (whitened)  L_power=3.219e-02  L_V=3.959e-01  L_B=3.959e-01  L_D=3.959e-01
  subnet MSE  M=1.649e+00  V=1.191e+01  Dw=3.854e-02  g=2.545e-01
[step   6550]  loss=-1.164e+01  nll=-1.224e+01  kl=6.150e+03
  rollout L2=3.226e-02  geo²=2.726e-04    σ_R=9.525e-03  σ_ω=1.035e-01
  aux (whitened)  L_power=3.175e-02  L_V=3.912e-01  L_B=3.912e-01  L_D=3.912e-01
  subnet MSE  M=1.637e+00  V=1.188e+01  Dw=3.891e-02  g=2.557e-01
[step   6600]  loss=-1.166e+01  nll=-1.226e+01  kl=6.144e+03
  rollout L2=3.204e-02  geo²=2.714e-04    σ_R=9.520e-03  σ_ω=1.035e-01
  aux (whitened)  L_power=3.222e-02  L_V=3.972e-01  L_B=3.972e-01  L_D=3.972e-01
  subnet MSE  M=1.636e+00  V=1.187e+01  Dw=3.869e-02  g=2.551e-01
[step   6650]  loss=-1.168e+01  nll=-1.228e+01  kl=6.137e+03
  rollout L2=3.191e-02  geo²=2.698e-04    σ_R=9.488e-03  σ_ω=1.032e-01
  aux (whitened)  L_power=3.409e-02  L_V=4.181e-01  L_B=4.181e-01  L_D=4.181e-01
  subnet MSE  M=1.634e+00  V=1.185e+01  Dw=3.901e-02  g=2.528e-01
[step   6700]  loss=-1.170e+01  nll=-1.229e+01  kl=6.129e+03
  rollout L2=3.175e-02  geo²=2.679e-04    σ_R=9.485e-03  σ_ω=1.032e-01
  aux (whitened)  L_power=3.276e-02  L_V=4.021e-01  L_B=4.021e-01  L_D=4.021e-01
  subnet MSE  M=1.642e+00  V=1.192e+01  Dw=3.935e-02  g=2.548e-01
[step   6750]  loss=-1.167e+01  nll=-1.227e+01  kl=6.123e+03
  rollout L2=3.199e-02  geo²=2.704e-04    σ_R=9.486e-03  σ_ω=1.032e-01
  aux (whitened)  L_power=3.248e-02  L_V=3.994e-01  L_B=3.994e-01  L_D=3.994e-01
  subnet MSE  M=1.638e+00  V=1.191e+01  Dw=3.908e-02  g=2.550e-01
[step   6800]  loss=-1.166e+01  nll=-1.226e+01  kl=6.118e+03
  rollout L2=3.210e-02  geo²=2.717e-04    σ_R=9.495e-03  σ_ω=1.034e-01
  aux (whitened)  L_power=3.272e-02  L_V=4.031e-01  L_B=4.031e-01  L_D=4.031e-01
  subnet MSE  M=1.634e+00  V=1.191e+01  Dw=3.902e-02  g=2.547e-01
[step   6850]  loss=-1.159e+01  nll=-1.219e+01  kl=6.112e+03
  rollout L2=3.282e-02  geo²=2.785e-04    σ_R=9.542e-03  σ_ω=1.038e-01
  aux (whitened)  L_power=3.410e-02  L_V=4.200e-01  L_B=4.200e-01  L_D=4.200e-01
  subnet MSE  M=1.635e+00  V=1.188e+01  Dw=3.899e-02  g=2.532e-01
[step   6900]  loss=-1.151e+01  nll=-1.210e+01  kl=6.107e+03
  rollout L2=3.379e-02  geo²=2.856e-04    σ_R=9.670e-03  σ_ω=1.054e-01
  aux (whitened)  L_power=3.190e-02  L_V=3.953e-01  L_B=3.953e-01  L_D=3.953e-01
  subnet MSE  M=1.636e+00  V=1.191e+01  Dw=3.932e-02  g=2.532e-01
[step   6950]  loss=-1.149e+01  nll=-1.209e+01  kl=6.102e+03
  rollout L2=3.404e-02  geo²=2.867e-04    σ_R=9.799e-03  σ_ω=1.068e-01
  aux (whitened)  L_power=2.966e-02  L_V=3.692e-01  L_B=3.692e-01  L_D=3.692e-01
  subnet MSE  M=1.618e+00  V=1.190e+01  Dw=3.935e-02  g=2.568e-01
[step   7000]  loss=-1.148e+01  nll=-1.208e+01  kl=6.096e+03
  rollout L2=3.417e-02  geo²=2.871e-04    σ_R=9.764e-03  σ_ω=1.064e-01
  aux (whitened)  L_power=3.083e-02  L_V=3.817e-01  L_B=3.817e-01  L_D=3.817e-01
  subnet MSE  M=1.610e+00  V=1.192e+01  Dw=3.959e-02  g=2.552e-01
[step   7050]  loss=-1.156e+01  nll=-1.216e+01  kl=6.092e+03
  rollout L2=3.324e-02  geo²=2.797e-04    σ_R=9.759e-03  σ_ω=1.064e-01
  aux (whitened)  L_power=3.118e-02  L_V=3.865e-01  L_B=3.865e-01  L_D=3.865e-01
  subnet MSE  M=1.617e+00  V=1.191e+01  Dw=3.954e-02  g=2.536e-01
[step   7100]  loss=-1.153e+01  nll=-1.212e+01  kl=6.087e+03
  rollout L2=3.364e-02  geo²=2.837e-04    σ_R=9.683e-03  σ_ω=1.055e-01
  aux (whitened)  L_power=3.142e-02  L_V=3.898e-01  L_B=3.898e-01  L_D=3.898e-01
  subnet MSE  M=1.613e+00  V=1.190e+01  Dw=3.996e-02  g=2.548e-01
[step   7150]  loss=-1.159e+01  nll=-1.219e+01  kl=6.082e+03
  rollout L2=3.291e-02  geo²=2.773e-04    σ_R=9.663e-03  σ_ω=1.053e-01
  aux (whitened)  L_power=3.249e-02  L_V=4.021e-01  L_B=4.021e-01  L_D=4.021e-01
  subnet MSE  M=1.605e+00  V=1.185e+01  Dw=3.977e-02  g=2.536e-01
[step   7200]  loss=-1.161e+01  nll=-1.220e+01  kl=6.077e+03
  rollout L2=3.271e-02  geo²=2.760e-04    σ_R=9.618e-03  σ_ω=1.047e-01
  aux (whitened)  L_power=3.241e-02  L_V=4.014e-01  L_B=4.014e-01  L_D=4.014e-01
  subnet MSE  M=1.599e+00  V=1.185e+01  Dw=3.966e-02  g=2.540e-01
[step   7250]  loss=-1.164e+01  nll=-1.223e+01  kl=6.074e+03
  rollout L2=3.252e-02  geo²=2.725e-04    σ_R=9.616e-03  σ_ω=1.046e-01
  aux (whitened)  L_power=3.126e-02  L_V=3.857e-01  L_B=3.857e-01  L_D=3.857e-01
  subnet MSE  M=1.608e+00  V=1.184e+01  Dw=3.973e-02  g=2.568e-01
[step   7300]  loss=-1.163e+01  nll=-1.222e+01  kl=6.070e+03
  rollout L2=3.256e-02  geo²=2.746e-04    σ_R=9.602e-03  σ_ω=1.045e-01
  aux (whitened)  L_power=3.216e-02  L_V=3.959e-01  L_B=3.959e-01  L_D=3.959e-01
  subnet MSE  M=1.604e+00  V=1.186e+01  Dw=3.982e-02  g=2.548e-01
[step   7350]  loss=-1.166e+01  nll=-1.225e+01  kl=6.065e+03
  rollout L2=3.226e-02  geo²=2.719e-04    σ_R=9.541e-03  σ_ω=1.038e-01
  aux (whitened)  L_power=3.289e-02  L_V=4.044e-01  L_B=4.044e-01  L_D=4.044e-01
  subnet MSE  M=1.605e+00  V=1.188e+01  Dw=3.964e-02  g=2.544e-01
[step   7400]  loss=-1.175e+01  nll=-1.234e+01  kl=6.060e+03
  rollout L2=3.127e-02  geo²=2.629e-04    σ_R=9.468e-03  σ_ω=1.029e-01
  aux (whitened)  L_power=3.324e-02  L_V=4.070e-01  L_B=4.070e-01  L_D=4.070e-01
  subnet MSE  M=1.611e+00  V=1.187e+01  Dw=3.985e-02  g=2.549e-01
[step   7450]  loss=-1.178e+01  nll=-1.237e+01  kl=6.051e+03
  rollout L2=3.100e-02  geo²=2.616e-04    σ_R=9.329e-03  σ_ω=1.017e-01
  aux (whitened)  L_power=3.355e-02  L_V=4.102e-01  L_B=4.102e-01  L_D=4.102e-01
  subnet MSE  M=1.613e+00  V=1.186e+01  Dw=4.016e-02  g=2.545e-01
[step   7500]  loss=-1.182e+01  nll=-1.241e+01  kl=6.041e+03
  rollout L2=3.062e-02  geo²=2.578e-04    σ_R=9.292e-03  σ_ω=1.012e-01
  aux (whitened)  L_power=3.421e-02  L_V=4.174e-01  L_B=4.174e-01  L_D=4.174e-01
  subnet MSE  M=1.612e+00  V=1.183e+01  Dw=4.017e-02  g=2.550e-01
[step   7550]  loss=-1.182e+01  nll=-1.241e+01  kl=6.034e+03
  rollout L2=3.059e-02  geo²=2.578e-04    σ_R=9.270e-03  σ_ω=1.010e-01
  aux (whitened)  L_power=3.418e-02  L_V=4.174e-01  L_B=4.174e-01  L_D=4.174e-01
  subnet MSE  M=1.620e+00  V=1.186e+01  Dw=4.032e-02  g=2.544e-01
[step   7600]  loss=-1.182e+01  nll=-1.241e+01  kl=6.028e+03
  rollout L2=3.056e-02  geo²=2.580e-04    σ_R=9.246e-03  σ_ω=1.008e-01
  aux (whitened)  L_power=3.427e-02  L_V=4.187e-01  L_B=4.187e-01  L_D=4.187e-01
  subnet MSE  M=1.612e+00  V=1.187e+01  Dw=4.027e-02  g=2.548e-01
[step   7650]  loss=-1.183e+01  nll=-1.242e+01  kl=6.022e+03
  rollout L2=3.050e-02  geo²=2.565e-04    σ_R=9.217e-03  σ_ω=1.005e-01
  aux (whitened)  L_power=3.370e-02  L_V=4.133e-01  L_B=4.133e-01  L_D=4.133e-01
  subnet MSE  M=1.608e+00  V=1.188e+01  Dw=4.042e-02  g=2.548e-01
[step   7700]  loss=-1.184e+01  nll=-1.243e+01  kl=6.016e+03
  rollout L2=3.034e-02  geo²=2.557e-04    σ_R=9.221e-03  σ_ω=1.005e-01
  aux (whitened)  L_power=3.501e-02  L_V=4.267e-01  L_B=4.267e-01  L_D=4.267e-01
  subnet MSE  M=1.613e+00  V=1.186e+01  Dw=4.057e-02  g=2.556e-01
[step   7750]  loss=-1.187e+01  nll=-1.246e+01  kl=6.011e+03
  rollout L2=3.014e-02  geo²=2.533e-04    σ_R=9.199e-03  σ_ω=1.003e-01
  aux (whitened)  L_power=3.550e-02  L_V=4.331e-01  L_B=4.331e-01  L_D=4.331e-01
  subnet MSE  M=1.612e+00  V=1.184e+01  Dw=4.034e-02  g=2.537e-01
[step   7800]  loss=-1.186e+01  nll=-1.244e+01  kl=6.008e+03
  rollout L2=3.024e-02  geo²=2.545e-04    σ_R=9.190e-03  σ_ω=1.002e-01
  aux (whitened)  L_power=3.430e-02  L_V=4.193e-01  L_B=4.193e-01  L_D=4.193e-01
  subnet MSE  M=1.612e+00  V=1.186e+01  Dw=4.073e-02  g=2.556e-01
[step   7850]  loss=-1.188e+01  nll=-1.247e+01  kl=6.004e+03
  rollout L2=3.006e-02  geo²=2.519e-04    σ_R=9.155e-03  σ_ω=9.983e-02
  aux (whitened)  L_power=3.551e-02  L_V=4.335e-01  L_B=4.335e-01  L_D=4.335e-01
  subnet MSE  M=1.611e+00  V=1.189e+01  Dw=4.055e-02  g=2.537e-01
[step   7900]  loss=-1.189e+01  nll=-1.248e+01  kl=5.999e+03
  rollout L2=2.991e-02  geo²=2.516e-04    σ_R=9.140e-03  σ_ω=9.962e-02
  aux (whitened)  L_power=3.577e-02  L_V=4.364e-01  L_B=4.364e-01  L_D=4.364e-01
  subnet MSE  M=1.616e+00  V=1.188e+01  Dw=4.064e-02  g=2.534e-01
[step   7950]  loss=-1.192e+01  nll=-1.251e+01  kl=5.996e+03
  rollout L2=2.964e-02  geo²=2.493e-04    σ_R=9.115e-03  σ_ω=9.935e-02
  aux (whitened)  L_power=3.466e-02  L_V=4.242e-01  L_B=4.242e-01  L_D=4.242e-01
  subnet MSE  M=1.608e+00  V=1.186e+01  Dw=4.099e-02  g=2.573e-01
[step   8000]  loss=-1.191e+01  nll=-1.249e+01  kl=5.992e+03
  rollout L2=2.983e-02  geo²=2.501e-04    σ_R=9.128e-03  σ_ω=9.959e-02
  aux (whitened)  L_power=3.553e-02  L_V=4.330e-01  L_B=4.330e-01  L_D=4.330e-01
  subnet MSE  M=1.604e+00  V=1.186e+01  Dw=4.148e-02  g=2.549e-01
[step   8050]  loss=-1.192e+01  nll=-1.250e+01  kl=5.989e+03
  rollout L2=2.966e-02  geo²=2.498e-04    σ_R=9.095e-03  σ_ω=9.919e-02
  aux (whitened)  L_power=3.425e-02  L_V=4.185e-01  L_B=4.185e-01  L_D=4.185e-01
  subnet MSE  M=1.601e+00  V=1.186e+01  Dw=4.101e-02  g=2.561e-01
[step   8100]  loss=-1.195e+01  nll=-1.254e+01  kl=5.985e+03
  rollout L2=2.937e-02  geo²=2.466e-04    σ_R=9.068e-03  σ_ω=9.891e-02
  aux (whitened)  L_power=3.634e-02  L_V=4.421e-01  L_B=4.421e-01  L_D=4.421e-01
  subnet MSE  M=1.602e+00  V=1.186e+01  Dw=4.126e-02  g=2.540e-01
[step   8150]  loss=-1.195e+01  nll=-1.253e+01  kl=5.981e+03
  rollout L2=2.936e-02  geo²=2.477e-04    σ_R=9.061e-03  σ_ω=9.878e-02
  aux (whitened)  L_power=3.542e-02  L_V=4.333e-01  L_B=4.333e-01  L_D=4.333e-01
  subnet MSE  M=1.591e+00  V=1.197e+01  Dw=4.073e-02  g=2.550e-01
[step   8200]  loss=-1.195e+01  nll=-1.254e+01  kl=5.978e+03
  rollout L2=2.939e-02  geo²=2.464e-04    σ_R=9.041e-03  σ_ω=9.853e-02
  aux (whitened)  L_power=3.496e-02  L_V=4.270e-01  L_B=4.270e-01  L_D=4.270e-01
  subnet MSE  M=1.602e+00  V=1.188e+01  Dw=4.114e-02  g=2.558e-01
[step   8250]  loss=-1.196e+01  nll=-1.255e+01  kl=5.976e+03
  rollout L2=2.922e-02  geo²=2.460e-04    σ_R=9.024e-03  σ_ω=9.839e-02
  aux (whitened)  L_power=3.549e-02  L_V=4.331e-01  L_B=4.331e-01  L_D=4.331e-01
  subnet MSE  M=1.598e+00  V=1.186e+01  Dw=4.160e-02  g=2.559e-01
[step   8300]  loss=-1.198e+01  nll=-1.256e+01  kl=5.975e+03
  rollout L2=2.909e-02  geo²=2.452e-04    σ_R=9.043e-03  σ_ω=9.865e-02
  aux (whitened)  L_power=3.561e-02  L_V=4.347e-01  L_B=4.347e-01  L_D=4.347e-01
  subnet MSE  M=1.599e+00  V=1.183e+01  Dw=4.149e-02  g=2.548e-01
[step   8350]  loss=-1.200e+01  nll=-1.259e+01  kl=5.974e+03
  rollout L2=2.891e-02  geo²=2.424e-04    σ_R=9.009e-03  σ_ω=9.833e-02
  aux (whitened)  L_power=3.549e-02  L_V=4.336e-01  L_B=4.336e-01  L_D=4.336e-01
  subnet MSE  M=1.601e+00  V=1.186e+01  Dw=4.160e-02  g=2.554e-01
[step   8400]  loss=-1.200e+01  nll=-1.259e+01  kl=5.974e+03
  rollout L2=2.885e-02  geo²=2.427e-04    σ_R=8.977e-03  σ_ω=9.792e-02
  aux (whitened)  L_power=3.559e-02  L_V=4.345e-01  L_B=4.345e-01  L_D=4.345e-01
  subnet MSE  M=1.595e+00  V=1.186e+01  Dw=4.155e-02  g=2.557e-01
[step   8450]  loss=-1.196e+01  nll=-1.254e+01  kl=5.973e+03
  rollout L2=2.931e-02  geo²=2.463e-04    σ_R=9.037e-03  σ_ω=9.852e-02
  aux (whitened)  L_power=3.600e-02  L_V=4.384e-01  L_B=4.384e-01  L_D=4.384e-01
  subnet MSE  M=1.596e+00  V=1.175e+01  Dw=4.199e-02  g=2.550e-01
[step   8500]  loss=-1.176e+01  nll=-1.235e+01  kl=5.971e+03
  rollout L2=3.137e-02  geo²=2.618e-04    σ_R=9.269e-03  σ_ω=1.017e-01
  aux (whitened)  L_power=3.480e-02  L_V=4.288e-01  L_B=4.288e-01  L_D=4.288e-01
  subnet MSE  M=1.580e+00  V=1.192e+01  Dw=4.205e-02  g=2.537e-01
[step   8550]  loss=-1.167e+01  nll=-1.226e+01  kl=5.966e+03
  rollout L2=3.225e-02  geo²=2.705e-04    σ_R=9.423e-03  σ_ω=1.031e-01
  aux (whitened)  L_power=3.313e-02  L_V=4.118e-01  L_B=4.118e-01  L_D=4.118e-01
  subnet MSE  M=1.581e+00  V=1.187e+01  Dw=4.263e-02  g=2.548e-01
[step   8600]  loss=-1.177e+01  nll=-1.235e+01  kl=5.963e+03
  rollout L2=3.130e-02  geo²=2.623e-04    σ_R=9.389e-03  σ_ω=1.024e-01
  aux (whitened)  L_power=3.390e-02  L_V=4.177e-01  L_B=4.177e-01  L_D=4.177e-01
  subnet MSE  M=1.572e+00  V=1.184e+01  Dw=4.289e-02  g=2.554e-01
[step   8650]  loss=-1.187e+01  nll=-1.245e+01  kl=5.962e+03
  rollout L2=3.020e-02  geo²=2.531e-04    σ_R=9.255e-03  σ_ω=1.010e-01
  aux (whitened)  L_power=3.518e-02  L_V=4.314e-01  L_B=4.314e-01  L_D=4.314e-01
  subnet MSE  M=1.571e+00  V=1.183e+01  Dw=4.329e-02  g=2.541e-01
[step   8700]  loss=-1.198e+01  nll=-1.256e+01  kl=5.962e+03
  rollout L2=2.919e-02  geo²=2.444e-04    σ_R=9.035e-03  σ_ω=9.871e-02
  aux (whitened)  L_power=3.582e-02  L_V=4.368e-01  L_B=4.368e-01  L_D=4.368e-01
  subnet MSE  M=1.576e+00  V=1.181e+01  Dw=4.291e-02  g=2.551e-01
[step   8750]  loss=-1.198e+01  nll=-1.257e+01  kl=5.963e+03
  rollout L2=2.910e-02  geo²=2.439e-04    σ_R=9.021e-03  σ_ω=9.845e-02
  aux (whitened)  L_power=3.705e-02  L_V=4.527e-01  L_B=4.527e-01  L_D=4.527e-01
  subnet MSE  M=1.580e+00  V=1.186e+01  Dw=4.207e-02  g=2.536e-01
[step   8800]  loss=-1.203e+01  nll=-1.261e+01  kl=5.964e+03
  rollout L2=2.865e-02  geo²=2.404e-04    σ_R=8.983e-03  σ_ω=9.789e-02
  aux (whitened)  L_power=3.634e-02  L_V=4.445e-01  L_B=4.445e-01  L_D=4.445e-01
  subnet MSE  M=1.585e+00  V=1.184e+01  Dw=4.203e-02  g=2.546e-01
[step   8850]  loss=-1.204e+01  nll=-1.262e+01  kl=5.965e+03
  rollout L2=2.855e-02  geo²=2.396e-04    σ_R=8.958e-03  σ_ω=9.777e-02
  aux (whitened)  L_power=3.639e-02  L_V=4.440e-01  L_B=4.440e-01  L_D=4.440e-01
  subnet MSE  M=1.588e+00  V=1.183e+01  Dw=4.216e-02  g=2.544e-01
[step   8900]  loss=-1.205e+01  nll=-1.263e+01  kl=5.966e+03
  rollout L2=2.843e-02  geo²=2.394e-04    σ_R=8.919e-03  σ_ω=9.726e-02
  aux (whitened)  L_power=3.665e-02  L_V=4.470e-01  L_B=4.470e-01  L_D=4.470e-01
  subnet MSE  M=1.583e+00  V=1.184e+01  Dw=4.244e-02  g=2.554e-01
[step   8950]  loss=-1.203e+01  nll=-1.261e+01  kl=5.967e+03
  rollout L2=2.866e-02  geo²=2.407e-04    σ_R=8.918e-03  σ_ω=9.729e-02
  aux (whitened)  L_power=3.672e-02  L_V=4.482e-01  L_B=4.482e-01  L_D=4.482e-01
  subnet MSE  M=1.582e+00  V=1.184e+01  Dw=4.229e-02  g=2.549e-01
[step   9000]  loss=-1.206e+01  nll=-1.264e+01  kl=5.969e+03
  rollout L2=2.837e-02  geo²=2.379e-04    σ_R=8.906e-03  σ_ω=9.711e-02
  aux (whitened)  L_power=3.793e-02  L_V=4.621e-01  L_B=4.621e-01  L_D=4.621e-01
  subnet MSE  M=1.582e+00  V=1.184e+01  Dw=4.261e-02  g=2.538e-01
[step   9050]  loss=-1.204e+01  nll=-1.262e+01  kl=5.972e+03
  rollout L2=2.847e-02  geo²=2.396e-04    σ_R=8.907e-03  σ_ω=9.706e-02
  aux (whitened)  L_power=3.763e-02  L_V=4.598e-01  L_B=4.598e-01  L_D=4.598e-01
  subnet MSE  M=1.576e+00  V=1.184e+01  Dw=4.281e-02  g=2.540e-01
[step   9100]  loss=-1.207e+01  nll=-1.266e+01  kl=5.975e+03
  rollout L2=2.817e-02  geo²=2.372e-04    σ_R=8.885e-03  σ_ω=9.689e-02
  aux (whitened)  L_power=3.715e-02  L_V=4.528e-01  L_B=4.528e-01  L_D=4.528e-01
  subnet MSE  M=1.577e+00  V=1.185e+01  Dw=4.284e-02  g=2.551e-01
[step   9150]  loss=-1.210e+01  nll=-1.268e+01  kl=5.977e+03
  rollout L2=2.795e-02  geo²=2.350e-04    σ_R=8.886e-03  σ_ω=9.686e-02
  aux (whitened)  L_power=3.692e-02  L_V=4.506e-01  L_B=4.506e-01  L_D=4.506e-01
  subnet MSE  M=1.577e+00  V=1.186e+01  Dw=4.277e-02  g=2.550e-01
[step   9200]  loss=-1.208e+01  nll=-1.267e+01  kl=5.979e+03
  rollout L2=2.801e-02  geo²=2.368e-04    σ_R=8.848e-03  σ_ω=9.647e-02
  aux (whitened)  L_power=3.853e-02  L_V=4.687e-01  L_B=4.687e-01  L_D=4.687e-01
  subnet MSE  M=1.577e+00  V=1.184e+01  Dw=4.325e-02  g=2.530e-01
[step   9250]  loss=-1.210e+01  nll=-1.269e+01  kl=5.984e+03
  rollout L2=2.789e-02  geo²=2.348e-04    σ_R=8.844e-03  σ_ω=9.643e-02
  aux (whitened)  L_power=3.720e-02  L_V=4.526e-01  L_B=4.526e-01  L_D=4.526e-01
  subnet MSE  M=1.575e+00  V=1.182e+01  Dw=4.314e-02  g=2.554e-01
[step   9300]  loss=-1.209e+01  nll=-1.268e+01  kl=5.987e+03
  rollout L2=2.795e-02  geo²=2.358e-04    σ_R=8.844e-03  σ_ω=9.635e-02
  aux (whitened)  L_power=3.674e-02  L_V=4.472e-01  L_B=4.472e-01  L_D=4.472e-01
  subnet MSE  M=1.578e+00  V=1.183e+01  Dw=4.345e-02  g=2.548e-01
[step   9350]  loss=-1.211e+01  nll=-1.270e+01  kl=5.990e+03
  rollout L2=2.785e-02  geo²=2.333e-04    σ_R=8.854e-03  σ_ω=9.648e-02
  aux (whitened)  L_power=3.819e-02  L_V=4.646e-01  L_B=4.646e-01  L_D=4.646e-01
  subnet MSE  M=1.577e+00  V=1.188e+01  Dw=4.369e-02  g=2.542e-01
[step   9400]  loss=-1.210e+01  nll=-1.269e+01  kl=5.993e+03
  rollout L2=2.785e-02  geo²=2.348e-04    σ_R=8.846e-03  σ_ω=9.656e-02
  aux (whitened)  L_power=3.819e-02  L_V=4.653e-01  L_B=4.653e-01  L_D=4.653e-01
  subnet MSE  M=1.578e+00  V=1.185e+01  Dw=4.340e-02  g=2.528e-01
[step   9450]  loss=-1.211e+01  nll=-1.269e+01  kl=5.998e+03
  rollout L2=2.784e-02  geo²=2.342e-04    σ_R=8.810e-03  σ_ω=9.618e-02
  aux (whitened)  L_power=3.815e-02  L_V=4.646e-01  L_B=4.646e-01  L_D=4.646e-01
  subnet MSE  M=1.579e+00  V=1.185e+01  Dw=4.390e-02  g=2.541e-01
[step   9500]  loss=-1.212e+01  nll=-1.271e+01  kl=6.001e+03
  rollout L2=2.776e-02  geo²=2.326e-04    σ_R=8.805e-03  σ_ω=9.603e-02
  aux (whitened)  L_power=3.808e-02  L_V=4.629e-01  L_B=4.629e-01  L_D=4.629e-01
  subnet MSE  M=1.574e+00  V=1.184e+01  Dw=4.370e-02  g=2.546e-01
[step   9550]  loss=-1.214e+01  nll=-1.272e+01  kl=6.005e+03
  rollout L2=2.757e-02  geo²=2.320e-04    σ_R=8.812e-03  σ_ω=9.614e-02
  aux (whitened)  L_power=3.681e-02  L_V=4.488e-01  L_B=4.488e-01  L_D=4.488e-01
  subnet MSE  M=1.573e+00  V=1.183e+01  Dw=4.390e-02  g=2.562e-01
[step   9600]  loss=-1.212e+01  nll=-1.271e+01  kl=6.009e+03
  rollout L2=2.767e-02  geo²=2.328e-04    σ_R=8.798e-03  σ_ω=9.596e-02
  aux (whitened)  L_power=3.785e-02  L_V=4.603e-01  L_B=4.603e-01  L_D=4.603e-01
  subnet MSE  M=1.571e+00  V=1.187e+01  Dw=4.406e-02  g=2.549e-01
[step   9650]  loss=-1.215e+01  nll=-1.274e+01  kl=6.012e+03
  rollout L2=2.750e-02  geo²=2.305e-04    σ_R=8.755e-03  σ_ω=9.562e-02
  aux (whitened)  L_power=3.753e-02  L_V=4.576e-01  L_B=4.576e-01  L_D=4.576e-01
  subnet MSE  M=1.571e+00  V=1.182e+01  Dw=4.406e-02  g=2.552e-01
[step   9700]  loss=-1.214e+01  nll=-1.273e+01  kl=6.016e+03
  rollout L2=2.752e-02  geo²=2.310e-04    σ_R=8.780e-03  σ_ω=9.574e-02
  aux (whitened)  L_power=3.828e-02  L_V=4.654e-01  L_B=4.654e-01  L_D=4.654e-01
  subnet MSE  M=1.571e+00  V=1.184e+01  Dw=4.407e-02  g=2.546e-01
[step   9750]  loss=-1.217e+01  nll=-1.276e+01  kl=6.019e+03
  rollout L2=2.732e-02  geo²=2.286e-04    σ_R=8.759e-03  σ_ω=9.555e-02
  aux (whitened)  L_power=3.822e-02  L_V=4.658e-01  L_B=4.658e-01  L_D=4.658e-01
  subnet MSE  M=1.566e+00  V=1.185e+01  Dw=4.411e-02  g=2.544e-01
[step   9800]  loss=-1.215e+01  nll=-1.274e+01  kl=6.022e+03
  rollout L2=2.737e-02  geo²=2.307e-04    σ_R=8.766e-03  σ_ω=9.553e-02
  aux (whitened)  L_power=3.875e-02  L_V=4.713e-01  L_B=4.713e-01  L_D=4.713e-01
  subnet MSE  M=1.566e+00  V=1.187e+01  Dw=4.432e-02  g=2.538e-01
[step   9850]  loss=-1.216e+01  nll=-1.275e+01  kl=6.028e+03
  rollout L2=2.738e-02  geo²=2.299e-04    σ_R=8.757e-03  σ_ω=9.571e-02
  aux (whitened)  L_power=3.852e-02  L_V=4.684e-01  L_B=4.684e-01  L_D=4.684e-01
  subnet MSE  M=1.565e+00  V=1.180e+01  Dw=4.470e-02  g=2.542e-01
[step   9900]  loss=-1.218e+01  nll=-1.277e+01  kl=6.035e+03
  rollout L2=2.713e-02  geo²=2.279e-04    σ_R=8.745e-03  σ_ω=9.528e-02
  aux (whitened)  L_power=3.832e-02  L_V=4.665e-01  L_B=4.665e-01  L_D=4.665e-01
  subnet MSE  M=1.564e+00  V=1.181e+01  Dw=4.518e-02  g=2.549e-01
[step   9950]  loss=-1.220e+01  nll=-1.279e+01  kl=6.039e+03
  rollout L2=2.706e-02  geo²=2.263e-04    σ_R=8.744e-03  σ_ω=9.531e-02
  aux (whitened)  L_power=3.794e-02  L_V=4.623e-01  L_B=4.623e-01  L_D=4.623e-01
  subnet MSE  M=1.562e+00  V=1.184e+01  Dw=4.502e-02  g=2.545e-01
[step  10000]  loss=-1.217e+01  nll=-1.276e+01  kl=6.043e+03
  rollout L2=2.726e-02  geo²=2.287e-04    σ_R=8.724e-03  σ_ω=9.503e-02
  aux (whitened)  L_power=3.943e-02  L_V=4.789e-01  L_B=4.789e-01  L_D=4.789e-01
  subnet MSE  M=1.566e+00  V=1.183e+01  Dw=4.553e-02  g=2.538e-01
