Run dir : /mnt/data/thribhuvan/Projects/stochastic_port_hamiltonian/Final/SPHNP v2/src/models/3D_SO3_Windy_Pendulum/ph_nn_ode/data/run_wp3d/obs0p25_fric0p5_wind0p5_ext0-sine_lr0p001_s10000_np5_smp64_T20_solverrk4_seed0_randu7_G0p5-0p7-0p1_260610-014817
model contains 3842 parameters
Building dataset at /mnt/data/thribhuvan/Projects/stochastic_port_hamiltonian/Final/SPHNP v2/datasets/data/windy_pendulum_3d/wp3d_dataset_extforce-sine-std0p0_fric0p5_var_fricFalse_obs_noise0p25_wind_force0p5_random_uTrue_uScale7p0_G_0p5_0p7_0p1_steps20.pkl...
Applying SO(3) observation noise (std=0.25)...
Saved data to /mnt/data/thribhuvan/Projects/stochastic_port_hamiltonian/Final/SPHNP v2/datasets/data/windy_pendulum_3d/wp3d_dataset_extforce-sine-std0p0_fric0p5_var_fricFalse_obs_noise0p25_wind_force0p5_random_uTrue_uScale7p0_G_0p5_0p7_0p1_steps20.pkl

Pretraining M_net for 200 steps (lr=0.001, target = 1.000·I₃)
  using 12800 q samples drawn from training data
  pretrain step    0: loss=2.090e-02
  pretrain step   20: loss=1.353e-03
  pretrain step   40: loss=3.119e-04
  pretrain step   60: loss=9.766e-05
  pretrain step   80: loss=3.859e-05
  pretrain step  100: loss=1.753e-05
  pretrain step  120: loss=9.603e-06
  pretrain step  140: loss=5.916e-06
  pretrain step  160: loss=3.941e-06
  pretrain step  180: loss=2.813e-06
  pretrain step  199: loss=2.148e-06
  pretrain done. initial loss=2.090e-02  final loss=2.148e-06  max|M(q₀) − target|=4.561e-03
[step      0]
  train: total=1.5459e+00  L2=1.1715e+00  geo=3.7442e-01
  test : total=8.2022e-01  L2=8.1404e-01  geo=6.1773e-03
  subnet MSE  M=7.421e-05  V=2.682e+01  Dw=6.925e-02  g=3.253e-01  | nfe=16
[step     50]
  train: total=1.2194e+00  L2=8.4916e-01  geo=3.7026e-01
  test : total=5.2576e-01  L2=5.2175e-01  geo=4.0053e-03
  subnet MSE  M=5.179e-01  V=2.440e+01  Dw=8.655e-02  g=1.975e-01  | nfe=832
[step    100]
  train: total=8.7056e-01  L2=5.0954e-01  geo=3.6102e-01
  test : total=1.0032e-01  L2=9.9500e-02  geo=8.1879e-04
  subnet MSE  M=7.026e+00  V=1.879e+01  Dw=5.016e-02  g=2.789e-01  | nfe=1648
[step    150]
  train: total=8.5814e-01  L2=4.9685e-01  geo=3.6129e-01
  test : total=9.2956e-02  L2=9.2198e-02  geo=7.5795e-04
  subnet MSE  M=7.987e+00  V=1.833e+01  Dw=5.060e-02  g=2.818e-01  | nfe=2464
[step    200]
  train: total=8.5503e-01  L2=4.9369e-01  geo=3.6134e-01
  test : total=9.3657e-02  L2=9.2893e-02  geo=7.6408e-04
  subnet MSE  M=8.767e+00  V=1.834e+01  Dw=5.060e-02  g=2.835e-01  | nfe=3280
[step    250]
  train: total=8.5208e-01  L2=4.9067e-01  geo=3.6141e-01
  test : total=9.4501e-02  L2=9.3731e-02  geo=7.7069e-04
  subnet MSE  M=9.717e+00  V=1.838e+01  Dw=5.026e-02  g=2.852e-01  | nfe=4096
[step    300]
  train: total=8.4946e-01  L2=4.8799e-01  geo=3.6147e-01
  test : total=9.5084e-02  L2=9.4309e-02  geo=7.7463e-04
  subnet MSE  M=1.061e+01  V=1.840e+01  Dw=5.008e-02  g=2.864e-01  | nfe=4912
[step    350]
  train: total=8.4706e-01  L2=4.8552e-01  geo=3.6154e-01
  test : total=9.5919e-02  L2=9.5138e-02  geo=7.8087e-04
  subnet MSE  M=1.138e+01  V=1.841e+01  Dw=5.013e-02  g=2.873e-01  | nfe=5728
[step    400]
  train: total=8.4458e-01  L2=4.8296e-01  geo=3.6163e-01
  test : total=9.7356e-02  L2=9.6564e-02  geo=7.9195e-04
  subnet MSE  M=1.219e+01  V=1.844e+01  Dw=5.040e-02  g=2.882e-01  | nfe=6544
[step    450]
  train: total=8.4201e-01  L2=4.8028e-01  geo=3.6172e-01
  test : total=9.9559e-02  L2=9.8750e-02  geo=8.0901e-04
  subnet MSE  M=1.308e+01  V=1.849e+01  Dw=5.089e-02  g=2.891e-01  | nfe=7360
[step    500]
  train: total=8.3945e-01  L2=4.7764e-01  geo=3.6180e-01
  test : total=1.0235e-01  L2=1.0152e-01  geo=8.3041e-04
  subnet MSE  M=1.396e+01  V=1.855e+01  Dw=5.148e-02  g=2.900e-01  | nfe=8176
[step    550]
  train: total=8.3676e-01  L2=4.7489e-01  geo=3.6186e-01
  test : total=1.0532e-01  L2=1.0446e-01  geo=8.5308e-04
  subnet MSE  M=1.482e+01  V=1.862e+01  Dw=5.221e-02  g=2.908e-01  | nfe=8992
[step    600]
  train: total=8.3375e-01  L2=4.7183e-01  geo=3.6191e-01
  test : total=1.0866e-01  L2=1.0778e-01  geo=8.7887e-04
  subnet MSE  M=1.585e+01  V=1.872e+01  Dw=5.322e-02  g=2.918e-01  | nfe=9808
[step    650]
  train: total=8.3056e-01  L2=4.6860e-01  geo=3.6196e-01
  test : total=1.1253e-01  L2=1.1162e-01  geo=9.0966e-04
  subnet MSE  M=1.695e+01  V=1.884e+01  Dw=5.457e-02  g=2.928e-01  | nfe=10624
[step    700]
  train: total=8.2731e-01  L2=4.6530e-01  geo=3.6200e-01
  test : total=1.1695e-01  L2=1.1600e-01  geo=9.4583e-04
  subnet MSE  M=1.798e+01  V=1.893e+01  Dw=5.623e-02  g=2.936e-01  | nfe=11440
[step    750]
  train: total=8.2399e-01  L2=4.6196e-01  geo=3.6203e-01
  test : total=1.2181e-01  L2=1.2082e-01  geo=9.8608e-04
  subnet MSE  M=1.888e+01  V=1.901e+01  Dw=5.783e-02  g=2.941e-01  | nfe=12256
[step    800]
  train: total=8.2062e-01  L2=4.5858e-01  geo=3.6204e-01
  test : total=1.2674e-01  L2=1.2571e-01  geo=1.0269e-03
  subnet MSE  M=1.988e+01  V=1.911e+01  Dw=5.908e-02  g=2.950e-01  | nfe=13072
[step    850]
  train: total=8.1722e-01  L2=4.5517e-01  geo=3.6205e-01
  test : total=1.3259e-01  L2=1.3152e-01  geo=1.0746e-03
  subnet MSE  M=2.119e+01  V=1.924e+01  Dw=6.001e-02  g=2.959e-01  | nfe=13888
[step    900]
  train: total=8.1408e-01  L2=4.5201e-01  geo=3.6207e-01
  test : total=1.3845e-01  L2=1.3733e-01  geo=1.1222e-03
  subnet MSE  M=2.250e+01  V=1.937e+01  Dw=6.055e-02  g=2.968e-01  | nfe=14704
[step    950]
  train: total=8.1122e-01  L2=4.4913e-01  geo=3.6209e-01
  test : total=1.4395e-01  L2=1.4278e-01  geo=1.1672e-03
  subnet MSE  M=2.362e+01  V=1.947e+01  Dw=6.084e-02  g=2.977e-01  | nfe=15520
[step   1000]
  train: total=8.0849e-01  L2=4.4640e-01  geo=3.6209e-01
  test : total=1.4946e-01  L2=1.4825e-01  geo=1.2129e-03
  subnet MSE  M=2.462e+01  V=1.958e+01  Dw=6.095e-02  g=2.983e-01  | nfe=16336
[step   1050]
  train: total=8.0582e-01  L2=4.4375e-01  geo=3.6207e-01
  test : total=1.5507e-01  L2=1.5381e-01  geo=1.2597e-03
  subnet MSE  M=2.551e+01  V=1.968e+01  Dw=6.097e-02  g=2.989e-01  | nfe=17152
[step   1100]
  train: total=8.0320e-01  L2=4.4116e-01  geo=3.6204e-01
  test : total=1.6062e-01  L2=1.5931e-01  geo=1.3059e-03
  subnet MSE  M=2.626e+01  V=1.978e+01  Dw=6.094e-02  g=2.996e-01  | nfe=17968
[step   1150]
  train: total=8.0063e-01  L2=4.3863e-01  geo=3.6200e-01
  test : total=1.6631e-01  L2=1.6495e-01  geo=1.3538e-03
  subnet MSE  M=2.697e+01  V=1.986e+01  Dw=6.088e-02  g=2.999e-01  | nfe=18784
[step   1200]
  train: total=7.9834e-01  L2=4.3639e-01  geo=3.6194e-01
  test : total=1.7142e-01  L2=1.7002e-01  geo=1.3969e-03
  subnet MSE  M=2.755e+01  V=1.994e+01  Dw=6.086e-02  g=3.002e-01  | nfe=19600
[step   1250]
  train: total=7.9561e-01  L2=4.3370e-01  geo=3.6191e-01
  test : total=1.7685e-01  L2=1.7540e-01  geo=1.4434e-03
  subnet MSE  M=2.794e+01  V=2.000e+01  Dw=6.087e-02  g=3.005e-01  | nfe=20416
[step   1300]
  train: total=7.9336e-01  L2=4.3148e-01  geo=3.6188e-01
  test : total=1.8133e-01  L2=1.7985e-01  geo=1.4816e-03
  subnet MSE  M=2.820e+01  V=2.006e+01  Dw=6.097e-02  g=3.010e-01  | nfe=21232
[step   1350]
  train: total=7.9073e-01  L2=4.2890e-01  geo=3.6183e-01
  test : total=1.8521e-01  L2=1.8369e-01  geo=1.5148e-03
  subnet MSE  M=2.830e+01  V=2.011e+01  Dw=6.105e-02  g=3.010e-01  | nfe=22048
[step   1400]
  train: total=7.8838e-01  L2=4.2658e-01  geo=3.6179e-01
  test : total=1.8901e-01  L2=1.8746e-01  geo=1.5478e-03
  subnet MSE  M=2.825e+01  V=2.015e+01  Dw=6.111e-02  g=3.010e-01  | nfe=22864
[step   1450]
  train: total=7.8597e-01  L2=4.2421e-01  geo=3.6176e-01
  test : total=1.9236e-01  L2=1.9079e-01  geo=1.5768e-03
  subnet MSE  M=2.811e+01  V=2.019e+01  Dw=6.119e-02  g=3.010e-01  | nfe=23680
[step   1500]
  train: total=7.8361e-01  L2=4.2188e-01  geo=3.6173e-01
  test : total=1.9575e-01  L2=1.9414e-01  geo=1.6062e-03
  subnet MSE  M=2.776e+01  V=2.021e+01  Dw=6.121e-02  g=3.010e-01  | nfe=24496
[step   1550]
  train: total=7.8124e-01  L2=4.1952e-01  geo=3.6171e-01
  test : total=1.9923e-01  L2=1.9760e-01  geo=1.6369e-03
  subnet MSE  M=2.739e+01  V=2.023e+01  Dw=6.122e-02  g=3.010e-01  | nfe=25312
[step   1600]
  train: total=7.7878e-01  L2=4.1707e-01  geo=3.6170e-01
  test : total=2.0294e-01  L2=2.0127e-01  geo=1.6690e-03
  subnet MSE  M=2.691e+01  V=2.024e+01  Dw=6.122e-02  g=3.009e-01  | nfe=26128
[step   1650]
  train: total=7.7632e-01  L2=4.1462e-01  geo=3.6170e-01
  test : total=2.0693e-01  L2=2.0523e-01  geo=1.7033e-03
  subnet MSE  M=2.632e+01  V=2.024e+01  Dw=6.109e-02  g=3.007e-01  | nfe=26944
[step   1700]
  train: total=7.7394e-01  L2=4.1223e-01  geo=3.6171e-01
  test : total=2.1102e-01  L2=2.0928e-01  geo=1.7385e-03
  subnet MSE  M=2.581e+01  V=2.024e+01  Dw=6.087e-02  g=3.005e-01  | nfe=27760
[step   1750]
  train: total=7.7170e-01  L2=4.0998e-01  geo=3.6172e-01
  test : total=2.1518e-01  L2=2.1340e-01  geo=1.7741e-03
  subnet MSE  M=2.539e+01  V=2.023e+01  Dw=6.067e-02  g=3.003e-01  | nfe=28576
[step   1800]
  train: total=7.6953e-01  L2=4.0779e-01  geo=3.6174e-01
  test : total=2.1932e-01  L2=2.1751e-01  geo=1.8099e-03
  subnet MSE  M=2.511e+01  V=2.023e+01  Dw=6.050e-02  g=3.002e-01  | nfe=29392
[step   1850]
  train: total=7.6741e-01  L2=4.0566e-01  geo=3.6175e-01
  test : total=2.2296e-01  L2=2.2111e-01  geo=1.8411e-03
  subnet MSE  M=2.487e+01  V=2.022e+01  Dw=6.038e-02  g=3.001e-01  | nfe=30208
[step   1900]
  train: total=7.6533e-01  L2=4.0357e-01  geo=3.6175e-01
  test : total=2.2651e-01  L2=2.2464e-01  geo=1.8712e-03
  subnet MSE  M=2.472e+01  V=2.022e+01  Dw=6.022e-02  g=3.001e-01  | nfe=31024
[step   1950]
  train: total=7.6338e-01  L2=4.0163e-01  geo=3.6175e-01
  test : total=2.3015e-01  L2=2.2825e-01  geo=1.9020e-03
  subnet MSE  M=2.462e+01  V=2.021e+01  Dw=6.011e-02  g=3.001e-01  | nfe=31840
[step   2000]
  train: total=7.6141e-01  L2=3.9965e-01  geo=3.6176e-01
  test : total=2.3387e-01  L2=2.3194e-01  geo=1.9328e-03
  subnet MSE  M=2.463e+01  V=2.021e+01  Dw=5.992e-02  g=3.002e-01  | nfe=32656
[step   2050]
  train: total=7.5975e-01  L2=3.9801e-01  geo=3.6174e-01
  test : total=2.3688e-01  L2=2.3492e-01  geo=1.9577e-03
  subnet MSE  M=2.463e+01  V=2.021e+01  Dw=5.983e-02  g=3.002e-01  | nfe=33472
[step   2100]
  train: total=7.5805e-01  L2=3.9628e-01  geo=3.6177e-01
  test : total=2.4117e-01  L2=2.3918e-01  geo=1.9930e-03
  subnet MSE  M=2.482e+01  V=2.022e+01  Dw=5.964e-02  g=3.004e-01  | nfe=34288
[step   2150]
  train: total=7.5629e-01  L2=3.9452e-01  geo=3.6177e-01
  test : total=2.4370e-01  L2=2.4169e-01  geo=2.0154e-03
  subnet MSE  M=2.490e+01  V=2.022e+01  Dw=5.967e-02  g=3.004e-01  | nfe=35104
[step   2200]
  train: total=7.5493e-01  L2=3.9317e-01  geo=3.6176e-01
  test : total=2.4655e-01  L2=2.4451e-01  geo=2.0408e-03
  subnet MSE  M=2.505e+01  V=2.023e+01  Dw=5.981e-02  g=3.004e-01  | nfe=35920
[step   2250]
  train: total=7.5326e-01  L2=3.9148e-01  geo=3.6178e-01
  test : total=2.4942e-01  L2=2.4736e-01  geo=2.0655e-03
  subnet MSE  M=2.522e+01  V=2.024e+01  Dw=5.977e-02  g=3.005e-01  | nfe=36736
[step   2300]
  train: total=7.5178e-01  L2=3.9001e-01  geo=3.6177e-01
  test : total=2.5219e-01  L2=2.5010e-01  geo=2.0901e-03
  subnet MSE  M=2.540e+01  V=2.025e+01  Dw=5.989e-02  g=3.006e-01  | nfe=37552
[step   2350]
  train: total=7.5023e-01  L2=3.8845e-01  geo=3.6178e-01
  test : total=2.5574e-01  L2=2.5362e-01  geo=2.1216e-03
  subnet MSE  M=2.556e+01  V=2.026e+01  Dw=6.004e-02  g=3.006e-01  | nfe=38368
[step   2400]
  train: total=7.4873e-01  L2=3.8694e-01  geo=3.6178e-01
  test : total=2.5879e-01  L2=2.5664e-01  geo=2.1490e-03
  subnet MSE  M=2.569e+01  V=2.027e+01  Dw=6.026e-02  g=3.007e-01  | nfe=39184
[step   2450]
  train: total=7.4718e-01  L2=3.8539e-01  geo=3.6179e-01
  test : total=2.6193e-01  L2=2.5976e-01  geo=2.1770e-03
  subnet MSE  M=2.578e+01  V=2.027e+01  Dw=6.053e-02  g=3.007e-01  | nfe=40000
[step   2500]
  train: total=7.4559e-01  L2=3.8380e-01  geo=3.6179e-01
  test : total=2.6585e-01  L2=2.6364e-01  geo=2.2118e-03
  subnet MSE  M=2.583e+01  V=2.027e+01  Dw=6.083e-02  g=3.007e-01  | nfe=40816
[step   2550]
  train: total=7.4410e-01  L2=3.8231e-01  geo=3.6179e-01
  test : total=2.6964e-01  L2=2.6739e-01  geo=2.2455e-03
  subnet MSE  M=2.577e+01  V=2.027e+01  Dw=6.124e-02  g=3.006e-01  | nfe=41632
[step   2600]
  train: total=7.4228e-01  L2=3.8049e-01  geo=3.6179e-01
  test : total=2.7323e-01  L2=2.7095e-01  geo=2.2777e-03
  subnet MSE  M=2.572e+01  V=2.027e+01  Dw=6.182e-02  g=3.007e-01  | nfe=42448
[step   2650]
  train: total=7.4061e-01  L2=3.7882e-01  geo=3.6179e-01
  test : total=2.7705e-01  L2=2.7473e-01  geo=2.3117e-03
  subnet MSE  M=2.555e+01  V=2.027e+01  Dw=6.251e-02  g=3.006e-01  | nfe=43264
[step   2700]
  train: total=7.3893e-01  L2=3.7715e-01  geo=3.6178e-01
  test : total=2.8088e-01  L2=2.7854e-01  geo=2.3458e-03
  subnet MSE  M=2.541e+01  V=2.026e+01  Dw=6.325e-02  g=3.006e-01  | nfe=44080
[step   2750]
  train: total=7.3729e-01  L2=3.7552e-01  geo=3.6177e-01
  test : total=2.8449e-01  L2=2.8211e-01  geo=2.3782e-03
  subnet MSE  M=2.513e+01  V=2.024e+01  Dw=6.422e-02  g=3.006e-01  | nfe=44896
[step   2800]
  train: total=7.3565e-01  L2=3.7388e-01  geo=3.6176e-01
  test : total=2.8789e-01  L2=2.8548e-01  geo=2.4087e-03
  subnet MSE  M=2.487e+01  V=2.023e+01  Dw=6.537e-02  g=3.004e-01  | nfe=45712
[step   2850]
  train: total=7.3402e-01  L2=3.7225e-01  geo=3.6177e-01
  test : total=2.9229e-01  L2=2.8985e-01  geo=2.4473e-03
  subnet MSE  M=2.468e+01  V=2.021e+01  Dw=6.660e-02  g=3.003e-01  | nfe=46528
[step   2900]
  train: total=7.3231e-01  L2=3.7055e-01  geo=3.6176e-01
  test : total=2.9555e-01  L2=2.9308e-01  geo=2.4760e-03
  subnet MSE  M=2.445e+01  V=2.019e+01  Dw=6.779e-02  g=3.002e-01  | nfe=47344
[step   2950]
  train: total=7.3066e-01  L2=3.6891e-01  geo=3.6174e-01
  test : total=2.9898e-01  L2=2.9648e-01  geo=2.5063e-03
  subnet MSE  M=2.423e+01  V=2.017e+01  Dw=6.913e-02  g=3.002e-01  | nfe=48160
[step   3000]
  train: total=7.2922e-01  L2=3.6749e-01  geo=3.6173e-01
  test : total=3.0267e-01  L2=3.0013e-01  geo=2.5380e-03
  subnet MSE  M=2.401e+01  V=2.015e+01  Dw=7.048e-02  g=3.001e-01  | nfe=48976
[step   3050]
  train: total=7.2768e-01  L2=3.6596e-01  geo=3.6172e-01
  test : total=3.0747e-01  L2=3.0489e-01  geo=2.5803e-03
  subnet MSE  M=2.383e+01  V=2.014e+01  Dw=7.220e-02  g=3.000e-01  | nfe=49792
[step   3100]
  train: total=7.2582e-01  L2=3.6410e-01  geo=3.6172e-01
  test : total=3.1083e-01  L2=3.0822e-01  geo=2.6092e-03
  subnet MSE  M=2.372e+01  V=2.013e+01  Dw=7.384e-02  g=2.999e-01  | nfe=50608
[step   3150]
  train: total=7.2430e-01  L2=3.6258e-01  geo=3.6171e-01
  test : total=3.1512e-01  L2=3.1247e-01  geo=2.6462e-03
  subnet MSE  M=2.363e+01  V=2.012e+01  Dw=7.572e-02  g=2.999e-01  | nfe=51424
[step   3200]
  train: total=7.2277e-01  L2=3.6104e-01  geo=3.6173e-01
  test : total=3.1905e-01  L2=3.1637e-01  geo=2.6798e-03
  subnet MSE  M=2.357e+01  V=2.011e+01  Dw=7.767e-02  g=2.997e-01  | nfe=52240
[step   3250]
  train: total=7.2124e-01  L2=3.5952e-01  geo=3.6172e-01
  test : total=3.2275e-01  L2=3.2004e-01  geo=2.7113e-03
  subnet MSE  M=2.350e+01  V=2.011e+01  Dw=7.944e-02  g=2.997e-01  | nfe=53056
[step   3300]
  train: total=7.1980e-01  L2=3.5806e-01  geo=3.6173e-01
  test : total=3.2629e-01  L2=3.2355e-01  geo=2.7415e-03
  subnet MSE  M=2.341e+01  V=2.009e+01  Dw=8.125e-02  g=2.996e-01  | nfe=53872
[step   3350]
  train: total=7.1838e-01  L2=3.5665e-01  geo=3.6172e-01
  test : total=3.2984e-01  L2=3.2707e-01  geo=2.7722e-03
  subnet MSE  M=2.334e+01  V=2.009e+01  Dw=8.310e-02  g=2.995e-01  | nfe=54688
[step   3400]
  train: total=7.1741e-01  L2=3.5573e-01  geo=3.6168e-01
  test : total=3.3291e-01  L2=3.3011e-01  geo=2.7996e-03
  subnet MSE  M=2.319e+01  V=2.008e+01  Dw=8.521e-02  g=2.996e-01  | nfe=55504
[step   3450]
  train: total=7.1561e-01  L2=3.5390e-01  geo=3.6171e-01
  test : total=3.3716e-01  L2=3.3432e-01  geo=2.8350e-03
  subnet MSE  M=2.324e+01  V=2.007e+01  Dw=8.685e-02  g=2.995e-01  | nfe=56320
[step   3500]
  train: total=7.1433e-01  L2=3.5262e-01  geo=3.6170e-01
  test : total=3.4047e-01  L2=3.3761e-01  geo=2.8635e-03
  subnet MSE  M=2.314e+01  V=2.006e+01  Dw=8.874e-02  g=2.995e-01  | nfe=57136
[step   3550]
  train: total=7.1307e-01  L2=3.5136e-01  geo=3.6171e-01
  test : total=3.4407e-01  L2=3.4117e-01  geo=2.8944e-03
  subnet MSE  M=2.311e+01  V=2.005e+01  Dw=9.085e-02  g=2.994e-01  | nfe=57952
[step   3600]
  train: total=7.1179e-01  L2=3.5008e-01  geo=3.6171e-01
  test : total=3.4764e-01  L2=3.4471e-01  geo=2.9254e-03
  subnet MSE  M=2.308e+01  V=2.004e+01  Dw=9.309e-02  g=2.994e-01  | nfe=58768
[step   3650]
  train: total=7.1055e-01  L2=3.4884e-01  geo=3.6171e-01
  test : total=3.5088e-01  L2=3.4793e-01  geo=2.9532e-03
  subnet MSE  M=2.303e+01  V=2.003e+01  Dw=9.529e-02  g=2.994e-01  | nfe=59584
[step   3700]
  train: total=7.0939e-01  L2=3.4769e-01  geo=3.6169e-01
  test : total=3.5413e-01  L2=3.5115e-01  geo=2.9824e-03
  subnet MSE  M=2.296e+01  V=2.003e+01  Dw=9.803e-02  g=2.994e-01  | nfe=60400
[step   3750]
  train: total=7.0817e-01  L2=3.4648e-01  geo=3.6170e-01
  test : total=3.5729e-01  L2=3.5428e-01  geo=3.0095e-03
  subnet MSE  M=2.291e+01  V=2.002e+01  Dw=1.005e-01  g=2.994e-01  | nfe=61216
[step   3800]
  train: total=7.0707e-01  L2=3.4537e-01  geo=3.6169e-01
  test : total=3.6088e-01  L2=3.5784e-01  geo=3.0409e-03
  subnet MSE  M=2.286e+01  V=2.001e+01  Dw=1.031e-01  g=2.994e-01  | nfe=62032
[step   3850]
  train: total=7.0590e-01  L2=3.4421e-01  geo=3.6169e-01
  test : total=3.6409e-01  L2=3.6102e-01  geo=3.0694e-03
  subnet MSE  M=2.287e+01  V=2.001e+01  Dw=1.058e-01  g=2.994e-01  | nfe=62848
[step   3900]
  train: total=7.0490e-01  L2=3.4321e-01  geo=3.6169e-01
  test : total=3.6688e-01  L2=3.6379e-01  geo=3.0947e-03
  subnet MSE  M=2.284e+01  V=2.000e+01  Dw=1.086e-01  g=2.994e-01  | nfe=63664
[step   3950]
  train: total=7.0383e-01  L2=3.4217e-01  geo=3.6166e-01
  test : total=3.7013e-01  L2=3.6701e-01  geo=3.1235e-03
  subnet MSE  M=2.275e+01  V=2.000e+01  Dw=1.108e-01  g=2.994e-01  | nfe=64480
[step   4000]
  train: total=7.0329e-01  L2=3.4159e-01  geo=3.6170e-01
  test : total=3.7435e-01  L2=3.7120e-01  geo=3.1581e-03
  subnet MSE  M=2.281e+01  V=2.000e+01  Dw=1.123e-01  g=2.994e-01  | nfe=65296
[step   4050]
  train: total=7.0204e-01  L2=3.4037e-01  geo=3.6167e-01
  test : total=3.7560e-01  L2=3.7243e-01  geo=3.1730e-03
  subnet MSE  M=2.276e+01  V=1.999e+01  Dw=1.146e-01  g=2.995e-01  | nfe=66112
[step   4100]
  train: total=7.0099e-01  L2=3.3933e-01  geo=3.6167e-01
  test : total=3.7821e-01  L2=3.7501e-01  geo=3.1965e-03
  subnet MSE  M=2.272e+01  V=1.998e+01  Dw=1.163e-01  g=2.994e-01  | nfe=66928
[step   4150]
  train: total=7.0033e-01  L2=3.3868e-01  geo=3.6165e-01
  test : total=3.8115e-01  L2=3.7792e-01  geo=3.2243e-03
  subnet MSE  M=2.268e+01  V=1.998e+01  Dw=1.180e-01  g=2.993e-01  | nfe=67744
[step   4200]
  train: total=6.9928e-01  L2=3.3762e-01  geo=3.6166e-01
  test : total=3.8303e-01  L2=3.7979e-01  geo=3.2412e-03
  subnet MSE  M=2.264e+01  V=1.997e+01  Dw=1.190e-01  g=2.994e-01  | nfe=68560
[step   4250]
  train: total=6.9850e-01  L2=3.3683e-01  geo=3.6167e-01
  test : total=3.8561e-01  L2=3.8234e-01  geo=3.2645e-03
  subnet MSE  M=2.259e+01  V=1.996e+01  Dw=1.200e-01  g=2.993e-01  | nfe=69376
[step   4300]
  train: total=6.9772e-01  L2=3.3606e-01  geo=3.6166e-01
  test : total=3.8770e-01  L2=3.8441e-01  geo=3.2850e-03
  subnet MSE  M=2.255e+01  V=1.996e+01  Dw=1.211e-01  g=2.994e-01  | nfe=70192
[step   4350]
  train: total=6.9691e-01  L2=3.3525e-01  geo=3.6166e-01
  test : total=3.8974e-01  L2=3.8644e-01  geo=3.3041e-03
  subnet MSE  M=2.254e+01  V=1.995e+01  Dw=1.221e-01  g=2.993e-01  | nfe=71008
[step   4400]
  train: total=6.9628e-01  L2=3.3462e-01  geo=3.6166e-01
  test : total=3.9166e-01  L2=3.8834e-01  geo=3.3218e-03
  subnet MSE  M=2.246e+01  V=1.994e+01  Dw=1.231e-01  g=2.992e-01  | nfe=71824
[step   4450]
  train: total=6.9562e-01  L2=3.3395e-01  geo=3.6167e-01
  test : total=3.9463e-01  L2=3.9128e-01  geo=3.3485e-03
  subnet MSE  M=2.246e+01  V=1.994e+01  Dw=1.236e-01  g=2.994e-01  | nfe=72640
[step   4500]
  train: total=6.9479e-01  L2=3.3312e-01  geo=3.6166e-01
  test : total=3.9572e-01  L2=3.9236e-01  geo=3.3603e-03
  subnet MSE  M=2.240e+01  V=1.993e+01  Dw=1.245e-01  g=2.993e-01  | nfe=73456
[step   4550]
  train: total=6.9407e-01  L2=3.3241e-01  geo=3.6166e-01
  test : total=3.9799e-01  L2=3.9461e-01  geo=3.3817e-03
  subnet MSE  M=2.234e+01  V=1.992e+01  Dw=1.253e-01  g=2.992e-01  | nfe=74272
[step   4600]
  train: total=6.9341e-01  L2=3.3175e-01  geo=3.6165e-01
  test : total=3.9965e-01  L2=3.9625e-01  geo=3.3977e-03
  subnet MSE  M=2.228e+01  V=1.991e+01  Dw=1.259e-01  g=2.993e-01  | nfe=75088
[step   4650]
  train: total=6.9280e-01  L2=3.3115e-01  geo=3.6165e-01
  test : total=4.0120e-01  L2=3.9778e-01  geo=3.4130e-03
  subnet MSE  M=2.221e+01  V=1.990e+01  Dw=1.267e-01  g=2.992e-01  | nfe=75904
[step   4700]
  train: total=6.9213e-01  L2=3.3048e-01  geo=3.6165e-01
  test : total=4.0313e-01  L2=3.9970e-01  geo=3.4310e-03
  subnet MSE  M=2.216e+01  V=1.989e+01  Dw=1.273e-01  g=2.992e-01  | nfe=76720
[step   4750]
  train: total=6.9154e-01  L2=3.2988e-01  geo=3.6166e-01
  test : total=4.0460e-01  L2=4.0116e-01  geo=3.4450e-03
  subnet MSE  M=2.208e+01  V=1.988e+01  Dw=1.278e-01  g=2.991e-01  | nfe=77536
[step   4800]
  train: total=6.9121e-01  L2=3.2955e-01  geo=3.6167e-01
  test : total=4.0644e-01  L2=4.0297e-01  geo=3.4622e-03
  subnet MSE  M=2.202e+01  V=1.987e+01  Dw=1.283e-01  g=2.991e-01  | nfe=78352
[step   4850]
  train: total=6.9060e-01  L2=3.2894e-01  geo=3.6166e-01
  test : total=4.0852e-01  L2=4.0504e-01  geo=3.4789e-03
  subnet MSE  M=2.195e+01  V=1.987e+01  Dw=1.287e-01  g=2.990e-01  | nfe=79168
[step   4900]
  train: total=6.8980e-01  L2=3.2815e-01  geo=3.6165e-01
  test : total=4.0917e-01  L2=4.0568e-01  geo=3.4877e-03
  subnet MSE  M=2.189e+01  V=1.985e+01  Dw=1.293e-01  g=2.990e-01  | nfe=79984
[step   4950]
  train: total=6.8926e-01  L2=3.2760e-01  geo=3.6166e-01
  test : total=4.1035e-01  L2=4.0686e-01  geo=3.4986e-03
  subnet MSE  M=2.180e+01  V=1.984e+01  Dw=1.297e-01  g=2.989e-01  | nfe=80800
[step   5000]
  train: total=6.8873e-01  L2=3.2708e-01  geo=3.6165e-01
  test : total=4.1168e-01  L2=4.0817e-01  geo=3.5111e-03
  subnet MSE  M=2.170e+01  V=1.983e+01  Dw=1.301e-01  g=2.989e-01  | nfe=81616
[step   5050]
  train: total=6.8818e-01  L2=3.2653e-01  geo=3.6165e-01
  test : total=4.1323e-01  L2=4.0971e-01  geo=3.5254e-03
  subnet MSE  M=2.168e+01  V=1.982e+01  Dw=1.306e-01  g=2.988e-01  | nfe=82432
[step   5100]
  train: total=6.8767e-01  L2=3.2601e-01  geo=3.6166e-01
  test : total=4.1443e-01  L2=4.1090e-01  geo=3.5365e-03
  subnet MSE  M=2.160e+01  V=1.981e+01  Dw=1.310e-01  g=2.987e-01  | nfe=83248
[step   5150]
  train: total=6.8748e-01  L2=3.2582e-01  geo=3.6165e-01
  test : total=4.1500e-01  L2=4.1146e-01  geo=3.5432e-03
  subnet MSE  M=2.150e+01  V=1.979e+01  Dw=1.316e-01  g=2.987e-01  | nfe=84064
[step   5200]
  train: total=6.8698e-01  L2=3.2534e-01  geo=3.6164e-01
  test : total=4.1732e-01  L2=4.1375e-01  geo=3.5625e-03
  subnet MSE  M=2.143e+01  V=1.979e+01  Dw=1.323e-01  g=2.985e-01  | nfe=84880
[step   5250]
  train: total=6.8611e-01  L2=3.2446e-01  geo=3.6165e-01
  test : total=4.1782e-01  L2=4.1425e-01  geo=3.5675e-03
  subnet MSE  M=2.142e+01  V=1.978e+01  Dw=1.327e-01  g=2.986e-01  | nfe=85696
[step   5300]
  train: total=6.8561e-01  L2=3.2396e-01  geo=3.6165e-01
  test : total=4.1891e-01  L2=4.1533e-01  geo=3.5774e-03
  subnet MSE  M=2.133e+01  V=1.976e+01  Dw=1.332e-01  g=2.985e-01  | nfe=86512
[step   5350]
  train: total=6.8509e-01  L2=3.2345e-01  geo=3.6164e-01
  test : total=4.2005e-01  L2=4.1647e-01  geo=3.5880e-03
  subnet MSE  M=2.130e+01  V=1.976e+01  Dw=1.341e-01  g=2.985e-01  | nfe=87328
[step   5400]
  train: total=6.8461e-01  L2=3.2298e-01  geo=3.6164e-01
  test : total=4.2119e-01  L2=4.1759e-01  geo=3.5985e-03
  subnet MSE  M=2.123e+01  V=1.975e+01  Dw=1.349e-01  g=2.984e-01  | nfe=88144
[step   5450]
  train: total=6.8419e-01  L2=3.2255e-01  geo=3.6164e-01
  test : total=4.2192e-01  L2=4.1832e-01  geo=3.6041e-03
  subnet MSE  M=2.118e+01  V=1.974e+01  Dw=1.357e-01  g=2.984e-01  | nfe=88960
[step   5500]
  train: total=6.8379e-01  L2=3.2216e-01  geo=3.6163e-01
  test : total=4.2246e-01  L2=4.1885e-01  geo=3.6101e-03
  subnet MSE  M=2.111e+01  V=1.974e+01  Dw=1.368e-01  g=2.983e-01  | nfe=89776
[step   5550]
  train: total=6.8306e-01  L2=3.2143e-01  geo=3.6163e-01
  test : total=4.2371e-01  L2=4.2009e-01  geo=3.6208e-03
  subnet MSE  M=2.109e+01  V=1.973e+01  Dw=1.376e-01  g=2.983e-01  | nfe=90592
[step   5600]
  train: total=6.8256e-01  L2=3.2092e-01  geo=3.6163e-01
  test : total=4.2480e-01  L2=4.2117e-01  geo=3.6304e-03
  subnet MSE  M=2.104e+01  V=1.972e+01  Dw=1.385e-01  g=2.983e-01  | nfe=91408
[step   5650]
  train: total=6.8206e-01  L2=3.2044e-01  geo=3.6162e-01
  test : total=4.2576e-01  L2=4.2212e-01  geo=3.6393e-03
  subnet MSE  M=2.097e+01  V=1.972e+01  Dw=1.396e-01  g=2.983e-01  | nfe=92224
[step   5700]
  train: total=6.8172e-01  L2=3.2010e-01  geo=3.6162e-01
  test : total=4.2606e-01  L2=4.2242e-01  geo=3.6435e-03
  subnet MSE  M=2.094e+01  V=1.971e+01  Dw=1.407e-01  g=2.983e-01  | nfe=93040
[step   5750]
  train: total=6.8113e-01  L2=3.1952e-01  geo=3.6161e-01
  test : total=4.2745e-01  L2=4.2379e-01  geo=3.6540e-03
  subnet MSE  M=2.090e+01  V=1.971e+01  Dw=1.416e-01  g=2.981e-01  | nfe=93856
[step   5800]
  train: total=6.8073e-01  L2=3.1911e-01  geo=3.6162e-01
  test : total=4.2800e-01  L2=4.2434e-01  geo=3.6588e-03
  subnet MSE  M=2.087e+01  V=1.970e+01  Dw=1.424e-01  g=2.982e-01  | nfe=94672
[step   5850]
  train: total=6.8004e-01  L2=3.1843e-01  geo=3.6161e-01
  test : total=4.2909e-01  L2=4.2542e-01  geo=3.6695e-03
  subnet MSE  M=2.086e+01  V=1.969e+01  Dw=1.435e-01  g=2.982e-01  | nfe=95488
[step   5900]
  train: total=6.7957e-01  L2=3.1797e-01  geo=3.6160e-01
  test : total=4.2969e-01  L2=4.2602e-01  geo=3.6745e-03
  subnet MSE  M=2.079e+01  V=1.969e+01  Dw=1.444e-01  g=2.981e-01  | nfe=96304
[step   5950]
  train: total=6.7913e-01  L2=3.1751e-01  geo=3.6162e-01
  test : total=4.3020e-01  L2=4.2652e-01  geo=3.6792e-03
  subnet MSE  M=2.076e+01  V=1.968e+01  Dw=1.450e-01  g=2.981e-01  | nfe=97120
[step   6000]
  train: total=6.7859e-01  L2=3.1698e-01  geo=3.6160e-01
  test : total=4.3143e-01  L2=4.2774e-01  geo=3.6905e-03
  subnet MSE  M=2.074e+01  V=1.968e+01  Dw=1.459e-01  g=2.981e-01  | nfe=97936
[step   6050]
  train: total=6.7814e-01  L2=3.1654e-01  geo=3.6160e-01
  test : total=4.3195e-01  L2=4.2826e-01  geo=3.6957e-03
  subnet MSE  M=2.069e+01  V=1.967e+01  Dw=1.466e-01  g=2.981e-01  | nfe=98752
[step   6100]
  train: total=6.7785e-01  L2=3.1623e-01  geo=3.6162e-01
  test : total=4.3236e-01  L2=4.2866e-01  geo=3.7001e-03
  subnet MSE  M=2.068e+01  V=1.967e+01  Dw=1.473e-01  g=2.980e-01  | nfe=99568
[step   6150]
  train: total=6.7717e-01  L2=3.1558e-01  geo=3.6160e-01
  test : total=4.3360e-01  L2=4.2989e-01  geo=3.7102e-03
  subnet MSE  M=2.064e+01  V=1.967e+01  Dw=1.478e-01  g=2.980e-01  | nfe=100384
[step   6200]
  train: total=6.7672e-01  L2=3.1512e-01  geo=3.6160e-01
  test : total=4.3436e-01  L2=4.3065e-01  geo=3.7169e-03
  subnet MSE  M=2.061e+01  V=1.966e+01  Dw=1.482e-01  g=2.980e-01  | nfe=101200
[step   6250]
  train: total=6.7630e-01  L2=3.1470e-01  geo=3.6160e-01
  test : total=4.3478e-01  L2=4.3105e-01  geo=3.7209e-03
  subnet MSE  M=2.054e+01  V=1.965e+01  Dw=1.486e-01  g=2.979e-01  | nfe=102016
[step   6300]
  train: total=6.7597e-01  L2=3.1437e-01  geo=3.6161e-01
  test : total=4.3543e-01  L2=4.3171e-01  geo=3.7247e-03
  subnet MSE  M=2.053e+01  V=1.965e+01  Dw=1.488e-01  g=2.980e-01  | nfe=102832
[step   6350]
  train: total=6.7538e-01  L2=3.1378e-01  geo=3.6160e-01
  test : total=4.3651e-01  L2=4.3278e-01  geo=3.7355e-03
  subnet MSE  M=2.048e+01  V=1.965e+01  Dw=1.492e-01  g=2.979e-01  | nfe=103648
[step   6400]
  train: total=6.7496e-01  L2=3.1338e-01  geo=3.6158e-01
  test : total=4.3749e-01  L2=4.3375e-01  geo=3.7447e-03
  subnet MSE  M=2.040e+01  V=1.964e+01  Dw=1.493e-01  g=2.980e-01  | nfe=104464
[step   6450]
  train: total=6.7451e-01  L2=3.1292e-01  geo=3.6159e-01
  test : total=4.3792e-01  L2=4.3417e-01  geo=3.7478e-03
  subnet MSE  M=2.038e+01  V=1.964e+01  Dw=1.496e-01  g=2.978e-01  | nfe=105280
[step   6500]
  train: total=6.7410e-01  L2=3.1251e-01  geo=3.6158e-01
  test : total=4.3852e-01  L2=4.3477e-01  geo=3.7533e-03
  subnet MSE  M=2.032e+01  V=1.964e+01  Dw=1.497e-01  g=2.978e-01  | nfe=106096
[step   6550]
  train: total=6.7373e-01  L2=3.1216e-01  geo=3.6157e-01
  test : total=4.3957e-01  L2=4.3581e-01  geo=3.7619e-03
  subnet MSE  M=2.025e+01  V=1.963e+01  Dw=1.498e-01  g=2.978e-01  | nfe=106912
[step   6600]
  train: total=6.7334e-01  L2=3.1174e-01  geo=3.6161e-01
  test : total=4.3979e-01  L2=4.3603e-01  geo=3.7627e-03
  subnet MSE  M=2.026e+01  V=1.962e+01  Dw=1.498e-01  g=2.978e-01  | nfe=107728
[step   6650]
  train: total=6.7292e-01  L2=3.1133e-01  geo=3.6159e-01
  test : total=4.4111e-01  L2=4.3733e-01  geo=3.7738e-03
  subnet MSE  M=2.020e+01  V=1.962e+01  Dw=1.500e-01  g=2.977e-01  | nfe=108544
[step   6700]
  train: total=6.7253e-01  L2=3.1094e-01  geo=3.6159e-01
  test : total=4.4157e-01  L2=4.3779e-01  geo=3.7788e-03
  subnet MSE  M=2.012e+01  V=1.962e+01  Dw=1.505e-01  g=2.978e-01  | nfe=109360
[step   6750]
  train: total=6.7205e-01  L2=3.1045e-01  geo=3.6160e-01
  test : total=4.4217e-01  L2=4.3838e-01  geo=3.7859e-03
  subnet MSE  M=2.006e+01  V=1.961e+01  Dw=1.515e-01  g=2.977e-01  | nfe=110176
[step   6800]
  train: total=6.7167e-01  L2=3.1007e-01  geo=3.6160e-01
  test : total=4.4279e-01  L2=4.3899e-01  geo=3.7907e-03
  subnet MSE  M=2.000e+01  V=1.960e+01  Dw=1.516e-01  g=2.976e-01  | nfe=110992
[step   6850]
  train: total=6.7133e-01  L2=3.0973e-01  geo=3.6160e-01
  test : total=4.4342e-01  L2=4.3962e-01  geo=3.7959e-03
  subnet MSE  M=1.992e+01  V=1.960e+01  Dw=1.515e-01  g=2.976e-01  | nfe=111808
[step   6900]
  train: total=6.7091e-01  L2=3.0931e-01  geo=3.6160e-01
  test : total=4.4442e-01  L2=4.4062e-01  geo=3.8032e-03
  subnet MSE  M=1.989e+01  V=1.960e+01  Dw=1.515e-01  g=2.976e-01  | nfe=112624
[step   6950]
  train: total=6.7057e-01  L2=3.0898e-01  geo=3.6159e-01
  test : total=4.4497e-01  L2=4.4117e-01  geo=3.8078e-03
  subnet MSE  M=1.980e+01  V=1.959e+01  Dw=1.514e-01  g=2.975e-01  | nfe=113440
[step   7000]
  train: total=6.7039e-01  L2=3.0878e-01  geo=3.6161e-01
  test : total=4.4544e-01  L2=4.4163e-01  geo=3.8115e-03
  subnet MSE  M=1.973e+01  V=1.958e+01  Dw=1.513e-01  g=2.974e-01  | nfe=114256
[step   7050]
  train: total=6.6996e-01  L2=3.0837e-01  geo=3.6159e-01
  test : total=4.4687e-01  L2=4.4305e-01  geo=3.8216e-03
  subnet MSE  M=1.970e+01  V=1.958e+01  Dw=1.511e-01  g=2.974e-01  | nfe=115072
[step   7100]
  train: total=6.6955e-01  L2=3.0794e-01  geo=3.6161e-01
  test : total=4.4746e-01  L2=4.4364e-01  geo=3.8274e-03
  subnet MSE  M=1.966e+01  V=1.957e+01  Dw=1.510e-01  g=2.974e-01  | nfe=115888
[step   7150]
  train: total=6.6915e-01  L2=3.0755e-01  geo=3.6160e-01
  test : total=4.4825e-01  L2=4.4442e-01  geo=3.8336e-03
  subnet MSE  M=1.959e+01  V=1.957e+01  Dw=1.508e-01  g=2.974e-01  | nfe=116704
[step   7200]
  train: total=6.6883e-01  L2=3.0722e-01  geo=3.6161e-01
  test : total=4.4894e-01  L2=4.4510e-01  geo=3.8389e-03
  subnet MSE  M=1.955e+01  V=1.957e+01  Dw=1.506e-01  g=2.973e-01  | nfe=117520
[step   7250]
  train: total=6.6848e-01  L2=3.0689e-01  geo=3.6160e-01
  test : total=4.5023e-01  L2=4.4638e-01  geo=3.8500e-03
  subnet MSE  M=1.948e+01  V=1.956e+01  Dw=1.505e-01  g=2.974e-01  | nfe=118336
[step   7300]
  train: total=6.6815e-01  L2=3.0653e-01  geo=3.6162e-01
  test : total=4.5084e-01  L2=4.4699e-01  geo=3.8550e-03
  subnet MSE  M=1.945e+01  V=1.956e+01  Dw=1.503e-01  g=2.973e-01  | nfe=119152
[step   7350]
  train: total=6.6789e-01  L2=3.0628e-01  geo=3.6161e-01
  test : total=4.5163e-01  L2=4.4777e-01  geo=3.8625e-03
  subnet MSE  M=1.938e+01  V=1.955e+01  Dw=1.501e-01  g=2.973e-01  | nfe=119968
[step   7400]
  train: total=6.6763e-01  L2=3.0600e-01  geo=3.6163e-01
  test : total=4.5331e-01  L2=4.4944e-01  geo=3.8743e-03
  subnet MSE  M=1.938e+01  V=1.955e+01  Dw=1.498e-01  g=2.973e-01  | nfe=120784
[step   7450]
  train: total=6.6721e-01  L2=3.0560e-01  geo=3.6160e-01
  test : total=4.5416e-01  L2=4.5028e-01  geo=3.8831e-03
  subnet MSE  M=1.931e+01  V=1.955e+01  Dw=1.497e-01  g=2.972e-01  | nfe=121600
[step   7500]
  train: total=6.6692e-01  L2=3.0532e-01  geo=3.6160e-01
  test : total=4.5463e-01  L2=4.5075e-01  geo=3.8874e-03
  subnet MSE  M=1.922e+01  V=1.954e+01  Dw=1.493e-01  g=2.972e-01  | nfe=122416
[step   7550]
  train: total=6.6668e-01  L2=3.0507e-01  geo=3.6162e-01
  test : total=4.5622e-01  L2=4.5232e-01  geo=3.9006e-03
  subnet MSE  M=1.922e+01  V=1.954e+01  Dw=1.490e-01  g=2.972e-01  | nfe=123232
[step   7600]
  train: total=6.6634e-01  L2=3.0473e-01  geo=3.6161e-01
  test : total=4.5647e-01  L2=4.5257e-01  geo=3.9039e-03
  subnet MSE  M=1.915e+01  V=1.953e+01  Dw=1.488e-01  g=2.972e-01  | nfe=124048
[step   7650]
  train: total=6.6607e-01  L2=3.0446e-01  geo=3.6161e-01
  test : total=4.5803e-01  L2=4.5411e-01  geo=3.9169e-03
  subnet MSE  M=1.913e+01  V=1.953e+01  Dw=1.486e-01  g=2.971e-01  | nfe=124864
[step   7700]
  train: total=6.6571e-01  L2=3.0409e-01  geo=3.6161e-01
  test : total=4.5912e-01  L2=4.5520e-01  geo=3.9253e-03
  subnet MSE  M=1.911e+01  V=1.953e+01  Dw=1.482e-01  g=2.971e-01  | nfe=125680
[step   7750]
  train: total=6.6540e-01  L2=3.0380e-01  geo=3.6160e-01
  test : total=4.6001e-01  L2=4.5608e-01  geo=3.9341e-03
  subnet MSE  M=1.904e+01  V=1.953e+01  Dw=1.479e-01  g=2.971e-01  | nfe=126496
[step   7800]
  train: total=6.6521e-01  L2=3.0363e-01  geo=3.6157e-01
  test : total=4.6143e-01  L2=4.5748e-01  geo=3.9461e-03
  subnet MSE  M=1.899e+01  V=1.952e+01  Dw=1.475e-01  g=2.971e-01  | nfe=127312
[step   7850]
  train: total=6.6499e-01  L2=3.0335e-01  geo=3.6164e-01
  test : total=4.6139e-01  L2=4.5744e-01  geo=3.9463e-03
  subnet MSE  M=1.899e+01  V=1.951e+01  Dw=1.472e-01  g=2.970e-01  | nfe=128128
[step   7900]
  train: total=6.6458e-01  L2=3.0298e-01  geo=3.6160e-01
  test : total=4.6258e-01  L2=4.5863e-01  geo=3.9566e-03
  subnet MSE  M=1.894e+01  V=1.952e+01  Dw=1.468e-01  g=2.971e-01  | nfe=128944
[step   7950]
  train: total=6.6433e-01  L2=3.0274e-01  geo=3.6159e-01
  test : total=4.6383e-01  L2=4.5986e-01  geo=3.9677e-03
  subnet MSE  M=1.889e+01  V=1.951e+01  Dw=1.463e-01  g=2.971e-01  | nfe=129760
[step   8000]
  train: total=6.6406e-01  L2=3.0245e-01  geo=3.6160e-01
  test : total=4.6488e-01  L2=4.6090e-01  geo=3.9758e-03
  subnet MSE  M=1.889e+01  V=1.951e+01  Dw=1.459e-01  g=2.971e-01  | nfe=130576
[step   8050]
  train: total=6.6388e-01  L2=3.0223e-01  geo=3.6165e-01
  test : total=4.6553e-01  L2=4.6155e-01  geo=3.9796e-03
  subnet MSE  M=1.893e+01  V=1.950e+01  Dw=1.454e-01  g=2.971e-01  | nfe=131392
[step   8100]
  train: total=6.6352e-01  L2=3.0191e-01  geo=3.6160e-01
  test : total=4.6667e-01  L2=4.6268e-01  geo=3.9922e-03
  subnet MSE  M=1.884e+01  V=1.950e+01  Dw=1.450e-01  g=2.970e-01  | nfe=132208
[step   8150]
  train: total=6.6324e-01  L2=3.0163e-01  geo=3.6161e-01
  test : total=4.6737e-01  L2=4.6337e-01  geo=3.9982e-03
  subnet MSE  M=1.881e+01  V=1.950e+01  Dw=1.445e-01  g=2.970e-01  | nfe=133024
[step   8200]
  train: total=6.6297e-01  L2=3.0136e-01  geo=3.6162e-01
  test : total=4.6844e-01  L2=4.6444e-01  geo=4.0070e-03
  subnet MSE  M=1.880e+01  V=1.950e+01  Dw=1.440e-01  g=2.971e-01  | nfe=133840
[step   8250]
  train: total=6.6281e-01  L2=3.0116e-01  geo=3.6165e-01
  test : total=4.6901e-01  L2=4.6500e-01  geo=4.0118e-03
  subnet MSE  M=1.877e+01  V=1.949e+01  Dw=1.434e-01  g=2.970e-01  | nfe=134656
[step   8300]
  train: total=6.6246e-01  L2=3.0085e-01  geo=3.6161e-01
  test : total=4.7039e-01  L2=4.6637e-01  geo=4.0237e-03
  subnet MSE  M=1.876e+01  V=1.950e+01  Dw=1.429e-01  g=2.970e-01  | nfe=135472
[step   8350]
  train: total=6.6224e-01  L2=3.0063e-01  geo=3.6161e-01
  test : total=4.7115e-01  L2=4.6712e-01  geo=4.0312e-03
  subnet MSE  M=1.872e+01  V=1.949e+01  Dw=1.424e-01  g=2.971e-01  | nfe=136288
[step   8400]
  train: total=6.6212e-01  L2=3.0053e-01  geo=3.6159e-01
  test : total=4.7209e-01  L2=4.6805e-01  geo=4.0397e-03
  subnet MSE  M=1.869e+01  V=1.949e+01  Dw=1.418e-01  g=2.970e-01  | nfe=137104
[step   8450]
  train: total=6.6186e-01  L2=3.0023e-01  geo=3.6163e-01
  test : total=4.7294e-01  L2=4.6890e-01  geo=4.0465e-03
  subnet MSE  M=1.869e+01  V=1.949e+01  Dw=1.413e-01  g=2.970e-01  | nfe=137920
[step   8500]
  train: total=6.6166e-01  L2=3.0004e-01  geo=3.6162e-01
  test : total=4.7478e-01  L2=4.7072e-01  geo=4.0604e-03
  subnet MSE  M=1.869e+01  V=1.949e+01  Dw=1.407e-01  g=2.970e-01  | nfe=138736
[step   8550]
  train: total=6.6129e-01  L2=2.9967e-01  geo=3.6162e-01
  test : total=4.7544e-01  L2=4.7137e-01  geo=4.0668e-03
  subnet MSE  M=1.869e+01  V=1.949e+01  Dw=1.402e-01  g=2.969e-01  | nfe=139552
[step   8600]
  train: total=6.6099e-01  L2=2.9938e-01  geo=3.6162e-01
  test : total=4.7612e-01  L2=4.7204e-01  geo=4.0733e-03
  subnet MSE  M=1.865e+01  V=1.949e+01  Dw=1.397e-01  g=2.970e-01  | nfe=140368
[step   8650]
  train: total=6.6076e-01  L2=2.9914e-01  geo=3.6162e-01
  test : total=4.7691e-01  L2=4.7283e-01  geo=4.0799e-03
  subnet MSE  M=1.863e+01  V=1.949e+01  Dw=1.392e-01  g=2.970e-01  | nfe=141184
[step   8700]
  train: total=6.6053e-01  L2=2.9892e-01  geo=3.6161e-01
  test : total=4.7817e-01  L2=4.7407e-01  geo=4.0916e-03
  subnet MSE  M=1.861e+01  V=1.949e+01  Dw=1.389e-01  g=2.970e-01  | nfe=142000
[step   8750]
  train: total=6.6032e-01  L2=2.9868e-01  geo=3.6163e-01
  test : total=4.7902e-01  L2=4.7492e-01  geo=4.0982e-03
  subnet MSE  M=1.860e+01  V=1.948e+01  Dw=1.384e-01  g=2.970e-01  | nfe=142816
[step   8800]
  train: total=6.6008e-01  L2=2.9845e-01  geo=3.6162e-01
  test : total=4.7958e-01  L2=4.7548e-01  geo=4.1037e-03
  subnet MSE  M=1.855e+01  V=1.948e+01  Dw=1.381e-01  g=2.969e-01  | nfe=143632
[step   8850]
  train: total=6.5994e-01  L2=2.9828e-01  geo=3.6166e-01
  test : total=4.8051e-01  L2=4.7640e-01  geo=4.1102e-03
  subnet MSE  M=1.860e+01  V=1.948e+01  Dw=1.378e-01  g=2.970e-01  | nfe=144448
[step   8900]
  train: total=6.5980e-01  L2=2.9815e-01  geo=3.6164e-01
  test : total=4.8162e-01  L2=4.7750e-01  geo=4.1222e-03
  subnet MSE  M=1.855e+01  V=1.948e+01  Dw=1.376e-01  g=2.969e-01  | nfe=145264
[step   8950]
  train: total=6.5946e-01  L2=2.9782e-01  geo=3.6164e-01
  test : total=4.8367e-01  L2=4.7953e-01  geo=4.1370e-03
  subnet MSE  M=1.856e+01  V=1.948e+01  Dw=1.371e-01  g=2.969e-01  | nfe=146080
[step   9000]
  train: total=6.5914e-01  L2=2.9751e-01  geo=3.6163e-01
  test : total=4.8400e-01  L2=4.7986e-01  geo=4.1416e-03
  subnet MSE  M=1.852e+01  V=1.948e+01  Dw=1.370e-01  g=2.970e-01  | nfe=146896
[step   9050]
  train: total=6.5892e-01  L2=2.9728e-01  geo=3.6164e-01
  test : total=4.8517e-01  L2=4.8102e-01  geo=4.1510e-03
  subnet MSE  M=1.850e+01  V=1.948e+01  Dw=1.366e-01  g=2.970e-01  | nfe=147712
[step   9100]
  train: total=6.5870e-01  L2=2.9707e-01  geo=3.6162e-01
  test : total=4.8657e-01  L2=4.8241e-01  geo=4.1638e-03
  subnet MSE  M=1.847e+01  V=1.948e+01  Dw=1.363e-01  g=2.970e-01  | nfe=148528
[step   9150]
  train: total=6.5856e-01  L2=2.9695e-01  geo=3.6160e-01
  test : total=4.8773e-01  L2=4.8355e-01  geo=4.1741e-03
  subnet MSE  M=1.842e+01  V=1.948e+01  Dw=1.358e-01  g=2.970e-01  | nfe=149344
[step   9200]
  train: total=6.5827e-01  L2=2.9663e-01  geo=3.6163e-01
  test : total=4.8885e-01  L2=4.8467e-01  geo=4.1830e-03
  subnet MSE  M=1.845e+01  V=1.947e+01  Dw=1.354e-01  g=2.970e-01  | nfe=150160
[step   9250]
  train: total=6.5803e-01  L2=2.9640e-01  geo=3.6163e-01
  test : total=4.8979e-01  L2=4.8560e-01  geo=4.1918e-03
  subnet MSE  M=1.839e+01  V=1.947e+01  Dw=1.349e-01  g=2.969e-01  | nfe=150976
[step   9300]
  train: total=6.5787e-01  L2=2.9628e-01  geo=3.6160e-01
  test : total=4.9172e-01  L2=4.8751e-01  geo=4.2082e-03
  subnet MSE  M=1.837e+01  V=1.947e+01  Dw=1.343e-01  g=2.970e-01  | nfe=151792
[step   9350]
  train: total=6.5760e-01  L2=2.9597e-01  geo=3.6163e-01
  test : total=4.9233e-01  L2=4.8811e-01  geo=4.2137e-03
  subnet MSE  M=1.836e+01  V=1.947e+01  Dw=1.339e-01  g=2.969e-01  | nfe=152608
[step   9400]
  train: total=6.5743e-01  L2=2.9582e-01  geo=3.6162e-01
  test : total=4.9337e-01  L2=4.8915e-01  geo=4.2232e-03
  subnet MSE  M=1.833e+01  V=1.946e+01  Dw=1.334e-01  g=2.970e-01  | nfe=153424
[step   9450]
  train: total=6.5718e-01  L2=2.9555e-01  geo=3.6163e-01
  test : total=4.9487e-01  L2=4.9064e-01  geo=4.2351e-03
  subnet MSE  M=1.834e+01  V=1.946e+01  Dw=1.328e-01  g=2.970e-01  | nfe=154240
[step   9500]
  train: total=6.5702e-01  L2=2.9540e-01  geo=3.6162e-01
  test : total=4.9629e-01  L2=4.9204e-01  geo=4.2475e-03
  subnet MSE  M=1.830e+01  V=1.946e+01  Dw=1.322e-01  g=2.969e-01  | nfe=155056
[step   9550]
  train: total=6.5677e-01  L2=2.9515e-01  geo=3.6163e-01
  test : total=4.9685e-01  L2=4.9260e-01  geo=4.2529e-03
  subnet MSE  M=1.828e+01  V=1.945e+01  Dw=1.318e-01  g=2.970e-01  | nfe=155872
[step   9600]
  train: total=6.5657e-01  L2=2.9494e-01  geo=3.6163e-01
  test : total=4.9832e-01  L2=4.9405e-01  geo=4.2650e-03
  subnet MSE  M=1.826e+01  V=1.945e+01  Dw=1.312e-01  g=2.970e-01  | nfe=156688
[step   9650]
  train: total=6.5656e-01  L2=2.9497e-01  geo=3.6159e-01
  test : total=4.9943e-01  L2=4.9516e-01  geo=4.2777e-03
  subnet MSE  M=1.816e+01  V=1.945e+01  Dw=1.307e-01  g=2.970e-01  | nfe=157504
[step   9700]
  train: total=6.5618e-01  L2=2.9456e-01  geo=3.6162e-01
  test : total=5.0058e-01  L2=4.9630e-01  geo=4.2848e-03
  subnet MSE  M=1.822e+01  V=1.945e+01  Dw=1.302e-01  g=2.970e-01  | nfe=158320
[step   9750]
  train: total=6.5605e-01  L2=2.9442e-01  geo=3.6163e-01
  test : total=5.0270e-01  L2=4.9840e-01  geo=4.3015e-03
  subnet MSE  M=1.820e+01  V=1.944e+01  Dw=1.296e-01  g=2.969e-01  | nfe=159136
[step   9800]
  train: total=6.5577e-01  L2=2.9414e-01  geo=3.6163e-01
  test : total=5.0298e-01  L2=4.9868e-01  geo=4.3056e-03
  subnet MSE  M=1.818e+01  V=1.944e+01  Dw=1.292e-01  g=2.969e-01  | nfe=159952
[step   9850]
  train: total=6.5572e-01  L2=2.9408e-01  geo=3.6163e-01
  test : total=5.0390e-01  L2=4.9959e-01  geo=4.3131e-03
  subnet MSE  M=1.814e+01  V=1.943e+01  Dw=1.287e-01  g=2.969e-01  | nfe=160768
[step   9900]
  train: total=6.5550e-01  L2=2.9386e-01  geo=3.6164e-01
  test : total=5.0526e-01  L2=5.0093e-01  geo=4.3267e-03
  subnet MSE  M=1.816e+01  V=1.943e+01  Dw=1.285e-01  g=2.970e-01  | nfe=161584
[step   9950]
  train: total=6.5520e-01  L2=2.9357e-01  geo=3.6163e-01
  test : total=5.0621e-01  L2=5.0187e-01  geo=4.3338e-03
  subnet MSE  M=1.813e+01  V=1.943e+01  Dw=1.279e-01  g=2.970e-01  | nfe=162400
[step  10000]
  train: total=6.5503e-01  L2=2.9340e-01  geo=3.6163e-01
  test : total=5.0755e-01  L2=5.0321e-01  geo=4.3451e-03
  subnet MSE  M=1.810e+01  V=1.942e+01  Dw=1.274e-01  g=2.969e-01  | nfe=163216
Final trajectory train loss 3.0007e+01 +/- 3.1434e+01
Final trajectory test loss  3.8799e+01 +/- 4.5274e+01
Final trajectory train l2 loss 2.2432e+01 +/- 2.8397e+01
Final trajectory test l2 loss  3.4490e+01 +/- 4.0474e+01
Final trajectory train geo loss 7.5754e+00 +/- 4.1569e+00
Final trajectory test geo loss  4.3094e+00 +/- 5.2353e+00
Saved final stats:  /mnt/data/thribhuvan/Projects/stochastic_port_hamiltonian/Final/SPHNP v2/src/models/3D_SO3_Windy_Pendulum/ph_nn_ode/data/run_wp3d/obs0p25_fric0p5_wind0p5_ext0-sine_lr0p001_s10000_np5_smp64_T20_solverrk4_seed0_randu7_G0p5-0p7-0p1_260610-014817/wp3d-so3ham-rk4-5p-stats.pkl
