Run dir : /mnt/data/thribhuvan/Projects/stochastic_port_hamiltonian/Final/SPHNP v2/src/models/3D_SO3_Windy_Pendulum/ph_nn_ode/data/run_wp3d/obs0p01_fric0p5_wind0p5_ext0-sine_lr0p001_s10000_np5_smp64_T20_solverrk4_seed0_randu7_G0p5-0p7-0p1_260609-221549
model contains 3842 parameters
Building dataset at /mnt/data/thribhuvan/Projects/stochastic_port_hamiltonian/Final/SPHNP v2/datasets/data/windy_pendulum_3d/wp3d_dataset_extforce-sine-std0p0_fric0p5_var_fricFalse_obs_noise0p01_wind_force0p5_random_uTrue_uScale7p0_G_0p5_0p7_0p1_steps20.pkl...
Applying SO(3) observation noise (std=0.01)...
Saved data to /mnt/data/thribhuvan/Projects/stochastic_port_hamiltonian/Final/SPHNP v2/datasets/data/windy_pendulum_3d/wp3d_dataset_extforce-sine-std0p0_fric0p5_var_fricFalse_obs_noise0p01_wind_force0p5_random_uTrue_uScale7p0_G_0p5_0p7_0p1_steps20.pkl

Pretraining M_net for 200 steps (lr=0.001, target = 1.000·I₃)
  using 12800 q samples drawn from training data
  pretrain step    0: loss=2.078e-02
  pretrain step   20: loss=1.361e-03
  pretrain step   40: loss=3.090e-04
  pretrain step   60: loss=9.472e-05
  pretrain step   80: loss=3.717e-05
  pretrain step  100: loss=1.708e-05
  pretrain step  120: loss=9.496e-06
  pretrain step  140: loss=5.886e-06
  pretrain step  160: loss=3.938e-06
  pretrain step  180: loss=2.819e-06
  pretrain step  199: loss=2.158e-06
  pretrain done. initial loss=2.078e-02  final loss=2.158e-06  max|M(q₀) − target|=6.648e-03
[step      0]
  train: total=8.0325e-01  L2=7.9661e-01  geo=6.6430e-03
  test : total=8.2020e-01  L2=8.1402e-01  geo=6.1769e-03
  subnet MSE  M=7.550e-05  V=2.682e+01  Dw=6.962e-02  g=3.254e-01  | nfe=16
[step     50]
  train: total=4.7235e-01  L2=4.6815e-01  geo=4.1937e-03
  test : total=5.0597e-01  L2=5.0212e-01  geo=3.8494e-03
  subnet MSE  M=4.182e-01  V=2.445e+01  Dw=4.762e-02  g=1.963e-01  | nfe=832
[step    100]
  train: total=8.0212e-02  L2=7.9000e-02  geo=1.2116e-03
  test : total=8.4626e-02  L2=8.3930e-02  geo=6.9666e-04
  subnet MSE  M=8.422e+00  V=1.861e+01  Dw=6.623e-02  g=2.853e-01  | nfe=1648
[step    150]
  train: total=6.0628e-02  L2=5.9570e-02  geo=1.0574e-03
  test : total=6.4700e-02  L2=6.4163e-02  geo=5.3657e-04
  subnet MSE  M=9.349e+00  V=1.799e+01  Dw=6.596e-02  g=2.879e-01  | nfe=2464
[step    200]
  train: total=5.7978e-02  L2=5.6941e-02  geo=1.0376e-03
  test : total=6.3253e-02  L2=6.2727e-02  geo=5.2537e-04
  subnet MSE  M=9.793e+00  V=1.807e+01  Dw=6.556e-02  g=2.890e-01  | nfe=3280
[step    250]
  train: total=5.6774e-02  L2=5.5746e-02  geo=1.0285e-03
  test : total=6.2741e-02  L2=6.2220e-02  geo=5.2111e-04
  subnet MSE  M=1.024e+01  V=1.816e+01  Dw=6.573e-02  g=2.900e-01  | nfe=4096
[step    300]
  train: total=5.6079e-02  L2=5.5056e-02  geo=1.0232e-03
  test : total=6.2596e-02  L2=6.2076e-02  geo=5.1968e-04
  subnet MSE  M=1.052e+01  V=1.825e+01  Dw=6.583e-02  g=2.906e-01  | nfe=4912
[step    350]
  train: total=5.5631e-02  L2=5.4612e-02  geo=1.0198e-03
  test : total=6.2618e-02  L2=6.2098e-02  geo=5.1965e-04
  subnet MSE  M=1.065e+01  V=1.830e+01  Dw=6.587e-02  g=2.909e-01  | nfe=5728
[step    400]
  train: total=5.5299e-02  L2=5.4282e-02  geo=1.0173e-03
  test : total=6.2673e-02  L2=6.2153e-02  geo=5.2000e-04
  subnet MSE  M=1.070e+01  V=1.833e+01  Dw=6.587e-02  g=2.910e-01  | nfe=6544
[step    450]
  train: total=5.5019e-02  L2=5.4004e-02  geo=1.0152e-03
  test : total=6.2713e-02  L2=6.2193e-02  geo=5.2031e-04
  subnet MSE  M=1.069e+01  V=1.834e+01  Dw=6.584e-02  g=2.911e-01  | nfe=7360
[step    500]
  train: total=5.4762e-02  L2=5.3748e-02  geo=1.0132e-03
  test : total=6.2727e-02  L2=6.2207e-02  geo=5.2047e-04
  subnet MSE  M=1.065e+01  V=1.834e+01  Dw=6.580e-02  g=2.911e-01  | nfe=8176
[step    550]
  train: total=5.4507e-02  L2=5.3496e-02  geo=1.0113e-03
  test : total=6.2723e-02  L2=6.2203e-02  geo=5.2048e-04
  subnet MSE  M=1.059e+01  V=1.833e+01  Dw=6.574e-02  g=2.910e-01  | nfe=8992
[step    600]
  train: total=5.4241e-02  L2=5.3232e-02  geo=1.0093e-03
  test : total=6.2727e-02  L2=6.2207e-02  geo=5.2057e-04
  subnet MSE  M=1.051e+01  V=1.832e+01  Dw=6.567e-02  g=2.909e-01  | nfe=9808
[step    650]
  train: total=5.3950e-02  L2=5.2943e-02  geo=1.0071e-03
  test : total=6.2764e-02  L2=6.2243e-02  geo=5.2090e-04
  subnet MSE  M=1.042e+01  V=1.829e+01  Dw=6.559e-02  g=2.908e-01  | nfe=10624
[step    700]
  train: total=5.3613e-02  L2=5.2609e-02  geo=1.0046e-03
  test : total=6.2857e-02  L2=6.2336e-02  geo=5.2167e-04
  subnet MSE  M=1.032e+01  V=1.827e+01  Dw=6.549e-02  g=2.906e-01  | nfe=11440
[step    750]
  train: total=5.3203e-02  L2=5.2202e-02  geo=1.0015e-03
  test : total=6.3000e-02  L2=6.2477e-02  geo=5.2285e-04
  subnet MSE  M=1.022e+01  V=1.823e+01  Dw=6.533e-02  g=2.904e-01  | nfe=12256
[step    800]
  train: total=5.2673e-02  L2=5.1675e-02  geo=9.9758e-04
  test : total=6.3162e-02  L2=6.2637e-02  geo=5.2423e-04
  subnet MSE  M=1.009e+01  V=1.819e+01  Dw=6.508e-02  g=2.902e-01  | nfe=13072
[step    850]
  train: total=5.1979e-02  L2=5.0987e-02  geo=9.9239e-04
  test : total=6.3320e-02  L2=6.2794e-02  geo=5.2558e-04
  subnet MSE  M=9.966e+00  V=1.813e+01  Dw=6.461e-02  g=2.900e-01  | nfe=13888
[step    900]
  train: total=5.1220e-02  L2=5.0233e-02  geo=9.8663e-04
  test : total=6.3615e-02  L2=6.3087e-02  geo=5.2802e-04
  subnet MSE  M=9.910e+00  V=1.808e+01  Dw=6.385e-02  g=2.898e-01  | nfe=14704
[step    950]
  train: total=5.0549e-02  L2=4.9567e-02  geo=9.8146e-04
  test : total=6.4175e-02  L2=6.3643e-02  geo=5.3259e-04
  subnet MSE  M=9.986e+00  V=1.807e+01  Dw=6.317e-02  g=2.899e-01  | nfe=15520
[step   1000]
  train: total=4.9996e-02  L2=4.9019e-02  geo=9.7734e-04
  test : total=6.4833e-02  L2=6.4295e-02  geo=5.3781e-04
  subnet MSE  M=1.014e+01  V=1.810e+01  Dw=6.285e-02  g=2.902e-01  | nfe=16336
[step   1050]
  train: total=4.9488e-02  L2=4.8514e-02  geo=9.7363e-04
  test : total=6.5546e-02  L2=6.5002e-02  geo=5.4333e-04
  subnet MSE  M=1.032e+01  V=1.816e+01  Dw=6.286e-02  g=2.905e-01  | nfe=17152
[step   1100]
  train: total=4.8969e-02  L2=4.7999e-02  geo=9.6989e-04
  test : total=6.6346e-02  L2=6.5797e-02  geo=5.4951e-04
  subnet MSE  M=1.048e+01  V=1.823e+01  Dw=6.299e-02  g=2.908e-01  | nfe=17968
[step   1150]
  train: total=4.8457e-02  L2=4.7491e-02  geo=9.6598e-04
  test : total=6.7225e-02  L2=6.6669e-02  geo=5.5636e-04
  subnet MSE  M=1.062e+01  V=1.829e+01  Dw=6.313e-02  g=2.911e-01  | nfe=18784
[step   1200]
  train: total=4.7965e-02  L2=4.7003e-02  geo=9.6216e-04
  test : total=6.8029e-02  L2=6.7466e-02  geo=5.6275e-04
  subnet MSE  M=1.076e+01  V=1.836e+01  Dw=6.327e-02  g=2.914e-01  | nfe=19600
[step   1250]
  train: total=4.7493e-02  L2=4.6535e-02  geo=9.5867e-04
  test : total=6.8814e-02  L2=6.8245e-02  geo=5.6896e-04
  subnet MSE  M=1.091e+01  V=1.842e+01  Dw=6.346e-02  g=2.917e-01  | nfe=20416
[step   1300]
  train: total=4.7032e-02  L2=4.6077e-02  geo=9.5504e-04
  test : total=6.9484e-02  L2=6.8910e-02  geo=5.7437e-04
  subnet MSE  M=1.104e+01  V=1.848e+01  Dw=6.362e-02  g=2.920e-01  | nfe=21232
[step   1350]
  train: total=4.6593e-02  L2=4.5642e-02  geo=9.5148e-04
  test : total=6.9941e-02  L2=6.9362e-02  geo=5.7821e-04
  subnet MSE  M=1.117e+01  V=1.854e+01  Dw=6.378e-02  g=2.922e-01  | nfe=22048
[step   1400]
  train: total=4.6175e-02  L2=4.5226e-02  geo=9.4840e-04
  test : total=7.0614e-02  L2=7.0031e-02  geo=5.8368e-04
  subnet MSE  M=1.129e+01  V=1.860e+01  Dw=6.394e-02  g=2.925e-01  | nfe=22864
[step   1450]
  train: total=4.5790e-02  L2=4.4845e-02  geo=9.4544e-04
  test : total=7.1279e-02  L2=7.0690e-02  geo=5.8918e-04
  subnet MSE  M=1.142e+01  V=1.866e+01  Dw=6.408e-02  g=2.927e-01  | nfe=23680
[step   1500]
  train: total=4.5446e-02  L2=4.4504e-02  geo=9.4272e-04
  test : total=7.1939e-02  L2=7.1344e-02  geo=5.9470e-04
  subnet MSE  M=1.157e+01  V=1.873e+01  Dw=6.423e-02  g=2.930e-01  | nfe=24496
[step   1550]
  train: total=4.5071e-02  L2=4.4131e-02  geo=9.4013e-04
  test : total=7.2687e-02  L2=7.2086e-02  geo=6.0075e-04
  subnet MSE  M=1.174e+01  V=1.879e+01  Dw=6.440e-02  g=2.933e-01  | nfe=25312
[step   1600]
  train: total=4.4738e-02  L2=4.3800e-02  geo=9.3773e-04
  test : total=7.3513e-02  L2=7.2906e-02  geo=6.0745e-04
  subnet MSE  M=1.194e+01  V=1.885e+01  Dw=6.456e-02  g=2.936e-01  | nfe=26128
[step   1650]
  train: total=4.4457e-02  L2=4.3521e-02  geo=9.3517e-04
  test : total=7.3826e-02  L2=7.3215e-02  geo=6.1015e-04
  subnet MSE  M=1.217e+01  V=1.892e+01  Dw=6.479e-02  g=2.939e-01  | nfe=26944
[step   1700]
  train: total=4.4089e-02  L2=4.3156e-02  geo=9.3279e-04
  test : total=7.4915e-02  L2=7.4296e-02  geo=6.1892e-04
  subnet MSE  M=1.243e+01  V=1.899e+01  Dw=6.490e-02  g=2.943e-01  | nfe=27760
[step   1750]
  train: total=4.3767e-02  L2=4.2837e-02  geo=9.3061e-04
  test : total=7.5517e-02  L2=7.4894e-02  geo=6.2386e-04
  subnet MSE  M=1.270e+01  V=1.905e+01  Dw=6.510e-02  g=2.947e-01  | nfe=28576
[step   1800]
  train: total=4.3460e-02  L2=4.2532e-02  geo=9.2845e-04
  test : total=7.6180e-02  L2=7.5550e-02  geo=6.2933e-04
  subnet MSE  M=1.298e+01  V=1.912e+01  Dw=6.525e-02  g=2.950e-01  | nfe=29392
[step   1850]
  train: total=4.3194e-02  L2=4.2267e-02  geo=9.2630e-04
  test : total=7.6342e-02  L2=7.5712e-02  geo=6.3089e-04
  subnet MSE  M=1.328e+01  V=1.918e+01  Dw=6.548e-02  g=2.954e-01  | nfe=30208
[step   1900]
  train: total=4.2888e-02  L2=4.1963e-02  geo=9.2454e-04
  test : total=7.7248e-02  L2=7.6610e-02  geo=6.3843e-04
  subnet MSE  M=1.355e+01  V=1.924e+01  Dw=6.555e-02  g=2.957e-01  | nfe=31024
[step   1950]
  train: total=4.2626e-02  L2=4.1703e-02  geo=9.2297e-04
  test : total=7.7875e-02  L2=7.7231e-02  geo=6.4366e-04
  subnet MSE  M=1.380e+01  V=1.929e+01  Dw=6.567e-02  g=2.960e-01  | nfe=31840
[step   2000]
  train: total=4.2384e-02  L2=4.1463e-02  geo=9.2150e-04
  test : total=7.8317e-02  L2=7.7670e-02  geo=6.4741e-04
  subnet MSE  M=1.402e+01  V=1.934e+01  Dw=6.578e-02  g=2.962e-01  | nfe=32656
[step   2050]
  train: total=4.2161e-02  L2=4.1241e-02  geo=9.1990e-04
  test : total=7.8805e-02  L2=7.8154e-02  geo=6.5150e-04
  subnet MSE  M=1.422e+01  V=1.937e+01  Dw=6.587e-02  g=2.965e-01  | nfe=33472
[step   2100]
  train: total=4.1939e-02  L2=4.1021e-02  geo=9.1838e-04
  test : total=7.9400e-02  L2=7.8743e-02  geo=6.5642e-04
  subnet MSE  M=1.445e+01  V=1.941e+01  Dw=6.595e-02  g=2.967e-01  | nfe=34288
[step   2150]
  train: total=4.1739e-02  L2=4.0822e-02  geo=9.1670e-04
  test : total=7.9839e-02  L2=7.9179e-02  geo=6.6001e-04
  subnet MSE  M=1.462e+01  V=1.944e+01  Dw=6.603e-02  g=2.969e-01  | nfe=35104
[step   2200]
  train: total=4.1562e-02  L2=4.0647e-02  geo=9.1569e-04
  test : total=8.0306e-02  L2=7.9642e-02  geo=6.6379e-04
  subnet MSE  M=1.478e+01  V=1.947e+01  Dw=6.609e-02  g=2.971e-01  | nfe=35920
[step   2250]
  train: total=4.1350e-02  L2=4.0435e-02  geo=9.1446e-04
  test : total=8.0847e-02  L2=8.0179e-02  geo=6.6817e-04
  subnet MSE  M=1.497e+01  V=1.950e+01  Dw=6.614e-02  g=2.972e-01  | nfe=36736
[step   2300]
  train: total=4.1172e-02  L2=4.0259e-02  geo=9.1330e-04
  test : total=8.1234e-02  L2=8.0563e-02  geo=6.7123e-04
  subnet MSE  M=1.510e+01  V=1.952e+01  Dw=6.620e-02  g=2.974e-01  | nfe=37552
[step   2350]
  train: total=4.1055e-02  L2=4.0143e-02  geo=9.1240e-04
  test : total=8.1595e-02  L2=8.0920e-02  geo=6.7422e-04
  subnet MSE  M=1.528e+01  V=1.955e+01  Dw=6.623e-02  g=2.974e-01  | nfe=38368
[step   2400]
  train: total=4.0831e-02  L2=3.9920e-02  geo=9.1114e-04
  test : total=8.2309e-02  L2=8.1629e-02  geo=6.7975e-04
  subnet MSE  M=1.533e+01  V=1.955e+01  Dw=6.625e-02  g=2.976e-01  | nfe=39184
[step   2450]
  train: total=4.0664e-02  L2=3.9754e-02  geo=9.0994e-04
  test : total=8.2788e-02  L2=8.2104e-02  geo=6.8355e-04
  subnet MSE  M=1.549e+01  V=1.957e+01  Dw=6.630e-02  g=2.977e-01  | nfe=40000
[step   2500]
  train: total=4.0507e-02  L2=3.9598e-02  geo=9.0911e-04
  test : total=8.3120e-02  L2=8.2434e-02  geo=6.8613e-04
  subnet MSE  M=1.554e+01  V=1.958e+01  Dw=6.633e-02  g=2.977e-01  | nfe=40816
[step   2550]
  train: total=4.0345e-02  L2=3.9437e-02  geo=9.0782e-04
  test : total=8.3718e-02  L2=8.3027e-02  geo=6.9088e-04
  subnet MSE  M=1.568e+01  V=1.960e+01  Dw=6.636e-02  g=2.978e-01  | nfe=41632
[step   2600]
  train: total=4.0235e-02  L2=3.9328e-02  geo=9.0692e-04
  test : total=8.4123e-02  L2=8.3429e-02  geo=6.9403e-04
  subnet MSE  M=1.572e+01  V=1.960e+01  Dw=6.639e-02  g=2.979e-01  | nfe=42448
[step   2650]
  train: total=4.0030e-02  L2=3.9125e-02  geo=9.0570e-04
  test : total=8.4606e-02  L2=8.3908e-02  geo=6.9788e-04
  subnet MSE  M=1.583e+01  V=1.961e+01  Dw=6.641e-02  g=2.979e-01  | nfe=43264
[step   2700]
  train: total=3.9882e-02  L2=3.8978e-02  geo=9.0445e-04
  test : total=8.4969e-02  L2=8.4268e-02  geo=7.0074e-04
  subnet MSE  M=1.587e+01  V=1.962e+01  Dw=6.642e-02  g=2.980e-01  | nfe=44080
[step   2750]
  train: total=3.9725e-02  L2=3.8822e-02  geo=9.0355e-04
  test : total=8.5413e-02  L2=8.4709e-02  geo=7.0426e-04
  subnet MSE  M=1.596e+01  V=1.963e+01  Dw=6.645e-02  g=2.980e-01  | nfe=44896
[step   2800]
  train: total=3.9571e-02  L2=3.8668e-02  geo=9.0249e-04
  test : total=8.5834e-02  L2=8.5127e-02  geo=7.0757e-04
  subnet MSE  M=1.597e+01  V=1.963e+01  Dw=6.645e-02  g=2.980e-01  | nfe=45712
[step   2850]
  train: total=3.9437e-02  L2=3.8535e-02  geo=9.0151e-04
  test : total=8.6269e-02  L2=8.5558e-02  geo=7.1100e-04
  subnet MSE  M=1.599e+01  V=1.963e+01  Dw=6.647e-02  g=2.980e-01  | nfe=46528
[step   2900]
  train: total=3.9270e-02  L2=3.8370e-02  geo=9.0042e-04
  test : total=8.6673e-02  L2=8.5959e-02  geo=7.1420e-04
  subnet MSE  M=1.604e+01  V=1.963e+01  Dw=6.645e-02  g=2.981e-01  | nfe=47344
[step   2950]
  train: total=3.9138e-02  L2=3.8239e-02  geo=8.9947e-04
  test : total=8.7031e-02  L2=8.6314e-02  geo=7.1698e-04
  subnet MSE  M=1.603e+01  V=1.963e+01  Dw=6.644e-02  g=2.981e-01  | nfe=48160
[step   3000]
  train: total=3.8981e-02  L2=3.8082e-02  geo=8.9836e-04
  test : total=8.7360e-02  L2=8.6641e-02  geo=7.1963e-04
  subnet MSE  M=1.610e+01  V=1.963e+01  Dw=6.646e-02  g=2.981e-01  | nfe=48976
[step   3050]
  train: total=3.8852e-02  L2=3.7954e-02  geo=8.9757e-04
  test : total=8.7735e-02  L2=8.7013e-02  geo=7.2260e-04
  subnet MSE  M=1.609e+01  V=1.963e+01  Dw=6.646e-02  g=2.980e-01  | nfe=49792
[step   3100]
  train: total=3.8701e-02  L2=3.7804e-02  geo=8.9632e-04
  test : total=8.8068e-02  L2=8.7342e-02  geo=7.2520e-04
  subnet MSE  M=1.612e+01  V=1.963e+01  Dw=6.642e-02  g=2.981e-01  | nfe=50608
[step   3150]
  train: total=3.8573e-02  L2=3.7678e-02  geo=8.9546e-04
  test : total=8.8258e-02  L2=8.7531e-02  geo=7.2667e-04
  subnet MSE  M=1.610e+01  V=1.963e+01  Dw=6.640e-02  g=2.980e-01  | nfe=51424
[step   3200]
  train: total=3.8432e-02  L2=3.7538e-02  geo=8.9442e-04
  test : total=8.8701e-02  L2=8.7971e-02  geo=7.3016e-04
  subnet MSE  M=1.615e+01  V=1.963e+01  Dw=6.638e-02  g=2.981e-01  | nfe=52240
[step   3250]
  train: total=3.8306e-02  L2=3.7412e-02  geo=8.9335e-04
  test : total=8.9003e-02  L2=8.8271e-02  geo=7.3250e-04
  subnet MSE  M=1.613e+01  V=1.963e+01  Dw=6.634e-02  g=2.981e-01  | nfe=53056
[step   3300]
  train: total=3.8177e-02  L2=3.7284e-02  geo=8.9262e-04
  test : total=8.9337e-02  L2=8.8602e-02  geo=7.3507e-04
  subnet MSE  M=1.611e+01  V=1.963e+01  Dw=6.630e-02  g=2.981e-01  | nfe=53872
[step   3350]
  train: total=3.8040e-02  L2=3.7149e-02  geo=8.9158e-04
  test : total=8.9702e-02  L2=8.8964e-02  geo=7.3790e-04
  subnet MSE  M=1.616e+01  V=1.963e+01  Dw=6.628e-02  g=2.981e-01  | nfe=54688
[step   3400]
  train: total=3.7924e-02  L2=3.7033e-02  geo=8.9059e-04
  test : total=9.0093e-02  L2=8.9352e-02  geo=7.4092e-04
  subnet MSE  M=1.608e+01  V=1.962e+01  Dw=6.618e-02  g=2.980e-01  | nfe=55504
[step   3450]
  train: total=3.7802e-02  L2=3.6912e-02  geo=8.8972e-04
  test : total=9.0133e-02  L2=8.9392e-02  geo=7.4109e-04
  subnet MSE  M=1.610e+01  V=1.962e+01  Dw=6.618e-02  g=2.978e-01  | nfe=56320
[step   3500]
  train: total=3.7675e-02  L2=3.6787e-02  geo=8.8885e-04
  test : total=9.0765e-02  L2=9.0019e-02  geo=7.4605e-04
  subnet MSE  M=1.610e+01  V=1.963e+01  Dw=6.611e-02  g=2.980e-01  | nfe=57136
[step   3550]
  train: total=3.7597e-02  L2=3.6709e-02  geo=8.8815e-04
  test : total=9.0920e-02  L2=9.0173e-02  geo=7.4708e-04
  subnet MSE  M=1.615e+01  V=1.962e+01  Dw=6.611e-02  g=2.978e-01  | nfe=57952
[step   3600]
  train: total=3.7440e-02  L2=3.6553e-02  geo=8.8704e-04
  test : total=9.1534e-02  L2=9.0782e-02  geo=7.5191e-04
  subnet MSE  M=1.612e+01  V=1.963e+01  Dw=6.600e-02  g=2.980e-01  | nfe=58768
[step   3650]
  train: total=3.7327e-02  L2=3.6441e-02  geo=8.8621e-04
  test : total=9.1904e-02  L2=9.1150e-02  geo=7.5468e-04
  subnet MSE  M=1.607e+01  V=1.962e+01  Dw=6.594e-02  g=2.979e-01  | nfe=59584
[step   3700]
  train: total=3.7231e-02  L2=3.6346e-02  geo=8.8526e-04
  test : total=9.2437e-02  L2=9.1678e-02  geo=7.5880e-04
  subnet MSE  M=1.615e+01  V=1.963e+01  Dw=6.587e-02  g=2.979e-01  | nfe=60400
[step   3750]
  train: total=3.7097e-02  L2=3.6213e-02  geo=8.8439e-04
  test : total=9.2683e-02  L2=9.1922e-02  geo=7.6059e-04
  subnet MSE  M=1.611e+01  V=1.963e+01  Dw=6.582e-02  g=2.979e-01  | nfe=61216
[step   3800]
  train: total=3.7005e-02  L2=3.6121e-02  geo=8.8379e-04
  test : total=9.3016e-02  L2=9.2253e-02  geo=7.6305e-04
  subnet MSE  M=1.608e+01  V=1.963e+01  Dw=6.576e-02  g=2.979e-01  | nfe=62032
[step   3850]
  train: total=3.6902e-02  L2=3.6020e-02  geo=8.8267e-04
  test : total=9.3764e-02  L2=9.2995e-02  geo=7.6892e-04
  subnet MSE  M=1.608e+01  V=1.964e+01  Dw=6.566e-02  g=2.980e-01  | nfe=62848
[step   3900]
  train: total=3.6796e-02  L2=3.5914e-02  geo=8.8195e-04
  test : total=9.3773e-02  L2=9.3004e-02  geo=7.6880e-04
  subnet MSE  M=1.611e+01  V=1.964e+01  Dw=6.565e-02  g=2.979e-01  | nfe=63664
[step   3950]
  train: total=3.6685e-02  L2=3.5804e-02  geo=8.8091e-04
  test : total=9.4551e-02  L2=9.3776e-02  geo=7.7487e-04
  subnet MSE  M=1.618e+01  V=1.965e+01  Dw=6.560e-02  g=2.979e-01  | nfe=64480
[step   4000]
  train: total=3.6560e-02  L2=3.5679e-02  geo=8.8008e-04
  test : total=9.4614e-02  L2=9.3839e-02  geo=7.7521e-04
  subnet MSE  M=1.614e+01  V=1.965e+01  Dw=6.556e-02  g=2.979e-01  | nfe=65296
[step   4050]
  train: total=3.6529e-02  L2=3.5649e-02  geo=8.8010e-04
  test : total=9.5122e-02  L2=9.4343e-02  geo=7.7905e-04
  subnet MSE  M=1.617e+01  V=1.965e+01  Dw=6.555e-02  g=2.979e-01  | nfe=66112
[step   4100]
  train: total=3.6450e-02  L2=3.5571e-02  geo=8.7888e-04
  test : total=9.5859e-02  L2=9.5074e-02  geo=7.8488e-04
  subnet MSE  M=1.623e+01  V=1.966e+01  Dw=6.548e-02  g=2.980e-01  | nfe=66928
[step   4150]
  train: total=3.6292e-02  L2=3.5414e-02  geo=8.7760e-04
  test : total=9.5852e-02  L2=9.5068e-02  geo=7.8475e-04
  subnet MSE  M=1.626e+01  V=1.966e+01  Dw=6.544e-02  g=2.979e-01  | nfe=67744
[step   4200]
  train: total=3.6179e-02  L2=3.5303e-02  geo=8.7675e-04
  test : total=9.6054e-02  L2=9.5267e-02  geo=7.8620e-04
  subnet MSE  M=1.628e+01  V=1.966e+01  Dw=6.544e-02  g=2.979e-01  | nfe=68560
[step   4250]
  train: total=3.6144e-02  L2=3.5267e-02  geo=8.7669e-04
  test : total=9.6039e-02  L2=9.5253e-02  geo=7.8602e-04
  subnet MSE  M=1.629e+01  V=1.967e+01  Dw=6.542e-02  g=2.980e-01  | nfe=69376
[step   4300]
  train: total=3.5995e-02  L2=3.5119e-02  geo=8.7526e-04
  test : total=9.6823e-02  L2=9.6031e-02  geo=7.9219e-04
  subnet MSE  M=1.637e+01  V=1.968e+01  Dw=6.540e-02  g=2.981e-01  | nfe=70192
[step   4350]
  train: total=3.5912e-02  L2=3.5037e-02  geo=8.7460e-04
  test : total=9.7069e-02  L2=9.6275e-02  geo=7.9406e-04
  subnet MSE  M=1.640e+01  V=1.969e+01  Dw=6.537e-02  g=2.981e-01  | nfe=71008
[step   4400]
  train: total=3.5887e-02  L2=3.5013e-02  geo=8.7423e-04
  test : total=9.7300e-02  L2=9.6504e-02  geo=7.9588e-04
  subnet MSE  M=1.645e+01  V=1.970e+01  Dw=6.533e-02  g=2.980e-01  | nfe=71824
[step   4450]
  train: total=3.5746e-02  L2=3.4873e-02  geo=8.7312e-04
  test : total=9.7774e-02  L2=9.6975e-02  geo=7.9964e-04
  subnet MSE  M=1.646e+01  V=1.971e+01  Dw=6.529e-02  g=2.983e-01  | nfe=72640
[step   4500]
  train: total=3.5659e-02  L2=3.4786e-02  geo=8.7240e-04
  test : total=9.8045e-02  L2=9.7243e-02  geo=8.0173e-04
  subnet MSE  M=1.654e+01  V=1.971e+01  Dw=6.529e-02  g=2.983e-01  | nfe=73456
[step   4550]
  train: total=3.5592e-02  L2=3.4720e-02  geo=8.7187e-04
  test : total=9.8284e-02  L2=9.7480e-02  geo=8.0358e-04
  subnet MSE  M=1.654e+01  V=1.971e+01  Dw=6.527e-02  g=2.983e-01  | nfe=74272
[step   4600]
  train: total=3.5600e-02  L2=3.4729e-02  geo=8.7152e-04
  test : total=9.8568e-02  L2=9.7762e-02  geo=8.0570e-04
  subnet MSE  M=1.664e+01  V=1.971e+01  Dw=6.529e-02  g=2.982e-01  | nfe=75088
[step   4650]
  train: total=3.5424e-02  L2=3.4553e-02  geo=8.7028e-04
  test : total=9.8991e-02  L2=9.8182e-02  geo=8.0919e-04
  subnet MSE  M=1.666e+01  V=1.974e+01  Dw=6.522e-02  g=2.985e-01  | nfe=75904
[step   4700]
  train: total=3.5355e-02  L2=3.4486e-02  geo=8.6967e-04
  test : total=9.9149e-02  L2=9.8339e-02  geo=8.1042e-04
  subnet MSE  M=1.673e+01  V=1.975e+01  Dw=6.520e-02  g=2.985e-01  | nfe=76720
[step   4750]
  train: total=3.5275e-02  L2=3.4406e-02  geo=8.6900e-04
  test : total=9.9475e-02  L2=9.8662e-02  geo=8.1301e-04
  subnet MSE  M=1.679e+01  V=1.976e+01  Dw=6.518e-02  g=2.985e-01  | nfe=77536
[step   4800]
  train: total=3.5294e-02  L2=3.4425e-02  geo=8.6922e-04
  test : total=9.9609e-02  L2=9.8795e-02  geo=8.1397e-04
  subnet MSE  M=1.686e+01  V=1.976e+01  Dw=6.523e-02  g=2.986e-01  | nfe=78352
[step   4850]
  train: total=3.5123e-02  L2=3.4255e-02  geo=8.6766e-04
  test : total=1.0014e-01  L2=9.9323e-02  geo=8.1827e-04
  subnet MSE  M=1.691e+01  V=1.977e+01  Dw=6.515e-02  g=2.986e-01  | nfe=79168
[step   4900]
  train: total=3.5070e-02  L2=3.4202e-02  geo=8.6724e-04
  test : total=1.0035e-01  L2=9.9533e-02  geo=8.1998e-04
  subnet MSE  M=1.689e+01  V=1.978e+01  Dw=6.512e-02  g=2.987e-01  | nfe=79984
[step   4950]
  train: total=3.5163e-02  L2=3.4295e-02  geo=8.6767e-04
  test : total=1.0090e-01  L2=1.0008e-01  geo=8.2428e-04
  subnet MSE  M=1.703e+01  V=1.979e+01  Dw=6.516e-02  g=2.987e-01  | nfe=80800
[step   5000]
  train: total=3.4907e-02  L2=3.4041e-02  geo=8.6578e-04
  test : total=1.0107e-01  L2=1.0024e-01  geo=8.2564e-04
  subnet MSE  M=1.704e+01  V=1.979e+01  Dw=6.508e-02  g=2.988e-01  | nfe=81616
[step   5050]
  train: total=3.4852e-02  L2=3.3986e-02  geo=8.6555e-04
  test : total=1.0120e-01  L2=1.0038e-01  geo=8.2666e-04
  subnet MSE  M=1.705e+01  V=1.980e+01  Dw=6.507e-02  g=2.988e-01  | nfe=82432
[step   5100]
  train: total=3.4794e-02  L2=3.3929e-02  geo=8.6480e-04
  test : total=1.0144e-01  L2=1.0061e-01  geo=8.2865e-04
  subnet MSE  M=1.706e+01  V=1.981e+01  Dw=6.501e-02  g=2.990e-01  | nfe=83248
[step   5150]
  train: total=3.4808e-02  L2=3.3943e-02  geo=8.6485e-04
  test : total=1.0161e-01  L2=1.0078e-01  geo=8.2977e-04
  subnet MSE  M=1.729e+01  V=1.981e+01  Dw=6.505e-02  g=2.986e-01  | nfe=84064
[step   5200]
  train: total=3.4727e-02  L2=3.3863e-02  geo=8.6409e-04
  test : total=1.0234e-01  L2=1.0150e-01  geo=8.3574e-04
  subnet MSE  M=1.726e+01  V=1.982e+01  Dw=6.504e-02  g=2.990e-01  | nfe=84880
[step   5250]
  train: total=3.4560e-02  L2=3.3697e-02  geo=8.6284e-04
  test : total=1.0232e-01  L2=1.0149e-01  geo=8.3562e-04
  subnet MSE  M=1.731e+01  V=1.983e+01  Dw=6.499e-02  g=2.990e-01  | nfe=85696
[step   5300]
  train: total=3.4493e-02  L2=3.3631e-02  geo=8.6215e-04
  test : total=1.0257e-01  L2=1.0174e-01  geo=8.3767e-04
  subnet MSE  M=1.732e+01  V=1.983e+01  Dw=6.496e-02  g=2.991e-01  | nfe=86512
[step   5350]
  train: total=3.4449e-02  L2=3.3587e-02  geo=8.6165e-04
  test : total=1.0291e-01  L2=1.0207e-01  geo=8.4028e-04
  subnet MSE  M=1.735e+01  V=1.984e+01  Dw=6.492e-02  g=2.990e-01  | nfe=87328
[step   5400]
  train: total=3.4357e-02  L2=3.3496e-02  geo=8.6092e-04
  test : total=1.0326e-01  L2=1.0241e-01  geo=8.4309e-04
  subnet MSE  M=1.741e+01  V=1.985e+01  Dw=6.492e-02  g=2.992e-01  | nfe=88144
[step   5450]
  train: total=3.4294e-02  L2=3.3433e-02  geo=8.6071e-04
  test : total=1.0330e-01  L2=1.0246e-01  geo=8.4331e-04
  subnet MSE  M=1.750e+01  V=1.985e+01  Dw=6.492e-02  g=2.991e-01  | nfe=88960
[step   5500]
  train: total=3.4210e-02  L2=3.3350e-02  geo=8.5985e-04
  test : total=1.0378e-01  L2=1.0294e-01  geo=8.4725e-04
  subnet MSE  M=1.751e+01  V=1.986e+01  Dw=6.488e-02  g=2.993e-01  | nfe=89776
[step   5550]
  train: total=3.4154e-02  L2=3.3295e-02  geo=8.5934e-04
  test : total=1.0412e-01  L2=1.0327e-01  geo=8.4992e-04
  subnet MSE  M=1.748e+01  V=1.986e+01  Dw=6.484e-02  g=2.993e-01  | nfe=90592
[step   5600]
  train: total=3.4076e-02  L2=3.3217e-02  geo=8.5878e-04
  test : total=1.0435e-01  L2=1.0350e-01  geo=8.5171e-04
  subnet MSE  M=1.759e+01  V=1.987e+01  Dw=6.483e-02  g=2.994e-01  | nfe=91408
[step   5650]
  train: total=3.4020e-02  L2=3.3161e-02  geo=8.5832e-04
  test : total=1.0440e-01  L2=1.0355e-01  geo=8.5208e-04
  subnet MSE  M=1.758e+01  V=1.987e+01  Dw=6.480e-02  g=2.993e-01  | nfe=92224
[step   5700]
  train: total=3.4026e-02  L2=3.3167e-02  geo=8.5862e-04
  test : total=1.0460e-01  L2=1.0374e-01  geo=8.5357e-04
  subnet MSE  M=1.755e+01  V=1.987e+01  Dw=6.474e-02  g=2.993e-01  | nfe=93040
[step   5750]
  train: total=3.3921e-02  L2=3.3064e-02  geo=8.5750e-04
  test : total=1.0516e-01  L2=1.0431e-01  geo=8.5820e-04
  subnet MSE  M=1.759e+01  V=1.988e+01  Dw=6.472e-02  g=2.996e-01  | nfe=93856
[step   5800]
  train: total=3.4106e-02  L2=3.3247e-02  geo=8.5886e-04
  test : total=1.0503e-01  L2=1.0418e-01  geo=8.5702e-04
  subnet MSE  M=1.765e+01  V=1.988e+01  Dw=6.465e-02  g=2.994e-01  | nfe=94672
[step   5850]
  train: total=3.3759e-02  L2=3.2903e-02  geo=8.5630e-04
  test : total=1.0549e-01  L2=1.0463e-01  geo=8.6063e-04
  subnet MSE  M=1.770e+01  V=1.988e+01  Dw=6.468e-02  g=2.995e-01  | nfe=95488
[step   5900]
  train: total=3.3737e-02  L2=3.2881e-02  geo=8.5610e-04
  test : total=1.0604e-01  L2=1.0517e-01  geo=8.6502e-04
  subnet MSE  M=1.768e+01  V=1.989e+01  Dw=6.465e-02  g=2.997e-01  | nfe=96304
[step   5950]
  train: total=3.3750e-02  L2=3.2894e-02  geo=8.5613e-04
  test : total=1.0574e-01  L2=1.0487e-01  geo=8.6249e-04
  subnet MSE  M=1.774e+01  V=1.989e+01  Dw=6.458e-02  g=2.995e-01  | nfe=97120
[step   6000]
  train: total=3.3577e-02  L2=3.2722e-02  geo=8.5488e-04
  test : total=1.0626e-01  L2=1.0539e-01  geo=8.6664e-04
  subnet MSE  M=1.779e+01  V=1.990e+01  Dw=6.461e-02  g=2.997e-01  | nfe=97936
[step   6050]
  train: total=3.3714e-02  L2=3.2857e-02  geo=8.5660e-04
  test : total=1.0635e-01  L2=1.0548e-01  geo=8.6723e-04
  subnet MSE  M=1.768e+01  V=1.990e+01  Dw=6.451e-02  g=2.998e-01  | nfe=98752
[step   6100]
  train: total=3.3446e-02  L2=3.2593e-02  geo=8.5380e-04
  test : total=1.0654e-01  L2=1.0567e-01  geo=8.6877e-04
  subnet MSE  M=1.780e+01  V=1.990e+01  Dw=6.452e-02  g=2.997e-01  | nfe=99568
[step   6150]
  train: total=3.3395e-02  L2=3.2542e-02  geo=8.5363e-04
  test : total=1.0681e-01  L2=1.0594e-01  geo=8.7093e-04
  subnet MSE  M=1.776e+01  V=1.989e+01  Dw=6.446e-02  g=2.997e-01  | nfe=100384
[step   6200]
  train: total=3.3327e-02  L2=3.2474e-02  geo=8.5292e-04
  test : total=1.0690e-01  L2=1.0603e-01  geo=8.7164e-04
  subnet MSE  M=1.777e+01  V=1.989e+01  Dw=6.442e-02  g=2.997e-01  | nfe=101200
[step   6250]
  train: total=3.3269e-02  L2=3.2417e-02  geo=8.5243e-04
  test : total=1.0707e-01  L2=1.0619e-01  geo=8.7288e-04
  subnet MSE  M=1.780e+01  V=1.990e+01  Dw=6.437e-02  g=2.997e-01  | nfe=102016
[step   6300]
  train: total=3.3223e-02  L2=3.2370e-02  geo=8.5218e-04
  test : total=1.0733e-01  L2=1.0645e-01  geo=8.7494e-04
  subnet MSE  M=1.779e+01  V=1.990e+01  Dw=6.432e-02  g=2.998e-01  | nfe=102832
[step   6350]
  train: total=3.3192e-02  L2=3.2340e-02  geo=8.5248e-04
  test : total=1.0753e-01  L2=1.0665e-01  geo=8.7648e-04
  subnet MSE  M=1.770e+01  V=1.990e+01  Dw=6.426e-02  g=2.998e-01  | nfe=103648
[step   6400]
  train: total=3.3075e-02  L2=3.2224e-02  geo=8.5102e-04
  test : total=1.0770e-01  L2=1.0683e-01  geo=8.7784e-04
  subnet MSE  M=1.783e+01  V=1.990e+01  Dw=6.425e-02  g=2.998e-01  | nfe=104464
[step   6450]
  train: total=3.3020e-02  L2=3.2170e-02  geo=8.5059e-04
  test : total=1.0786e-01  L2=1.0698e-01  geo=8.7911e-04
  subnet MSE  M=1.773e+01  V=1.989e+01  Dw=6.417e-02  g=2.998e-01  | nfe=105280
[step   6500]
  train: total=3.2956e-02  L2=3.2106e-02  geo=8.5011e-04
  test : total=1.0814e-01  L2=1.0726e-01  geo=8.8128e-04
  subnet MSE  M=1.780e+01  V=1.990e+01  Dw=6.414e-02  g=2.999e-01  | nfe=106096
[step   6550]
  train: total=3.2901e-02  L2=3.2051e-02  geo=8.4968e-04
  test : total=1.0821e-01  L2=1.0733e-01  geo=8.8178e-04
  subnet MSE  M=1.777e+01  V=1.989e+01  Dw=6.409e-02  g=2.998e-01  | nfe=106912
[step   6600]
  train: total=3.3025e-02  L2=3.2174e-02  geo=8.5084e-04
  test : total=1.0894e-01  L2=1.0805e-01  geo=8.8752e-04
  subnet MSE  M=1.780e+01  V=1.990e+01  Dw=6.412e-02  g=3.000e-01  | nfe=107728
[step   6650]
  train: total=3.2786e-02  L2=3.1937e-02  geo=8.4886e-04
  test : total=1.0847e-01  L2=1.0758e-01  geo=8.8382e-04
  subnet MSE  M=1.769e+01  V=1.988e+01  Dw=6.397e-02  g=2.998e-01  | nfe=108544
[step   6700]
  train: total=3.2724e-02  L2=3.1876e-02  geo=8.4838e-04
  test : total=1.0878e-01  L2=1.0790e-01  geo=8.8630e-04
  subnet MSE  M=1.775e+01  V=1.989e+01  Dw=6.393e-02  g=2.999e-01  | nfe=109360
[step   6750]
  train: total=3.2679e-02  L2=3.1831e-02  geo=8.4789e-04
  test : total=1.0879e-01  L2=1.0791e-01  geo=8.8637e-04
  subnet MSE  M=1.768e+01  V=1.987e+01  Dw=6.386e-02  g=2.998e-01  | nfe=110176
[step   6800]
  train: total=3.2632e-02  L2=3.1784e-02  geo=8.4798e-04
  test : total=1.0932e-01  L2=1.0843e-01  geo=8.9065e-04
  subnet MSE  M=1.767e+01  V=1.989e+01  Dw=6.381e-02  g=3.000e-01  | nfe=110992
[step   6850]
  train: total=3.2559e-02  L2=3.1712e-02  geo=8.4721e-04
  test : total=1.0931e-01  L2=1.0842e-01  geo=8.9049e-04
  subnet MSE  M=1.770e+01  V=1.988e+01  Dw=6.377e-02  g=2.999e-01  | nfe=111808
[step   6900]
  train: total=3.2511e-02  L2=3.1664e-02  geo=8.4696e-04
  test : total=1.0937e-01  L2=1.0848e-01  geo=8.9090e-04
  subnet MSE  M=1.760e+01  V=1.987e+01  Dw=6.371e-02  g=2.999e-01  | nfe=112624
[step   6950]
  train: total=3.2449e-02  L2=3.1603e-02  geo=8.4640e-04
  test : total=1.0963e-01  L2=1.0874e-01  geo=8.9299e-04
  subnet MSE  M=1.768e+01  V=1.987e+01  Dw=6.367e-02  g=2.999e-01  | nfe=113440
[step   7000]
  train: total=3.2410e-02  L2=3.1564e-02  geo=8.4615e-04
  test : total=1.0980e-01  L2=1.0890e-01  geo=8.9432e-04
  subnet MSE  M=1.763e+01  V=1.987e+01  Dw=6.361e-02  g=3.000e-01  | nfe=114256
[step   7050]
  train: total=3.2496e-02  L2=3.1650e-02  geo=8.4681e-04
  test : total=1.0995e-01  L2=1.0905e-01  geo=8.9550e-04
  subnet MSE  M=1.762e+01  V=1.987e+01  Dw=6.360e-02  g=3.000e-01  | nfe=115072
[step   7100]
  train: total=3.2297e-02  L2=3.1452e-02  geo=8.4519e-04
  test : total=1.1013e-01  L2=1.0924e-01  geo=8.9699e-04
  subnet MSE  M=1.764e+01  V=1.987e+01  Dw=6.352e-02  g=3.000e-01  | nfe=115888
[step   7150]
  train: total=3.2264e-02  L2=3.1419e-02  geo=8.4511e-04
  test : total=1.1028e-01  L2=1.0938e-01  geo=8.9811e-04
  subnet MSE  M=1.760e+01  V=1.986e+01  Dw=6.346e-02  g=2.999e-01  | nfe=116704
[step   7200]
  train: total=3.2345e-02  L2=3.1499e-02  geo=8.4576e-04
  test : total=1.1076e-01  L2=1.0986e-01  geo=9.0193e-04
  subnet MSE  M=1.762e+01  V=1.986e+01  Dw=6.348e-02  g=3.001e-01  | nfe=117520
[step   7250]
  train: total=3.2255e-02  L2=3.1409e-02  geo=8.4544e-04
  test : total=1.1115e-01  L2=1.1024e-01  geo=9.0525e-04
  subnet MSE  M=1.748e+01  V=1.987e+01  Dw=6.335e-02  g=3.003e-01  | nfe=118336
[step   7300]
  train: total=3.2116e-02  L2=3.1272e-02  geo=8.4392e-04
  test : total=1.1102e-01  L2=1.1011e-01  geo=9.0396e-04
  subnet MSE  M=1.763e+01  V=1.986e+01  Dw=6.337e-02  g=3.000e-01  | nfe=119152
[step   7350]
  train: total=3.2057e-02  L2=3.1214e-02  geo=8.4354e-04
  test : total=1.1100e-01  L2=1.1010e-01  geo=9.0388e-04
  subnet MSE  M=1.758e+01  V=1.985e+01  Dw=6.330e-02  g=3.000e-01  | nfe=119968
[step   7400]
  train: total=3.2062e-02  L2=3.1218e-02  geo=8.4326e-04
  test : total=1.1107e-01  L2=1.1017e-01  geo=9.0448e-04
  subnet MSE  M=1.752e+01  V=1.984e+01  Dw=6.322e-02  g=3.000e-01  | nfe=120784
[step   7450]
  train: total=3.1985e-02  L2=3.1142e-02  geo=8.4296e-04
  test : total=1.1143e-01  L2=1.1052e-01  geo=9.0723e-04
  subnet MSE  M=1.761e+01  V=1.984e+01  Dw=6.321e-02  g=2.999e-01  | nfe=121600
[step   7500]
  train: total=3.2040e-02  L2=3.1196e-02  geo=8.4380e-04
  test : total=1.1168e-01  L2=1.1077e-01  geo=9.0907e-04
  subnet MSE  M=1.761e+01  V=1.983e+01  Dw=6.322e-02  g=2.998e-01  | nfe=122416
[step   7550]
  train: total=3.1907e-02  L2=3.1065e-02  geo=8.4209e-04
  test : total=1.1180e-01  L2=1.1089e-01  geo=9.1028e-04
  subnet MSE  M=1.756e+01  V=1.984e+01  Dw=6.314e-02  g=3.000e-01  | nfe=123232
[step   7600]
  train: total=3.1847e-02  L2=3.1005e-02  geo=8.4206e-04
  test : total=1.1211e-01  L2=1.1120e-01  geo=9.1280e-04
  subnet MSE  M=1.752e+01  V=1.984e+01  Dw=6.309e-02  g=3.000e-01  | nfe=124048
[step   7650]
  train: total=3.1878e-02  L2=3.1036e-02  geo=8.4206e-04
  test : total=1.1205e-01  L2=1.1114e-01  geo=9.1221e-04
  subnet MSE  M=1.755e+01  V=1.983e+01  Dw=6.306e-02  g=2.999e-01  | nfe=124864
[step   7700]
  train: total=3.1773e-02  L2=3.0932e-02  geo=8.4156e-04
  test : total=1.1248e-01  L2=1.1156e-01  geo=9.1570e-04
  subnet MSE  M=1.754e+01  V=1.984e+01  Dw=6.302e-02  g=3.000e-01  | nfe=125680
[step   7750]
  train: total=3.1715e-02  L2=3.0874e-02  geo=8.4117e-04
  test : total=1.1274e-01  L2=1.1182e-01  geo=9.1779e-04
  subnet MSE  M=1.749e+01  V=1.983e+01  Dw=6.299e-02  g=3.000e-01  | nfe=126496
[step   7800]
  train: total=3.1689e-02  L2=3.0848e-02  geo=8.4059e-04
  test : total=1.1277e-01  L2=1.1185e-01  geo=9.1798e-04
  subnet MSE  M=1.748e+01  V=1.982e+01  Dw=6.295e-02  g=3.000e-01  | nfe=127312
[step   7850]
  train: total=3.1661e-02  L2=3.0820e-02  geo=8.4070e-04
  test : total=1.1326e-01  L2=1.1234e-01  geo=9.2205e-04
  subnet MSE  M=1.748e+01  V=1.983e+01  Dw=6.291e-02  g=3.001e-01  | nfe=128128
[step   7900]
  train: total=3.1595e-02  L2=3.0754e-02  geo=8.4035e-04
  test : total=1.1342e-01  L2=1.1250e-01  geo=9.2323e-04
  subnet MSE  M=1.751e+01  V=1.983e+01  Dw=6.290e-02  g=3.001e-01  | nfe=128944
[step   7950]
  train: total=3.1577e-02  L2=3.0737e-02  geo=8.3990e-04
  test : total=1.1361e-01  L2=1.1269e-01  geo=9.2485e-04
  subnet MSE  M=1.742e+01  V=1.982e+01  Dw=6.284e-02  g=3.001e-01  | nfe=129760
[step   8000]
  train: total=3.1519e-02  L2=3.0680e-02  geo=8.3965e-04
  test : total=1.1385e-01  L2=1.1293e-01  geo=9.2676e-04
  subnet MSE  M=1.750e+01  V=1.982e+01  Dw=6.284e-02  g=3.001e-01  | nfe=130576
[step   8050]
  train: total=3.1489e-02  L2=3.0650e-02  geo=8.3935e-04
  test : total=1.1399e-01  L2=1.1306e-01  geo=9.2790e-04
  subnet MSE  M=1.745e+01  V=1.982e+01  Dw=6.279e-02  g=3.001e-01  | nfe=131392
[step   8100]
  train: total=3.1461e-02  L2=3.0622e-02  geo=8.3930e-04
  test : total=1.1419e-01  L2=1.1326e-01  geo=9.2946e-04
  subnet MSE  M=1.742e+01  V=1.981e+01  Dw=6.275e-02  g=3.001e-01  | nfe=132208
[step   8150]
  train: total=3.1424e-02  L2=3.0585e-02  geo=8.3884e-04
  test : total=1.1440e-01  L2=1.1347e-01  geo=9.3105e-04
  subnet MSE  M=1.749e+01  V=1.981e+01  Dw=6.276e-02  g=3.000e-01  | nfe=133024
[step   8200]
  train: total=3.1376e-02  L2=3.0538e-02  geo=8.3868e-04
  test : total=1.1471e-01  L2=1.1378e-01  geo=9.3367e-04
  subnet MSE  M=1.744e+01  V=1.981e+01  Dw=6.271e-02  g=3.001e-01  | nfe=133840
[step   8250]
  train: total=3.1395e-02  L2=3.0556e-02  geo=8.3899e-04
  test : total=1.1514e-01  L2=1.1420e-01  geo=9.3721e-04
  subnet MSE  M=1.739e+01  V=1.981e+01  Dw=6.268e-02  g=3.002e-01  | nfe=134656
[step   8300]
  train: total=3.1315e-02  L2=3.0477e-02  geo=8.3822e-04
  test : total=1.1515e-01  L2=1.1422e-01  geo=9.3731e-04
  subnet MSE  M=1.740e+01  V=1.981e+01  Dw=6.264e-02  g=3.001e-01  | nfe=135472
[step   8350]
  train: total=3.1267e-02  L2=3.0429e-02  geo=8.3772e-04
  test : total=1.1546e-01  L2=1.1452e-01  geo=9.3971e-04
  subnet MSE  M=1.744e+01  V=1.980e+01  Dw=6.264e-02  g=3.001e-01  | nfe=136288
[step   8400]
  train: total=3.1267e-02  L2=3.0429e-02  geo=8.3781e-04
  test : total=1.1540e-01  L2=1.1446e-01  geo=9.3928e-04
  subnet MSE  M=1.733e+01  V=1.979e+01  Dw=6.258e-02  g=3.001e-01  | nfe=137104
[step   8450]
  train: total=3.1192e-02  L2=3.0355e-02  geo=8.3728e-04
  test : total=1.1589e-01  L2=1.1495e-01  geo=9.4322e-04
  subnet MSE  M=1.741e+01  V=1.980e+01  Dw=6.258e-02  g=3.002e-01  | nfe=137920
[step   8500]
  train: total=3.1160e-02  L2=3.0323e-02  geo=8.3704e-04
  test : total=1.1614e-01  L2=1.1519e-01  geo=9.4521e-04
  subnet MSE  M=1.738e+01  V=1.980e+01  Dw=6.255e-02  g=3.001e-01  | nfe=138736
[step   8550]
  train: total=3.1225e-02  L2=3.0387e-02  geo=8.3787e-04
  test : total=1.1632e-01  L2=1.1537e-01  geo=9.4652e-04
  subnet MSE  M=1.738e+01  V=1.979e+01  Dw=6.255e-02  g=3.000e-01  | nfe=139552
[step   8600]
  train: total=3.1152e-02  L2=3.0315e-02  geo=8.3699e-04
  test : total=1.1647e-01  L2=1.1553e-01  geo=9.4814e-04
  subnet MSE  M=1.732e+01  V=1.980e+01  Dw=6.246e-02  g=3.002e-01  | nfe=140368
[step   8650]
  train: total=3.1273e-02  L2=3.0435e-02  geo=8.3800e-04
  test : total=1.1727e-01  L2=1.1632e-01  geo=9.5449e-04
  subnet MSE  M=1.727e+01  V=1.980e+01  Dw=6.251e-02  g=3.004e-01  | nfe=141184
[step   8700]
  train: total=3.1050e-02  L2=3.0214e-02  geo=8.3625e-04
  test : total=1.1693e-01  L2=1.1598e-01  geo=9.5178e-04
  subnet MSE  M=1.733e+01  V=1.979e+01  Dw=6.243e-02  g=3.002e-01  | nfe=142000
[step   8750]
  train: total=3.1011e-02  L2=3.0175e-02  geo=8.3568e-04
  test : total=1.1711e-01  L2=1.1615e-01  geo=9.5309e-04
  subnet MSE  M=1.732e+01  V=1.978e+01  Dw=6.242e-02  g=3.001e-01  | nfe=142816
[step   8800]
  train: total=3.0973e-02  L2=3.0137e-02  geo=8.3539e-04
  test : total=1.1724e-01  L2=1.1629e-01  geo=9.5420e-04
  subnet MSE  M=1.738e+01  V=1.978e+01  Dw=6.240e-02  g=3.001e-01  | nfe=143632
[step   8850]
  train: total=3.0926e-02  L2=3.0090e-02  geo=8.3540e-04
  test : total=1.1760e-01  L2=1.1664e-01  geo=9.5711e-04
  subnet MSE  M=1.734e+01  V=1.978e+01  Dw=6.239e-02  g=3.001e-01  | nfe=144448
[step   8900]
  train: total=3.0894e-02  L2=3.0059e-02  geo=8.3518e-04
  test : total=1.1776e-01  L2=1.1680e-01  geo=9.5843e-04
  subnet MSE  M=1.730e+01  V=1.978e+01  Dw=6.235e-02  g=3.001e-01  | nfe=145264
[step   8950]
  train: total=3.0877e-02  L2=3.0042e-02  geo=8.3477e-04
  test : total=1.1783e-01  L2=1.1687e-01  geo=9.5890e-04
  subnet MSE  M=1.731e+01  V=1.977e+01  Dw=6.234e-02  g=3.001e-01  | nfe=146080
[step   9000]
  train: total=3.0838e-02  L2=3.0003e-02  geo=8.3451e-04
  test : total=1.1795e-01  L2=1.1699e-01  geo=9.6004e-04
  subnet MSE  M=1.723e+01  V=1.977e+01  Dw=6.229e-02  g=3.001e-01  | nfe=146896
[step   9050]
  train: total=3.0791e-02  L2=2.9957e-02  geo=8.3410e-04
  test : total=1.1830e-01  L2=1.1734e-01  geo=9.6294e-04
  subnet MSE  M=1.730e+01  V=1.978e+01  Dw=6.229e-02  g=3.002e-01  | nfe=147712
[step   9100]
  train: total=3.0776e-02  L2=2.9941e-02  geo=8.3412e-04
  test : total=1.1840e-01  L2=1.1743e-01  geo=9.6373e-04
  subnet MSE  M=1.723e+01  V=1.977e+01  Dw=6.225e-02  g=3.001e-01  | nfe=148528
[step   9150]
  train: total=3.0861e-02  L2=3.0027e-02  geo=8.3388e-04
  test : total=1.1866e-01  L2=1.1770e-01  geo=9.6575e-04
  subnet MSE  M=1.730e+01  V=1.977e+01  Dw=6.228e-02  g=3.001e-01  | nfe=149344
[step   9200]
  train: total=3.0699e-02  L2=2.9866e-02  geo=8.3336e-04
  test : total=1.1887e-01  L2=1.1790e-01  geo=9.6753e-04
  subnet MSE  M=1.725e+01  V=1.977e+01  Dw=6.222e-02  g=3.002e-01  | nfe=150160
[step   9250]
  train: total=3.0672e-02  L2=2.9839e-02  geo=8.3301e-04
  test : total=1.1903e-01  L2=1.1806e-01  geo=9.6891e-04
  subnet MSE  M=1.722e+01  V=1.977e+01  Dw=6.218e-02  g=3.002e-01  | nfe=150976
[step   9300]
  train: total=3.0816e-02  L2=2.9981e-02  geo=8.3444e-04
  test : total=1.1930e-01  L2=1.1833e-01  geo=9.7089e-04
  subnet MSE  M=1.726e+01  V=1.976e+01  Dw=6.222e-02  g=3.001e-01  | nfe=151792
[step   9350]
  train: total=3.0695e-02  L2=2.9862e-02  geo=8.3300e-04
  test : total=1.1907e-01  L2=1.1810e-01  geo=9.6941e-04
  subnet MSE  M=1.724e+01  V=1.976e+01  Dw=6.212e-02  g=3.001e-01  | nfe=152608
[step   9400]
  train: total=3.0593e-02  L2=2.9761e-02  geo=8.3248e-04
  test : total=1.1950e-01  L2=1.1852e-01  geo=9.7267e-04
  subnet MSE  M=1.728e+01  V=1.976e+01  Dw=6.215e-02  g=3.000e-01  | nfe=153424
[step   9450]
  train: total=3.0547e-02  L2=2.9714e-02  geo=8.3219e-04
  test : total=1.1981e-01  L2=1.1883e-01  geo=9.7533e-04
  subnet MSE  M=1.721e+01  V=1.976e+01  Dw=6.213e-02  g=3.002e-01  | nfe=154240
[step   9500]
  train: total=3.0512e-02  L2=2.9680e-02  geo=8.3187e-04
  test : total=1.1993e-01  L2=1.1896e-01  geo=9.7638e-04
  subnet MSE  M=1.721e+01  V=1.976e+01  Dw=6.211e-02  g=3.002e-01  | nfe=155056
[step   9550]
  train: total=3.0484e-02  L2=2.9652e-02  geo=8.3161e-04
  test : total=1.1998e-01  L2=1.1900e-01  geo=9.7676e-04
  subnet MSE  M=1.719e+01  V=1.976e+01  Dw=6.208e-02  g=3.002e-01  | nfe=155872
[step   9600]
  train: total=3.0468e-02  L2=2.9637e-02  geo=8.3153e-04
  test : total=1.2014e-01  L2=1.1916e-01  geo=9.7815e-04
  subnet MSE  M=1.716e+01  V=1.976e+01  Dw=6.205e-02  g=3.002e-01  | nfe=156688
[step   9650]
  train: total=3.0453e-02  L2=2.9622e-02  geo=8.3129e-04
  test : total=1.2026e-01  L2=1.1929e-01  geo=9.7908e-04
  subnet MSE  M=1.720e+01  V=1.975e+01  Dw=6.204e-02  g=3.000e-01  | nfe=157504
[step   9700]
  train: total=3.0548e-02  L2=2.9716e-02  geo=8.3183e-04
  test : total=1.2089e-01  L2=1.1991e-01  geo=9.8418e-04
  subnet MSE  M=1.717e+01  V=1.976e+01  Dw=6.207e-02  g=3.002e-01  | nfe=158320
[step   9750]
  train: total=3.0365e-02  L2=2.9534e-02  geo=8.3056e-04
  test : total=1.2070e-01  L2=1.1972e-01  geo=9.8281e-04
  subnet MSE  M=1.715e+01  V=1.975e+01  Dw=6.201e-02  g=3.002e-01  | nfe=159136
[step   9800]
  train: total=3.0339e-02  L2=2.9508e-02  geo=8.3040e-04
  test : total=1.2095e-01  L2=1.1997e-01  geo=9.8487e-04
  subnet MSE  M=1.714e+01  V=1.975e+01  Dw=6.199e-02  g=3.002e-01  | nfe=159952
[step   9850]
  train: total=3.0423e-02  L2=2.9592e-02  geo=8.3127e-04
  test : total=1.2136e-01  L2=1.2037e-01  geo=9.8792e-04
  subnet MSE  M=1.723e+01  V=1.975e+01  Dw=6.203e-02  g=3.001e-01  | nfe=160768
[step   9900]
  train: total=3.0290e-02  L2=2.9460e-02  geo=8.2990e-04
  test : total=1.2136e-01  L2=1.2037e-01  geo=9.8824e-04
  subnet MSE  M=1.717e+01  V=1.975e+01  Dw=6.199e-02  g=3.002e-01  | nfe=161584
[step   9950]
  train: total=3.0247e-02  L2=2.9418e-02  geo=8.2961e-04
  test : total=1.2138e-01  L2=1.2039e-01  geo=9.8845e-04
  subnet MSE  M=1.715e+01  V=1.975e+01  Dw=6.195e-02  g=3.002e-01  | nfe=162400
[step  10000]
  train: total=3.0266e-02  L2=2.9437e-02  geo=8.2963e-04
  test : total=1.2162e-01  L2=1.2063e-01  geo=9.9026e-04
  subnet MSE  M=1.718e+01  V=1.974e+01  Dw=6.197e-02  g=3.001e-01  | nfe=163216
Final trajectory train loss 1.1623e+00 +/- 1.4574e+00
Final trajectory test loss  8.3671e+00 +/- 7.4434e+00
Final trajectory train l2 loss 1.0531e+00 +/- 1.3160e+00
Final trajectory test l2 loss  7.3971e+00 +/- 6.5930e+00
Final trajectory train geo loss 1.0914e-01 +/- 1.5393e-01
Final trajectory test geo loss  9.6997e-01 +/- 9.5048e-01
Saved final stats:  /mnt/data/thribhuvan/Projects/stochastic_port_hamiltonian/Final/SPHNP v2/src/models/3D_SO3_Windy_Pendulum/ph_nn_ode/data/run_wp3d/obs0p01_fric0p5_wind0p5_ext0-sine_lr0p001_s10000_np5_smp64_T20_solverrk4_seed0_randu7_G0p5-0p7-0p1_260609-221549/wp3d-so3ham-rk4-5p-stats.pkl
