Run dir : /mnt/data/thribhuvan/Projects/stochastic_port_hamiltonian/Final/SPHNP v2/src/models/3D_SO3_Windy_Pendulum/ph_nn_ode/data/run_wp3d/obs0_fric0p5_wind0p5_ext0-sine_lr0p001_s10000_np5_smp64_T20_solverrk4_seed0_randu7_G0p5-0p7-0p1_260609-212000
model contains 3842 parameters
Loaded data from /mnt/data/thribhuvan/Projects/stochastic_port_hamiltonian/Final/SPHNP v2/datasets/data/windy_pendulum_3d/wp3d_dataset_extforce-sine-std0p0_fric0p5_var_fricFalse_obs_noise0p0_wind_force0p5_random_uTrue_uScale7p0_G_0p5_0p7_0p1_steps20.pkl

Pretraining M_net for 200 steps (lr=0.001, target = 1.000·I₃)
  using 12800 q samples drawn from training data
  pretrain step    0: loss=2.078e-02
  pretrain step   20: loss=1.361e-03
  pretrain step   40: loss=3.089e-04
  pretrain step   60: loss=9.466e-05
  pretrain step   80: loss=3.714e-05
  pretrain step  100: loss=1.707e-05
  pretrain step  120: loss=9.493e-06
  pretrain step  140: loss=5.884e-06
  pretrain step  160: loss=3.937e-06
  pretrain step  180: loss=2.819e-06
  pretrain step  199: loss=2.157e-06
  pretrain done. initial loss=2.078e-02  final loss=2.157e-06  max|M(q₀) − target|=6.692e-03
[step      0]
  train: total=8.0188e-01  L2=7.9580e-01  geo=6.0815e-03
  test : total=8.2020e-01  L2=8.1402e-01  geo=6.1769e-03
  subnet MSE  M=7.551e-05  V=2.682e+01  Dw=6.962e-02  g=3.254e-01  | nfe=16
[step     50]
  train: total=4.7135e-01  L2=4.6773e-01  geo=3.6253e-03
  test : total=5.0601e-01  L2=5.0216e-01  geo=3.8497e-03
  subnet MSE  M=4.164e-01  V=2.445e+01  Dw=4.764e-02  g=1.964e-01  | nfe=832
[step    100]
  train: total=7.8948e-02  L2=7.8298e-02  geo=6.4979e-04
  test : total=8.4542e-02  L2=8.3845e-02  geo=6.9611e-04
  subnet MSE  M=8.425e+00  V=1.860e+01  Dw=6.628e-02  g=2.854e-01  | nfe=1648
[step    150]
  train: total=5.9407e-02  L2=5.8914e-02  geo=4.9293e-04
  test : total=6.4712e-02  L2=6.4175e-02  geo=5.3667e-04
  subnet MSE  M=9.347e+00  V=1.798e+01  Dw=6.606e-02  g=2.880e-01  | nfe=2464
[step    200]
  train: total=5.6730e-02  L2=5.6259e-02  geo=4.7148e-04
  test : total=6.3241e-02  L2=6.2716e-02  geo=5.2530e-04
  subnet MSE  M=9.796e+00  V=1.806e+01  Dw=6.565e-02  g=2.891e-01  | nfe=3280
[step    250]
  train: total=5.5512e-02  L2=5.5050e-02  geo=4.6163e-04
  test : total=6.2742e-02  L2=6.2221e-02  geo=5.2115e-04
  subnet MSE  M=1.024e+01  V=1.815e+01  Dw=6.581e-02  g=2.901e-01  | nfe=4096
[step    300]
  train: total=5.4808e-02  L2=5.4352e-02  geo=4.5590e-04
  test : total=6.2598e-02  L2=6.2079e-02  geo=5.1973e-04
  subnet MSE  M=1.052e+01  V=1.824e+01  Dw=6.592e-02  g=2.907e-01  | nfe=4912
[step    350]
  train: total=5.4352e-02  L2=5.3900e-02  geo=4.5221e-04
  test : total=6.2624e-02  L2=6.2104e-02  geo=5.1972e-04
  subnet MSE  M=1.066e+01  V=1.829e+01  Dw=6.596e-02  g=2.910e-01  | nfe=5728
[step    400]
  train: total=5.4014e-02  L2=5.3564e-02  geo=4.4950e-04
  test : total=6.2685e-02  L2=6.2165e-02  geo=5.2012e-04
  subnet MSE  M=1.070e+01  V=1.832e+01  Dw=6.597e-02  g=2.911e-01  | nfe=6544
[step    450]
  train: total=5.3730e-02  L2=5.3283e-02  geo=4.4725e-04
  test : total=6.2731e-02  L2=6.2211e-02  geo=5.2048e-04
  subnet MSE  M=1.069e+01  V=1.833e+01  Dw=6.595e-02  g=2.911e-01  | nfe=7360
[step    500]
  train: total=5.3468e-02  L2=5.3023e-02  geo=4.4519e-04
  test : total=6.2752e-02  L2=6.2231e-02  geo=5.2068e-04
  subnet MSE  M=1.065e+01  V=1.833e+01  Dw=6.590e-02  g=2.911e-01  | nfe=8176
[step    550]
  train: total=5.3209e-02  L2=5.2766e-02  geo=4.4317e-04
  test : total=6.2757e-02  L2=6.2236e-02  geo=5.2077e-04
  subnet MSE  M=1.058e+01  V=1.832e+01  Dw=6.585e-02  g=2.911e-01  | nfe=8992
[step    600]
  train: total=5.2938e-02  L2=5.2497e-02  geo=4.4107e-04
  test : total=6.2770e-02  L2=6.2249e-02  geo=5.2092e-04
  subnet MSE  M=1.050e+01  V=1.830e+01  Dw=6.578e-02  g=2.910e-01  | nfe=9808
[step    650]
  train: total=5.2640e-02  L2=5.2201e-02  geo=4.3877e-04
  test : total=6.2814e-02  L2=6.2293e-02  geo=5.2131e-04
  subnet MSE  M=1.040e+01  V=1.828e+01  Dw=6.568e-02  g=2.908e-01  | nfe=10624
[step    700]
  train: total=5.2294e-02  L2=5.1858e-02  geo=4.3611e-04
  test : total=6.2911e-02  L2=6.2389e-02  geo=5.2214e-04
  subnet MSE  M=1.029e+01  V=1.825e+01  Dw=6.556e-02  g=2.907e-01  | nfe=11440
[step    750]
  train: total=5.1868e-02  L2=5.1435e-02  geo=4.3280e-04
  test : total=6.3049e-02  L2=6.2526e-02  geo=5.2331e-04
  subnet MSE  M=1.017e+01  V=1.821e+01  Dw=6.538e-02  g=2.905e-01  | nfe=12256
[step    800]
  train: total=5.1307e-02  L2=5.0879e-02  geo=4.2843e-04
  test : total=6.3196e-02  L2=6.2671e-02  geo=5.2458e-04
  subnet MSE  M=1.004e+01  V=1.816e+01  Dw=6.509e-02  g=2.902e-01  | nfe=13072
[step    850]
  train: total=5.0588e-02  L2=5.0165e-02  geo=4.2280e-04
  test : total=6.3340e-02  L2=6.2814e-02  geo=5.2583e-04
  subnet MSE  M=9.913e+00  V=1.809e+01  Dw=6.454e-02  g=2.900e-01  | nfe=13888
[step    900]
  train: total=4.9850e-02  L2=4.9433e-02  geo=4.1708e-04
  test : total=6.3653e-02  L2=6.3124e-02  geo=5.2841e-04
  subnet MSE  M=9.885e+00  V=1.805e+01  Dw=6.373e-02  g=2.899e-01  | nfe=14704
[step    950]
  train: total=4.9219e-02  L2=4.8807e-02  geo=4.1228e-04
  test : total=6.4180e-02  L2=6.3647e-02  geo=5.3272e-04
  subnet MSE  M=9.995e+00  V=1.805e+01  Dw=6.308e-02  g=2.900e-01  | nfe=15520
[step   1000]
  train: total=4.8704e-02  L2=4.8296e-02  geo=4.0834e-04
  test : total=6.4774e-02  L2=6.4237e-02  geo=5.3742e-04
  subnet MSE  M=1.018e+01  V=1.809e+01  Dw=6.283e-02  g=2.904e-01  | nfe=16336
[step   1050]
  train: total=4.8219e-02  L2=4.7814e-02  geo=4.0455e-04
  test : total=6.5441e-02  L2=6.4899e-02  geo=5.4258e-04
  subnet MSE  M=1.038e+01  V=1.815e+01  Dw=6.289e-02  g=2.907e-01  | nfe=17152
[step   1100]
  train: total=4.7708e-02  L2=4.7308e-02  geo=4.0054e-04
  test : total=6.6223e-02  L2=6.5675e-02  geo=5.4859e-04
  subnet MSE  M=1.057e+01  V=1.821e+01  Dw=6.307e-02  g=2.911e-01  | nfe=17968
[step   1150]
  train: total=4.7186e-02  L2=4.6790e-02  geo=3.9642e-04
  test : total=6.7125e-02  L2=6.6569e-02  geo=5.5562e-04
  subnet MSE  M=1.072e+01  V=1.828e+01  Dw=6.321e-02  g=2.914e-01  | nfe=18784
[step   1200]
  train: total=4.6678e-02  L2=4.6285e-02  geo=3.9245e-04
  test : total=6.8029e-02  L2=6.7466e-02  geo=5.6271e-04
  subnet MSE  M=1.086e+01  V=1.834e+01  Dw=6.334e-02  g=2.917e-01  | nfe=19600
[step   1250]
  train: total=4.6191e-02  L2=4.5803e-02  geo=3.8864e-04
  test : total=6.8846e-02  L2=6.8277e-02  geo=5.6920e-04
  subnet MSE  M=1.099e+01  V=1.840e+01  Dw=6.346e-02  g=2.919e-01  | nfe=20416
[step   1300]
  train: total=4.5729e-02  L2=4.5344e-02  geo=3.8501e-04
  test : total=6.9587e-02  L2=6.9012e-02  geo=5.7511e-04
  subnet MSE  M=1.111e+01  V=1.845e+01  Dw=6.361e-02  g=2.922e-01  | nfe=21232
[step   1350]
  train: total=4.5290e-02  L2=4.4908e-02  geo=3.8162e-04
  test : total=7.0305e-02  L2=6.9724e-02  geo=5.8085e-04
  subnet MSE  M=1.123e+01  V=1.851e+01  Dw=6.378e-02  g=2.924e-01  | nfe=22048
[step   1400]
  train: total=4.4867e-02  L2=4.4489e-02  geo=3.7831e-04
  test : total=7.0937e-02  L2=7.0350e-02  geo=5.8604e-04
  subnet MSE  M=1.133e+01  V=1.857e+01  Dw=6.391e-02  g=2.927e-01  | nfe=22864
[step   1450]
  train: total=4.4465e-02  L2=4.4090e-02  geo=3.7518e-04
  test : total=7.1594e-02  L2=7.1003e-02  geo=5.9144e-04
  subnet MSE  M=1.144e+01  V=1.862e+01  Dw=6.404e-02  g=2.929e-01  | nfe=23680
[step   1500]
  train: total=4.4078e-02  L2=4.3705e-02  geo=3.7218e-04
  test : total=7.2337e-02  L2=7.1739e-02  geo=5.9754e-04
  subnet MSE  M=1.156e+01  V=1.868e+01  Dw=6.416e-02  g=2.931e-01  | nfe=24496
[step   1550]
  train: total=4.3705e-02  L2=4.3336e-02  geo=3.6931e-04
  test : total=7.3071e-02  L2=7.2468e-02  geo=6.0348e-04
  subnet MSE  M=1.170e+01  V=1.874e+01  Dw=6.429e-02  g=2.934e-01  | nfe=25312
[step   1600]
  train: total=4.3355e-02  L2=4.2988e-02  geo=3.6651e-04
  test : total=7.3625e-02  L2=7.3016e-02  geo=6.0811e-04
  subnet MSE  M=1.188e+01  V=1.880e+01  Dw=6.441e-02  g=2.937e-01  | nfe=26128
[step   1650]
  train: total=4.3011e-02  L2=4.2647e-02  geo=3.6390e-04
  test : total=7.4312e-02  L2=7.3698e-02  geo=6.1374e-04
  subnet MSE  M=1.208e+01  V=1.886e+01  Dw=6.455e-02  g=2.940e-01  | nfe=26944
[step   1700]
  train: total=4.2671e-02  L2=4.2310e-02  geo=3.6135e-04
  test : total=7.4942e-02  L2=7.4323e-02  geo=6.1892e-04
  subnet MSE  M=1.232e+01  V=1.892e+01  Dw=6.471e-02  g=2.943e-01  | nfe=27760
[step   1750]
  train: total=4.2358e-02  L2=4.1999e-02  geo=3.5889e-04
  test : total=7.5677e-02  L2=7.5052e-02  geo=6.2509e-04
  subnet MSE  M=1.257e+01  V=1.899e+01  Dw=6.480e-02  g=2.946e-01  | nfe=28576
[step   1800]
  train: total=4.2016e-02  L2=4.1660e-02  geo=3.5641e-04
  test : total=7.6535e-02  L2=7.5903e-02  geo=6.3209e-04
  subnet MSE  M=1.282e+01  V=1.904e+01  Dw=6.494e-02  g=2.949e-01  | nfe=29392
[step   1850]
  train: total=4.1789e-02  L2=4.1434e-02  geo=3.5458e-04
  test : total=7.6964e-02  L2=7.6328e-02  geo=6.3602e-04
  subnet MSE  M=1.305e+01  V=1.910e+01  Dw=6.504e-02  g=2.951e-01  | nfe=30208
[step   1900]
  train: total=4.1464e-02  L2=4.1112e-02  geo=3.5229e-04
  test : total=7.7212e-02  L2=7.6574e-02  geo=6.3812e-04
  subnet MSE  M=1.326e+01  V=1.914e+01  Dw=6.525e-02  g=2.955e-01  | nfe=31024
[step   1950]
  train: total=4.1180e-02  L2=4.0830e-02  geo=3.5011e-04
  test : total=7.8282e-02  L2=7.7635e-02  geo=6.4686e-04
  subnet MSE  M=1.343e+01  V=1.918e+01  Dw=6.528e-02  g=2.957e-01  | nfe=31840
[step   2000]
  train: total=4.0948e-02  L2=4.0599e-02  geo=3.4829e-04
  test : total=7.8743e-02  L2=7.8092e-02  geo=6.5078e-04
  subnet MSE  M=1.360e+01  V=1.922e+01  Dw=6.536e-02  g=2.959e-01  | nfe=32656
[step   2050]
  train: total=4.0723e-02  L2=4.0376e-02  geo=3.4657e-04
  test : total=7.9308e-02  L2=7.8653e-02  geo=6.5550e-04
  subnet MSE  M=1.374e+01  V=1.925e+01  Dw=6.542e-02  g=2.960e-01  | nfe=33472
[step   2100]
  train: total=4.0518e-02  L2=4.0173e-02  geo=3.4502e-04
  test : total=7.9970e-02  L2=7.9309e-02  geo=6.6086e-04
  subnet MSE  M=1.388e+01  V=1.927e+01  Dw=6.550e-02  g=2.962e-01  | nfe=34288
[step   2150]
  train: total=4.0315e-02  L2=3.9972e-02  geo=3.4343e-04
  test : total=8.0267e-02  L2=7.9604e-02  geo=6.6341e-04
  subnet MSE  M=1.401e+01  V=1.930e+01  Dw=6.557e-02  g=2.964e-01  | nfe=35104
[step   2200]
  train: total=4.0150e-02  L2=3.9808e-02  geo=3.4210e-04
  test : total=8.1057e-02  L2=8.0387e-02  geo=6.6982e-04
  subnet MSE  M=1.411e+01  V=1.932e+01  Dw=6.556e-02  g=2.964e-01  | nfe=35920
[step   2250]
  train: total=3.9962e-02  L2=3.9621e-02  geo=3.4071e-04
  test : total=8.1236e-02  L2=8.0565e-02  geo=6.7128e-04
  subnet MSE  M=1.424e+01  V=1.934e+01  Dw=6.567e-02  g=2.965e-01  | nfe=36736
[step   2300]
  train: total=3.9769e-02  L2=3.9430e-02  geo=3.3920e-04
  test : total=8.1629e-02  L2=8.0954e-02  geo=6.7449e-04
  subnet MSE  M=1.437e+01  V=1.935e+01  Dw=6.572e-02  g=2.967e-01  | nfe=37552
[step   2350]
  train: total=3.9677e-02  L2=3.9339e-02  geo=3.3830e-04
  test : total=8.1889e-02  L2=8.1212e-02  geo=6.7669e-04
  subnet MSE  M=1.449e+01  V=1.937e+01  Dw=6.574e-02  g=2.969e-01  | nfe=38368
[step   2400]
  train: total=3.9444e-02  L2=3.9108e-02  geo=3.3670e-04
  test : total=8.2465e-02  L2=8.1784e-02  geo=6.8120e-04
  subnet MSE  M=1.460e+01  V=1.938e+01  Dw=6.583e-02  g=2.970e-01  | nfe=39184
[step   2450]
  train: total=3.9279e-02  L2=3.8943e-02  geo=3.3539e-04
  test : total=8.2628e-02  L2=8.1945e-02  geo=6.8258e-04
  subnet MSE  M=1.470e+01  V=1.940e+01  Dw=6.587e-02  g=2.971e-01  | nfe=40000
[step   2500]
  train: total=3.9125e-02  L2=3.8791e-02  geo=3.3418e-04
  test : total=8.3110e-02  L2=8.2424e-02  geo=6.8645e-04
  subnet MSE  M=1.477e+01  V=1.940e+01  Dw=6.586e-02  g=2.971e-01  | nfe=40816
[step   2550]
  train: total=3.8975e-02  L2=3.8642e-02  geo=3.3301e-04
  test : total=8.3337e-02  L2=8.2648e-02  geo=6.8828e-04
  subnet MSE  M=1.485e+01  V=1.941e+01  Dw=6.589e-02  g=2.972e-01  | nfe=41632
[step   2600]
  train: total=3.8833e-02  L2=3.8501e-02  geo=3.3184e-04
  test : total=8.3712e-02  L2=8.3021e-02  geo=6.9131e-04
  subnet MSE  M=1.489e+01  V=1.942e+01  Dw=6.587e-02  g=2.972e-01  | nfe=42448
[step   2650]
  train: total=3.8685e-02  L2=3.8355e-02  geo=3.3070e-04
  test : total=8.3685e-02  L2=8.2994e-02  geo=6.9112e-04
  subnet MSE  M=1.493e+01  V=1.942e+01  Dw=6.589e-02  g=2.972e-01  | nfe=43264
[step   2700]
  train: total=3.8535e-02  L2=3.8205e-02  geo=3.2953e-04
  test : total=8.4133e-02  L2=8.3438e-02  geo=6.9466e-04
  subnet MSE  M=1.500e+01  V=1.942e+01  Dw=6.589e-02  g=2.973e-01  | nfe=44080
[step   2750]
  train: total=3.8401e-02  L2=3.8073e-02  geo=3.2846e-04
  test : total=8.4168e-02  L2=8.3474e-02  geo=6.9489e-04
  subnet MSE  M=1.498e+01  V=1.941e+01  Dw=6.588e-02  g=2.973e-01  | nfe=44896
[step   2800]
  train: total=3.8286e-02  L2=3.7959e-02  geo=3.2747e-04
  test : total=8.4532e-02  L2=8.3834e-02  geo=6.9786e-04
  subnet MSE  M=1.500e+01  V=1.941e+01  Dw=6.583e-02  g=2.972e-01  | nfe=45712
[step   2850]
  train: total=3.8108e-02  L2=3.7782e-02  geo=3.2616e-04
  test : total=8.4951e-02  L2=8.4250e-02  geo=7.0107e-04
  subnet MSE  M=1.504e+01  V=1.941e+01  Dw=6.583e-02  g=2.972e-01  | nfe=46528
[step   2900]
  train: total=3.7972e-02  L2=3.7647e-02  geo=3.2510e-04
  test : total=8.5038e-02  L2=8.4336e-02  geo=7.0170e-04
  subnet MSE  M=1.501e+01  V=1.941e+01  Dw=6.582e-02  g=2.972e-01  | nfe=47344
[step   2950]
  train: total=3.7830e-02  L2=3.7506e-02  geo=3.2399e-04
  test : total=8.5493e-02  L2=8.4788e-02  geo=7.0526e-04
  subnet MSE  M=1.500e+01  V=1.940e+01  Dw=6.577e-02  g=2.972e-01  | nfe=48160
[step   3000]
  train: total=3.7745e-02  L2=3.7422e-02  geo=3.2330e-04
  test : total=8.6372e-02  L2=8.5660e-02  geo=7.1223e-04
  subnet MSE  M=1.500e+01  V=1.940e+01  Dw=6.566e-02  g=2.972e-01  | nfe=48976
[step   3050]
  train: total=3.7541e-02  L2=3.7220e-02  geo=3.2168e-04
  test : total=8.6146e-02  L2=8.5436e-02  geo=7.1038e-04
  subnet MSE  M=1.496e+01  V=1.939e+01  Dw=6.566e-02  g=2.971e-01  | nfe=49792
[step   3100]
  train: total=3.7461e-02  L2=3.7140e-02  geo=3.2113e-04
  test : total=8.6302e-02  L2=8.5590e-02  geo=7.1149e-04
  subnet MSE  M=1.492e+01  V=1.938e+01  Dw=6.566e-02  g=2.971e-01  | nfe=50608
[step   3150]
  train: total=3.7260e-02  L2=3.6940e-02  geo=3.1946e-04
  test : total=8.6547e-02  L2=8.5833e-02  geo=7.1345e-04
  subnet MSE  M=1.493e+01  V=1.937e+01  Dw=6.558e-02  g=2.970e-01  | nfe=51424
[step   3200]
  train: total=3.7124e-02  L2=3.6806e-02  geo=3.1836e-04
  test : total=8.6926e-02  L2=8.6210e-02  geo=7.1640e-04
  subnet MSE  M=1.488e+01  V=1.937e+01  Dw=6.549e-02  g=2.970e-01  | nfe=52240
[step   3250]
  train: total=3.6998e-02  L2=3.6680e-02  geo=3.1734e-04
  test : total=8.7334e-02  L2=8.6615e-02  geo=7.1957e-04
  subnet MSE  M=1.482e+01  V=1.935e+01  Dw=6.541e-02  g=2.969e-01  | nfe=53056
[step   3300]
  train: total=3.6905e-02  L2=3.6588e-02  geo=3.1657e-04
  test : total=8.7927e-02  L2=8.7203e-02  geo=7.2425e-04
  subnet MSE  M=1.480e+01  V=1.936e+01  Dw=6.529e-02  g=2.970e-01  | nfe=53872
[step   3350]
  train: total=3.6740e-02  L2=3.6425e-02  geo=3.1538e-04
  test : total=8.7992e-02  L2=8.7267e-02  geo=7.2462e-04
  subnet MSE  M=1.480e+01  V=1.935e+01  Dw=6.530e-02  g=2.969e-01  | nfe=54688
[step   3400]
  train: total=3.6613e-02  L2=3.6299e-02  geo=3.1429e-04
  test : total=8.8373e-02  L2=8.7645e-02  geo=7.2761e-04
  subnet MSE  M=1.477e+01  V=1.934e+01  Dw=6.519e-02  g=2.968e-01  | nfe=55504
[step   3450]
  train: total=3.6501e-02  L2=3.6187e-02  geo=3.1344e-04
  test : total=8.8953e-02  L2=8.8221e-02  geo=7.3213e-04
  subnet MSE  M=1.473e+01  V=1.934e+01  Dw=6.510e-02  g=2.969e-01  | nfe=56320
[step   3500]
  train: total=3.6379e-02  L2=3.6066e-02  geo=3.1246e-04
  test : total=8.9029e-02  L2=8.8296e-02  geo=7.3265e-04
  subnet MSE  M=1.472e+01  V=1.933e+01  Dw=6.506e-02  g=2.968e-01  | nfe=57136
[step   3550]
  train: total=3.6259e-02  L2=3.5947e-02  geo=3.1149e-04
  test : total=8.9241e-02  L2=8.8507e-02  geo=7.3426e-04
  subnet MSE  M=1.470e+01  V=1.932e+01  Dw=6.499e-02  g=2.967e-01  | nfe=57952
[step   3600]
  train: total=3.6171e-02  L2=3.5860e-02  geo=3.1086e-04
  test : total=8.9669e-02  L2=8.8932e-02  geo=7.3750e-04
  subnet MSE  M=1.471e+01  V=1.932e+01  Dw=6.496e-02  g=2.966e-01  | nfe=58768
[step   3650]
  train: total=3.6040e-02  L2=3.5730e-02  geo=3.0976e-04
  test : total=9.0028e-02  L2=8.9287e-02  geo=7.4031e-04
  subnet MSE  M=1.465e+01  V=1.931e+01  Dw=6.484e-02  g=2.967e-01  | nfe=59584
[step   3700]
  train: total=3.5940e-02  L2=3.5631e-02  geo=3.0895e-04
  test : total=9.0249e-02  L2=8.9507e-02  geo=7.4198e-04
  subnet MSE  M=1.463e+01  V=1.931e+01  Dw=6.478e-02  g=2.966e-01  | nfe=60400
[step   3750]
  train: total=3.5845e-02  L2=3.5537e-02  geo=3.0824e-04
  test : total=9.0398e-02  L2=8.9655e-02  geo=7.4303e-04
  subnet MSE  M=1.468e+01  V=1.931e+01  Dw=6.478e-02  g=2.965e-01  | nfe=61216
[step   3800]
  train: total=3.5741e-02  L2=3.5434e-02  geo=3.0735e-04
  test : total=9.0904e-02  L2=9.0157e-02  geo=7.4699e-04
  subnet MSE  M=1.459e+01  V=1.930e+01  Dw=6.465e-02  g=2.966e-01  | nfe=62032
[step   3850]
  train: total=3.5643e-02  L2=3.5337e-02  geo=3.0658e-04
  test : total=9.1211e-02  L2=9.0462e-02  geo=7.4935e-04
  subnet MSE  M=1.461e+01  V=1.930e+01  Dw=6.461e-02  g=2.967e-01  | nfe=62848
[step   3900]
  train: total=3.5555e-02  L2=3.5249e-02  geo=3.0585e-04
  test : total=9.1483e-02  L2=9.0732e-02  geo=7.5139e-04
  subnet MSE  M=1.454e+01  V=1.929e+01  Dw=6.451e-02  g=2.966e-01  | nfe=63664
[step   3950]
  train: total=3.5481e-02  L2=3.5176e-02  geo=3.0538e-04
  test : total=9.1696e-02  L2=9.0943e-02  geo=7.5297e-04
  subnet MSE  M=1.455e+01  V=1.929e+01  Dw=6.451e-02  g=2.966e-01  | nfe=64480
[step   4000]
  train: total=3.5368e-02  L2=3.5064e-02  geo=3.0433e-04
  test : total=9.2137e-02  L2=9.1380e-02  geo=7.5644e-04
  subnet MSE  M=1.453e+01  V=1.929e+01  Dw=6.441e-02  g=2.967e-01  | nfe=65296
[step   4050]
  train: total=3.5276e-02  L2=3.4972e-02  geo=3.0360e-04
  test : total=9.2363e-02  L2=9.1605e-02  geo=7.5811e-04
  subnet MSE  M=1.450e+01  V=1.928e+01  Dw=6.435e-02  g=2.965e-01  | nfe=66112
[step   4100]
  train: total=3.5350e-02  L2=3.5046e-02  geo=3.0440e-04
  test : total=9.2955e-02  L2=9.2192e-02  geo=7.6255e-04
  subnet MSE  M=1.459e+01  V=1.928e+01  Dw=6.438e-02  g=2.963e-01  | nfe=66928
[step   4150]
  train: total=3.5149e-02  L2=3.4846e-02  geo=3.0241e-04
  test : total=9.3476e-02  L2=9.2709e-02  geo=7.6691e-04
  subnet MSE  M=1.446e+01  V=1.929e+01  Dw=6.417e-02  g=2.967e-01  | nfe=67744
[step   4200]
  train: total=3.5018e-02  L2=3.4717e-02  geo=3.0150e-04
  test : total=9.3392e-02  L2=9.2626e-02  geo=7.6603e-04
  subnet MSE  M=1.449e+01  V=1.928e+01  Dw=6.420e-02  g=2.966e-01  | nfe=68560
[step   4250]
  train: total=3.4980e-02  L2=3.4679e-02  geo=3.0137e-04
  test : total=9.3203e-02  L2=9.2439e-02  geo=7.6424e-04
  subnet MSE  M=1.450e+01  V=1.927e+01  Dw=6.426e-02  g=2.964e-01  | nfe=69376
[step   4300]
  train: total=3.4903e-02  L2=3.4602e-02  geo=3.0074e-04
  test : total=9.4226e-02  L2=9.3454e-02  geo=7.7232e-04
  subnet MSE  M=1.449e+01  V=1.927e+01  Dw=6.413e-02  g=2.964e-01  | nfe=70192
[step   4350]
  train: total=3.4798e-02  L2=3.4499e-02  geo=2.9971e-04
  test : total=9.4390e-02  L2=9.3616e-02  geo=7.7365e-04
  subnet MSE  M=1.441e+01  V=1.927e+01  Dw=6.401e-02  g=2.964e-01  | nfe=71008
[step   4400]
  train: total=3.4677e-02  L2=3.4378e-02  geo=2.9875e-04
  test : total=9.4908e-02  L2=9.4130e-02  geo=7.7773e-04
  subnet MSE  M=1.440e+01  V=1.928e+01  Dw=6.396e-02  g=2.966e-01  | nfe=71824
[step   4450]
  train: total=3.4621e-02  L2=3.4322e-02  geo=2.9844e-04
  test : total=9.4990e-02  L2=9.4212e-02  geo=7.7814e-04
  subnet MSE  M=1.438e+01  V=1.926e+01  Dw=6.395e-02  g=2.964e-01  | nfe=72640
[step   4500]
  train: total=3.4512e-02  L2=3.4215e-02  geo=2.9742e-04
  test : total=9.5411e-02  L2=9.4629e-02  geo=7.8153e-04
  subnet MSE  M=1.439e+01  V=1.927e+01  Dw=6.389e-02  g=2.965e-01  | nfe=73456
[step   4550]
  train: total=3.4437e-02  L2=3.4140e-02  geo=2.9677e-04
  test : total=9.5836e-02  L2=9.5051e-02  geo=7.8484e-04
  subnet MSE  M=1.434e+01  V=1.926e+01  Dw=6.380e-02  g=2.964e-01  | nfe=74272
[step   4600]
  train: total=3.4355e-02  L2=3.4059e-02  geo=2.9619e-04
  test : total=9.6229e-02  L2=9.5441e-02  geo=7.8783e-04
  subnet MSE  M=1.440e+01  V=1.926e+01  Dw=6.379e-02  g=2.964e-01  | nfe=75088
[step   4650]
  train: total=3.4269e-02  L2=3.3973e-02  geo=2.9546e-04
  test : total=9.6583e-02  L2=9.5793e-02  geo=7.9062e-04
  subnet MSE  M=1.433e+01  V=1.926e+01  Dw=6.372e-02  g=2.965e-01  | nfe=75904
[step   4700]
  train: total=3.4195e-02  L2=3.3900e-02  geo=2.9490e-04
  test : total=9.6856e-02  L2=9.6064e-02  geo=7.9269e-04
  subnet MSE  M=1.432e+01  V=1.926e+01  Dw=6.369e-02  g=2.964e-01  | nfe=76720
[step   4750]
  train: total=3.4117e-02  L2=3.3823e-02  geo=2.9432e-04
  test : total=9.7320e-02  L2=9.6524e-02  geo=7.9627e-04
  subnet MSE  M=1.432e+01  V=1.926e+01  Dw=6.364e-02  g=2.964e-01  | nfe=77536
[step   4800]
  train: total=3.4120e-02  L2=3.3825e-02  geo=2.9442e-04
  test : total=9.7419e-02  L2=9.6622e-02  geo=7.9679e-04
  subnet MSE  M=1.437e+01  V=1.926e+01  Dw=6.370e-02  g=2.963e-01  | nfe=78352
[step   4850]
  train: total=3.3958e-02  L2=3.3665e-02  geo=2.9297e-04
  test : total=9.8326e-02  L2=9.7522e-02  geo=8.0421e-04
  subnet MSE  M=1.432e+01  V=1.926e+01  Dw=6.353e-02  g=2.965e-01  | nfe=79168
[step   4900]
  train: total=3.3883e-02  L2=3.3591e-02  geo=2.9231e-04
  test : total=9.8718e-02  L2=9.7911e-02  geo=8.0736e-04
  subnet MSE  M=1.427e+01  V=1.926e+01  Dw=6.346e-02  g=2.966e-01  | nfe=79984
[step   4950]
  train: total=3.3866e-02  L2=3.3574e-02  geo=2.9205e-04
  test : total=9.9571e-02  L2=9.8756e-02  geo=8.1419e-04
  subnet MSE  M=1.435e+01  V=1.927e+01  Dw=6.340e-02  g=2.965e-01  | nfe=80800
[step   5000]
  train: total=3.3759e-02  L2=3.3467e-02  geo=2.9140e-04
  test : total=9.9688e-02  L2=9.8874e-02  geo=8.1484e-04
  subnet MSE  M=1.433e+01  V=1.927e+01  Dw=6.342e-02  g=2.965e-01  | nfe=81616
[step   5050]
  train: total=3.3651e-02  L2=3.3360e-02  geo=2.9047e-04
  test : total=9.9997e-02  L2=9.9180e-02  geo=8.1735e-04
  subnet MSE  M=1.433e+01  V=1.927e+01  Dw=6.338e-02  g=2.965e-01  | nfe=82432
[step   5100]
  train: total=3.3590e-02  L2=3.3300e-02  geo=2.9002e-04
  test : total=1.0030e-01  L2=9.9484e-02  geo=8.1969e-04
  subnet MSE  M=1.436e+01  V=1.927e+01  Dw=6.337e-02  g=2.964e-01  | nfe=83248
[step   5150]
  train: total=3.3506e-02  L2=3.3216e-02  geo=2.8925e-04
  test : total=1.0086e-01  L2=1.0003e-01  geo=8.2419e-04
  subnet MSE  M=1.435e+01  V=1.927e+01  Dw=6.331e-02  g=2.965e-01  | nfe=84064
[step   5200]
  train: total=3.3437e-02  L2=3.3148e-02  geo=2.8872e-04
  test : total=1.0122e-01  L2=1.0039e-01  geo=8.2695e-04
  subnet MSE  M=1.434e+01  V=1.927e+01  Dw=6.328e-02  g=2.965e-01  | nfe=84880
[step   5250]
  train: total=3.3377e-02  L2=3.3089e-02  geo=2.8830e-04
  test : total=1.0163e-01  L2=1.0080e-01  geo=8.3021e-04
  subnet MSE  M=1.436e+01  V=1.927e+01  Dw=6.326e-02  g=2.964e-01  | nfe=85696
[step   5300]
  train: total=3.3317e-02  L2=3.3030e-02  geo=2.8761e-04
  test : total=1.0232e-01  L2=1.0149e-01  geo=8.3594e-04
  subnet MSE  M=1.436e+01  V=1.929e+01  Dw=6.320e-02  g=2.967e-01  | nfe=86512
[step   5350]
  train: total=3.3389e-02  L2=3.3101e-02  geo=2.8852e-04
  test : total=1.0295e-01  L2=1.0210e-01  geo=8.4058e-04
  subnet MSE  M=1.442e+01  V=1.929e+01  Dw=6.321e-02  g=2.966e-01  | nfe=87328
[step   5400]
  train: total=3.3147e-02  L2=3.2861e-02  geo=2.8635e-04
  test : total=1.0321e-01  L2=1.0237e-01  geo=8.4293e-04
  subnet MSE  M=1.442e+01  V=1.930e+01  Dw=6.318e-02  g=2.967e-01  | nfe=88144
[step   5450]
  train: total=3.3127e-02  L2=3.2841e-02  geo=2.8607e-04
  test : total=1.0359e-01  L2=1.0274e-01  geo=8.4567e-04
  subnet MSE  M=1.441e+01  V=1.928e+01  Dw=6.315e-02  g=2.964e-01  | nfe=88960
[step   5500]
  train: total=3.3010e-02  L2=3.2725e-02  geo=2.8527e-04
  test : total=1.0418e-01  L2=1.0333e-01  geo=8.5062e-04
  subnet MSE  M=1.442e+01  V=1.930e+01  Dw=6.311e-02  g=2.967e-01  | nfe=89776
[step   5550]
  train: total=3.2944e-02  L2=3.2659e-02  geo=2.8473e-04
  test : total=1.0467e-01  L2=1.0382e-01  geo=8.5460e-04
  subnet MSE  M=1.441e+01  V=1.930e+01  Dw=6.307e-02  g=2.967e-01  | nfe=90592
[step   5600]
  train: total=3.2875e-02  L2=3.2591e-02  geo=2.8417e-04
  test : total=1.0513e-01  L2=1.0427e-01  geo=8.5826e-04
  subnet MSE  M=1.448e+01  V=1.931e+01  Dw=6.309e-02  g=2.968e-01  | nfe=91408
[step   5650]
  train: total=3.2816e-02  L2=3.2533e-02  geo=2.8365e-04
  test : total=1.0561e-01  L2=1.0474e-01  geo=8.6213e-04
  subnet MSE  M=1.444e+01  V=1.931e+01  Dw=6.303e-02  g=2.967e-01  | nfe=92224
[step   5700]
  train: total=3.2785e-02  L2=3.2501e-02  geo=2.8334e-04
  test : total=1.0587e-01  L2=1.0501e-01  geo=8.6432e-04
  subnet MSE  M=1.450e+01  V=1.932e+01  Dw=6.306e-02  g=2.968e-01  | nfe=93040
[step   5750]
  train: total=3.2680e-02  L2=3.2397e-02  geo=2.8260e-04
  test : total=1.0658e-01  L2=1.0571e-01  geo=8.6993e-04
  subnet MSE  M=1.449e+01  V=1.932e+01  Dw=6.300e-02  g=2.968e-01  | nfe=93856
[step   5800]
  train: total=3.2615e-02  L2=3.2333e-02  geo=2.8206e-04
  test : total=1.0716e-01  L2=1.0629e-01  geo=8.7467e-04
  subnet MSE  M=1.452e+01  V=1.933e+01  Dw=6.299e-02  g=2.969e-01  | nfe=94672
[step   5850]
  train: total=3.2583e-02  L2=3.2301e-02  geo=2.8190e-04
  test : total=1.0753e-01  L2=1.0665e-01  geo=8.7745e-04
  subnet MSE  M=1.451e+01  V=1.933e+01  Dw=6.298e-02  g=2.969e-01  | nfe=95488
[step   5900]
  train: total=3.2518e-02  L2=3.2237e-02  geo=2.8123e-04
  test : total=1.0854e-01  L2=1.0765e-01  geo=8.8590e-04
  subnet MSE  M=1.455e+01  V=1.935e+01  Dw=6.292e-02  g=2.970e-01  | nfe=96304
[step   5950]
  train: total=3.2535e-02  L2=3.2254e-02  geo=2.8106e-04
  test : total=1.0896e-01  L2=1.0807e-01  geo=8.8957e-04
  subnet MSE  M=1.449e+01  V=1.936e+01  Dw=6.287e-02  g=2.972e-01  | nfe=97120
[step   6000]
  train: total=3.2354e-02  L2=3.2074e-02  geo=2.7995e-04
  test : total=1.0917e-01  L2=1.0828e-01  geo=8.9089e-04
  subnet MSE  M=1.462e+01  V=1.935e+01  Dw=6.294e-02  g=2.970e-01  | nfe=97936
[step   6050]
  train: total=3.2313e-02  L2=3.2034e-02  geo=2.7971e-04
  test : total=1.0957e-01  L2=1.0868e-01  geo=8.9406e-04
  subnet MSE  M=1.457e+01  V=1.935e+01  Dw=6.290e-02  g=2.970e-01  | nfe=98752
[step   6100]
  train: total=3.2247e-02  L2=3.1968e-02  geo=2.7904e-04
  test : total=1.0975e-01  L2=1.0886e-01  geo=8.9569e-04
  subnet MSE  M=1.458e+01  V=1.935e+01  Dw=6.290e-02  g=2.969e-01  | nfe=99568
[step   6150]
  train: total=3.2276e-02  L2=3.1997e-02  geo=2.7904e-04
  test : total=1.1130e-01  L2=1.1039e-01  geo=9.0860e-04
  subnet MSE  M=1.453e+01  V=1.938e+01  Dw=6.278e-02  g=2.974e-01  | nfe=100384
[step   6200]
  train: total=3.2102e-02  L2=3.1824e-02  geo=2.7789e-04
  test : total=1.1118e-01  L2=1.1027e-01  geo=9.0725e-04
  subnet MSE  M=1.469e+01  V=1.938e+01  Dw=6.288e-02  g=2.971e-01  | nfe=101200
[step   6250]
  train: total=3.2070e-02  L2=3.1793e-02  geo=2.7771e-04
  test : total=1.1158e-01  L2=1.1067e-01  geo=9.1049e-04
  subnet MSE  M=1.465e+01  V=1.937e+01  Dw=6.284e-02  g=2.971e-01  | nfe=102016
[step   6300]
  train: total=3.1988e-02  L2=3.1711e-02  geo=2.7703e-04
  test : total=1.1194e-01  L2=1.1103e-01  geo=9.1337e-04
  subnet MSE  M=1.476e+01  V=1.939e+01  Dw=6.289e-02  g=2.971e-01  | nfe=102832
[step   6350]
  train: total=3.1921e-02  L2=3.1645e-02  geo=2.7641e-04
  test : total=1.1266e-01  L2=1.1174e-01  geo=9.1932e-04
  subnet MSE  M=1.475e+01  V=1.939e+01  Dw=6.284e-02  g=2.972e-01  | nfe=103648
[step   6400]
  train: total=3.1972e-02  L2=3.1695e-02  geo=2.7702e-04
  test : total=1.1287e-01  L2=1.1195e-01  geo=9.2099e-04
  subnet MSE  M=1.478e+01  V=1.939e+01  Dw=6.284e-02  g=2.971e-01  | nfe=104464
[step   6450]
  train: total=3.1800e-02  L2=3.1525e-02  geo=2.7546e-04
  test : total=1.1355e-01  L2=1.1262e-01  geo=9.2659e-04
  subnet MSE  M=1.483e+01  V=1.941e+01  Dw=6.284e-02  g=2.973e-01  | nfe=105280
[step   6500]
  train: total=3.1841e-02  L2=3.1565e-02  geo=2.7592e-04
  test : total=1.1384e-01  L2=1.1291e-01  geo=9.2884e-04
  subnet MSE  M=1.478e+01  V=1.941e+01  Dw=6.281e-02  g=2.974e-01  | nfe=106096
[step   6550]
  train: total=3.1704e-02  L2=3.1429e-02  geo=2.7457e-04
  test : total=1.1490e-01  L2=1.1396e-01  geo=9.3784e-04
  subnet MSE  M=1.488e+01  V=1.943e+01  Dw=6.279e-02  g=2.975e-01  | nfe=106912
[step   6600]
  train: total=3.1627e-02  L2=3.1353e-02  geo=2.7399e-04
  test : total=1.1499e-01  L2=1.1405e-01  geo=9.3854e-04
  subnet MSE  M=1.491e+01  V=1.943e+01  Dw=6.281e-02  g=2.975e-01  | nfe=107728
[step   6650]
  train: total=3.1745e-02  L2=3.1470e-02  geo=2.7521e-04
  test : total=1.1512e-01  L2=1.1418e-01  geo=9.3919e-04
  subnet MSE  M=1.492e+01  V=1.942e+01  Dw=6.282e-02  g=2.973e-01  | nfe=108544
[step   6700]
  train: total=3.1510e-02  L2=3.1237e-02  geo=2.7308e-04
  test : total=1.1570e-01  L2=1.1475e-01  geo=9.4429e-04
  subnet MSE  M=1.500e+01  V=1.944e+01  Dw=6.283e-02  g=2.975e-01  | nfe=109360
[step   6750]
  train: total=3.1454e-02  L2=3.1181e-02  geo=2.7260e-04
  test : total=1.1626e-01  L2=1.1531e-01  geo=9.4897e-04
  subnet MSE  M=1.509e+01  V=1.946e+01  Dw=6.285e-02  g=2.976e-01  | nfe=110176
[step   6800]
  train: total=3.1402e-02  L2=3.1129e-02  geo=2.7216e-04
  test : total=1.1653e-01  L2=1.1558e-01  geo=9.5128e-04
  subnet MSE  M=1.509e+01  V=1.946e+01  Dw=6.284e-02  g=2.976e-01  | nfe=110992
[step   6850]
  train: total=3.1408e-02  L2=3.1135e-02  geo=2.7240e-04
  test : total=1.1654e-01  L2=1.1559e-01  geo=9.5114e-04
  subnet MSE  M=1.503e+01  V=1.946e+01  Dw=6.282e-02  g=2.976e-01  | nfe=111808
[step   6900]
  train: total=3.1291e-02  L2=3.1019e-02  geo=2.7129e-04
  test : total=1.1719e-01  L2=1.1623e-01  geo=9.5662e-04
  subnet MSE  M=1.517e+01  V=1.948e+01  Dw=6.285e-02  g=2.977e-01  | nfe=112624
[step   6950]
  train: total=3.1236e-02  L2=3.0965e-02  geo=2.7084e-04
  test : total=1.1757e-01  L2=1.1661e-01  geo=9.5981e-04
  subnet MSE  M=1.528e+01  V=1.949e+01  Dw=6.289e-02  g=2.978e-01  | nfe=113440
[step   7000]
  train: total=3.1191e-02  L2=3.0920e-02  geo=2.7048e-04
  test : total=1.1787e-01  L2=1.1691e-01  geo=9.6225e-04
  subnet MSE  M=1.528e+01  V=1.949e+01  Dw=6.287e-02  g=2.978e-01  | nfe=114256
[step   7050]
  train: total=3.1144e-02  L2=3.0874e-02  geo=2.7007e-04
  test : total=1.1852e-01  L2=1.1755e-01  geo=9.6768e-04
  subnet MSE  M=1.537e+01  V=1.951e+01  Dw=6.288e-02  g=2.979e-01  | nfe=115072
[step   7100]
  train: total=3.1085e-02  L2=3.0815e-02  geo=2.6961e-04
  test : total=1.1855e-01  L2=1.1758e-01  geo=9.6802e-04
  subnet MSE  M=1.540e+01  V=1.951e+01  Dw=6.289e-02  g=2.979e-01  | nfe=115888
[step   7150]
  train: total=3.1037e-02  L2=3.0768e-02  geo=2.6927e-04
  test : total=1.1880e-01  L2=1.1783e-01  geo=9.7004e-04
  subnet MSE  M=1.541e+01  V=1.952e+01  Dw=6.289e-02  g=2.980e-01  | nfe=116704
[step   7200]
  train: total=3.0979e-02  L2=3.0711e-02  geo=2.6875e-04
  test : total=1.1916e-01  L2=1.1819e-01  geo=9.7308e-04
  subnet MSE  M=1.553e+01  V=1.954e+01  Dw=6.294e-02  g=2.981e-01  | nfe=117520
[step   7250]
  train: total=3.0937e-02  L2=3.0669e-02  geo=2.6840e-04
  test : total=1.1931e-01  L2=1.1833e-01  geo=9.7440e-04
  subnet MSE  M=1.557e+01  V=1.954e+01  Dw=6.295e-02  g=2.981e-01  | nfe=118336
[step   7300]
  train: total=3.0932e-02  L2=3.0663e-02  geo=2.6852e-04
  test : total=1.1927e-01  L2=1.1830e-01  geo=9.7396e-04
  subnet MSE  M=1.561e+01  V=1.954e+01  Dw=6.297e-02  g=2.981e-01  | nfe=119152
[step   7350]
  train: total=3.0904e-02  L2=3.0636e-02  geo=2.6799e-04
  test : total=1.1964e-01  L2=1.1866e-01  geo=9.7725e-04
  subnet MSE  M=1.559e+01  V=1.956e+01  Dw=6.296e-02  g=2.983e-01  | nfe=119968
[step   7400]
  train: total=3.0785e-02  L2=3.0518e-02  geo=2.6715e-04
  test : total=1.2021e-01  L2=1.1923e-01  geo=9.8193e-04
  subnet MSE  M=1.576e+01  V=1.958e+01  Dw=6.300e-02  g=2.983e-01  | nfe=120784
[step   7450]
  train: total=3.0775e-02  L2=3.0508e-02  geo=2.6700e-04
  test : total=1.2043e-01  L2=1.1945e-01  geo=9.8385e-04
  subnet MSE  M=1.575e+01  V=1.957e+01  Dw=6.299e-02  g=2.983e-01  | nfe=121600
[step   7500]
  train: total=3.0997e-02  L2=3.0728e-02  geo=2.6886e-04
  test : total=1.2144e-01  L2=1.2045e-01  geo=9.9201e-04
  subnet MSE  M=1.579e+01  V=1.960e+01  Dw=6.295e-02  g=2.986e-01  | nfe=122416
[step   7550]
  train: total=3.0650e-02  L2=3.0384e-02  geo=2.6605e-04
  test : total=1.2095e-01  L2=1.1996e-01  geo=9.8818e-04
  subnet MSE  M=1.590e+01  V=1.960e+01  Dw=6.304e-02  g=2.985e-01  | nfe=123232
[step   7600]
  train: total=3.0607e-02  L2=3.0342e-02  geo=2.6565e-04
  test : total=1.2118e-01  L2=1.2019e-01  geo=9.9012e-04
  subnet MSE  M=1.594e+01  V=1.961e+01  Dw=6.306e-02  g=2.986e-01  | nfe=124048
[step   7650]
  train: total=3.0591e-02  L2=3.0326e-02  geo=2.6553e-04
  test : total=1.2090e-01  L2=1.1991e-01  geo=9.8777e-04
  subnet MSE  M=1.599e+01  V=1.961e+01  Dw=6.311e-02  g=2.986e-01  | nfe=124864
[step   7700]
  train: total=3.0531e-02  L2=3.0266e-02  geo=2.6496e-04
  test : total=1.2140e-01  L2=1.2041e-01  geo=9.9214e-04
  subnet MSE  M=1.604e+01  V=1.963e+01  Dw=6.310e-02  g=2.987e-01  | nfe=125680
[step   7750]
  train: total=3.0508e-02  L2=3.0243e-02  geo=2.6474e-04
  test : total=1.2195e-01  L2=1.2095e-01  geo=9.9683e-04
  subnet MSE  M=1.611e+01  V=1.965e+01  Dw=6.311e-02  g=2.989e-01  | nfe=126496
[step   7800]
  train: total=3.0450e-02  L2=3.0186e-02  geo=2.6433e-04
  test : total=1.2236e-01  L2=1.2136e-01  geo=1.0003e-03
  subnet MSE  M=1.620e+01  V=1.965e+01  Dw=6.311e-02  g=2.989e-01  | nfe=127312
[step   7850]
  train: total=3.0396e-02  L2=3.0132e-02  geo=2.6386e-04
  test : total=1.2227e-01  L2=1.2127e-01  geo=9.9959e-04
  subnet MSE  M=1.627e+01  V=1.966e+01  Dw=6.317e-02  g=2.989e-01  | nfe=128128
[step   7900]
  train: total=3.0373e-02  L2=3.0110e-02  geo=2.6363e-04
  test : total=1.2286e-01  L2=1.2185e-01  geo=1.0046e-03
  subnet MSE  M=1.628e+01  V=1.968e+01  Dw=6.314e-02  g=2.991e-01  | nfe=128944
[step   7950]
  train: total=3.0316e-02  L2=3.0053e-02  geo=2.6322e-04
  test : total=1.2262e-01  L2=1.2162e-01  geo=1.0027e-03
  subnet MSE  M=1.639e+01  V=1.968e+01  Dw=6.321e-02  g=2.990e-01  | nfe=129760
[step   8000]
  train: total=3.0266e-02  L2=3.0004e-02  geo=2.6281e-04
  test : total=1.2289e-01  L2=1.2189e-01  geo=1.0049e-03
  subnet MSE  M=1.644e+01  V=1.968e+01  Dw=6.322e-02  g=2.990e-01  | nfe=130576
[step   8050]
  train: total=3.0234e-02  L2=2.9971e-02  geo=2.6250e-04
  test : total=1.2314e-01  L2=1.2213e-01  geo=1.0070e-03
  subnet MSE  M=1.646e+01  V=1.969e+01  Dw=6.322e-02  g=2.990e-01  | nfe=131392
[step   8100]
  train: total=3.0594e-02  L2=3.0329e-02  geo=2.6480e-04
  test : total=1.2371e-01  L2=1.2269e-01  geo=1.0123e-03
  subnet MSE  M=1.637e+01  V=1.972e+01  Dw=6.320e-02  g=2.995e-01  | nfe=132208
[step   8150]
  train: total=3.0147e-02  L2=2.9885e-02  geo=2.6184e-04
  test : total=1.2349e-01  L2=1.2248e-01  geo=1.0101e-03
  subnet MSE  M=1.660e+01  V=1.971e+01  Dw=6.327e-02  g=2.992e-01  | nfe=133024
[step   8200]
  train: total=3.0131e-02  L2=2.9869e-02  geo=2.6164e-04
  test : total=1.2343e-01  L2=1.2242e-01  geo=1.0097e-03
  subnet MSE  M=1.663e+01  V=1.971e+01  Dw=6.330e-02  g=2.991e-01  | nfe=133840
[step   8250]
  train: total=3.0071e-02  L2=2.9810e-02  geo=2.6120e-04
  test : total=1.2398e-01  L2=1.2296e-01  geo=1.0143e-03
  subnet MSE  M=1.674e+01  V=1.973e+01  Dw=6.331e-02  g=2.993e-01  | nfe=134656
[step   8300]
  train: total=3.0037e-02  L2=2.9776e-02  geo=2.6092e-04
  test : total=1.2405e-01  L2=1.2304e-01  geo=1.0149e-03
  subnet MSE  M=1.673e+01  V=1.973e+01  Dw=6.331e-02  g=2.993e-01  | nfe=135472
[step   8350]
  train: total=3.0013e-02  L2=2.9752e-02  geo=2.6077e-04
  test : total=1.2433e-01  L2=1.2331e-01  geo=1.0174e-03
  subnet MSE  M=1.678e+01  V=1.974e+01  Dw=6.331e-02  g=2.993e-01  | nfe=136288
[step   8400]
  train: total=2.9995e-02  L2=2.9735e-02  geo=2.6060e-04
  test : total=1.2433e-01  L2=1.2331e-01  geo=1.0173e-03
  subnet MSE  M=1.697e+01  V=1.975e+01  Dw=6.341e-02  g=2.992e-01  | nfe=137104
[step   8450]
  train: total=2.9945e-02  L2=2.9685e-02  geo=2.6018e-04
  test : total=1.2483e-01  L2=1.2381e-01  geo=1.0216e-03
  subnet MSE  M=1.691e+01  V=1.976e+01  Dw=6.335e-02  g=2.995e-01  | nfe=137920
[step   8500]
  train: total=2.9897e-02  L2=2.9637e-02  geo=2.5972e-04
  test : total=1.2487e-01  L2=1.2385e-01  geo=1.0222e-03
  subnet MSE  M=1.697e+01  V=1.977e+01  Dw=6.338e-02  g=2.995e-01  | nfe=138736
[step   8550]
  train: total=2.9864e-02  L2=2.9604e-02  geo=2.5940e-04
  test : total=1.2502e-01  L2=1.2400e-01  geo=1.0235e-03
  subnet MSE  M=1.698e+01  V=1.977e+01  Dw=6.339e-02  g=2.996e-01  | nfe=139552
[step   8600]
  train: total=2.9824e-02  L2=2.9565e-02  geo=2.5913e-04
  test : total=1.2532e-01  L2=1.2429e-01  geo=1.0261e-03
  subnet MSE  M=1.706e+01  V=1.978e+01  Dw=6.340e-02  g=2.996e-01  | nfe=140368
[step   8650]
  train: total=2.9827e-02  L2=2.9568e-02  geo=2.5901e-04
  test : total=1.2561e-01  L2=1.2458e-01  geo=1.0288e-03
  subnet MSE  M=1.705e+01  V=1.979e+01  Dw=6.339e-02  g=2.997e-01  | nfe=141184
[step   8700]
  train: total=2.9766e-02  L2=2.9507e-02  geo=2.5870e-04
  test : total=1.2551e-01  L2=1.2449e-01  geo=1.0278e-03
  subnet MSE  M=1.718e+01  V=1.979e+01  Dw=6.346e-02  g=2.997e-01  | nfe=142000
[step   8750]
  train: total=2.9766e-02  L2=2.9507e-02  geo=2.5846e-04
  test : total=1.2577e-01  L2=1.2474e-01  geo=1.0303e-03
  subnet MSE  M=1.716e+01  V=1.979e+01  Dw=6.344e-02  g=2.996e-01  | nfe=142816
[step   8800]
  train: total=2.9716e-02  L2=2.9458e-02  geo=2.5814e-04
  test : total=1.2594e-01  L2=1.2491e-01  geo=1.0317e-03
  subnet MSE  M=1.726e+01  V=1.980e+01  Dw=6.347e-02  g=2.996e-01  | nfe=143632
[step   8850]
  train: total=2.9666e-02  L2=2.9408e-02  geo=2.5791e-04
  test : total=1.2641e-01  L2=1.2538e-01  geo=1.0355e-03
  subnet MSE  M=1.733e+01  V=1.982e+01  Dw=6.347e-02  g=2.998e-01  | nfe=144448
[step   8900]
  train: total=2.9624e-02  L2=2.9366e-02  geo=2.5749e-04
  test : total=1.2645e-01  L2=1.2542e-01  geo=1.0361e-03
  subnet MSE  M=1.735e+01  V=1.982e+01  Dw=6.348e-02  g=2.998e-01  | nfe=145264
[step   8950]
  train: total=2.9600e-02  L2=2.9343e-02  geo=2.5736e-04
  test : total=1.2657e-01  L2=1.2554e-01  geo=1.0371e-03
  subnet MSE  M=1.738e+01  V=1.982e+01  Dw=6.350e-02  g=2.998e-01  | nfe=146080
[step   9000]
  train: total=2.9652e-02  L2=2.9394e-02  geo=2.5782e-04
  test : total=1.2683e-01  L2=1.2579e-01  geo=1.0393e-03
  subnet MSE  M=1.735e+01  V=1.982e+01  Dw=6.345e-02  g=2.998e-01  | nfe=146896
[step   9050]
  train: total=2.9576e-02  L2=2.9319e-02  geo=2.5707e-04
  test : total=1.2701e-01  L2=1.2597e-01  geo=1.0410e-03
  subnet MSE  M=1.746e+01  V=1.982e+01  Dw=6.351e-02  g=2.997e-01  | nfe=147712
[step   9100]
  train: total=2.9496e-02  L2=2.9240e-02  geo=2.5644e-04
  test : total=1.2736e-01  L2=1.2631e-01  geo=1.0440e-03
  subnet MSE  M=1.750e+01  V=1.984e+01  Dw=6.351e-02  g=3.000e-01  | nfe=148528
[step   9150]
  train: total=2.9558e-02  L2=2.9301e-02  geo=2.5705e-04
  test : total=1.2689e-01  L2=1.2585e-01  geo=1.0400e-03
  subnet MSE  M=1.751e+01  V=1.984e+01  Dw=6.355e-02  g=2.999e-01  | nfe=149344
[step   9200]
  train: total=2.9437e-02  L2=2.9181e-02  geo=2.5594e-04
  test : total=1.2766e-01  L2=1.2662e-01  geo=1.0468e-03
  subnet MSE  M=1.752e+01  V=1.985e+01  Dw=6.351e-02  g=3.000e-01  | nfe=150160
[step   9250]
  train: total=2.9439e-02  L2=2.9183e-02  geo=2.5599e-04
  test : total=1.2783e-01  L2=1.2678e-01  geo=1.0482e-03
  subnet MSE  M=1.770e+01  V=1.985e+01  Dw=6.357e-02  g=2.998e-01  | nfe=150976
[step   9300]
  train: total=2.9404e-02  L2=2.9149e-02  geo=2.5557e-04
  test : total=1.2799e-01  L2=1.2694e-01  geo=1.0498e-03
  subnet MSE  M=1.759e+01  V=1.986e+01  Dw=6.353e-02  g=3.000e-01  | nfe=151792
[step   9350]
  train: total=2.9428e-02  L2=2.9172e-02  geo=2.5577e-04
  test : total=1.2866e-01  L2=1.2760e-01  geo=1.0553e-03
  subnet MSE  M=1.765e+01  V=1.987e+01  Dw=6.352e-02  g=3.001e-01  | nfe=152608
[step   9400]
  train: total=2.9325e-02  L2=2.9070e-02  geo=2.5498e-04
  test : total=1.2855e-01  L2=1.2750e-01  geo=1.0546e-03
  subnet MSE  M=1.768e+01  V=1.987e+01  Dw=6.354e-02  g=3.001e-01  | nfe=153424
[step   9450]
  train: total=2.9356e-02  L2=2.9101e-02  geo=2.5502e-04
  test : total=1.2900e-01  L2=1.2794e-01  geo=1.0588e-03
  subnet MSE  M=1.763e+01  V=1.988e+01  Dw=6.350e-02  g=3.002e-01  | nfe=154240
[step   9500]
  train: total=2.9363e-02  L2=2.9108e-02  geo=2.5548e-04
  test : total=1.2912e-01  L2=1.2806e-01  geo=1.0593e-03
  subnet MSE  M=1.778e+01  V=1.988e+01  Dw=6.354e-02  g=3.002e-01  | nfe=155056
[step   9550]
  train: total=2.9280e-02  L2=2.9026e-02  geo=2.5465e-04
  test : total=1.2896e-01  L2=1.2790e-01  geo=1.0584e-03
  subnet MSE  M=1.776e+01  V=1.989e+01  Dw=6.357e-02  g=3.004e-01  | nfe=155872
[step   9600]
  train: total=2.9204e-02  L2=2.8950e-02  geo=2.5402e-04
  test : total=1.2945e-01  L2=1.2839e-01  geo=1.0625e-03
  subnet MSE  M=1.783e+01  V=1.989e+01  Dw=6.357e-02  g=3.003e-01  | nfe=156688
[step   9650]
  train: total=2.9175e-02  L2=2.8921e-02  geo=2.5384e-04
  test : total=1.2947e-01  L2=1.2841e-01  geo=1.0627e-03
  subnet MSE  M=1.784e+01  V=1.989e+01  Dw=6.357e-02  g=3.003e-01  | nfe=157504
[step   9700]
  train: total=2.9148e-02  L2=2.8895e-02  geo=2.5353e-04
  test : total=1.2969e-01  L2=1.2862e-01  geo=1.0648e-03
  subnet MSE  M=1.788e+01  V=1.990e+01  Dw=6.359e-02  g=3.002e-01  | nfe=158320
[step   9750]
  train: total=2.9241e-02  L2=2.8987e-02  geo=2.5408e-04
  test : total=1.2932e-01  L2=1.2825e-01  geo=1.0619e-03
  subnet MSE  M=1.780e+01  V=1.989e+01  Dw=6.359e-02  g=3.002e-01  | nfe=159136
[step   9800]
  train: total=2.9092e-02  L2=2.8839e-02  geo=2.5301e-04
  test : total=1.3013e-01  L2=1.2906e-01  geo=1.0687e-03
  subnet MSE  M=1.794e+01  V=1.991e+01  Dw=6.360e-02  g=3.003e-01  | nfe=159952
[step   9850]
  train: total=2.9059e-02  L2=2.8806e-02  geo=2.5282e-04
  test : total=1.3027e-01  L2=1.2920e-01  geo=1.0699e-03
  subnet MSE  M=1.796e+01  V=1.991e+01  Dw=6.360e-02  g=3.003e-01  | nfe=160768
[step   9900]
  train: total=2.9064e-02  L2=2.8811e-02  geo=2.5292e-04
  test : total=1.3065e-01  L2=1.2957e-01  geo=1.0731e-03
  subnet MSE  M=1.797e+01  V=1.991e+01  Dw=6.358e-02  g=3.004e-01  | nfe=161584
[step   9950]
  train: total=2.9016e-02  L2=2.8763e-02  geo=2.5252e-04
  test : total=1.3075e-01  L2=1.2968e-01  geo=1.0741e-03
  subnet MSE  M=1.802e+01  V=1.992e+01  Dw=6.360e-02  g=3.004e-01  | nfe=162400
[step  10000]
  train: total=2.9052e-02  L2=2.8799e-02  geo=2.5265e-04
  test : total=1.3143e-01  L2=1.3035e-01  geo=1.0801e-03
  subnet MSE  M=1.800e+01  V=1.993e+01  Dw=6.355e-02  g=3.005e-01  | nfe=163216
Final trajectory train loss 1.2001e+00 +/- 2.4434e+00
Final trajectory test loss  8.9699e+00 +/- 1.0744e+01
Final trajectory train l2 loss 1.0958e+00 +/- 2.2680e+00
Final trajectory test l2 loss  7.9443e+00 +/- 9.4926e+00
Final trajectory train geo loss 1.0437e-01 +/- 1.8692e-01
Final trajectory test geo loss  1.0255e+00 +/- 1.3878e+00
Saved final stats:  /mnt/data/thribhuvan/Projects/stochastic_port_hamiltonian/Final/SPHNP v2/src/models/3D_SO3_Windy_Pendulum/ph_nn_ode/data/run_wp3d/obs0_fric0p5_wind0p5_ext0-sine_lr0p001_s10000_np5_smp64_T20_solverrk4_seed0_randu7_G0p5-0p7-0p1_260609-212000/wp3d-so3ham-rk4-5p-stats.pkl
