Run dir : /mnt/data/thribhuvan/Projects/stochastic_port_hamiltonian/Final/SPHNP v2/src/models/3D_SO3_Windy_Pendulum/ph_nn_ode/data/run_wp3d/obs0p05_fric0p5_wind0p5_ext0-sine_lr0p001_s10000_np5_smp64_T20_solverrk4_seed0_randu7_G0p5-0p7-0p1_260610-003059
model contains 3842 parameters
Building dataset at /mnt/data/thribhuvan/Projects/stochastic_port_hamiltonian/Final/SPHNP v2/datasets/data/windy_pendulum_3d/wp3d_dataset_extforce-sine-std0p0_fric0p5_var_fricFalse_obs_noise0p05_wind_force0p5_random_uTrue_uScale7p0_G_0p5_0p7_0p1_steps20.pkl...
Applying SO(3) observation noise (std=0.05)...
Saved data to /mnt/data/thribhuvan/Projects/stochastic_port_hamiltonian/Final/SPHNP v2/datasets/data/windy_pendulum_3d/wp3d_dataset_extforce-sine-std0p0_fric0p5_var_fricFalse_obs_noise0p05_wind_force0p5_random_uTrue_uScale7p0_G_0p5_0p7_0p1_steps20.pkl

Pretraining M_net for 200 steps (lr=0.001, target = 1.000·I₃)
  using 12800 q samples drawn from training data
  pretrain step    0: loss=2.078e-02
  pretrain step   20: loss=1.362e-03
  pretrain step   40: loss=3.096e-04
  pretrain step   60: loss=9.501e-05
  pretrain step   80: loss=3.728e-05
  pretrain step  100: loss=1.712e-05
  pretrain step  120: loss=9.507e-06
  pretrain step  140: loss=5.891e-06
  pretrain step  160: loss=3.941e-06
  pretrain step  180: loss=2.821e-06
  pretrain step  199: loss=2.159e-06
  pretrain done. initial loss=2.078e-02  final loss=2.159e-06  max|M(q₀) − target|=6.440e-03
[step      0]
  train: total=8.3245e-01  L2=8.1168e-01  geo=2.0763e-02
  test : total=8.2018e-01  L2=8.1400e-01  geo=6.1768e-03
  subnet MSE  M=7.566e-05  V=2.682e+01  Dw=6.958e-02  g=3.254e-01  | nfe=16
[step     50]
  train: total=5.0094e-01  L2=4.8267e-01  geo=1.8274e-02
  test : total=5.0613e-01  L2=5.0228e-01  geo=3.8502e-03
  subnet MSE  M=4.239e-01  V=2.445e+01  Dw=4.662e-02  g=1.962e-01  | nfe=832
[step    100]
  train: total=1.1127e-01  L2=9.6249e-02  geo=1.5022e-02
  test : total=8.4665e-02  L2=8.3969e-02  geo=6.9653e-04
  subnet MSE  M=8.326e+00  V=1.864e+01  Dw=6.515e-02  g=2.847e-01  | nfe=1648
[step    150]
  train: total=9.2074e-02  L2=7.7198e-02  geo=1.4876e-02
  test : total=6.4884e-02  L2=6.4346e-02  geo=5.3791e-04
  subnet MSE  M=9.253e+00  V=1.802e+01  Dw=6.465e-02  g=2.874e-01  | nfe=2464
[step    200]
  train: total=8.9662e-02  L2=7.4804e-02  geo=1.4858e-02
  test : total=6.3507e-02  L2=6.2980e-02  geo=5.2721e-04
  subnet MSE  M=9.692e+00  V=1.809e+01  Dw=6.434e-02  g=2.885e-01  | nfe=3280
[step    250]
  train: total=8.8541e-02  L2=7.3693e-02  geo=1.4848e-02
  test : total=6.2937e-02  L2=6.2415e-02  geo=5.2249e-04
  subnet MSE  M=1.014e+01  V=1.819e+01  Dw=6.450e-02  g=2.895e-01  | nfe=4096
[step    300]
  train: total=8.7873e-02  L2=7.3030e-02  geo=1.4843e-02
  test : total=6.2763e-02  L2=6.2242e-02  geo=5.2082e-04
  subnet MSE  M=1.044e+01  V=1.827e+01  Dw=6.459e-02  g=2.901e-01  | nfe=4912
[step    350]
  train: total=8.7436e-02  L2=7.2597e-02  geo=1.4839e-02
  test : total=6.2773e-02  L2=6.2253e-02  geo=5.2068e-04
  subnet MSE  M=1.062e+01  V=1.833e+01  Dw=6.460e-02  g=2.904e-01  | nfe=5728
[step    400]
  train: total=8.7106e-02  L2=7.2270e-02  geo=1.4837e-02
  test : total=6.2818e-02  L2=6.2297e-02  geo=5.2093e-04
  subnet MSE  M=1.071e+01  V=1.836e+01  Dw=6.456e-02  g=2.906e-01  | nfe=6544
[step    450]
  train: total=8.6822e-02  L2=7.1987e-02  geo=1.4835e-02
  test : total=6.2845e-02  L2=6.2324e-02  geo=5.2113e-04
  subnet MSE  M=1.075e+01  V=1.837e+01  Dw=6.451e-02  g=2.907e-01  | nfe=7360
[step    500]
  train: total=8.6553e-02  L2=7.1720e-02  geo=1.4833e-02
  test : total=6.2853e-02  L2=6.2332e-02  geo=5.2122e-04
  subnet MSE  M=1.077e+01  V=1.838e+01  Dw=6.446e-02  g=2.908e-01  | nfe=8176
[step    550]
  train: total=8.6285e-02  L2=7.1453e-02  geo=1.4832e-02
  test : total=6.2860e-02  L2=6.2339e-02  geo=5.2131e-04
  subnet MSE  M=1.077e+01  V=1.838e+01  Dw=6.441e-02  g=2.908e-01  | nfe=8992
[step    600]
  train: total=8.6003e-02  L2=7.1172e-02  geo=1.4830e-02
  test : total=6.2900e-02  L2=6.2378e-02  geo=5.2165e-04
  subnet MSE  M=1.076e+01  V=1.837e+01  Dw=6.437e-02  g=2.908e-01  | nfe=9808
[step    650]
  train: total=8.5690e-02  L2=7.0861e-02  geo=1.4829e-02
  test : total=6.3003e-02  L2=6.2481e-02  geo=5.2247e-04
  subnet MSE  M=1.076e+01  V=1.837e+01  Dw=6.433e-02  g=2.908e-01  | nfe=10624
[step    700]
  train: total=8.5326e-02  L2=7.0499e-02  geo=1.4827e-02
  test : total=6.3198e-02  L2=6.2674e-02  geo=5.2401e-04
  subnet MSE  M=1.076e+01  V=1.836e+01  Dw=6.429e-02  g=2.908e-01  | nfe=11440
[step    750]
  train: total=8.4899e-02  L2=7.0074e-02  geo=1.4826e-02
  test : total=6.3504e-02  L2=6.2978e-02  geo=5.2643e-04
  subnet MSE  M=1.077e+01  V=1.835e+01  Dw=6.424e-02  g=2.908e-01  | nfe=12256
[step    800]
  train: total=8.4397e-02  L2=6.9574e-02  geo=1.4824e-02
  test : total=6.3877e-02  L2=6.3348e-02  geo=5.2938e-04
  subnet MSE  M=1.076e+01  V=1.834e+01  Dw=6.413e-02  g=2.907e-01  | nfe=13072
[step    850]
  train: total=8.3780e-02  L2=6.8959e-02  geo=1.4821e-02
  test : total=6.4249e-02  L2=6.3717e-02  geo=5.3232e-04
  subnet MSE  M=1.073e+01  V=1.832e+01  Dw=6.394e-02  g=2.906e-01  | nfe=13888
[step    900]
  train: total=8.2998e-02  L2=6.8182e-02  geo=1.4817e-02
  test : total=6.4639e-02  L2=6.4104e-02  geo=5.3541e-04
  subnet MSE  M=1.067e+01  V=1.829e+01  Dw=6.352e-02  g=2.905e-01  | nfe=14704
[step    950]
  train: total=8.2151e-02  L2=6.7340e-02  geo=1.4811e-02
  test : total=6.5255e-02  L2=6.4714e-02  geo=5.4035e-04
  subnet MSE  M=1.066e+01  V=1.826e+01  Dw=6.287e-02  g=2.904e-01  | nfe=15520
[step   1000]
  train: total=8.1407e-02  L2=6.6600e-02  geo=1.4807e-02
  test : total=6.6079e-02  L2=6.5532e-02  geo=5.4705e-04
  subnet MSE  M=1.076e+01  V=1.828e+01  Dw=6.239e-02  g=2.906e-01  | nfe=16336
[step   1050]
  train: total=8.0757e-02  L2=6.5954e-02  geo=1.4803e-02
  test : total=6.6983e-02  L2=6.6429e-02  geo=5.5437e-04
  subnet MSE  M=1.093e+01  V=1.834e+01  Dw=6.225e-02  g=2.908e-01  | nfe=17152
[step   1100]
  train: total=8.0179e-02  L2=6.5378e-02  geo=1.4801e-02
  test : total=6.7912e-02  L2=6.7350e-02  geo=5.6183e-04
  subnet MSE  M=1.114e+01  V=1.842e+01  Dw=6.236e-02  g=2.912e-01  | nfe=17968
[step   1150]
  train: total=7.9662e-02  L2=6.4864e-02  geo=1.4797e-02
  test : total=6.8701e-02  L2=6.8132e-02  geo=5.6829e-04
  subnet MSE  M=1.136e+01  V=1.850e+01  Dw=6.251e-02  g=2.916e-01  | nfe=18784
[step   1200]
  train: total=7.9172e-02  L2=6.4378e-02  geo=1.4795e-02
  test : total=6.9347e-02  L2=6.8774e-02  geo=5.7366e-04
  subnet MSE  M=1.161e+01  V=1.858e+01  Dw=6.269e-02  g=2.920e-01  | nfe=19600
[step   1250]
  train: total=7.8753e-02  L2=6.3963e-02  geo=1.4791e-02
  test : total=6.9913e-02  L2=6.9335e-02  geo=5.7844e-04
  subnet MSE  M=1.189e+01  V=1.866e+01  Dw=6.287e-02  g=2.924e-01  | nfe=20416
[step   1300]
  train: total=7.8208e-02  L2=6.3419e-02  geo=1.4790e-02
  test : total=7.0642e-02  L2=7.0057e-02  geo=5.8436e-04
  subnet MSE  M=1.221e+01  V=1.875e+01  Dw=6.308e-02  g=2.929e-01  | nfe=21232
[step   1350]
  train: total=7.7755e-02  L2=6.2966e-02  geo=1.4788e-02
  test : total=7.1367e-02  L2=7.0777e-02  geo=5.9027e-04
  subnet MSE  M=1.256e+01  V=1.884e+01  Dw=6.329e-02  g=2.935e-01  | nfe=22048
[step   1400]
  train: total=7.7282e-02  L2=6.2498e-02  geo=1.4784e-02
  test : total=7.2135e-02  L2=7.1538e-02  geo=5.9664e-04
  subnet MSE  M=1.293e+01  V=1.892e+01  Dw=6.345e-02  g=2.939e-01  | nfe=22864
[step   1450]
  train: total=7.6868e-02  L2=6.2087e-02  geo=1.4781e-02
  test : total=7.2877e-02  L2=7.2274e-02  geo=6.0275e-04
  subnet MSE  M=1.328e+01  V=1.900e+01  Dw=6.361e-02  g=2.944e-01  | nfe=23680
[step   1500]
  train: total=7.6490e-02  L2=6.1710e-02  geo=1.4779e-02
  test : total=7.3773e-02  L2=7.3163e-02  geo=6.1002e-04
  subnet MSE  M=1.362e+01  V=1.907e+01  Dw=6.375e-02  g=2.948e-01  | nfe=24496
[step   1550]
  train: total=7.6151e-02  L2=6.1371e-02  geo=1.4780e-02
  test : total=7.4517e-02  L2=7.3901e-02  geo=6.1602e-04
  subnet MSE  M=1.395e+01  V=1.914e+01  Dw=6.389e-02  g=2.953e-01  | nfe=25312
[step   1600]
  train: total=7.5797e-02  L2=6.1019e-02  geo=1.4778e-02
  test : total=7.5405e-02  L2=7.4782e-02  geo=6.2322e-04
  subnet MSE  M=1.427e+01  V=1.921e+01  Dw=6.403e-02  g=2.957e-01  | nfe=26128
[step   1650]
  train: total=7.5432e-02  L2=6.0657e-02  geo=1.4776e-02
  test : total=7.5997e-02  L2=7.5369e-02  geo=6.2810e-04
  subnet MSE  M=1.461e+01  V=1.927e+01  Dw=6.417e-02  g=2.960e-01  | nfe=26944
[step   1700]
  train: total=7.5101e-02  L2=6.0326e-02  geo=1.4775e-02
  test : total=7.6627e-02  L2=7.5993e-02  geo=6.3319e-04
  subnet MSE  M=1.495e+01  V=1.933e+01  Dw=6.434e-02  g=2.964e-01  | nfe=27760
[step   1750]
  train: total=7.4782e-02  L2=6.0008e-02  geo=1.4774e-02
  test : total=7.7511e-02  L2=7.6871e-02  geo=6.4023e-04
  subnet MSE  M=1.529e+01  V=1.939e+01  Dw=6.446e-02  g=2.968e-01  | nfe=28576
[step   1800]
  train: total=7.4497e-02  L2=5.9724e-02  geo=1.4774e-02
  test : total=7.8372e-02  L2=7.7725e-02  geo=6.4696e-04
  subnet MSE  M=1.567e+01  V=1.945e+01  Dw=6.464e-02  g=2.972e-01  | nfe=29392
[step   1850]
  train: total=7.4191e-02  L2=5.9419e-02  geo=1.4772e-02
  test : total=7.8820e-02  L2=7.8169e-02  geo=6.5058e-04
  subnet MSE  M=1.600e+01  V=1.951e+01  Dw=6.479e-02  g=2.974e-01  | nfe=30208
[step   1900]
  train: total=7.3936e-02  L2=5.9164e-02  geo=1.4772e-02
  test : total=7.9442e-02  L2=7.8787e-02  geo=6.5541e-04
  subnet MSE  M=1.634e+01  V=1.957e+01  Dw=6.493e-02  g=2.977e-01  | nfe=31024
[step   1950]
  train: total=7.3769e-02  L2=5.8998e-02  geo=1.4771e-02
  test : total=8.0148e-02  L2=7.9487e-02  geo=6.6111e-04
  subnet MSE  M=1.671e+01  V=1.962e+01  Dw=6.505e-02  g=2.979e-01  | nfe=31840
[step   2000]
  train: total=7.3442e-02  L2=5.8670e-02  geo=1.4771e-02
  test : total=8.0600e-02  L2=7.9935e-02  geo=6.6434e-04
  subnet MSE  M=1.704e+01  V=1.967e+01  Dw=6.521e-02  g=2.983e-01  | nfe=32656
[step   2050]
  train: total=7.3231e-02  L2=5.8460e-02  geo=1.4772e-02
  test : total=8.1065e-02  L2=8.0397e-02  geo=6.6786e-04
  subnet MSE  M=1.734e+01  V=1.972e+01  Dw=6.531e-02  g=2.986e-01  | nfe=33472
[step   2100]
  train: total=7.3147e-02  L2=5.8375e-02  geo=1.4772e-02
  test : total=8.2018e-02  L2=8.1343e-02  geo=6.7547e-04
  subnet MSE  M=1.767e+01  V=1.977e+01  Dw=6.538e-02  g=2.986e-01  | nfe=34288
[step   2150]
  train: total=7.2815e-02  L2=5.8044e-02  geo=1.4771e-02
  test : total=8.2253e-02  L2=8.1576e-02  geo=6.7691e-04
  subnet MSE  M=1.795e+01  V=1.981e+01  Dw=6.553e-02  g=2.991e-01  | nfe=35104
[step   2200]
  train: total=7.2635e-02  L2=5.7865e-02  geo=1.4770e-02
  test : total=8.2623e-02  L2=8.1943e-02  geo=6.7965e-04
  subnet MSE  M=1.819e+01  V=1.984e+01  Dw=6.562e-02  g=2.993e-01  | nfe=35920
[step   2250]
  train: total=7.2441e-02  L2=5.7671e-02  geo=1.4770e-02
  test : total=8.3066e-02  L2=8.2383e-02  geo=6.8301e-04
  subnet MSE  M=1.846e+01  V=1.988e+01  Dw=6.570e-02  g=2.994e-01  | nfe=36736
[step   2300]
  train: total=7.2248e-02  L2=5.7478e-02  geo=1.4771e-02
  test : total=8.3590e-02  L2=8.2903e-02  geo=6.8692e-04
  subnet MSE  M=1.874e+01  V=1.992e+01  Dw=6.577e-02  g=2.997e-01  | nfe=37552
[step   2350]
  train: total=7.2062e-02  L2=5.7292e-02  geo=1.4770e-02
  test : total=8.4278e-02  L2=8.3585e-02  geo=6.9226e-04
  subnet MSE  M=1.901e+01  V=1.996e+01  Dw=6.583e-02  g=2.999e-01  | nfe=38368
[step   2400]
  train: total=7.1865e-02  L2=5.7094e-02  geo=1.4770e-02
  test : total=8.4681e-02  L2=8.3986e-02  geo=6.9521e-04
  subnet MSE  M=1.925e+01  V=1.999e+01  Dw=6.592e-02  g=3.001e-01  | nfe=39184
[step   2450]
  train: total=7.1680e-02  L2=5.6910e-02  geo=1.4771e-02
  test : total=8.5162e-02  L2=8.4463e-02  geo=6.9880e-04
  subnet MSE  M=1.946e+01  V=2.002e+01  Dw=6.598e-02  g=3.002e-01  | nfe=40000
[step   2500]
  train: total=7.1541e-02  L2=5.6774e-02  geo=1.4767e-02
  test : total=8.5420e-02  L2=8.4720e-02  geo=7.0055e-04
  subnet MSE  M=1.961e+01  V=2.004e+01  Dw=6.606e-02  g=3.004e-01  | nfe=40816
[step   2550]
  train: total=7.1294e-02  L2=5.6525e-02  geo=1.4769e-02
  test : total=8.6035e-02  L2=8.5329e-02  geo=7.0532e-04
  subnet MSE  M=1.991e+01  V=2.008e+01  Dw=6.611e-02  g=3.006e-01  | nfe=41632
[step   2600]
  train: total=7.1343e-02  L2=5.6569e-02  geo=1.4774e-02
  test : total=8.6555e-02  L2=8.5846e-02  geo=7.0902e-04
  subnet MSE  M=2.015e+01  V=2.012e+01  Dw=6.620e-02  g=3.010e-01  | nfe=42448
[step   2650]
  train: total=7.0909e-02  L2=5.6140e-02  geo=1.4769e-02
  test : total=8.7033e-02  L2=8.6320e-02  geo=7.1285e-04
  subnet MSE  M=2.038e+01  V=2.014e+01  Dw=6.625e-02  g=3.009e-01  | nfe=43264
[step   2700]
  train: total=7.0757e-02  L2=5.5987e-02  geo=1.4770e-02
  test : total=8.7314e-02  L2=8.6599e-02  geo=7.1494e-04
  subnet MSE  M=2.066e+01  V=2.018e+01  Dw=6.634e-02  g=3.010e-01  | nfe=44080
[step   2750]
  train: total=7.0535e-02  L2=5.5767e-02  geo=1.4768e-02
  test : total=8.8140e-02  L2=8.7418e-02  geo=7.2138e-04
  subnet MSE  M=2.092e+01  V=2.021e+01  Dw=6.640e-02  g=3.012e-01  | nfe=44896
[step   2800]
  train: total=7.0327e-02  L2=5.5559e-02  geo=1.4769e-02
  test : total=8.8744e-02  L2=8.8018e-02  geo=7.2595e-04
  subnet MSE  M=2.117e+01  V=2.024e+01  Dw=6.650e-02  g=3.014e-01  | nfe=45712
[step   2850]
  train: total=7.0195e-02  L2=5.5429e-02  geo=1.4765e-02
  test : total=8.9048e-02  L2=8.8320e-02  geo=7.2820e-04
  subnet MSE  M=2.140e+01  V=2.027e+01  Dw=6.661e-02  g=3.016e-01  | nfe=46528
[step   2900]
  train: total=6.9961e-02  L2=5.5192e-02  geo=1.4769e-02
  test : total=9.0014e-02  L2=8.9278e-02  geo=7.3575e-04
  subnet MSE  M=2.166e+01  V=2.030e+01  Dw=6.667e-02  g=3.018e-01  | nfe=47344
[step   2950]
  train: total=6.9785e-02  L2=5.5017e-02  geo=1.4768e-02
  test : total=9.0916e-02  L2=9.0173e-02  geo=7.4291e-04
  subnet MSE  M=2.195e+01  V=2.033e+01  Dw=6.672e-02  g=3.018e-01  | nfe=48160
[step   3000]
  train: total=6.9628e-02  L2=5.4861e-02  geo=1.4767e-02
  test : total=9.1387e-02  L2=9.0641e-02  geo=7.4653e-04
  subnet MSE  M=2.207e+01  V=2.034e+01  Dw=6.679e-02  g=3.018e-01  | nfe=48976
[step   3050]
  train: total=6.9394e-02  L2=5.4626e-02  geo=1.4768e-02
  test : total=9.2169e-02  L2=9.1416e-02  geo=7.5263e-04
  subnet MSE  M=2.234e+01  V=2.037e+01  Dw=6.685e-02  g=3.021e-01  | nfe=49792
[step   3100]
  train: total=6.9230e-02  L2=5.4463e-02  geo=1.4767e-02
  test : total=9.2739e-02  L2=9.1982e-02  geo=7.5708e-04
  subnet MSE  M=2.246e+01  V=2.038e+01  Dw=6.689e-02  g=3.021e-01  | nfe=50608
[step   3150]
  train: total=6.9073e-02  L2=5.4306e-02  geo=1.4767e-02
  test : total=9.3495e-02  L2=9.2732e-02  geo=7.6302e-04
  subnet MSE  M=2.258e+01  V=2.039e+01  Dw=6.689e-02  g=3.022e-01  | nfe=51424
[step   3200]
  train: total=6.8899e-02  L2=5.4132e-02  geo=1.4767e-02
  test : total=9.4299e-02  L2=9.3530e-02  geo=7.6936e-04
  subnet MSE  M=2.281e+01  V=2.041e+01  Dw=6.693e-02  g=3.023e-01  | nfe=52240
[step   3250]
  train: total=6.8755e-02  L2=5.3989e-02  geo=1.4765e-02
  test : total=9.4836e-02  L2=9.4062e-02  geo=7.7359e-04
  subnet MSE  M=2.284e+01  V=2.041e+01  Dw=6.690e-02  g=3.023e-01  | nfe=53056
[step   3300]
  train: total=6.8607e-02  L2=5.3840e-02  geo=1.4767e-02
  test : total=9.5528e-02  L2=9.4749e-02  geo=7.7903e-04
  subnet MSE  M=2.294e+01  V=2.042e+01  Dw=6.691e-02  g=3.024e-01  | nfe=53872
[step   3350]
  train: total=6.8468e-02  L2=5.3704e-02  geo=1.4764e-02
  test : total=9.6254e-02  L2=9.5469e-02  geo=7.8483e-04
  subnet MSE  M=2.304e+01  V=2.042e+01  Dw=6.688e-02  g=3.023e-01  | nfe=54688
[step   3400]
  train: total=6.8301e-02  L2=5.3536e-02  geo=1.4764e-02
  test : total=9.6961e-02  L2=9.6171e-02  geo=7.9041e-04
  subnet MSE  M=2.318e+01  V=2.043e+01  Dw=6.688e-02  g=3.024e-01  | nfe=55504
[step   3450]
  train: total=6.8159e-02  L2=5.3395e-02  geo=1.4764e-02
  test : total=9.7486e-02  L2=9.6692e-02  geo=7.9455e-04
  subnet MSE  M=2.313e+01  V=2.043e+01  Dw=6.685e-02  g=3.024e-01  | nfe=56320
[step   3500]
  train: total=6.8041e-02  L2=5.3276e-02  geo=1.4765e-02
  test : total=9.8276e-02  L2=9.7475e-02  geo=8.0077e-04
  subnet MSE  M=2.317e+01  V=2.043e+01  Dw=6.681e-02  g=3.025e-01  | nfe=57136
[step   3550]
  train: total=6.8099e-02  L2=5.3334e-02  geo=1.4765e-02
  test : total=9.8717e-02  L2=9.7912e-02  geo=8.0441e-04
  subnet MSE  M=2.328e+01  V=2.043e+01  Dw=6.675e-02  g=3.023e-01  | nfe=57952
[step   3600]
  train: total=6.7749e-02  L2=5.2987e-02  geo=1.4762e-02
  test : total=9.9248e-02  L2=9.8439e-02  geo=8.0854e-04
  subnet MSE  M=2.326e+01  V=2.043e+01  Dw=6.676e-02  g=3.025e-01  | nfe=58768
[step   3650]
  train: total=6.7617e-02  L2=5.2855e-02  geo=1.4761e-02
  test : total=9.9785e-02  L2=9.8972e-02  geo=8.1284e-04
  subnet MSE  M=2.325e+01  V=2.043e+01  Dw=6.673e-02  g=3.025e-01  | nfe=59584
[step   3700]
  train: total=6.7500e-02  L2=5.2741e-02  geo=1.4759e-02
  test : total=1.0021e-01  L2=9.9393e-02  geo=8.1622e-04
  subnet MSE  M=2.324e+01  V=2.043e+01  Dw=6.669e-02  g=3.024e-01  | nfe=60400
[step   3750]
  train: total=6.7417e-02  L2=5.2659e-02  geo=1.4758e-02
  test : total=1.0079e-01  L2=9.9969e-02  geo=8.2089e-04
  subnet MSE  M=2.330e+01  V=2.043e+01  Dw=6.671e-02  g=3.025e-01  | nfe=61216
[step   3800]
  train: total=6.7277e-02  L2=5.2520e-02  geo=1.4758e-02
  test : total=1.0099e-01  L2=1.0016e-01  geo=8.2258e-04
  subnet MSE  M=2.323e+01  V=2.043e+01  Dw=6.665e-02  g=3.024e-01  | nfe=62032
[step   3850]
  train: total=6.7128e-02  L2=5.2370e-02  geo=1.4758e-02
  test : total=1.0152e-01  L2=1.0069e-01  geo=8.2672e-04
  subnet MSE  M=2.320e+01  V=2.042e+01  Dw=6.662e-02  g=3.024e-01  | nfe=62848
[step   3900]
  train: total=6.7007e-02  L2=5.2249e-02  geo=1.4757e-02
  test : total=1.0192e-01  L2=1.0109e-01  geo=8.2999e-04
  subnet MSE  M=2.326e+01  V=2.043e+01  Dw=6.661e-02  g=3.025e-01  | nfe=63664
[step   3950]
  train: total=6.6898e-02  L2=5.2142e-02  geo=1.4756e-02
  test : total=1.0223e-01  L2=1.0139e-01  geo=8.3246e-04
  subnet MSE  M=2.311e+01  V=2.042e+01  Dw=6.655e-02  g=3.025e-01  | nfe=64480
[step   4000]
  train: total=6.6798e-02  L2=5.2044e-02  geo=1.4755e-02
  test : total=1.0259e-01  L2=1.0176e-01  geo=8.3557e-04
  subnet MSE  M=2.319e+01  V=2.043e+01  Dw=6.654e-02  g=3.025e-01  | nfe=65296
[step   4050]
  train: total=6.6670e-02  L2=5.1916e-02  geo=1.4755e-02
  test : total=1.0299e-01  L2=1.0216e-01  geo=8.3877e-04
  subnet MSE  M=2.319e+01  V=2.043e+01  Dw=6.651e-02  g=3.025e-01  | nfe=66112
[step   4100]
  train: total=6.6563e-02  L2=5.1808e-02  geo=1.4754e-02
  test : total=1.0331e-01  L2=1.0247e-01  geo=8.4136e-04
  subnet MSE  M=2.307e+01  V=2.042e+01  Dw=6.647e-02  g=3.025e-01  | nfe=66928
[step   4150]
  train: total=6.6565e-02  L2=5.1812e-02  geo=1.4754e-02
  test : total=1.0354e-01  L2=1.0270e-01  geo=8.4323e-04
  subnet MSE  M=2.295e+01  V=2.042e+01  Dw=6.643e-02  g=3.026e-01  | nfe=67744
[step   4200]
  train: total=6.6337e-02  L2=5.1585e-02  geo=1.4752e-02
  test : total=1.0401e-01  L2=1.0316e-01  geo=8.4704e-04
  subnet MSE  M=2.309e+01  V=2.042e+01  Dw=6.641e-02  g=3.025e-01  | nfe=68560
[step   4250]
  train: total=6.6237e-02  L2=5.1484e-02  geo=1.4752e-02
  test : total=1.0419e-01  L2=1.0334e-01  geo=8.4862e-04
  subnet MSE  M=2.306e+01  V=2.041e+01  Dw=6.637e-02  g=3.024e-01  | nfe=69376
[step   4300]
  train: total=6.6134e-02  L2=5.1384e-02  geo=1.4750e-02
  test : total=1.0457e-01  L2=1.0372e-01  geo=8.5176e-04
  subnet MSE  M=2.295e+01  V=2.041e+01  Dw=6.634e-02  g=3.024e-01  | nfe=70192
[step   4350]
  train: total=6.6185e-02  L2=5.1433e-02  geo=1.4751e-02
  test : total=1.0500e-01  L2=1.0415e-01  geo=8.5516e-04
  subnet MSE  M=2.317e+01  V=2.041e+01  Dw=6.629e-02  g=3.021e-01  | nfe=71008
[step   4400]
  train: total=6.5907e-02  L2=5.1158e-02  geo=1.4749e-02
  test : total=1.0523e-01  L2=1.0438e-01  geo=8.5724e-04
  subnet MSE  M=2.296e+01  V=2.041e+01  Dw=6.626e-02  g=3.024e-01  | nfe=71824
[step   4450]
  train: total=6.5841e-02  L2=5.1093e-02  geo=1.4748e-02
  test : total=1.0541e-01  L2=1.0455e-01  geo=8.5878e-04
  subnet MSE  M=2.289e+01  V=2.040e+01  Dw=6.620e-02  g=3.023e-01  | nfe=72640
[step   4500]
  train: total=6.5713e-02  L2=5.0965e-02  geo=1.4747e-02
  test : total=1.0572e-01  L2=1.0486e-01  geo=8.6147e-04
  subnet MSE  M=2.280e+01  V=2.040e+01  Dw=6.617e-02  g=3.024e-01  | nfe=73456
[step   4550]
  train: total=6.5848e-02  L2=5.1098e-02  geo=1.4750e-02
  test : total=1.0610e-01  L2=1.0523e-01  geo=8.6436e-04
  subnet MSE  M=2.300e+01  V=2.040e+01  Dw=6.611e-02  g=3.020e-01  | nfe=74272
[step   4600]
  train: total=6.5490e-02  L2=5.0744e-02  geo=1.4746e-02
  test : total=1.0644e-01  L2=1.0558e-01  geo=8.6732e-04
  subnet MSE  M=2.280e+01  V=2.040e+01  Dw=6.610e-02  g=3.024e-01  | nfe=75088
[step   4650]
  train: total=6.5428e-02  L2=5.0682e-02  geo=1.4746e-02
  test : total=1.0659e-01  L2=1.0572e-01  geo=8.6851e-04
  subnet MSE  M=2.270e+01  V=2.038e+01  Dw=6.604e-02  g=3.021e-01  | nfe=75904
[step   4700]
  train: total=6.5292e-02  L2=5.0547e-02  geo=1.4745e-02
  test : total=1.0700e-01  L2=1.0613e-01  geo=8.7200e-04
  subnet MSE  M=2.272e+01  V=2.040e+01  Dw=6.601e-02  g=3.023e-01  | nfe=76720
[step   4750]
  train: total=6.5246e-02  L2=5.0501e-02  geo=1.4745e-02
  test : total=1.0733e-01  L2=1.0646e-01  geo=8.7484e-04
  subnet MSE  M=2.258e+01  V=2.040e+01  Dw=6.600e-02  g=3.024e-01  | nfe=77536
[step   4800]
  train: total=6.5097e-02  L2=5.0353e-02  geo=1.4743e-02
  test : total=1.0762e-01  L2=1.0675e-01  geo=8.7714e-04
  subnet MSE  M=2.262e+01  V=2.039e+01  Dw=6.595e-02  g=3.023e-01  | nfe=78352
[step   4850]
  train: total=6.5075e-02  L2=5.0332e-02  geo=1.4743e-02
  test : total=1.0790e-01  L2=1.0702e-01  geo=8.7943e-04
  subnet MSE  M=2.247e+01  V=2.039e+01  Dw=6.590e-02  g=3.023e-01  | nfe=79168
[step   4900]
  train: total=6.4936e-02  L2=5.0196e-02  geo=1.4740e-02
  test : total=1.0832e-01  L2=1.0743e-01  geo=8.8282e-04
  subnet MSE  M=2.250e+01  V=2.038e+01  Dw=6.584e-02  g=3.022e-01  | nfe=79984
[step   4950]
  train: total=6.4814e-02  L2=5.0073e-02  geo=1.4741e-02
  test : total=1.0842e-01  L2=1.0754e-01  geo=8.8367e-04
  subnet MSE  M=2.243e+01  V=2.037e+01  Dw=6.578e-02  g=3.020e-01  | nfe=80800
[step   5000]
  train: total=6.4720e-02  L2=4.9979e-02  geo=1.4741e-02
  test : total=1.0884e-01  L2=1.0795e-01  geo=8.8718e-04
  subnet MSE  M=2.248e+01  V=2.038e+01  Dw=6.579e-02  g=3.021e-01  | nfe=81616
[step   5050]
  train: total=6.4629e-02  L2=4.9889e-02  geo=1.4740e-02
  test : total=1.0918e-01  L2=1.0829e-01  geo=8.8997e-04
  subnet MSE  M=2.241e+01  V=2.037e+01  Dw=6.575e-02  g=3.022e-01  | nfe=82432
[step   5100]
  train: total=6.4565e-02  L2=4.9826e-02  geo=1.4739e-02
  test : total=1.0930e-01  L2=1.0841e-01  geo=8.9093e-04
  subnet MSE  M=2.236e+01  V=2.036e+01  Dw=6.571e-02  g=3.019e-01  | nfe=83248
[step   5150]
  train: total=6.4558e-02  L2=4.9818e-02  geo=1.4739e-02
  test : total=1.0981e-01  L2=1.0891e-01  geo=8.9499e-04
  subnet MSE  M=2.242e+01  V=2.037e+01  Dw=6.566e-02  g=3.019e-01  | nfe=84064
[step   5200]
  train: total=6.4359e-02  L2=4.9621e-02  geo=1.4738e-02
  test : total=1.1008e-01  L2=1.0918e-01  geo=8.9741e-04
  subnet MSE  M=2.231e+01  V=2.036e+01  Dw=6.565e-02  g=3.020e-01  | nfe=84880
[step   5250]
  train: total=6.4335e-02  L2=4.9597e-02  geo=1.4738e-02
  test : total=1.1041e-01  L2=1.0951e-01  geo=9.0029e-04
  subnet MSE  M=2.217e+01  V=2.036e+01  Dw=6.563e-02  g=3.021e-01  | nfe=85696
[step   5300]
  train: total=6.4248e-02  L2=4.9511e-02  geo=1.4737e-02
  test : total=1.1070e-01  L2=1.0980e-01  geo=9.0236e-04
  subnet MSE  M=2.231e+01  V=2.035e+01  Dw=6.559e-02  g=3.018e-01  | nfe=86512
[step   5350]
  train: total=6.4093e-02  L2=4.9356e-02  geo=1.4736e-02
  test : total=1.1100e-01  L2=1.1010e-01  geo=9.0492e-04
  subnet MSE  M=2.218e+01  V=2.035e+01  Dw=6.557e-02  g=3.019e-01  | nfe=87328
[step   5400]
  train: total=6.4009e-02  L2=4.9273e-02  geo=1.4736e-02
  test : total=1.1121e-01  L2=1.1030e-01  geo=9.0667e-04
  subnet MSE  M=2.204e+01  V=2.034e+01  Dw=6.552e-02  g=3.019e-01  | nfe=88144
[step   5450]
  train: total=6.4001e-02  L2=4.9266e-02  geo=1.4735e-02
  test : total=1.1179e-01  L2=1.1088e-01  geo=9.1141e-04
  subnet MSE  M=2.215e+01  V=2.034e+01  Dw=6.549e-02  g=3.017e-01  | nfe=88960
[step   5500]
  train: total=6.3839e-02  L2=4.9104e-02  geo=1.4735e-02
  test : total=1.1195e-01  L2=1.1103e-01  geo=9.1267e-04
  subnet MSE  M=2.201e+01  V=2.034e+01  Dw=6.548e-02  g=3.018e-01  | nfe=89776
[step   5550]
  train: total=6.3759e-02  L2=4.9025e-02  geo=1.4734e-02
  test : total=1.1218e-01  L2=1.1127e-01  geo=9.1453e-04
  subnet MSE  M=2.195e+01  V=2.033e+01  Dw=6.544e-02  g=3.017e-01  | nfe=90592
[step   5600]
  train: total=6.3897e-02  L2=4.9161e-02  geo=1.4735e-02
  test : total=1.1246e-01  L2=1.1154e-01  geo=9.1705e-04
  subnet MSE  M=2.181e+01  V=2.033e+01  Dw=6.543e-02  g=3.018e-01  | nfe=91408
[step   5650]
  train: total=6.3592e-02  L2=4.8858e-02  geo=1.4733e-02
  test : total=1.1295e-01  L2=1.1203e-01  geo=9.2083e-04
  subnet MSE  M=2.188e+01  V=2.033e+01  Dw=6.540e-02  g=3.017e-01  | nfe=92224
[step   5700]
  train: total=6.3515e-02  L2=4.8782e-02  geo=1.4733e-02
  test : total=1.1313e-01  L2=1.1220e-01  geo=9.2230e-04
  subnet MSE  M=2.178e+01  V=2.032e+01  Dw=6.535e-02  g=3.016e-01  | nfe=93040
[step   5750]
  train: total=6.3437e-02  L2=4.8704e-02  geo=1.4732e-02
  test : total=1.1358e-01  L2=1.1266e-01  geo=9.2605e-04
  subnet MSE  M=2.181e+01  V=2.032e+01  Dw=6.534e-02  g=3.017e-01  | nfe=93856
[step   5800]
  train: total=6.3356e-02  L2=4.8625e-02  geo=1.4732e-02
  test : total=1.1385e-01  L2=1.1292e-01  geo=9.2819e-04
  subnet MSE  M=2.174e+01  V=2.031e+01  Dw=6.530e-02  g=3.016e-01  | nfe=94672
[step   5850]
  train: total=6.3808e-02  L2=4.9072e-02  geo=1.4736e-02
  test : total=1.1432e-01  L2=1.1339e-01  geo=9.3216e-04
  subnet MSE  M=2.148e+01  V=2.032e+01  Dw=6.531e-02  g=3.020e-01  | nfe=95488
[step   5900]
  train: total=6.3207e-02  L2=4.8476e-02  geo=1.4731e-02
  test : total=1.1452e-01  L2=1.1358e-01  geo=9.3357e-04
  subnet MSE  M=2.161e+01  V=2.030e+01  Dw=6.523e-02  g=3.015e-01  | nfe=96304
[step   5950]
  train: total=6.3127e-02  L2=4.8397e-02  geo=1.4730e-02
  test : total=1.1491e-01  L2=1.1397e-01  geo=9.3672e-04
  subnet MSE  M=2.166e+01  V=2.030e+01  Dw=6.522e-02  g=3.015e-01  | nfe=97120
[step   6000]
  train: total=6.3136e-02  L2=4.8406e-02  geo=1.4729e-02
  test : total=1.1479e-01  L2=1.1385e-01  geo=9.3587e-04
  subnet MSE  M=2.140e+01  V=2.028e+01  Dw=6.514e-02  g=3.014e-01  | nfe=97936
[step   6050]
  train: total=6.2984e-02  L2=4.8255e-02  geo=1.4730e-02
  test : total=1.1552e-01  L2=1.1458e-01  geo=9.4167e-04
  subnet MSE  M=2.153e+01  V=2.029e+01  Dw=6.514e-02  g=3.014e-01  | nfe=98752
[step   6100]
  train: total=6.3123e-02  L2=4.8394e-02  geo=1.4729e-02
  test : total=1.1578e-01  L2=1.1483e-01  geo=9.4377e-04
  subnet MSE  M=2.147e+01  V=2.029e+01  Dw=6.506e-02  g=3.013e-01  | nfe=99568
[step   6150]
  train: total=6.2844e-02  L2=4.8115e-02  geo=1.4729e-02
  test : total=1.1624e-01  L2=1.1529e-01  geo=9.4752e-04
  subnet MSE  M=2.147e+01  V=2.028e+01  Dw=6.509e-02  g=3.013e-01  | nfe=100384
[step   6200]
  train: total=6.2783e-02  L2=4.8055e-02  geo=1.4728e-02
  test : total=1.1654e-01  L2=1.1559e-01  geo=9.4995e-04
  subnet MSE  M=2.142e+01  V=2.028e+01  Dw=6.507e-02  g=3.014e-01  | nfe=101200
[step   6250]
  train: total=6.2807e-02  L2=4.8078e-02  geo=1.4728e-02
  test : total=1.1679e-01  L2=1.1583e-01  geo=9.5176e-04
  subnet MSE  M=2.143e+01  V=2.027e+01  Dw=6.499e-02  g=3.010e-01  | nfe=102016
[step   6300]
  train: total=6.2711e-02  L2=4.7983e-02  geo=1.4728e-02
  test : total=1.1702e-01  L2=1.1607e-01  geo=9.5395e-04
  subnet MSE  M=2.137e+01  V=2.026e+01  Dw=6.497e-02  g=3.012e-01  | nfe=102832
[step   6350]
  train: total=6.2612e-02  L2=4.7885e-02  geo=1.4727e-02
  test : total=1.1760e-01  L2=1.1664e-01  geo=9.5843e-04
  subnet MSE  M=2.148e+01  V=2.027e+01  Dw=6.496e-02  g=3.010e-01  | nfe=103648
[step   6400]
  train: total=6.2497e-02  L2=4.7771e-02  geo=1.4727e-02
  test : total=1.1785e-01  L2=1.1689e-01  geo=9.6057e-04
  subnet MSE  M=2.133e+01  V=2.026e+01  Dw=6.493e-02  g=3.012e-01  | nfe=104464
[step   6450]
  train: total=6.2592e-02  L2=4.7865e-02  geo=1.4727e-02
  test : total=1.1826e-01  L2=1.1729e-01  geo=9.6374e-04
  subnet MSE  M=2.131e+01  V=2.025e+01  Dw=6.485e-02  g=3.010e-01  | nfe=105280
[step   6500]
  train: total=6.2369e-02  L2=4.7644e-02  geo=1.4725e-02
  test : total=1.1862e-01  L2=1.1766e-01  geo=9.6686e-04
  subnet MSE  M=2.131e+01  V=2.026e+01  Dw=6.486e-02  g=3.011e-01  | nfe=106096
[step   6550]
  train: total=6.2298e-02  L2=4.7572e-02  geo=1.4725e-02
  test : total=1.1894e-01  L2=1.1797e-01  geo=9.6946e-04
  subnet MSE  M=2.126e+01  V=2.026e+01  Dw=6.485e-02  g=3.012e-01  | nfe=106912
[step   6600]
  train: total=6.2247e-02  L2=4.7522e-02  geo=1.4725e-02
  test : total=1.1916e-01  L2=1.1819e-01  geo=9.7124e-04
  subnet MSE  M=2.126e+01  V=2.025e+01  Dw=6.480e-02  g=3.011e-01  | nfe=107728
[step   6650]
  train: total=6.2243e-02  L2=4.7518e-02  geo=1.4726e-02
  test : total=1.1989e-01  L2=1.1891e-01  geo=9.7698e-04
  subnet MSE  M=2.130e+01  V=2.025e+01  Dw=6.479e-02  g=3.010e-01  | nfe=108544
[step   6700]
  train: total=6.2107e-02  L2=4.7383e-02  geo=1.4724e-02
  test : total=1.1995e-01  L2=1.1897e-01  geo=9.7769e-04
  subnet MSE  M=2.118e+01  V=2.024e+01  Dw=6.474e-02  g=3.011e-01  | nfe=109360
[step   6750]
  train: total=6.2038e-02  L2=4.7314e-02  geo=1.4724e-02
  test : total=1.2039e-01  L2=1.1941e-01  geo=9.8126e-04
  subnet MSE  M=2.125e+01  V=2.025e+01  Dw=6.473e-02  g=3.011e-01  | nfe=110176
[step   6800]
  train: total=6.1986e-02  L2=4.7262e-02  geo=1.4723e-02
  test : total=1.2072e-01  L2=1.1974e-01  geo=9.8389e-04
  subnet MSE  M=2.117e+01  V=2.024e+01  Dw=6.469e-02  g=3.010e-01  | nfe=110992
[step   6850]
  train: total=6.2348e-02  L2=4.7621e-02  geo=1.4727e-02
  test : total=1.2114e-01  L2=1.2016e-01  geo=9.8702e-04
  subnet MSE  M=2.132e+01  V=2.023e+01  Dw=6.462e-02  g=3.005e-01  | nfe=111808
[step   6900]
  train: total=6.1855e-02  L2=4.7132e-02  geo=1.4723e-02
  test : total=1.2140e-01  L2=1.2041e-01  geo=9.8945e-04
  subnet MSE  M=2.120e+01  V=2.024e+01  Dw=6.463e-02  g=3.010e-01  | nfe=112624
[step   6950]
  train: total=6.2015e-02  L2=4.7290e-02  geo=1.4725e-02
  test : total=1.2171e-01  L2=1.2072e-01  geo=9.9221e-04
  subnet MSE  M=2.117e+01  V=2.025e+01  Dw=6.464e-02  g=3.012e-01  | nfe=113440
[step   7000]
  train: total=6.1735e-02  L2=4.7012e-02  geo=1.4722e-02
  test : total=1.2209e-01  L2=1.2109e-01  geo=9.9506e-04
  subnet MSE  M=2.121e+01  V=2.024e+01  Dw=6.458e-02  g=3.010e-01  | nfe=114256
[step   7050]
  train: total=6.1713e-02  L2=4.6991e-02  geo=1.4722e-02
  test : total=1.2235e-01  L2=1.2136e-01  geo=9.9713e-04
  subnet MSE  M=2.116e+01  V=2.024e+01  Dw=6.453e-02  g=3.009e-01  | nfe=115072
[step   7100]
  train: total=6.1628e-02  L2=4.6906e-02  geo=1.4722e-02
  test : total=1.2275e-01  L2=1.2175e-01  geo=1.0004e-03
  subnet MSE  M=2.115e+01  V=2.024e+01  Dw=6.451e-02  g=3.010e-01  | nfe=115888
[step   7150]
  train: total=6.1559e-02  L2=4.6838e-02  geo=1.4721e-02
  test : total=1.2320e-01  L2=1.2220e-01  geo=1.0041e-03
  subnet MSE  M=2.124e+01  V=2.024e+01  Dw=6.450e-02  g=3.010e-01  | nfe=116704
[step   7200]
  train: total=6.1528e-02  L2=4.6807e-02  geo=1.4721e-02
  test : total=1.2351e-01  L2=1.2250e-01  geo=1.0064e-03
  subnet MSE  M=2.123e+01  V=2.024e+01  Dw=6.446e-02  g=3.009e-01  | nfe=117520
[step   7250]
  train: total=6.1467e-02  L2=4.6745e-02  geo=1.4722e-02
  test : total=1.2377e-01  L2=1.2276e-01  geo=1.0089e-03
  subnet MSE  M=2.122e+01  V=2.024e+01  Dw=6.444e-02  g=3.010e-01  | nfe=118336
[step   7300]
  train: total=6.1488e-02  L2=4.6767e-02  geo=1.4721e-02
  test : total=1.2419e-01  L2=1.2318e-01  geo=1.0120e-03
  subnet MSE  M=2.126e+01  V=2.024e+01  Dw=6.439e-02  g=3.008e-01  | nfe=119152
[step   7350]
  train: total=6.1338e-02  L2=4.6618e-02  geo=1.4720e-02
  test : total=1.2461e-01  L2=1.2359e-01  geo=1.0156e-03
  subnet MSE  M=2.129e+01  V=2.025e+01  Dw=6.441e-02  g=3.011e-01  | nfe=119968
[step   7400]
  train: total=6.1357e-02  L2=4.6636e-02  geo=1.4721e-02
  test : total=1.2508e-01  L2=1.2406e-01  geo=1.0192e-03
  subnet MSE  M=2.135e+01  V=2.025e+01  Dw=6.436e-02  g=3.009e-01  | nfe=120784
[step   7450]
  train: total=6.1245e-02  L2=4.6525e-02  geo=1.4720e-02
  test : total=1.2529e-01  L2=1.2427e-01  geo=1.0212e-03
  subnet MSE  M=2.128e+01  V=2.026e+01  Dw=6.435e-02  g=3.012e-01  | nfe=121600
[step   7500]
  train: total=6.1221e-02  L2=4.6502e-02  geo=1.4719e-02
  test : total=1.2569e-01  L2=1.2467e-01  geo=1.0242e-03
  subnet MSE  M=2.133e+01  V=2.025e+01  Dw=6.432e-02  g=3.009e-01  | nfe=122416
[step   7550]
  train: total=6.1290e-02  L2=4.6571e-02  geo=1.4720e-02
  test : total=1.2632e-01  L2=1.2529e-01  geo=1.0292e-03
  subnet MSE  M=2.145e+01  V=2.026e+01  Dw=6.429e-02  g=3.008e-01  | nfe=123232
[step   7600]
  train: total=6.1147e-02  L2=4.6428e-02  geo=1.4719e-02
  test : total=1.2642e-01  L2=1.2539e-01  geo=1.0303e-03
  subnet MSE  M=2.132e+01  V=2.026e+01  Dw=6.427e-02  g=3.012e-01  | nfe=124048
[step   7650]
  train: total=6.1302e-02  L2=4.6581e-02  geo=1.4721e-02
  test : total=1.2670e-01  L2=1.2566e-01  geo=1.0328e-03
  subnet MSE  M=2.127e+01  V=2.027e+01  Dw=6.429e-02  g=3.014e-01  | nfe=124864
[step   7700]
  train: total=6.0970e-02  L2=4.6252e-02  geo=1.4718e-02
  test : total=1.2699e-01  L2=1.2596e-01  geo=1.0350e-03
  subnet MSE  M=2.144e+01  V=2.026e+01  Dw=6.425e-02  g=3.011e-01  | nfe=125680
[step   7750]
  train: total=6.0931e-02  L2=4.6213e-02  geo=1.4718e-02
  test : total=1.2741e-01  L2=1.2637e-01  geo=1.0384e-03
  subnet MSE  M=2.142e+01  V=2.027e+01  Dw=6.423e-02  g=3.012e-01  | nfe=126496
[step   7800]
  train: total=6.0886e-02  L2=4.6168e-02  geo=1.4717e-02
  test : total=1.2769e-01  L2=1.2665e-01  geo=1.0406e-03
  subnet MSE  M=2.146e+01  V=2.027e+01  Dw=6.420e-02  g=3.010e-01  | nfe=127312
[step   7850]
  train: total=6.0851e-02  L2=4.6134e-02  geo=1.4717e-02
  test : total=1.2818e-01  L2=1.2713e-01  geo=1.0445e-03
  subnet MSE  M=2.160e+01  V=2.027e+01  Dw=6.421e-02  g=3.009e-01  | nfe=128128
[step   7900]
  train: total=6.0778e-02  L2=4.6061e-02  geo=1.4716e-02
  test : total=1.2833e-01  L2=1.2728e-01  geo=1.0458e-03
  subnet MSE  M=2.150e+01  V=2.027e+01  Dw=6.416e-02  g=3.011e-01  | nfe=128944
[step   7950]
  train: total=6.0729e-02  L2=4.6012e-02  geo=1.4717e-02
  test : total=1.2854e-01  L2=1.2750e-01  geo=1.0476e-03
  subnet MSE  M=2.151e+01  V=2.027e+01  Dw=6.414e-02  g=3.011e-01  | nfe=129760
[step   8000]
  train: total=6.0757e-02  L2=4.6041e-02  geo=1.4716e-02
  test : total=1.2924e-01  L2=1.2819e-01  geo=1.0531e-03
  subnet MSE  M=2.152e+01  V=2.029e+01  Dw=6.414e-02  g=3.012e-01  | nfe=130576
[step   8050]
  train: total=6.0643e-02  L2=4.5927e-02  geo=1.4716e-02
  test : total=1.2918e-01  L2=1.2813e-01  geo=1.0529e-03
  subnet MSE  M=2.158e+01  V=2.028e+01  Dw=6.412e-02  g=3.011e-01  | nfe=131392
[step   8100]
  train: total=6.0631e-02  L2=4.5914e-02  geo=1.4717e-02
  test : total=1.2934e-01  L2=1.2828e-01  geo=1.0542e-03
  subnet MSE  M=2.159e+01  V=2.029e+01  Dw=6.411e-02  g=3.013e-01  | nfe=132208
[step   8150]
  train: total=6.0675e-02  L2=4.5957e-02  geo=1.4717e-02
  test : total=1.2962e-01  L2=1.2856e-01  geo=1.0566e-03
  subnet MSE  M=2.157e+01  V=2.029e+01  Dw=6.408e-02  g=3.014e-01  | nfe=133024
[step   8200]
  train: total=6.0622e-02  L2=4.5906e-02  geo=1.4716e-02
  test : total=1.3034e-01  L2=1.2928e-01  geo=1.0621e-03
  subnet MSE  M=2.178e+01  V=2.029e+01  Dw=6.405e-02  g=3.010e-01  | nfe=133840
[step   8250]
  train: total=6.0482e-02  L2=4.5767e-02  geo=1.4715e-02
  test : total=1.3059e-01  L2=1.2953e-01  geo=1.0643e-03
  subnet MSE  M=2.171e+01  V=2.030e+01  Dw=6.406e-02  g=3.013e-01  | nfe=134656
[step   8300]
  train: total=6.0478e-02  L2=4.5764e-02  geo=1.4714e-02
  test : total=1.3077e-01  L2=1.2970e-01  geo=1.0655e-03
  subnet MSE  M=2.172e+01  V=2.029e+01  Dw=6.401e-02  g=3.011e-01  | nfe=135472
[step   8350]
  train: total=6.0373e-02  L2=4.5659e-02  geo=1.4714e-02
  test : total=1.3105e-01  L2=1.2998e-01  geo=1.0680e-03
  subnet MSE  M=2.182e+01  V=2.031e+01  Dw=6.402e-02  g=3.012e-01  | nfe=136288
[step   8400]
  train: total=6.0339e-02  L2=4.5625e-02  geo=1.4714e-02
  test : total=1.3114e-01  L2=1.3007e-01  geo=1.0689e-03
  subnet MSE  M=2.178e+01  V=2.031e+01  Dw=6.401e-02  g=3.013e-01  | nfe=137104
[step   8450]
  train: total=6.0297e-02  L2=4.5583e-02  geo=1.4714e-02
  test : total=1.3145e-01  L2=1.3038e-01  geo=1.0714e-03
  subnet MSE  M=2.181e+01  V=2.031e+01  Dw=6.398e-02  g=3.013e-01  | nfe=137920
[step   8500]
  train: total=6.0300e-02  L2=4.5587e-02  geo=1.4713e-02
  test : total=1.3171e-01  L2=1.3063e-01  geo=1.0734e-03
  subnet MSE  M=2.176e+01  V=2.031e+01  Dw=6.394e-02  g=3.014e-01  | nfe=138736
[step   8550]
  train: total=6.0250e-02  L2=4.5536e-02  geo=1.4714e-02
  test : total=1.3216e-01  L2=1.3108e-01  geo=1.0770e-03
  subnet MSE  M=2.199e+01  V=2.031e+01  Dw=6.396e-02  g=3.011e-01  | nfe=139552
[step   8600]
  train: total=6.0163e-02  L2=4.5450e-02  geo=1.4713e-02
  test : total=1.3230e-01  L2=1.3122e-01  geo=1.0782e-03
  subnet MSE  M=2.190e+01  V=2.032e+01  Dw=6.394e-02  g=3.013e-01  | nfe=140368
[step   8650]
  train: total=6.0273e-02  L2=4.5558e-02  geo=1.4715e-02
  test : total=1.3234e-01  L2=1.3126e-01  geo=1.0787e-03
  subnet MSE  M=2.183e+01  V=2.032e+01  Dw=6.393e-02  g=3.015e-01  | nfe=141184
[step   8700]
  train: total=6.0080e-02  L2=4.5368e-02  geo=1.4712e-02
  test : total=1.3280e-01  L2=1.3172e-01  geo=1.0824e-03
  subnet MSE  M=2.199e+01  V=2.033e+01  Dw=6.392e-02  g=3.013e-01  | nfe=142000
[step   8750]
  train: total=6.0124e-02  L2=4.5411e-02  geo=1.4713e-02
  test : total=1.3247e-01  L2=1.3139e-01  geo=1.0797e-03
  subnet MSE  M=2.189e+01  V=2.031e+01  Dw=6.387e-02  g=3.012e-01  | nfe=142816
[step   8800]
  train: total=6.0002e-02  L2=4.5290e-02  geo=1.4712e-02
  test : total=1.3325e-01  L2=1.3217e-01  geo=1.0861e-03
  subnet MSE  M=2.200e+01  V=2.033e+01  Dw=6.389e-02  g=3.014e-01  | nfe=143632
[step   8850]
  train: total=6.0010e-02  L2=4.5299e-02  geo=1.4712e-02
  test : total=1.3344e-01  L2=1.3235e-01  geo=1.0875e-03
  subnet MSE  M=2.194e+01  V=2.033e+01  Dw=6.388e-02  g=3.015e-01  | nfe=144448
[step   8900]
  train: total=5.9926e-02  L2=4.5215e-02  geo=1.4711e-02
  test : total=1.3379e-01  L2=1.3270e-01  geo=1.0905e-03
  subnet MSE  M=2.208e+01  V=2.034e+01  Dw=6.387e-02  g=3.015e-01  | nfe=145264
[step   8950]
  train: total=5.9897e-02  L2=4.5187e-02  geo=1.4710e-02
  test : total=1.3389e-01  L2=1.3280e-01  geo=1.0913e-03
  subnet MSE  M=2.204e+01  V=2.033e+01  Dw=6.384e-02  g=3.013e-01  | nfe=146080
[step   9000]
  train: total=5.9853e-02  L2=4.5143e-02  geo=1.4710e-02
  test : total=1.3432e-01  L2=1.3322e-01  geo=1.0947e-03
  subnet MSE  M=2.216e+01  V=2.034e+01  Dw=6.385e-02  g=3.014e-01  | nfe=146896
[step   9050]
  train: total=5.9817e-02  L2=4.5107e-02  geo=1.4710e-02
  test : total=1.3439e-01  L2=1.3329e-01  geo=1.0954e-03
  subnet MSE  M=2.210e+01  V=2.034e+01  Dw=6.382e-02  g=3.014e-01  | nfe=147712
[step   9100]
  train: total=5.9823e-02  L2=4.5114e-02  geo=1.4709e-02
  test : total=1.3483e-01  L2=1.3373e-01  geo=1.0988e-03
  subnet MSE  M=2.209e+01  V=2.034e+01  Dw=6.380e-02  g=3.014e-01  | nfe=148528
[step   9150]
  train: total=5.9769e-02  L2=4.5058e-02  geo=1.4711e-02
  test : total=1.3467e-01  L2=1.3357e-01  geo=1.0978e-03
  subnet MSE  M=2.213e+01  V=2.035e+01  Dw=6.380e-02  g=3.015e-01  | nfe=149344
[step   9200]
  train: total=5.9776e-02  L2=4.5066e-02  geo=1.4709e-02
  test : total=1.3522e-01  L2=1.3411e-01  geo=1.1020e-03
  subnet MSE  M=2.225e+01  V=2.035e+01  Dw=6.379e-02  g=3.013e-01  | nfe=150160
[step   9250]
  train: total=5.9713e-02  L2=4.5003e-02  geo=1.4710e-02
  test : total=1.3522e-01  L2=1.3411e-01  geo=1.1024e-03
  subnet MSE  M=2.219e+01  V=2.036e+01  Dw=6.380e-02  g=3.016e-01  | nfe=150976
[step   9300]
  train: total=5.9688e-02  L2=4.4979e-02  geo=1.4709e-02
  test : total=1.3546e-01  L2=1.3436e-01  geo=1.1044e-03
  subnet MSE  M=2.219e+01  V=2.036e+01  Dw=6.375e-02  g=3.017e-01  | nfe=151792
[step   9350]
  train: total=5.9621e-02  L2=4.4912e-02  geo=1.4709e-02
  test : total=1.3570e-01  L2=1.3459e-01  geo=1.1061e-03
  subnet MSE  M=2.226e+01  V=2.035e+01  Dw=6.375e-02  g=3.013e-01  | nfe=152608
[step   9400]
  train: total=5.9652e-02  L2=4.4942e-02  geo=1.4710e-02
  test : total=1.3550e-01  L2=1.3440e-01  geo=1.1048e-03
  subnet MSE  M=2.222e+01  V=2.036e+01  Dw=6.375e-02  g=3.016e-01  | nfe=153424
[step   9450]
  train: total=5.9550e-02  L2=4.4841e-02  geo=1.4709e-02
  test : total=1.3588e-01  L2=1.3477e-01  geo=1.1079e-03
  subnet MSE  M=2.230e+01  V=2.036e+01  Dw=6.375e-02  g=3.016e-01  | nfe=154240
[step   9500]
  train: total=5.9491e-02  L2=4.4782e-02  geo=1.4708e-02
  test : total=1.3618e-01  L2=1.3506e-01  geo=1.1102e-03
  subnet MSE  M=2.233e+01  V=2.036e+01  Dw=6.372e-02  g=3.015e-01  | nfe=155056
[step   9550]
  train: total=5.9471e-02  L2=4.4763e-02  geo=1.4708e-02
  test : total=1.3640e-01  L2=1.3529e-01  geo=1.1121e-03
  subnet MSE  M=2.230e+01  V=2.036e+01  Dw=6.371e-02  g=3.015e-01  | nfe=155872
[step   9600]
  train: total=5.9421e-02  L2=4.4713e-02  geo=1.4708e-02
  test : total=1.3655e-01  L2=1.3543e-01  geo=1.1133e-03
  subnet MSE  M=2.235e+01  V=2.037e+01  Dw=6.370e-02  g=3.015e-01  | nfe=156688
[step   9650]
  train: total=5.9420e-02  L2=4.4711e-02  geo=1.4709e-02
  test : total=1.3668e-01  L2=1.3557e-01  geo=1.1145e-03
  subnet MSE  M=2.234e+01  V=2.037e+01  Dw=6.368e-02  g=3.014e-01  | nfe=157504
[step   9700]
  train: total=5.9358e-02  L2=4.4650e-02  geo=1.4708e-02
  test : total=1.3673e-01  L2=1.3561e-01  geo=1.1148e-03
  subnet MSE  M=2.237e+01  V=2.037e+01  Dw=6.367e-02  g=3.015e-01  | nfe=158320
[step   9750]
  train: total=5.9424e-02  L2=4.4718e-02  geo=1.4706e-02
  test : total=1.3767e-01  L2=1.3654e-01  geo=1.1224e-03
  subnet MSE  M=2.239e+01  V=2.039e+01  Dw=6.366e-02  g=3.017e-01  | nfe=159136
[step   9800]
  train: total=5.9292e-02  L2=4.4586e-02  geo=1.4707e-02
  test : total=1.3738e-01  L2=1.3626e-01  geo=1.1202e-03
  subnet MSE  M=2.244e+01  V=2.038e+01  Dw=6.366e-02  g=3.015e-01  | nfe=159952
[step   9850]
  train: total=5.9263e-02  L2=4.4556e-02  geo=1.4706e-02
  test : total=1.3762e-01  L2=1.3650e-01  geo=1.1222e-03
  subnet MSE  M=2.247e+01  V=2.038e+01  Dw=6.366e-02  g=3.015e-01  | nfe=160768
[step   9900]
  train: total=5.9277e-02  L2=4.4569e-02  geo=1.4707e-02
  test : total=1.3747e-01  L2=1.3635e-01  geo=1.1211e-03
  subnet MSE  M=2.234e+01  V=2.038e+01  Dw=6.364e-02  g=3.017e-01  | nfe=161584
[step   9950]
  train: total=5.9178e-02  L2=4.4471e-02  geo=1.4706e-02
  test : total=1.3787e-01  L2=1.3675e-01  geo=1.1245e-03
  subnet MSE  M=2.252e+01  V=2.039e+01  Dw=6.364e-02  g=3.016e-01  | nfe=162400
[step  10000]
  train: total=5.9191e-02  L2=4.4484e-02  geo=1.4707e-02
  test : total=1.3771e-01  L2=1.3658e-01  geo=1.1233e-03
  subnet MSE  M=2.234e+01  V=2.038e+01  Dw=6.360e-02  g=3.016e-01  | nfe=163216
Final trajectory train loss 2.6648e+00 +/- 5.3272e+00
Final trajectory test loss  9.5391e+00 +/- 9.3928e+00
Final trajectory train l2 loss 2.2321e+00 +/- 4.8984e+00
Final trajectory test l2 loss  8.3917e+00 +/- 8.2481e+00
Final trajectory train geo loss 4.3269e-01 +/- 4.5494e-01
Final trajectory test geo loss  1.1473e+00 +/- 1.2331e+00
Saved final stats:  /mnt/data/thribhuvan/Projects/stochastic_port_hamiltonian/Final/SPHNP v2/src/models/3D_SO3_Windy_Pendulum/ph_nn_ode/data/run_wp3d/obs0p05_fric0p5_wind0p5_ext0-sine_lr0p001_s10000_np5_smp64_T20_solverrk4_seed0_randu7_G0p5-0p7-0p1_260610-003059/wp3d-so3ham-rk4-5p-stats.pkl
