Run dir : /mnt/data/thribhuvan/Projects/stochastic_port_hamiltonian/Final/SPHNP v2/src/models/3D_SO3_Windy_Pendulum/ph_nn_ode/data/run_wp3d/obs0p1_fric0p5_wind0p5_ext0-sine_lr0p001_s10000_np5_smp64_T20_solverrk4_seed0_randu7_G0p5-0p7-0p1_260609-233250
model contains 3842 parameters
Building dataset at /mnt/data/thribhuvan/Projects/stochastic_port_hamiltonian/Final/SPHNP v2/datasets/data/windy_pendulum_3d/wp3d_dataset_extforce-sine-std0p0_fric0p5_var_fricFalse_obs_noise0p1_wind_force0p5_random_uTrue_uScale7p0_G_0p5_0p7_0p1_steps20.pkl...
Applying SO(3) observation noise (std=0.1)...
Saved data to /mnt/data/thribhuvan/Projects/stochastic_port_hamiltonian/Final/SPHNP v2/datasets/data/windy_pendulum_3d/wp3d_dataset_extforce-sine-std0p0_fric0p5_var_fricFalse_obs_noise0p1_wind_force0p5_random_uTrue_uScale7p0_G_0p5_0p7_0p1_steps20.pkl

Pretraining M_net for 200 steps (lr=0.001, target = 1.000·I₃)
  using 12800 q samples drawn from training data
  pretrain step    0: loss=2.080e-02
  pretrain step   20: loss=1.361e-03
  pretrain step   40: loss=3.102e-04
  pretrain step   60: loss=9.549e-05
  pretrain step   80: loss=3.748e-05
  pretrain step  100: loss=1.717e-05
  pretrain step  120: loss=9.520e-06
  pretrain step  140: loss=5.896e-06
  pretrain step  160: loss=3.943e-06
  pretrain step  180: loss=2.822e-06
  pretrain step  199: loss=2.160e-06
  pretrain done. initial loss=2.080e-02  final loss=2.160e-06  max|M(q₀) − target|=6.095e-03
[step      0]
  train: total=9.2229e-01  L2=8.5720e-01  geo=6.5091e-02
  test : total=8.2020e-01  L2=8.1402e-01  geo=6.1770e-03
  subnet MSE  M=7.598e-05  V=2.682e+01  Dw=6.949e-02  g=3.254e-01  | nfe=16
[step     50]
  train: total=5.9138e-01  L2=5.2898e-01  geo=6.2400e-02
  test : total=5.0680e-01  L2=5.0294e-01  geo=3.8553e-03
  subnet MSE  M=4.388e-01  V=2.444e+01  Dw=4.495e-02  g=1.964e-01  | nfe=832
[step    100]
  train: total=2.0808e-01  L2=1.4978e-01  geo=5.8301e-02
  test : total=8.4871e-02  L2=8.4174e-02  geo=6.9762e-04
  subnet MSE  M=8.094e+00  V=1.869e+01  Dw=6.169e-02  g=2.837e-01  | nfe=1648
[step    150]
  train: total=1.9049e-01  L2=1.3232e-01  geo=5.8168e-02
  test : total=6.6282e-02  L2=6.5733e-02  geo=5.4855e-04
  subnet MSE  M=8.968e+00  V=1.808e+01  Dw=6.145e-02  g=2.862e-01  | nfe=2464
[step    200]
  train: total=1.8845e-01  L2=1.3030e-01  geo=5.8145e-02
  test : total=6.4835e-02  L2=6.4297e-02  geo=5.3736e-04
  subnet MSE  M=9.425e+00  V=1.814e+01  Dw=6.114e-02  g=2.874e-01  | nfe=3280
[step    250]
  train: total=1.8739e-01  L2=1.2926e-01  geo=5.8130e-02
  test : total=6.4267e-02  L2=6.3735e-02  geo=5.3268e-04
  subnet MSE  M=9.900e+00  V=1.823e+01  Dw=6.133e-02  g=2.884e-01  | nfe=4096
[step    300]
  train: total=1.8670e-01  L2=1.2858e-01  geo=5.8122e-02
  test : total=6.4142e-02  L2=6.3610e-02  geo=5.3140e-04
  subnet MSE  M=1.027e+01  V=1.831e+01  Dw=6.139e-02  g=2.892e-01  | nfe=4912
[step    350]
  train: total=1.8619e-01  L2=1.2808e-01  geo=5.8118e-02
  test : total=6.4227e-02  L2=6.3695e-02  geo=5.3183e-04
  subnet MSE  M=1.055e+01  V=1.836e+01  Dw=6.137e-02  g=2.896e-01  | nfe=5728
[step    400]
  train: total=1.8578e-01  L2=1.2766e-01  geo=5.8118e-02
  test : total=6.4351e-02  L2=6.3818e-02  geo=5.3266e-04
  subnet MSE  M=1.076e+01  V=1.839e+01  Dw=6.131e-02  g=2.900e-01  | nfe=6544
[step    450]
  train: total=1.8540e-01  L2=1.2728e-01  geo=5.8120e-02
  test : total=6.4458e-02  L2=6.3924e-02  geo=5.3343e-04
  subnet MSE  M=1.093e+01  V=1.841e+01  Dw=6.124e-02  g=2.902e-01  | nfe=7360
[step    500]
  train: total=1.8502e-01  L2=1.2689e-01  geo=5.8122e-02
  test : total=6.4567e-02  L2=6.4033e-02  geo=5.3427e-04
  subnet MSE  M=1.110e+01  V=1.843e+01  Dw=6.119e-02  g=2.905e-01  | nfe=8176
[step    550]
  train: total=1.8461e-01  L2=1.2648e-01  geo=5.8126e-02
  test : total=6.4724e-02  L2=6.4189e-02  geo=5.3548e-04
  subnet MSE  M=1.128e+01  V=1.844e+01  Dw=6.117e-02  g=2.907e-01  | nfe=8992
[step    600]
  train: total=1.8417e-01  L2=1.2604e-01  geo=5.8131e-02
  test : total=6.4993e-02  L2=6.4455e-02  geo=5.3756e-04
  subnet MSE  M=1.149e+01  V=1.846e+01  Dw=6.118e-02  g=2.909e-01  | nfe=9808
[step    650]
  train: total=1.8368e-01  L2=1.2555e-01  geo=5.8136e-02
  test : total=6.5424e-02  L2=6.4883e-02  geo=5.4089e-04
  subnet MSE  M=1.173e+01  V=1.849e+01  Dw=6.123e-02  g=2.912e-01  | nfe=10624
[step    700]
  train: total=1.8314e-01  L2=1.2500e-01  geo=5.8141e-02
  test : total=6.6046e-02  L2=6.5501e-02  geo=5.4571e-04
  subnet MSE  M=1.199e+01  V=1.852e+01  Dw=6.132e-02  g=2.915e-01  | nfe=11440
[step    750]
  train: total=1.8256e-01  L2=1.2442e-01  geo=5.8145e-02
  test : total=6.6795e-02  L2=6.6244e-02  geo=5.5149e-04
  subnet MSE  M=1.224e+01  V=1.856e+01  Dw=6.141e-02  g=2.918e-01  | nfe=12256
[step    800]
  train: total=1.8195e-01  L2=1.2380e-01  geo=5.8148e-02
  test : total=6.7550e-02  L2=6.6993e-02  geo=5.5731e-04
  subnet MSE  M=1.245e+01  V=1.859e+01  Dw=6.150e-02  g=2.920e-01  | nfe=13072
[step    850]
  train: total=1.8129e-01  L2=1.2314e-01  geo=5.8150e-02
  test : total=6.8266e-02  L2=6.7703e-02  geo=5.6283e-04
  subnet MSE  M=1.264e+01  V=1.862e+01  Dw=6.156e-02  g=2.923e-01  | nfe=13888
[step    900]
  train: total=1.8054e-01  L2=1.2239e-01  geo=5.8152e-02
  test : total=6.9051e-02  L2=6.8482e-02  geo=5.6897e-04
  subnet MSE  M=1.283e+01  V=1.865e+01  Dw=6.159e-02  g=2.926e-01  | nfe=14704
[step    950]
  train: total=1.7970e-01  L2=1.2155e-01  geo=5.8153e-02
  test : total=6.9997e-02  L2=6.9421e-02  geo=5.7654e-04
  subnet MSE  M=1.305e+01  V=1.867e+01  Dw=6.154e-02  g=2.929e-01  | nfe=15520
[step   1000]
  train: total=1.7879e-01  L2=1.2064e-01  geo=5.8156e-02
  test : total=7.1058e-02  L2=7.0473e-02  geo=5.8522e-04
  subnet MSE  M=1.330e+01  V=1.870e+01  Dw=6.136e-02  g=2.932e-01  | nfe=16336
[step   1050]
  train: total=1.7788e-01  L2=1.1972e-01  geo=5.8156e-02
  test : total=7.2194e-02  L2=7.1600e-02  geo=5.9464e-04
  subnet MSE  M=1.361e+01  V=1.874e+01  Dw=6.110e-02  g=2.936e-01  | nfe=17152
[step   1100]
  train: total=1.7700e-01  L2=1.1884e-01  geo=5.8160e-02
  test : total=7.3307e-02  L2=7.2703e-02  geo=6.0394e-04
  subnet MSE  M=1.401e+01  V=1.879e+01  Dw=6.095e-02  g=2.941e-01  | nfe=17968
[step   1150]
  train: total=1.7617e-01  L2=1.1801e-01  geo=5.8162e-02
  test : total=7.4359e-02  L2=7.3746e-02  geo=6.1277e-04
  subnet MSE  M=1.448e+01  V=1.887e+01  Dw=6.087e-02  g=2.946e-01  | nfe=18784
[step   1200]
  train: total=1.7537e-01  L2=1.1721e-01  geo=5.8163e-02
  test : total=7.5470e-02  L2=7.4848e-02  geo=6.2198e-04
  subnet MSE  M=1.498e+01  V=1.895e+01  Dw=6.090e-02  g=2.950e-01  | nfe=19600
[step   1250]
  train: total=1.7462e-01  L2=1.1646e-01  geo=5.8162e-02
  test : total=7.6295e-02  L2=7.5666e-02  geo=6.2904e-04
  subnet MSE  M=1.554e+01  V=1.904e+01  Dw=6.094e-02  g=2.956e-01  | nfe=20416
[step   1300]
  train: total=1.7373e-01  L2=1.1556e-01  geo=5.8168e-02
  test : total=7.7416e-02  L2=7.6778e-02  geo=6.3812e-04
  subnet MSE  M=1.610e+01  V=1.913e+01  Dw=6.093e-02  g=2.961e-01  | nfe=21232
[step   1350]
  train: total=1.7294e-01  L2=1.1477e-01  geo=5.8171e-02
  test : total=7.8544e-02  L2=7.7897e-02  geo=6.4715e-04
  subnet MSE  M=1.665e+01  V=1.922e+01  Dw=6.097e-02  g=2.966e-01  | nfe=22048
[step   1400]
  train: total=1.7226e-01  L2=1.1408e-01  geo=5.8174e-02
  test : total=7.9602e-02  L2=7.8947e-02  geo=6.5571e-04
  subnet MSE  M=1.709e+01  V=1.929e+01  Dw=6.106e-02  g=2.969e-01  | nfe=22864
[step   1450]
  train: total=1.7166e-01  L2=1.1348e-01  geo=5.8177e-02
  test : total=8.0631e-02  L2=7.9967e-02  geo=6.6379e-04
  subnet MSE  M=1.748e+01  V=1.935e+01  Dw=6.118e-02  g=2.974e-01  | nfe=23680
[step   1500]
  train: total=1.7112e-01  L2=1.1294e-01  geo=5.8180e-02
  test : total=8.1839e-02  L2=8.1166e-02  geo=6.7334e-04
  subnet MSE  M=1.776e+01  V=1.940e+01  Dw=6.125e-02  g=2.975e-01  | nfe=24496
[step   1550]
  train: total=1.7065e-01  L2=1.1247e-01  geo=5.8181e-02
  test : total=8.2963e-02  L2=8.2281e-02  geo=6.8220e-04
  subnet MSE  M=1.803e+01  V=1.944e+01  Dw=6.137e-02  g=2.977e-01  | nfe=25312
[step   1600]
  train: total=1.7017e-01  L2=1.1198e-01  geo=5.8187e-02
  test : total=8.4095e-02  L2=8.3404e-02  geo=6.9105e-04
  subnet MSE  M=1.832e+01  V=1.949e+01  Dw=6.147e-02  g=2.980e-01  | nfe=26128
[step   1650]
  train: total=1.6972e-01  L2=1.1153e-01  geo=5.8190e-02
  test : total=8.5189e-02  L2=8.4490e-02  geo=6.9966e-04
  subnet MSE  M=1.860e+01  V=1.953e+01  Dw=6.158e-02  g=2.982e-01  | nfe=26944
[step   1700]
  train: total=1.6934e-01  L2=1.1115e-01  geo=5.8197e-02
  test : total=8.6360e-02  L2=8.5651e-02  geo=7.0881e-04
  subnet MSE  M=1.889e+01  V=1.957e+01  Dw=6.171e-02  g=2.985e-01  | nfe=27760
[step   1750]
  train: total=1.6885e-01  L2=1.1065e-01  geo=5.8196e-02
  test : total=8.7426e-02  L2=8.6709e-02  geo=7.1733e-04
  subnet MSE  M=1.924e+01  V=1.962e+01  Dw=6.184e-02  g=2.988e-01  | nfe=28576
[step   1800]
  train: total=1.6842e-01  L2=1.1023e-01  geo=5.8197e-02
  test : total=8.8594e-02  L2=8.7868e-02  geo=7.2655e-04
  subnet MSE  M=1.960e+01  V=1.967e+01  Dw=6.199e-02  g=2.990e-01  | nfe=29392
[step   1850]
  train: total=1.6806e-01  L2=1.0986e-01  geo=5.8196e-02
  test : total=8.9623e-02  L2=8.8888e-02  geo=7.3473e-04
  subnet MSE  M=1.996e+01  V=1.972e+01  Dw=6.209e-02  g=2.993e-01  | nfe=30208
[step   1900]
  train: total=1.6758e-01  L2=1.0938e-01  geo=5.8199e-02
  test : total=9.0956e-02  L2=9.0211e-02  geo=7.4521e-04
  subnet MSE  M=2.037e+01  V=1.978e+01  Dw=6.226e-02  g=2.996e-01  | nfe=31024
[step   1950]
  train: total=1.6715e-01  L2=1.0895e-01  geo=5.8199e-02
  test : total=9.2134e-02  L2=9.1380e-02  geo=7.5454e-04
  subnet MSE  M=2.073e+01  V=1.982e+01  Dw=6.237e-02  g=2.998e-01  | nfe=31840
[step   2000]
  train: total=1.6673e-01  L2=1.0853e-01  geo=5.8198e-02
  test : total=9.3358e-02  L2=9.2594e-02  geo=7.6423e-04
  subnet MSE  M=2.107e+01  V=1.987e+01  Dw=6.246e-02  g=3.000e-01  | nfe=32656
[step   2050]
  train: total=1.6631e-01  L2=1.0812e-01  geo=5.8195e-02
  test : total=9.4597e-02  L2=9.3823e-02  geo=7.7404e-04
  subnet MSE  M=2.129e+01  V=1.990e+01  Dw=6.250e-02  g=3.001e-01  | nfe=33472
[step   2100]
  train: total=1.6590e-01  L2=1.0771e-01  geo=5.8194e-02
  test : total=9.5966e-02  L2=9.5181e-02  geo=7.8505e-04
  subnet MSE  M=2.150e+01  V=1.993e+01  Dw=6.254e-02  g=3.002e-01  | nfe=34288
[step   2150]
  train: total=1.6549e-01  L2=1.0730e-01  geo=5.8195e-02
  test : total=9.7114e-02  L2=9.6319e-02  geo=7.9439e-04
  subnet MSE  M=2.160e+01  V=1.994e+01  Dw=6.249e-02  g=3.002e-01  | nfe=35104
[step   2200]
  train: total=1.6512e-01  L2=1.0692e-01  geo=5.8200e-02
  test : total=9.8391e-02  L2=9.7586e-02  geo=8.0475e-04
  subnet MSE  M=2.161e+01  V=1.995e+01  Dw=6.244e-02  g=3.002e-01  | nfe=35920
[step   2250]
  train: total=1.6468e-01  L2=1.0648e-01  geo=5.8194e-02
  test : total=9.9755e-02  L2=9.8940e-02  geo=8.1581e-04
  subnet MSE  M=2.151e+01  V=1.994e+01  Dw=6.239e-02  g=3.001e-01  | nfe=36736
[step   2300]
  train: total=1.6435e-01  L2=1.0616e-01  geo=5.8192e-02
  test : total=1.0120e-01  L2=1.0037e-01  geo=8.2766e-04
  subnet MSE  M=2.145e+01  V=1.994e+01  Dw=6.225e-02  g=3.000e-01  | nfe=37552
[step   2350]
  train: total=1.6392e-01  L2=1.0572e-01  geo=5.8192e-02
  test : total=1.0256e-01  L2=1.0172e-01  geo=8.3882e-04
  subnet MSE  M=2.124e+01  V=1.992e+01  Dw=6.220e-02  g=2.999e-01  | nfe=38368
[step   2400]
  train: total=1.6354e-01  L2=1.0535e-01  geo=5.8193e-02
  test : total=1.0397e-01  L2=1.0312e-01  geo=8.5047e-04
  subnet MSE  M=2.103e+01  V=1.990e+01  Dw=6.206e-02  g=2.997e-01  | nfe=39184
[step   2450]
  train: total=1.6318e-01  L2=1.0498e-01  geo=5.8193e-02
  test : total=1.0535e-01  L2=1.0448e-01  geo=8.6188e-04
  subnet MSE  M=2.078e+01  V=1.987e+01  Dw=6.194e-02  g=2.995e-01  | nfe=40000
[step   2500]
  train: total=1.6295e-01  L2=1.0476e-01  geo=5.8186e-02
  test : total=1.0696e-01  L2=1.0609e-01  geo=8.7514e-04
  subnet MSE  M=2.059e+01  V=1.985e+01  Dw=6.186e-02  g=2.993e-01  | nfe=40816
[step   2550]
  train: total=1.6246e-01  L2=1.0427e-01  geo=5.8194e-02
  test : total=1.0828e-01  L2=1.0739e-01  geo=8.8621e-04
  subnet MSE  M=2.032e+01  V=1.983e+01  Dw=6.166e-02  g=2.992e-01  | nfe=41632
[step   2600]
  train: total=1.6210e-01  L2=1.0390e-01  geo=5.8194e-02
  test : total=1.0966e-01  L2=1.0876e-01  geo=8.9773e-04
  subnet MSE  M=2.009e+01  V=1.980e+01  Dw=6.149e-02  g=2.989e-01  | nfe=42448
[step   2650]
  train: total=1.6184e-01  L2=1.0365e-01  geo=5.8192e-02
  test : total=1.1127e-01  L2=1.1036e-01  geo=9.1094e-04
  subnet MSE  M=1.985e+01  V=1.978e+01  Dw=6.141e-02  g=2.988e-01  | nfe=43264
[step   2700]
  train: total=1.6150e-01  L2=1.0330e-01  geo=5.8199e-02
  test : total=1.1282e-01  L2=1.1189e-01  geo=9.2399e-04
  subnet MSE  M=1.965e+01  V=1.976e+01  Dw=6.125e-02  g=2.986e-01  | nfe=44080
[step   2750]
  train: total=1.6107e-01  L2=1.0287e-01  geo=5.8197e-02
  test : total=1.1429e-01  L2=1.1335e-01  geo=9.3633e-04
  subnet MSE  M=1.950e+01  V=1.974e+01  Dw=6.107e-02  g=2.984e-01  | nfe=44896
[step   2800]
  train: total=1.6085e-01  L2=1.0265e-01  geo=5.8202e-02
  test : total=1.1598e-01  L2=1.1503e-01  geo=9.5045e-04
  subnet MSE  M=1.930e+01  V=1.972e+01  Dw=6.084e-02  g=2.983e-01  | nfe=45712
[step   2850]
  train: total=1.6038e-01  L2=1.0218e-01  geo=5.8203e-02
  test : total=1.1777e-01  L2=1.1681e-01  geo=9.6555e-04
  subnet MSE  M=1.913e+01  V=1.970e+01  Dw=6.078e-02  g=2.982e-01  | nfe=46528
[step   2900]
  train: total=1.6005e-01  L2=1.0184e-01  geo=5.8203e-02
  test : total=1.1926e-01  L2=1.1828e-01  geo=9.7805e-04
  subnet MSE  M=1.896e+01  V=1.968e+01  Dw=6.069e-02  g=2.980e-01  | nfe=47344
[step   2950]
  train: total=1.5974e-01  L2=1.0154e-01  geo=5.8202e-02
  test : total=1.2113e-01  L2=1.2013e-01  geo=9.9378e-04
  subnet MSE  M=1.879e+01  V=1.966e+01  Dw=6.056e-02  g=2.979e-01  | nfe=48160
[step   3000]
  train: total=1.5937e-01  L2=1.0117e-01  geo=5.8204e-02
  test : total=1.2263e-01  L2=1.2163e-01  geo=1.0067e-03
  subnet MSE  M=1.864e+01  V=1.965e+01  Dw=6.042e-02  g=2.978e-01  | nfe=48976
[step   3050]
  train: total=1.5909e-01  L2=1.0089e-01  geo=5.8208e-02
  test : total=1.2431e-01  L2=1.2329e-01  geo=1.0210e-03
  subnet MSE  M=1.845e+01  V=1.963e+01  Dw=6.031e-02  g=2.976e-01  | nfe=49792
[step   3100]
  train: total=1.5875e-01  L2=1.0055e-01  geo=5.8205e-02
  test : total=1.2582e-01  L2=1.2479e-01  geo=1.0340e-03
  subnet MSE  M=1.832e+01  V=1.961e+01  Dw=6.022e-02  g=2.975e-01  | nfe=50608
[step   3150]
  train: total=1.5844e-01  L2=1.0023e-01  geo=5.8205e-02
  test : total=1.2735e-01  L2=1.2631e-01  geo=1.0472e-03
  subnet MSE  M=1.816e+01  V=1.959e+01  Dw=6.009e-02  g=2.974e-01  | nfe=51424
[step   3200]
  train: total=1.5812e-01  L2=9.9916e-02  geo=5.8208e-02
  test : total=1.2859e-01  L2=1.2753e-01  geo=1.0580e-03
  subnet MSE  M=1.799e+01  V=1.957e+01  Dw=5.998e-02  g=2.972e-01  | nfe=52240
[step   3250]
  train: total=1.5782e-01  L2=9.9615e-02  geo=5.8208e-02
  test : total=1.2980e-01  L2=1.2874e-01  geo=1.0685e-03
  subnet MSE  M=1.785e+01  V=1.955e+01  Dw=5.987e-02  g=2.971e-01  | nfe=53056
[step   3300]
  train: total=1.5749e-01  L2=9.9288e-02  geo=5.8206e-02
  test : total=1.3131e-01  L2=1.3023e-01  geo=1.0816e-03
  subnet MSE  M=1.780e+01  V=1.954e+01  Dw=5.981e-02  g=2.971e-01  | nfe=53872
[step   3350]
  train: total=1.5721e-01  L2=9.9003e-02  geo=5.8206e-02
  test : total=1.3256e-01  L2=1.3147e-01  geo=1.0926e-03
  subnet MSE  M=1.764e+01  V=1.952e+01  Dw=5.972e-02  g=2.970e-01  | nfe=54688
[step   3400]
  train: total=1.5693e-01  L2=9.8723e-02  geo=5.8205e-02
  test : total=1.3342e-01  L2=1.3232e-01  geo=1.1001e-03
  subnet MSE  M=1.755e+01  V=1.951e+01  Dw=5.965e-02  g=2.968e-01  | nfe=55504
[step   3450]
  train: total=1.5665e-01  L2=9.8444e-02  geo=5.8206e-02
  test : total=1.3473e-01  L2=1.3362e-01  geo=1.1115e-03
  subnet MSE  M=1.752e+01  V=1.951e+01  Dw=5.962e-02  g=2.968e-01  | nfe=56320
[step   3500]
  train: total=1.5637e-01  L2=9.8160e-02  geo=5.8205e-02
  test : total=1.3591e-01  L2=1.3479e-01  geo=1.1218e-03
  subnet MSE  M=1.744e+01  V=1.950e+01  Dw=5.956e-02  g=2.968e-01  | nfe=57136
[step   3550]
  train: total=1.5616e-01  L2=9.7960e-02  geo=5.8202e-02
  test : total=1.3707e-01  L2=1.3594e-01  geo=1.1321e-03
  subnet MSE  M=1.730e+01  V=1.948e+01  Dw=5.948e-02  g=2.967e-01  | nfe=57952
[step   3600]
  train: total=1.5629e-01  L2=9.8083e-02  geo=5.8206e-02
  test : total=1.3874e-01  L2=1.3759e-01  geo=1.1467e-03
  subnet MSE  M=1.723e+01  V=1.949e+01  Dw=5.945e-02  g=2.968e-01  | nfe=58768
[step   3650]
  train: total=1.5562e-01  L2=9.7414e-02  geo=5.8204e-02
  test : total=1.3902e-01  L2=1.3787e-01  geo=1.1492e-03
  subnet MSE  M=1.726e+01  V=1.948e+01  Dw=5.944e-02  g=2.966e-01  | nfe=59584
[step   3700]
  train: total=1.5538e-01  L2=9.7177e-02  geo=5.8203e-02
  test : total=1.4015e-01  L2=1.3899e-01  geo=1.1591e-03
  subnet MSE  M=1.727e+01  V=1.948e+01  Dw=5.942e-02  g=2.967e-01  | nfe=60400
[step   3750]
  train: total=1.5517e-01  L2=9.6965e-02  geo=5.8202e-02
  test : total=1.4113e-01  L2=1.3997e-01  geo=1.1678e-03
  subnet MSE  M=1.719e+01  V=1.948e+01  Dw=5.935e-02  g=2.966e-01  | nfe=61216
[step   3800]
  train: total=1.5494e-01  L2=9.6741e-02  geo=5.8202e-02
  test : total=1.4198e-01  L2=1.4080e-01  geo=1.1753e-03
  subnet MSE  M=1.716e+01  V=1.947e+01  Dw=5.934e-02  g=2.966e-01  | nfe=62032
[step   3850]
  train: total=1.5472e-01  L2=9.6518e-02  geo=5.8200e-02
  test : total=1.4327e-01  L2=1.4208e-01  geo=1.1866e-03
  subnet MSE  M=1.717e+01  V=1.948e+01  Dw=5.931e-02  g=2.966e-01  | nfe=62848
[step   3900]
  train: total=1.5451e-01  L2=9.6314e-02  geo=5.8200e-02
  test : total=1.4396e-01  L2=1.4277e-01  geo=1.1927e-03
  subnet MSE  M=1.712e+01  V=1.947e+01  Dw=5.927e-02  g=2.965e-01  | nfe=63664
[step   3950]
  train: total=1.5431e-01  L2=9.6109e-02  geo=5.8199e-02
  test : total=1.4514e-01  L2=1.4393e-01  geo=1.2031e-03
  subnet MSE  M=1.708e+01  V=1.948e+01  Dw=5.923e-02  g=2.966e-01  | nfe=64480
[step   4000]
  train: total=1.5416e-01  L2=9.5962e-02  geo=5.8199e-02
  test : total=1.4616e-01  L2=1.4495e-01  geo=1.2122e-03
  subnet MSE  M=1.700e+01  V=1.947e+01  Dw=5.916e-02  g=2.966e-01  | nfe=65296
[step   4050]
  train: total=1.5391e-01  L2=9.5711e-02  geo=5.8197e-02
  test : total=1.4714e-01  L2=1.4592e-01  geo=1.2208e-03
  subnet MSE  M=1.702e+01  V=1.948e+01  Dw=5.914e-02  g=2.965e-01  | nfe=66112
[step   4100]
  train: total=1.5370e-01  L2=9.5507e-02  geo=5.8195e-02
  test : total=1.4831e-01  L2=1.4708e-01  geo=1.2312e-03
  subnet MSE  M=1.705e+01  V=1.949e+01  Dw=5.914e-02  g=2.966e-01  | nfe=66928
[step   4150]
  train: total=1.5351e-01  L2=9.5317e-02  geo=5.8194e-02
  test : total=1.4915e-01  L2=1.4791e-01  geo=1.2387e-03
  subnet MSE  M=1.698e+01  V=1.948e+01  Dw=5.908e-02  g=2.965e-01  | nfe=67744
[step   4200]
  train: total=1.5353e-01  L2=9.5337e-02  geo=5.8196e-02
  test : total=1.5119e-01  L2=1.4993e-01  geo=1.2568e-03
  subnet MSE  M=1.687e+01  V=1.950e+01  Dw=5.898e-02  g=2.969e-01  | nfe=68560
[step   4250]
  train: total=1.5313e-01  L2=9.4942e-02  geo=5.8192e-02
  test : total=1.5138e-01  L2=1.5012e-01  geo=1.2585e-03
  subnet MSE  M=1.697e+01  V=1.949e+01  Dw=5.902e-02  g=2.966e-01  | nfe=69376
[step   4300]
  train: total=1.5298e-01  L2=9.4795e-02  geo=5.8189e-02
  test : total=1.5245e-01  L2=1.5119e-01  geo=1.2681e-03
  subnet MSE  M=1.688e+01  V=1.949e+01  Dw=5.898e-02  g=2.966e-01  | nfe=70192
[step   4350]
  train: total=1.5277e-01  L2=9.4584e-02  geo=5.8190e-02
  test : total=1.5335e-01  L2=1.5207e-01  geo=1.2761e-03
  subnet MSE  M=1.691e+01  V=1.949e+01  Dw=5.896e-02  g=2.965e-01  | nfe=71008
[step   4400]
  train: total=1.5297e-01  L2=9.4777e-02  geo=5.8189e-02
  test : total=1.5547e-01  L2=1.5418e-01  geo=1.2950e-03
  subnet MSE  M=1.677e+01  V=1.950e+01  Dw=5.884e-02  g=2.968e-01  | nfe=71824
[step   4450]
  train: total=1.5242e-01  L2=9.4230e-02  geo=5.8190e-02
  test : total=1.5537e-01  L2=1.5408e-01  geo=1.2942e-03
  subnet MSE  M=1.688e+01  V=1.949e+01  Dw=5.891e-02  g=2.965e-01  | nfe=72640
[step   4500]
  train: total=1.5225e-01  L2=9.4063e-02  geo=5.8188e-02
  test : total=1.5643e-01  L2=1.5512e-01  geo=1.3037e-03
  subnet MSE  M=1.681e+01  V=1.949e+01  Dw=5.887e-02  g=2.965e-01  | nfe=73456
[step   4550]
  train: total=1.5225e-01  L2=9.4060e-02  geo=5.8190e-02
  test : total=1.5824e-01  L2=1.5692e-01  geo=1.3200e-03
  subnet MSE  M=1.671e+01  V=1.950e+01  Dw=5.881e-02  g=2.968e-01  | nfe=74272
[step   4600]
  train: total=1.5206e-01  L2=9.3863e-02  geo=5.8193e-02
  test : total=1.5791e-01  L2=1.5659e-01  geo=1.3169e-03
  subnet MSE  M=1.683e+01  V=1.948e+01  Dw=5.883e-02  g=2.963e-01  | nfe=75088
[step   4650]
  train: total=1.5176e-01  L2=9.3572e-02  geo=5.8187e-02
  test : total=1.5938e-01  L2=1.5804e-01  geo=1.3302e-03
  subnet MSE  M=1.681e+01  V=1.950e+01  Dw=5.881e-02  g=2.965e-01  | nfe=75904
[step   4700]
  train: total=1.5159e-01  L2=9.3399e-02  geo=5.8187e-02
  test : total=1.6018e-01  L2=1.5884e-01  geo=1.3375e-03
  subnet MSE  M=1.676e+01  V=1.949e+01  Dw=5.876e-02  g=2.964e-01  | nfe=76720
[step   4750]
  train: total=1.5161e-01  L2=9.3418e-02  geo=5.8189e-02
  test : total=1.6193e-01  L2=1.6058e-01  geo=1.3532e-03
  subnet MSE  M=1.667e+01  V=1.950e+01  Dw=5.867e-02  g=2.967e-01  | nfe=77536
[step   4800]
  train: total=1.5130e-01  L2=9.3116e-02  geo=5.8184e-02
  test : total=1.6233e-01  L2=1.6097e-01  geo=1.3570e-03
  subnet MSE  M=1.670e+01  V=1.950e+01  Dw=5.869e-02  g=2.965e-01  | nfe=78352
[step   4850]
  train: total=1.5116e-01  L2=9.2974e-02  geo=5.8188e-02
  test : total=1.6276e-01  L2=1.6140e-01  geo=1.3608e-03
  subnet MSE  M=1.674e+01  V=1.949e+01  Dw=5.868e-02  g=2.964e-01  | nfe=79168
[step   4900]
  train: total=1.5100e-01  L2=9.2814e-02  geo=5.8185e-02
  test : total=1.6371e-01  L2=1.6234e-01  geo=1.3695e-03
  subnet MSE  M=1.676e+01  V=1.950e+01  Dw=5.867e-02  g=2.964e-01  | nfe=79984
[step   4950]
  train: total=1.5086e-01  L2=9.2679e-02  geo=5.8184e-02
  test : total=1.6498e-01  L2=1.6360e-01  geo=1.3811e-03
  subnet MSE  M=1.666e+01  V=1.950e+01  Dw=5.858e-02  g=2.965e-01  | nfe=80800
[step   5000]
  train: total=1.5076e-01  L2=9.2577e-02  geo=5.8186e-02
  test : total=1.6523e-01  L2=1.6385e-01  geo=1.3832e-03
  subnet MSE  M=1.675e+01  V=1.950e+01  Dw=5.859e-02  g=2.963e-01  | nfe=81616
[step   5050]
  train: total=1.5071e-01  L2=9.2535e-02  geo=5.8179e-02
  test : total=1.6673e-01  L2=1.6533e-01  geo=1.3971e-03
  subnet MSE  M=1.665e+01  V=1.951e+01  Dw=5.854e-02  g=2.965e-01  | nfe=82432
[step   5100]
  train: total=1.5045e-01  L2=9.2270e-02  geo=5.8182e-02
  test : total=1.6688e-01  L2=1.6548e-01  geo=1.3983e-03
  subnet MSE  M=1.679e+01  V=1.951e+01  Dw=5.855e-02  g=2.964e-01  | nfe=83248
[step   5150]
  train: total=1.5031e-01  L2=9.2127e-02  geo=5.8182e-02
  test : total=1.6792e-01  L2=1.6651e-01  geo=1.4078e-03
  subnet MSE  M=1.670e+01  V=1.951e+01  Dw=5.848e-02  g=2.964e-01  | nfe=84064
[step   5200]
  train: total=1.5019e-01  L2=9.2013e-02  geo=5.8180e-02
  test : total=1.6880e-01  L2=1.6738e-01  geo=1.4159e-03
  subnet MSE  M=1.675e+01  V=1.952e+01  Dw=5.848e-02  g=2.965e-01  | nfe=84880
[step   5250]
  train: total=1.5006e-01  L2=9.1881e-02  geo=5.8180e-02
  test : total=1.6934e-01  L2=1.6792e-01  geo=1.4207e-03
  subnet MSE  M=1.673e+01  V=1.952e+01  Dw=5.843e-02  g=2.964e-01  | nfe=85696
[step   5300]
  train: total=1.4996e-01  L2=9.1781e-02  geo=5.8181e-02
  test : total=1.6983e-01  L2=1.6841e-01  geo=1.4253e-03
  subnet MSE  M=1.674e+01  V=1.952e+01  Dw=5.839e-02  g=2.964e-01  | nfe=86512
[step   5350]
  train: total=1.4985e-01  L2=9.1677e-02  geo=5.8177e-02
  test : total=1.7104e-01  L2=1.6961e-01  geo=1.4364e-03
  subnet MSE  M=1.671e+01  V=1.953e+01  Dw=5.835e-02  g=2.965e-01  | nfe=87328
[step   5400]
  train: total=1.4971e-01  L2=9.1532e-02  geo=5.8178e-02
  test : total=1.7175e-01  L2=1.7030e-01  geo=1.4428e-03
  subnet MSE  M=1.678e+01  V=1.954e+01  Dw=5.834e-02  g=2.965e-01  | nfe=88144
[step   5450]
  train: total=1.4958e-01  L2=9.1406e-02  geo=5.8178e-02
  test : total=1.7201e-01  L2=1.7056e-01  geo=1.4452e-03
  subnet MSE  M=1.678e+01  V=1.954e+01  Dw=5.832e-02  g=2.965e-01  | nfe=88960
[step   5500]
  train: total=1.4948e-01  L2=9.1298e-02  geo=5.8178e-02
  test : total=1.7248e-01  L2=1.7103e-01  geo=1.4495e-03
  subnet MSE  M=1.681e+01  V=1.954e+01  Dw=5.829e-02  g=2.964e-01  | nfe=89776
[step   5550]
  train: total=1.4936e-01  L2=9.1185e-02  geo=5.8179e-02
  test : total=1.7335e-01  L2=1.7189e-01  geo=1.4573e-03
  subnet MSE  M=1.683e+01  V=1.955e+01  Dw=5.826e-02  g=2.965e-01  | nfe=90592
[step   5600]
  train: total=1.4926e-01  L2=9.1079e-02  geo=5.8178e-02
  test : total=1.7390e-01  L2=1.7244e-01  geo=1.4625e-03
  subnet MSE  M=1.681e+01  V=1.955e+01  Dw=5.823e-02  g=2.964e-01  | nfe=91408
[step   5650]
  train: total=1.4924e-01  L2=9.1066e-02  geo=5.8173e-02
  test : total=1.7523e-01  L2=1.7375e-01  geo=1.4747e-03
  subnet MSE  M=1.676e+01  V=1.956e+01  Dw=5.820e-02  g=2.966e-01  | nfe=92224
[step   5700]
  train: total=1.4916e-01  L2=9.0988e-02  geo=5.8175e-02
  test : total=1.7509e-01  L2=1.7362e-01  geo=1.4736e-03
  subnet MSE  M=1.685e+01  V=1.956e+01  Dw=5.822e-02  g=2.964e-01  | nfe=93040
[step   5750]
  train: total=1.4899e-01  L2=9.0811e-02  geo=5.8180e-02
  test : total=1.7559e-01  L2=1.7412e-01  geo=1.4780e-03
  subnet MSE  M=1.686e+01  V=1.956e+01  Dw=5.818e-02  g=2.964e-01  | nfe=93856
[step   5800]
  train: total=1.4888e-01  L2=9.0701e-02  geo=5.8175e-02
  test : total=1.7661e-01  L2=1.7512e-01  geo=1.4876e-03
  subnet MSE  M=1.687e+01  V=1.957e+01  Dw=5.820e-02  g=2.966e-01  | nfe=94672
[step   5850]
  train: total=1.4871e-01  L2=9.0534e-02  geo=5.8175e-02
  test : total=1.7754e-01  L2=1.7604e-01  geo=1.4959e-03
  subnet MSE  M=1.685e+01  V=1.958e+01  Dw=5.813e-02  g=2.966e-01  | nfe=95488
[step   5900]
  train: total=1.4863e-01  L2=9.0458e-02  geo=5.8176e-02
  test : total=1.7791e-01  L2=1.7642e-01  geo=1.4992e-03
  subnet MSE  M=1.690e+01  V=1.958e+01  Dw=5.809e-02  g=2.966e-01  | nfe=96304
[step   5950]
  train: total=1.4850e-01  L2=9.0324e-02  geo=5.8178e-02
  test : total=1.7830e-01  L2=1.7680e-01  geo=1.5028e-03
  subnet MSE  M=1.693e+01  V=1.958e+01  Dw=5.809e-02  g=2.966e-01  | nfe=97120
[step   6000]
  train: total=1.4838e-01  L2=9.0209e-02  geo=5.8176e-02
  test : total=1.7912e-01  L2=1.7761e-01  geo=1.5106e-03
  subnet MSE  M=1.689e+01  V=1.959e+01  Dw=5.809e-02  g=2.966e-01  | nfe=97936
[step   6050]
  train: total=1.4829e-01  L2=9.0115e-02  geo=5.8177e-02
  test : total=1.7957e-01  L2=1.7806e-01  geo=1.5145e-03
  subnet MSE  M=1.696e+01  V=1.960e+01  Dw=5.807e-02  g=2.966e-01  | nfe=98752
[step   6100]
  train: total=1.4825e-01  L2=9.0079e-02  geo=5.8175e-02
  test : total=1.7953e-01  L2=1.7802e-01  geo=1.5142e-03
  subnet MSE  M=1.704e+01  V=1.959e+01  Dw=5.809e-02  g=2.965e-01  | nfe=99568
[step   6150]
  train: total=1.4806e-01  L2=8.9887e-02  geo=5.8174e-02
  test : total=1.8078e-01  L2=1.7925e-01  geo=1.5257e-03
  subnet MSE  M=1.698e+01  V=1.961e+01  Dw=5.805e-02  g=2.967e-01  | nfe=100384
[step   6200]
  train: total=1.4798e-01  L2=8.9804e-02  geo=5.8174e-02
  test : total=1.8115e-01  L2=1.7962e-01  geo=1.5291e-03
  subnet MSE  M=1.697e+01  V=1.960e+01  Dw=5.800e-02  g=2.966e-01  | nfe=101200
[step   6250]
  train: total=1.4790e-01  L2=8.9727e-02  geo=5.8174e-02
  test : total=1.8188e-01  L2=1.8034e-01  geo=1.5359e-03
  subnet MSE  M=1.700e+01  V=1.961e+01  Dw=5.803e-02  g=2.967e-01  | nfe=102016
[step   6300]
  train: total=1.4784e-01  L2=8.9663e-02  geo=5.8180e-02
  test : total=1.8190e-01  L2=1.8037e-01  geo=1.5360e-03
  subnet MSE  M=1.703e+01  V=1.961e+01  Dw=5.802e-02  g=2.966e-01  | nfe=102832
[step   6350]
  train: total=1.4768e-01  L2=8.9505e-02  geo=5.8175e-02
  test : total=1.8263e-01  L2=1.8108e-01  geo=1.5426e-03
  subnet MSE  M=1.704e+01  V=1.961e+01  Dw=5.796e-02  g=2.966e-01  | nfe=103648
[step   6400]
  train: total=1.4777e-01  L2=8.9589e-02  geo=5.8180e-02
  test : total=1.8322e-01  L2=1.8167e-01  geo=1.5475e-03
  subnet MSE  M=1.710e+01  V=1.962e+01  Dw=5.799e-02  g=2.966e-01  | nfe=104464
[step   6450]
  train: total=1.4745e-01  L2=8.9271e-02  geo=5.8175e-02
  test : total=1.8393e-01  L2=1.8237e-01  geo=1.5547e-03
  subnet MSE  M=1.709e+01  V=1.963e+01  Dw=5.799e-02  g=2.967e-01  | nfe=105280
[step   6500]
  train: total=1.4734e-01  L2=8.9170e-02  geo=5.8175e-02
  test : total=1.8435e-01  L2=1.8279e-01  geo=1.5586e-03
  subnet MSE  M=1.710e+01  V=1.963e+01  Dw=5.798e-02  g=2.967e-01  | nfe=106096
[step   6550]
  train: total=1.4729e-01  L2=8.9109e-02  geo=5.8177e-02
  test : total=1.8431e-01  L2=1.8276e-01  geo=1.5582e-03
  subnet MSE  M=1.712e+01  V=1.962e+01  Dw=5.799e-02  g=2.966e-01  | nfe=106912
[step   6600]
  train: total=1.4715e-01  L2=8.8974e-02  geo=5.8175e-02
  test : total=1.8539e-01  L2=1.8382e-01  geo=1.5682e-03
  subnet MSE  M=1.715e+01  V=1.964e+01  Dw=5.797e-02  g=2.967e-01  | nfe=107728
[step   6650]
  train: total=1.4717e-01  L2=8.8990e-02  geo=5.8179e-02
  test : total=1.8552e-01  L2=1.8395e-01  geo=1.5691e-03
  subnet MSE  M=1.713e+01  V=1.963e+01  Dw=5.794e-02  g=2.966e-01  | nfe=108544
[step   6700]
  train: total=1.4706e-01  L2=8.8884e-02  geo=5.8173e-02
  test : total=1.8690e-01  L2=1.8532e-01  geo=1.5818e-03
  subnet MSE  M=1.708e+01  V=1.965e+01  Dw=5.790e-02  g=2.969e-01  | nfe=109360
[step   6750]
  train: total=1.4690e-01  L2=8.8718e-02  geo=5.8177e-02
  test : total=1.8673e-01  L2=1.8515e-01  geo=1.5802e-03
  subnet MSE  M=1.716e+01  V=1.964e+01  Dw=5.794e-02  g=2.967e-01  | nfe=110176
[step   6800]
  train: total=1.4680e-01  L2=8.8625e-02  geo=5.8172e-02
  test : total=1.8760e-01  L2=1.8601e-01  geo=1.5884e-03
  subnet MSE  M=1.714e+01  V=1.965e+01  Dw=5.791e-02  g=2.969e-01  | nfe=110992
[step   6850]
  train: total=1.4663e-01  L2=8.8459e-02  geo=5.8174e-02
  test : total=1.8778e-01  L2=1.8619e-01  geo=1.5899e-03
  subnet MSE  M=1.717e+01  V=1.965e+01  Dw=5.792e-02  g=2.968e-01  | nfe=111808
[step   6900]
  train: total=1.4654e-01  L2=8.8367e-02  geo=5.8172e-02
  test : total=1.8829e-01  L2=1.8670e-01  geo=1.5946e-03
  subnet MSE  M=1.715e+01  V=1.965e+01  Dw=5.789e-02  g=2.968e-01  | nfe=112624
[step   6950]
  train: total=1.4644e-01  L2=8.8266e-02  geo=5.8173e-02
  test : total=1.8891e-01  L2=1.8731e-01  geo=1.6003e-03
  subnet MSE  M=1.714e+01  V=1.965e+01  Dw=5.790e-02  g=2.968e-01  | nfe=113440
[step   7000]
  train: total=1.4633e-01  L2=8.8156e-02  geo=5.8172e-02
  test : total=1.8910e-01  L2=1.8750e-01  geo=1.6020e-03
  subnet MSE  M=1.715e+01  V=1.965e+01  Dw=5.789e-02  g=2.968e-01  | nfe=114256
[step   7050]
  train: total=1.4623e-01  L2=8.8055e-02  geo=5.8172e-02
  test : total=1.8947e-01  L2=1.8787e-01  geo=1.6053e-03
  subnet MSE  M=1.716e+01  V=1.965e+01  Dw=5.787e-02  g=2.968e-01  | nfe=115072
[step   7100]
  train: total=1.4614e-01  L2=8.7969e-02  geo=5.8173e-02
  test : total=1.8943e-01  L2=1.8783e-01  geo=1.6047e-03
  subnet MSE  M=1.721e+01  V=1.965e+01  Dw=5.788e-02  g=2.968e-01  | nfe=115888
[step   7150]
  train: total=1.4608e-01  L2=8.7911e-02  geo=5.8171e-02
  test : total=1.9058e-01  L2=1.8897e-01  geo=1.6152e-03
  subnet MSE  M=1.708e+01  V=1.966e+01  Dw=5.782e-02  g=2.969e-01  | nfe=116704
[step   7200]
  train: total=1.4601e-01  L2=8.7844e-02  geo=5.8169e-02
  test : total=1.9099e-01  L2=1.8937e-01  geo=1.6190e-03
  subnet MSE  M=1.711e+01  V=1.966e+01  Dw=5.786e-02  g=2.968e-01  | nfe=117520
[step   7250]
  train: total=1.4583e-01  L2=8.7660e-02  geo=5.8172e-02
  test : total=1.9139e-01  L2=1.8977e-01  geo=1.6223e-03
  subnet MSE  M=1.716e+01  V=1.966e+01  Dw=5.784e-02  g=2.969e-01  | nfe=118336
[step   7300]
  train: total=1.4576e-01  L2=8.7584e-02  geo=5.8172e-02
  test : total=1.9170e-01  L2=1.9007e-01  geo=1.6249e-03
  subnet MSE  M=1.716e+01  V=1.966e+01  Dw=5.786e-02  g=2.968e-01  | nfe=119152
[step   7350]
  train: total=1.4562e-01  L2=8.7451e-02  geo=5.8172e-02
  test : total=1.9221e-01  L2=1.9058e-01  geo=1.6293e-03
  subnet MSE  M=1.716e+01  V=1.967e+01  Dw=5.783e-02  g=2.969e-01  | nfe=119968
[step   7400]
  train: total=1.4554e-01  L2=8.7365e-02  geo=5.8173e-02
  test : total=1.9217e-01  L2=1.9054e-01  geo=1.6287e-03
  subnet MSE  M=1.715e+01  V=1.966e+01  Dw=5.781e-02  g=2.968e-01  | nfe=120784
[step   7450]
  train: total=1.4548e-01  L2=8.7309e-02  geo=5.8172e-02
  test : total=1.9303e-01  L2=1.9140e-01  geo=1.6365e-03
  subnet MSE  M=1.705e+01  V=1.966e+01  Dw=5.775e-02  g=2.969e-01  | nfe=121600
[step   7500]
  train: total=1.4536e-01  L2=8.7182e-02  geo=5.8174e-02
  test : total=1.9336e-01  L2=1.9172e-01  geo=1.6391e-03
  subnet MSE  M=1.714e+01  V=1.967e+01  Dw=5.777e-02  g=2.968e-01  | nfe=122416
[step   7550]
  train: total=1.4525e-01  L2=8.7072e-02  geo=5.8173e-02
  test : total=1.9368e-01  L2=1.9204e-01  geo=1.6419e-03
  subnet MSE  M=1.709e+01  V=1.966e+01  Dw=5.778e-02  g=2.969e-01  | nfe=123232
[step   7600]
  train: total=1.4540e-01  L2=8.7233e-02  geo=5.8168e-02
  test : total=1.9497e-01  L2=1.9332e-01  geo=1.6540e-03
  subnet MSE  M=1.699e+01  V=1.967e+01  Dw=5.773e-02  g=2.970e-01  | nfe=124048
[step   7650]
  train: total=1.4514e-01  L2=8.6975e-02  geo=5.8170e-02
  test : total=1.9560e-01  L2=1.9394e-01  geo=1.6593e-03
  subnet MSE  M=1.702e+01  V=1.967e+01  Dw=5.780e-02  g=2.969e-01  | nfe=124864
[step   7700]
  train: total=1.4496e-01  L2=8.6785e-02  geo=5.8173e-02
  test : total=1.9500e-01  L2=1.9334e-01  geo=1.6532e-03
  subnet MSE  M=1.708e+01  V=1.966e+01  Dw=5.775e-02  g=2.969e-01  | nfe=125680
[step   7750]
  train: total=1.4486e-01  L2=8.6692e-02  geo=5.8172e-02
  test : total=1.9585e-01  L2=1.9419e-01  geo=1.6609e-03
  subnet MSE  M=1.701e+01  V=1.967e+01  Dw=5.774e-02  g=2.969e-01  | nfe=126496
[step   7800]
  train: total=1.4477e-01  L2=8.6595e-02  geo=5.8173e-02
  test : total=1.9603e-01  L2=1.9437e-01  geo=1.6621e-03
  subnet MSE  M=1.701e+01  V=1.966e+01  Dw=5.772e-02  g=2.969e-01  | nfe=127312
[step   7850]
  train: total=1.4474e-01  L2=8.6557e-02  geo=5.8179e-02
  test : total=1.9599e-01  L2=1.9433e-01  geo=1.6611e-03
  subnet MSE  M=1.702e+01  V=1.965e+01  Dw=5.772e-02  g=2.968e-01  | nfe=128128
[step   7900]
  train: total=1.4476e-01  L2=8.6577e-02  geo=5.8179e-02
  test : total=1.9666e-01  L2=1.9499e-01  geo=1.6668e-03
  subnet MSE  M=1.696e+01  V=1.965e+01  Dw=5.771e-02  g=2.968e-01  | nfe=128944
[step   7950]
  train: total=1.4451e-01  L2=8.6335e-02  geo=5.8173e-02
  test : total=1.9770e-01  L2=1.9602e-01  geo=1.6764e-03
  subnet MSE  M=1.695e+01  V=1.966e+01  Dw=5.772e-02  g=2.969e-01  | nfe=129760
[step   8000]
  train: total=1.4441e-01  L2=8.6236e-02  geo=5.8174e-02
  test : total=1.9800e-01  L2=1.9632e-01  geo=1.6790e-03
  subnet MSE  M=1.695e+01  V=1.966e+01  Dw=5.768e-02  g=2.969e-01  | nfe=130576
[step   8050]
  train: total=1.4431e-01  L2=8.6142e-02  geo=5.8172e-02
  test : total=1.9871e-01  L2=1.9702e-01  geo=1.6851e-03
  subnet MSE  M=1.690e+01  V=1.966e+01  Dw=5.769e-02  g=2.969e-01  | nfe=131392
[step   8100]
  train: total=1.4422e-01  L2=8.6050e-02  geo=5.8175e-02
  test : total=1.9902e-01  L2=1.9733e-01  geo=1.6875e-03
  subnet MSE  M=1.688e+01  V=1.966e+01  Dw=5.766e-02  g=2.969e-01  | nfe=132208
[step   8150]
  train: total=1.4413e-01  L2=8.5956e-02  geo=5.8176e-02
  test : total=1.9918e-01  L2=1.9749e-01  geo=1.6886e-03
  subnet MSE  M=1.686e+01  V=1.965e+01  Dw=5.765e-02  g=2.968e-01  | nfe=133024
[step   8200]
  train: total=1.4412e-01  L2=8.5944e-02  geo=5.8174e-02
  test : total=2.0042e-01  L2=1.9872e-01  geo=1.6999e-03
  subnet MSE  M=1.676e+01  V=1.966e+01  Dw=5.764e-02  g=2.969e-01  | nfe=133840
[step   8250]
  train: total=1.4398e-01  L2=8.5803e-02  geo=5.8177e-02
  test : total=2.0019e-01  L2=1.9849e-01  geo=1.6970e-03
  subnet MSE  M=1.684e+01  V=1.965e+01  Dw=5.765e-02  g=2.968e-01  | nfe=134656
[step   8300]
  train: total=1.4389e-01  L2=8.5711e-02  geo=5.8175e-02
  test : total=2.0112e-01  L2=1.9941e-01  geo=1.7054e-03
  subnet MSE  M=1.679e+01  V=1.965e+01  Dw=5.763e-02  g=2.969e-01  | nfe=135472
[step   8350]
  train: total=1.4379e-01  L2=8.5616e-02  geo=5.8174e-02
  test : total=2.0148e-01  L2=1.9977e-01  geo=1.7083e-03
  subnet MSE  M=1.677e+01  V=1.965e+01  Dw=5.761e-02  g=2.969e-01  | nfe=136288
[step   8400]
  train: total=1.4371e-01  L2=8.5533e-02  geo=5.8175e-02
  test : total=2.0201e-01  L2=2.0029e-01  geo=1.7126e-03
  subnet MSE  M=1.676e+01  V=1.965e+01  Dw=5.760e-02  g=2.969e-01  | nfe=137104
[step   8450]
  train: total=1.4362e-01  L2=8.5448e-02  geo=5.8176e-02
  test : total=2.0232e-01  L2=2.0060e-01  geo=1.7151e-03
  subnet MSE  M=1.671e+01  V=1.964e+01  Dw=5.759e-02  g=2.968e-01  | nfe=137920
[step   8500]
  train: total=1.4357e-01  L2=8.5402e-02  geo=5.8172e-02
  test : total=2.0365e-01  L2=2.0192e-01  geo=1.7272e-03
  subnet MSE  M=1.670e+01  V=1.965e+01  Dw=5.763e-02  g=2.969e-01  | nfe=138736
[step   8550]
  train: total=1.4345e-01  L2=8.5277e-02  geo=5.8174e-02
  test : total=2.0350e-01  L2=2.0177e-01  geo=1.7251e-03
  subnet MSE  M=1.670e+01  V=1.965e+01  Dw=5.759e-02  g=2.968e-01  | nfe=139552
[step   8600]
  train: total=1.4339e-01  L2=8.5208e-02  geo=5.8178e-02
  test : total=2.0329e-01  L2=2.0157e-01  geo=1.7226e-03
  subnet MSE  M=1.670e+01  V=1.964e+01  Dw=5.759e-02  g=2.968e-01  | nfe=140368
[step   8650]
  train: total=1.4334e-01  L2=8.5167e-02  geo=5.8174e-02
  test : total=2.0433e-01  L2=2.0260e-01  geo=1.7321e-03
  subnet MSE  M=1.662e+01  V=1.964e+01  Dw=5.755e-02  g=2.968e-01  | nfe=141184
[step   8700]
  train: total=1.4321e-01  L2=8.5029e-02  geo=5.8177e-02
  test : total=2.0469e-01  L2=2.0295e-01  geo=1.7347e-03
  subnet MSE  M=1.669e+01  V=1.964e+01  Dw=5.757e-02  g=2.968e-01  | nfe=142000
[step   8750]
  train: total=1.4314e-01  L2=8.4958e-02  geo=5.8179e-02
  test : total=2.0489e-01  L2=2.0316e-01  geo=1.7360e-03
  subnet MSE  M=1.664e+01  V=1.963e+01  Dw=5.755e-02  g=2.968e-01  | nfe=142816
[step   8800]
  train: total=1.4307e-01  L2=8.4890e-02  geo=5.8178e-02
  test : total=2.0543e-01  L2=2.0369e-01  geo=1.7405e-03
  subnet MSE  M=1.661e+01  V=1.963e+01  Dw=5.755e-02  g=2.967e-01  | nfe=143632
[step   8850]
  train: total=1.4319e-01  L2=8.5016e-02  geo=5.8172e-02
  test : total=2.0659e-01  L2=2.0484e-01  geo=1.7514e-03
  subnet MSE  M=1.654e+01  V=1.964e+01  Dw=5.755e-02  g=2.968e-01  | nfe=144448
[step   8900]
  train: total=1.4297e-01  L2=8.4793e-02  geo=5.8175e-02
  test : total=2.0765e-01  L2=2.0589e-01  geo=1.7599e-03
  subnet MSE  M=1.656e+01  V=1.964e+01  Dw=5.754e-02  g=2.968e-01  | nfe=145264
[step   8950]
  train: total=1.4282e-01  L2=8.4641e-02  geo=5.8179e-02
  test : total=2.0675e-01  L2=2.0500e-01  geo=1.7513e-03
  subnet MSE  M=1.662e+01  V=1.963e+01  Dw=5.753e-02  g=2.967e-01  | nfe=146080
[step   9000]
  train: total=1.4277e-01  L2=8.4590e-02  geo=5.8180e-02
  test : total=2.0712e-01  L2=2.0536e-01  geo=1.7543e-03
  subnet MSE  M=1.653e+01  V=1.963e+01  Dw=5.750e-02  g=2.967e-01  | nfe=146896
[step   9050]
  train: total=1.4267e-01  L2=8.4494e-02  geo=5.8180e-02
  test : total=2.0773e-01  L2=2.0598e-01  geo=1.7593e-03
  subnet MSE  M=1.661e+01  V=1.963e+01  Dw=5.751e-02  g=2.967e-01  | nfe=147712
[step   9100]
  train: total=1.4264e-01  L2=8.4470e-02  geo=5.8174e-02
  test : total=2.0826e-01  L2=2.0649e-01  geo=1.7641e-03
  subnet MSE  M=1.648e+01  V=1.963e+01  Dw=5.749e-02  g=2.967e-01  | nfe=148528
[step   9150]
  train: total=1.4252e-01  L2=8.4344e-02  geo=5.8178e-02
  test : total=2.0895e-01  L2=2.0718e-01  geo=1.7696e-03
  subnet MSE  M=1.655e+01  V=1.963e+01  Dw=5.751e-02  g=2.967e-01  | nfe=149344
[step   9200]
  train: total=1.4252e-01  L2=8.4338e-02  geo=5.8180e-02
  test : total=2.0905e-01  L2=2.0728e-01  geo=1.7699e-03
  subnet MSE  M=1.654e+01  V=1.963e+01  Dw=5.752e-02  g=2.967e-01  | nfe=150160
[step   9250]
  train: total=1.4239e-01  L2=8.4208e-02  geo=5.8180e-02
  test : total=2.0957e-01  L2=2.0780e-01  geo=1.7745e-03
  subnet MSE  M=1.648e+01  V=1.962e+01  Dw=5.748e-02  g=2.967e-01  | nfe=150976
[step   9300]
  train: total=1.4231e-01  L2=8.4126e-02  geo=5.8179e-02
  test : total=2.0989e-01  L2=2.0811e-01  geo=1.7769e-03
  subnet MSE  M=1.653e+01  V=1.963e+01  Dw=5.750e-02  g=2.967e-01  | nfe=151792
[step   9350]
  train: total=1.4223e-01  L2=8.4051e-02  geo=5.8180e-02
  test : total=2.1031e-01  L2=2.0853e-01  geo=1.7803e-03
  subnet MSE  M=1.650e+01  V=1.963e+01  Dw=5.746e-02  g=2.967e-01  | nfe=152608
[step   9400]
  train: total=1.4216e-01  L2=8.3983e-02  geo=5.8180e-02
  test : total=2.1059e-01  L2=2.0880e-01  geo=1.7824e-03
  subnet MSE  M=1.646e+01  V=1.962e+01  Dw=5.745e-02  g=2.967e-01  | nfe=153424
[step   9450]
  train: total=1.4212e-01  L2=8.3941e-02  geo=5.8177e-02
  test : total=2.1132e-01  L2=2.0953e-01  geo=1.7887e-03
  subnet MSE  M=1.646e+01  V=1.962e+01  Dw=5.746e-02  g=2.967e-01  | nfe=154240
[step   9500]
  train: total=1.4213e-01  L2=8.3955e-02  geo=5.8179e-02
  test : total=2.1103e-01  L2=2.0925e-01  geo=1.7858e-03
  subnet MSE  M=1.638e+01  V=1.962e+01  Dw=5.742e-02  g=2.967e-01  | nfe=155056
[step   9550]
  train: total=1.4197e-01  L2=8.3786e-02  geo=5.8182e-02
  test : total=2.1165e-01  L2=2.0986e-01  geo=1.7906e-03
  subnet MSE  M=1.648e+01  V=1.962e+01  Dw=5.746e-02  g=2.966e-01  | nfe=155872
[step   9600]
  train: total=1.4189e-01  L2=8.3708e-02  geo=5.8180e-02
  test : total=2.1230e-01  L2=2.1050e-01  geo=1.7963e-03
  subnet MSE  M=1.645e+01  V=1.962e+01  Dw=5.744e-02  g=2.967e-01  | nfe=156688
[step   9650]
  train: total=1.4184e-01  L2=8.3663e-02  geo=5.8181e-02
  test : total=2.1258e-01  L2=2.1078e-01  geo=1.7985e-03
  subnet MSE  M=1.640e+01  V=1.961e+01  Dw=5.744e-02  g=2.966e-01  | nfe=157504
[step   9700]
  train: total=1.4178e-01  L2=8.3605e-02  geo=5.8180e-02
  test : total=2.1295e-01  L2=2.1114e-01  geo=1.8018e-03
  subnet MSE  M=1.635e+01  V=1.961e+01  Dw=5.738e-02  g=2.966e-01  | nfe=158320
[step   9750]
  train: total=1.4183e-01  L2=8.3645e-02  geo=5.8190e-02
  test : total=2.1154e-01  L2=2.0976e-01  geo=1.7875e-03
  subnet MSE  M=1.651e+01  V=1.961e+01  Dw=5.741e-02  g=2.965e-01  | nfe=159136
[step   9800]
  train: total=1.4171e-01  L2=8.3523e-02  geo=5.8187e-02
  test : total=2.1345e-01  L2=2.1165e-01  geo=1.8047e-03
  subnet MSE  M=1.643e+01  V=1.962e+01  Dw=5.742e-02  g=2.966e-01  | nfe=159952
[step   9850]
  train: total=1.4157e-01  L2=8.3389e-02  geo=5.8182e-02
  test : total=2.1376e-01  L2=2.1196e-01  geo=1.8075e-03
  subnet MSE  M=1.640e+01  V=1.961e+01  Dw=5.740e-02  g=2.966e-01  | nfe=160768
[step   9900]
  train: total=1.4155e-01  L2=8.3371e-02  geo=5.8180e-02
  test : total=2.1417e-01  L2=2.1236e-01  geo=1.8112e-03
  subnet MSE  M=1.637e+01  V=1.962e+01  Dw=5.739e-02  g=2.966e-01  | nfe=161584
[step   9950]
  train: total=1.4148e-01  L2=8.3298e-02  geo=5.8187e-02
  test : total=2.1381e-01  L2=2.1200e-01  geo=1.8069e-03
  subnet MSE  M=1.642e+01  V=1.960e+01  Dw=5.738e-02  g=2.965e-01  | nfe=162400
[step  10000]
  train: total=1.4147e-01  L2=8.3292e-02  geo=5.8180e-02
  test : total=2.1454e-01  L2=2.1273e-01  geo=1.8139e-03
  subnet MSE  M=1.630e+01  V=1.961e+01  Dw=5.739e-02  g=2.965e-01  | nfe=163216
Final trajectory train loss 5.5705e+00 +/- 5.1237e+00
Final trajectory test loss  1.6942e+01 +/- 2.2947e+01
Final trajectory train l2 loss 4.2712e+00 +/- 4.4356e+00
Final trajectory test l2 loss  1.5002e+01 +/- 2.0414e+01
Final trajectory train geo loss 1.2993e+00 +/- 7.9706e-01
Final trajectory test geo loss  1.9399e+00 +/- 2.7249e+00
Saved final stats:  /mnt/data/thribhuvan/Projects/stochastic_port_hamiltonian/Final/SPHNP v2/src/models/3D_SO3_Windy_Pendulum/ph_nn_ode/data/run_wp3d/obs0p1_fric0p5_wind0p5_ext0-sine_lr0p001_s10000_np5_smp64_T20_solverrk4_seed0_randu7_G0p5-0p7-0p1_260609-233250/wp3d-so3ham-rk4-5p-stats.pkl
