Run dir : /mnt/data/thribhuvan/Projects/stochastic_port_hamiltonian/Final/SPHNP v2/src/models/3D_SO3_Windy_Pendulum/ph_nn_ode/data/run_wp3d/obs0_fric0p5_wind0p5_ext0-sine_lr0p001_s10000_np5_smp64_T20_solverrk4_seed0_randu7_G0p5-0p7-0p1_260609-211145
model contains 3842 parameters
Building dataset at /mnt/data/thribhuvan/Projects/stochastic_port_hamiltonian/Final/SPHNP v2/datasets/data/windy_pendulum_3d/wp3d_dataset_extforce-sine-std0p0_fric0p5_var_fricFalse_obs_noise0p0_wind_force0p5_random_uTrue_uScale7p0_G_0p5_0p7_0p1_steps20.pkl...
No observation noise added.
Saved data to /mnt/data/thribhuvan/Projects/stochastic_port_hamiltonian/Final/SPHNP v2/datasets/data/windy_pendulum_3d/wp3d_dataset_extforce-sine-std0p0_fric0p5_var_fricFalse_obs_noise0p0_wind_force0p5_random_uTrue_uScale7p0_G_0p5_0p7_0p1_steps20.pkl

Pretraining M_net for 200 steps (lr=0.001, target = 1.000·I₃)
  using 12800 q samples drawn from training data
  pretrain step    0: loss=2.078e-02
  pretrain step   20: loss=1.361e-03
  pretrain step   40: loss=3.089e-04
  pretrain step   60: loss=9.466e-05
  pretrain step   80: loss=3.714e-05
  pretrain step  100: loss=1.707e-05
  pretrain step  120: loss=9.493e-06
  pretrain step  140: loss=5.884e-06
  pretrain step  160: loss=3.937e-06
  pretrain step  180: loss=2.819e-06
  pretrain step  199: loss=2.157e-06
  pretrain done. initial loss=2.078e-02  final loss=2.157e-06  max|M(q₀) − target|=6.692e-03
[step      0]
  train: total=8.0188e-01  L2=7.9580e-01  geo=6.0815e-03
  test : total=8.2020e-01  L2=8.1402e-01  geo=6.1769e-03
  subnet MSE  M=7.551e-05  V=2.682e+01  Dw=6.962e-02  g=3.254e-01  | nfe=16
[step     50]
  train: total=4.7135e-01  L2=4.6773e-01  geo=3.6253e-03
  test : total=5.0601e-01  L2=5.0216e-01  geo=3.8497e-03
  subnet MSE  M=4.164e-01  V=2.445e+01  Dw=4.764e-02  g=1.964e-01  | nfe=832
[step    100]
  train: total=7.8948e-02  L2=7.8298e-02  geo=6.4979e-04
  test : total=8.4542e-02  L2=8.3845e-02  geo=6.9611e-04
  subnet MSE  M=8.425e+00  V=1.860e+01  Dw=6.628e-02  g=2.854e-01  | nfe=1648
[step    150]
  train: total=5.9407e-02  L2=5.8914e-02  geo=4.9293e-04
  test : total=6.4712e-02  L2=6.4175e-02  geo=5.3667e-04
  subnet MSE  M=9.347e+00  V=1.798e+01  Dw=6.606e-02  g=2.880e-01  | nfe=2464
[step    200]
  train: total=5.6730e-02  L2=5.6259e-02  geo=4.7148e-04
  test : total=6.3241e-02  L2=6.2716e-02  geo=5.2530e-04
  subnet MSE  M=9.796e+00  V=1.806e+01  Dw=6.565e-02  g=2.891e-01  | nfe=3280
[step    250]
  train: total=5.5512e-02  L2=5.5050e-02  geo=4.6163e-04
  test : total=6.2742e-02  L2=6.2221e-02  geo=5.2115e-04
  subnet MSE  M=1.024e+01  V=1.815e+01  Dw=6.581e-02  g=2.901e-01  | nfe=4096
[step    300]
  train: total=5.4808e-02  L2=5.4352e-02  geo=4.5590e-04
  test : total=6.2598e-02  L2=6.2079e-02  geo=5.1973e-04
  subnet MSE  M=1.052e+01  V=1.824e+01  Dw=6.592e-02  g=2.907e-01  | nfe=4912
[step    350]
  train: total=5.4352e-02  L2=5.3900e-02  geo=4.5221e-04
  test : total=6.2624e-02  L2=6.2104e-02  geo=5.1972e-04
  subnet MSE  M=1.066e+01  V=1.829e+01  Dw=6.596e-02  g=2.910e-01  | nfe=5728
[step    400]
  train: total=5.4014e-02  L2=5.3564e-02  geo=4.4950e-04
  test : total=6.2685e-02  L2=6.2165e-02  geo=5.2012e-04
  subnet MSE  M=1.070e+01  V=1.832e+01  Dw=6.597e-02  g=2.911e-01  | nfe=6544
[step    450]
  train: total=5.3730e-02  L2=5.3283e-02  geo=4.4725e-04
  test : total=6.2731e-02  L2=6.2211e-02  geo=5.2048e-04
  subnet MSE  M=1.069e+01  V=1.833e+01  Dw=6.595e-02  g=2.911e-01  | nfe=7360
Traceback (most recent call last):
  File "/mnt/data/thribhuvan/Projects/stochastic_port_hamiltonian/Final/SPHNP v2/src/models/3D_SO3_Windy_Pendulum/ph_nn_ode/train.py", line 451, in <module>
    model, stats = train(args)
                   ~~~~~^^^^^^
  File "/mnt/data/thribhuvan/Projects/stochastic_port_hamiltonian/Final/SPHNP v2/src/models/3D_SO3_Windy_Pendulum/ph_nn_ode/train.py", line 310, in train
    train_x_hat = segment_rollout(model, train_x_cat, t_eval, args.solver)
  File "/mnt/data/thribhuvan/Projects/stochastic_port_hamiltonian/Final/SPHNP v2/src/models/3D_SO3_Windy_Pendulum/ph_nn_ode/train.py", line 144, in segment_rollout
    seg_out = odeint(model, state_in, seg_t, method=solver)  # (2, B, 15)
  File "/mnt/data/thribhuvan/miniconda3/lib/python3.13/site-packages/torchdiffeq/_impl/odeint.py", line 80, in odeint
    solution = solver.integrate(t)
  File "/mnt/data/thribhuvan/miniconda3/lib/python3.13/site-packages/torchdiffeq/_impl/solvers.py", line 114, in integrate
    dy, f0 = self._step_func(self.func, t0, dt, t1, y0)
             ~~~~~~~~~~~~~~~^^^^^^^^^^^^^^^^^^^^^^^^^^^
  File "/mnt/data/thribhuvan/miniconda3/lib/python3.13/site-packages/torchdiffeq/_impl/fixed_grid.py", line 29, in _step_func
    return rk4_alt_step_func(func, t0, dt, t1, y0, f0=f0, perturb=self.perturb), f0
           ~~~~~~~~~~~~~~~~~^^^^^^^^^^^^^^^^^^^^^^^^^^^^^^^^^^^^^^^^^^^^^^^^^^^
  File "/mnt/data/thribhuvan/miniconda3/lib/python3.13/site-packages/torchdiffeq/_impl/rk_common.py", line 114, in rk4_alt_step_func
    k3 = func(t0 + dt * _two_thirds, y0 + dt * (k2 - k1 * _one_third))
  File "/mnt/data/thribhuvan/miniconda3/lib/python3.13/site-packages/torch/nn/modules/module.py", line 1773, in _wrapped_call_impl
    return self._call_impl(*args, **kwargs)
           ~~~~~~~~~~~~~~~^^^^^^^^^^^^^^^^^
  File "/mnt/data/thribhuvan/miniconda3/lib/python3.13/site-packages/torch/nn/modules/module.py", line 1784, in _call_impl
    return forward_call(*args, **kwargs)
  File "/mnt/data/thribhuvan/miniconda3/lib/python3.13/site-packages/torchdiffeq/_impl/misc.py", line 197, in forward
    return self.base_func(t, y)
           ~~~~~~~~~~~~~~^^^^^^
  File "/mnt/data/thribhuvan/miniconda3/lib/python3.13/site-packages/torch/nn/modules/module.py", line 1773, in _wrapped_call_impl
    return self._call_impl(*args, **kwargs)
           ~~~~~~~~~~~~~~~^^^^^^^^^^^^^^^^^
  File "/mnt/data/thribhuvan/miniconda3/lib/python3.13/site-packages/torch/nn/modules/module.py", line 1784, in _call_impl
    return forward_call(*args, **kwargs)
  File "/mnt/data/thribhuvan/Projects/stochastic_port_hamiltonian/Final/SPHNP v2/src/models/3D_SO3_Windy_Pendulum/ph_nn_ode/network.py", line 128, in forward
    _, dM_inv_dt = torch.func.jvp(self.M_net, (q,), (dq,))
                   ~~~~~~~~~~~~~~^^^^^^^^^^^^^^^^^^^^^^^^^
  File "/mnt/data/thribhuvan/miniconda3/lib/python3.13/site-packages/torch/_functorch/eager_transforms.py", line 1043, in jvp
    return _jvp_with_argnums(
        func, primals, tangents, argnums=None, strict=strict, has_aux=has_aux
    )
  File "/mnt/data/thribhuvan/miniconda3/lib/python3.13/site-packages/torch/_functorch/eager_transforms.py", line 1092, in _jvp_with_argnums
    with fwAD._set_fwd_grad_enabled(True):
         ~~~~~~~~~~~~~~~~~~~~~~~~~~^^^^^^
  File "/mnt/data/thribhuvan/miniconda3/lib/python3.13/site-packages/torch/autograd/forward_ad.py", line 221, in __init__
    def __init__(self, mode: bool) -> None:
    
KeyboardInterrupt
