==== obs=0 ====
  SDE=obs0_fric0p5_wind0p5_ext0-sine_lr0p001_s10000_np5_smp64_T20_seed0_randu7_G0p5-0p7-0p1_260626-214312
  -- sde stochastic eval --
    Writing PDF: ../../../report_sde_stochastic_obs0_wind0p5_randu7_G0p5-0p7-0p1_FIX_260627.pdf
    σ/β mean=0.3117 (GT 0.5)  ω-spread ratio mean=0.941  coverage=0.50
    Done.
  -- 3way --
    estimated β  NN=0.1162  GP=0.3258  SDE=0.9975
    Writing PDF: ../../../report_3way_obs0_wind0p5_randu7_G0p5-0p7-0p1_sdeFIX_260627.pdf
    Done.
==== obs=0.01 ====
  SDE=obs0p01_fric0p5_wind0p5_ext0-sine_lr0p001_s10000_np5_smp64_T20_seed0_randu7_G0p5-0p7-0p1_260626-214312
  -- sde stochastic eval --
    Writing PDF: ../../../report_sde_stochastic_obs0.01_wind0p5_randu7_G0p5-0p7-0p1_FIX_260627.pdf
    σ/β mean=0.3547 (GT 0.5)  ω-spread ratio mean=1.013  coverage=0.43
    Done.
  -- 3way --
    estimated β  NN=0.1195  GP=0.3306  SDE=0.9980
    Writing PDF: ../../../report_3way_obs0.01_wind0p5_randu7_G0p5-0p7-0p1_sdeFIX_260627.pdf
    Done.
==== obs=0.05 ====
  SDE=obs0p05_fric0p5_wind0p5_ext0-sine_lr0p001_s10000_np5_smp64_T20_seed0_randu7_G0p5-0p7-0p1_260627-013930
  -- sde stochastic eval --
    Writing PDF: ../../../report_sde_stochastic_obs0.05_wind0p5_randu7_G0p5-0p7-0p1_FIX_260627.pdf
    σ/β mean=0.4500 (GT 0.5)  ω-spread ratio mean=1.036  coverage=0.83
    Done.
  -- 3way --
    estimated β  NN=0.1103  GP=0.2972  SDE=0.9981
    Writing PDF: ../../../report_3way_obs0.05_wind0p5_randu7_G0p5-0p7-0p1_sdeFIX_260627.pdf
    Done.
==== obs=0.1 ====
  SDE=obs0p1_fric0p5_wind0p5_ext0-sine_lr0p001_s10000_np5_smp64_T20_seed0_randu7_G0p5-0p7-0p1_260627-013929
  -- sde stochastic eval --
    Writing PDF: ../../../report_sde_stochastic_obs0.1_wind0p5_randu7_G0p5-0p7-0p1_FIX_260627.pdf
    σ/β mean=0.4580 (GT 0.5)  ω-spread ratio mean=1.629  coverage=0.93
    Done.
  -- 3way --
    estimated β  NN=0.1277  GP=0.2872  SDE=0.9507
    Writing PDF: ../../../report_3way_obs0.1_wind0p5_randu7_G0p5-0p7-0p1_sdeFIX_260627.pdf
    Done.
==== obs=0.25 ====
  SDE=obs0p25_fric0p5_wind0p5_ext0-sine_lr0p001_s10000_np5_smp64_T20_seed0_randu7_G0p5-0p7-0p1_260627-053541
  -- sde stochastic eval --
    Writing PDF: ../../../report_sde_stochastic_obs0.25_wind0p5_randu7_G0p5-0p7-0p1_FIX_260627.pdf
    σ/β mean=2.0200 (GT 0.5)  ω-spread ratio mean=2.455  coverage=1.00
    Done.
  -- 3way --
    estimated β  NN=0.1095  GP=0.2855  SDE=0.6765
    Writing PDF: ../../../report_3way_obs0.25_wind0p5_randu7_G0p5-0p7-0p1_sdeFIX_260627.pdf
    Done.
ALL DONE
