==== obs=0 ====
  SDE=ph_gp_sde/data/run_wp3d_jax/obs0_fric0p5_wind0p5_ext0-sine_lr0p001_s10000_np5_smp64_T20_seed0_randu7_G0p5-0p7-0p1_260611-165710
  -- 3way --
    estimated β  NN=0.1162  GP=0.3258  SDE=0.3238
    Writing PDF: ../../../report_3way_obs0_wind0p5_randu7_G0p5-0p7-0p1_sdeMC10_260612.pdf
    Done.
  -- sde stochastic eval --
    Writing PDF: ../../../report_sde_stochastic_obs0_wind0p5_randu7_G0p5-0p7-0p1_MC10_260612.pdf
    σ/β mean=0.0000 (GT 0.5)  ω-spread ratio mean=0.000  coverage=0.00
    Done.
==== obs=0.01 ====
  SDE=ph_gp_sde/data/run_wp3d_jax/obs0p01_fric0p5_wind0p5_ext0-sine_lr0p001_s10000_np5_smp64_T20_seed0_randu7_G0p5-0p7-0p1_260611-165710
  -- 3way --
    estimated β  NN=0.1195  GP=0.3306  SDE=0.3043
    Writing PDF: ../../../report_3way_obs0.01_wind0p5_randu7_G0p5-0p7-0p1_sdeMC10_260612.pdf
    Done.
  -- sde stochastic eval --
    Writing PDF: ../../../report_sde_stochastic_obs0.01_wind0p5_randu7_G0p5-0p7-0p1_MC10_260612.pdf
    σ/β mean=0.0000 (GT 0.5)  ω-spread ratio mean=0.000  coverage=0.00
    Done.
==== obs=0.05 ====
  SDE=ph_gp_sde/data/run_wp3d_jax/obs0p05_fric0p5_wind0p5_ext0-sine_lr0p001_s10000_np5_smp64_T20_seed0_randu7_G0p5-0p7-0p1_260611-205402
  -- 3way --
    estimated β  NN=0.1103  GP=0.2972  SDE=0.2874
    Writing PDF: ../../../report_3way_obs0.05_wind0p5_randu7_G0p5-0p7-0p1_sdeMC10_260612.pdf
    Done.
  -- sde stochastic eval --
    Writing PDF: ../../../report_sde_stochastic_obs0.05_wind0p5_randu7_G0p5-0p7-0p1_MC10_260612.pdf
    σ/β mean=0.0000 (GT 0.5)  ω-spread ratio mean=0.000  coverage=0.00
    Done.
==== obs=0.1 ====
  SDE=ph_gp_sde/data/run_wp3d_jax/obs0p1_fric0p5_wind0p5_ext0-sine_lr0p001_s10000_np5_smp64_T20_seed0_randu7_G0p5-0p7-0p1_260611-205357
  -- 3way --
    estimated β  NN=0.1277  GP=0.2872  SDE=0.2880
    Writing PDF: ../../../report_3way_obs0.1_wind0p5_randu7_G0p5-0p7-0p1_sdeMC10_260612.pdf
    Done.
  -- sde stochastic eval --
    Writing PDF: ../../../report_sde_stochastic_obs0.1_wind0p5_randu7_G0p5-0p7-0p1_MC10_260612.pdf
    σ/β mean=0.0000 (GT 0.5)  ω-spread ratio mean=0.000  coverage=0.00
    Done.
==== obs=0.25 ====
  SDE=ph_gp_sde/data/run_wp3d_jax/obs0p25_fric0p5_wind0p5_ext0-sine_lr0p001_s10000_np5_smp64_T20_seed0_randu7_G0p5-0p7-0p1_260612-005004
  -- 3way --
    estimated β  NN=0.1095  GP=0.2855  SDE=0.2831
    Writing PDF: ../../../report_3way_obs0.25_wind0p5_randu7_G0p5-0p7-0p1_sdeMC10_260612.pdf
    Done.
  -- sde stochastic eval --
    Writing PDF: ../../../report_sde_stochastic_obs0.25_wind0p5_randu7_G0p5-0p7-0p1_MC10_260612.pdf
    σ/β mean=0.0000 (GT 0.5)  ω-spread ratio mean=0.000  coverage=0.00
    Done.
ALL DONE
